Archive member included to satisfy reference by file (symbol)

C:/ST/STM32CubeIDE_1.16.1/STM32CubeIDE/plugins/com.st.stm32cube.ide.mcu.externaltools.gnu-tools-for-stm32.13.3.rel1.win32_1.0.100.202509120712/tools/bin/../lib/gcc/arm-none-eabi/13.3.1/../../../../arm-none-eabi/lib/thumb/v6-m/nofp\libc_nano.a(libc_a-exit.o)
                              C:/ST/STM32CubeIDE_1.16.1/STM32CubeIDE/plugins/com.st.stm32cube.ide.mcu.externaltools.gnu-tools-for-stm32.13.3.rel1.win32_1.0.100.202509120712/tools/bin/../lib/gcc/arm-none-eabi/13.3.1/../../../../arm-none-eabi/lib/thumb/v6-m/nofp/crt0.o (exit)
C:/ST/STM32CubeIDE_1.16.1/STM32CubeIDE/plugins/com.st.stm32cube.ide.mcu.externaltools.gnu-tools-for-stm32.13.3.rel1.win32_1.0.100.202509120712/tools/bin/../lib/gcc/arm-none-eabi/13.3.1/../../../../arm-none-eabi/lib/thumb/v6-m/nofp\libc_nano.a(libc_a-malloc.o)
                              ./Core/Src/cJSON.o (malloc)
C:/ST/STM32CubeIDE_1.16.1/STM32CubeIDE/plugins/com.st.stm32cube.ide.mcu.externaltools.gnu-tools-for-stm32.13.3.rel1.win32_1.0.100.202509120712/tools/bin/../lib/gcc/arm-none-eabi/13.3.1/../../../../arm-none-eabi/lib/thumb/v6-m/nofp\libc_nano.a(libc_a-mallocr.o)
                              C:/ST/STM32CubeIDE_1.16.1/STM32CubeIDE/plugins/com.st.stm32cube.ide.mcu.externaltools.gnu-tools-for-stm32.13.3.rel1.win32_1.0.100.202509120712/tools/bin/../lib/gcc/arm-none-eabi/13.3.1/../../../../arm-none-eabi/lib/thumb/v6-m/nofp\libc_nano.a(libc_a-malloc.o) (_malloc_r)
C:/ST/STM32CubeIDE_1.16.1/STM32CubeIDE/plugins/com.st.stm32cube.ide.mcu.externaltools.gnu-tools-for-stm32.13.3.rel1.win32_1.0.100.202509120712/tools/bin/../lib/gcc/arm-none-eabi/13.3.1/../../../../arm-none-eabi/lib/thumb/v6-m/nofp\libc_nano.a(libc_a-mlock.o)
                              C:/ST/STM32CubeIDE_1.16.1/STM32CubeIDE/plugins/com.st.stm32cube.ide.mcu.externaltools.gnu-tools-for-stm32.13.3.rel1.win32_1.0.100.202509120712/tools/bin/../lib/gcc/arm-none-eabi/13.3.1/../../../../arm-none-eabi/lib/thumb/v6-m/nofp\libc_nano.a(libc_a-mallocr.o) (__malloc_lock)
C:/ST/STM32CubeIDE_1.16.1/STM32CubeIDE/plugins/com.st.stm32cube.ide.mcu.externaltools.gnu-tools-for-stm32.13.3.rel1.win32_1.0.100.202509120712/tools/bin/../lib/gcc/arm-none-eabi/13.3.1/../../../../arm-none-eabi/lib/thumb/v6-m/nofp\libc_nano.a(libc_a-realloc.o)
                              ./Core/Src/cJSON.o (realloc)
C:/ST/STM32CubeIDE_1.16.1/STM32CubeIDE/plugins/com.st.stm32cube.ide.mcu.externaltools.gnu-tools-for-stm32.13.3.rel1.win32_1.0.100.202509120712/tools/bin/../lib/gcc/arm-none-eabi/13.3.1/../../../../arm-none-eabi/lib/thumb/v6-m/nofp\libc_nano.a(libc_a-reallocr.o)
                              C:/ST/STM32CubeIDE_1.16.1/STM32CubeIDE/plugins/com.st.stm32cube.ide.mcu.externaltools.gnu-tools-for-stm32.13.3.rel1.win32_1.0.100.202509120712/tools/bin/../lib/gcc/arm-none-eabi/13.3.1/../../../../arm-none-eabi/lib/thumb/v6-m/nofp\libc_nano.a(libc_a-realloc.o) (_realloc_r)
C:/ST/STM32CubeIDE_1.16.1/STM32CubeIDE/plugins/com.st.stm32cube.ide.mcu.externaltools.gnu-tools-for-stm32.13.3.rel1.win32_1.0.100.202509120712/tools/bin/../lib/gcc/arm-none-eabi/13.3.1/../../../../arm-none-eabi/lib/thumb/v6-m/nofp\libc_nano.a(libc_a-strtod.o)
                              ./Core/Src/cJSON.o (strtod)
C:/ST/STM32CubeIDE_1.16.1/STM32CubeIDE/plugins/com.st.stm32cube.ide.mcu.externaltools.gnu-tools-for-stm32.13.3.rel1.win32_1.0.100.202509120712/tools/bin/../lib/gcc/arm-none-eabi/13.3.1/../../../../arm-none-eabi/lib/thumb/v6-m/nofp\libc_nano.a(libc_a-ctype_.o)
                              ./Core/Src/cJSON.o (_ctype_)
C:/ST/STM32CubeIDE_1.16.1/STM32CubeIDE/plugins/com.st.stm32cube.ide.mcu.externaltools.gnu-tools-for-stm32.13.3.rel1.win32_1.0.100.202509120712/tools/bin/../lib/gcc/arm-none-eabi/13.3.1/../../../../arm-none-eabi/lib/thumb/v6-m/nofp\libc_nano.a(libc_a-findfp.o)
                              C:/ST/STM32CubeIDE_1.16.1/STM32CubeIDE/plugins/com.st.stm32cube.ide.mcu.externaltools.gnu-tools-for-stm32.13.3.rel1.win32_1.0.100.202509120712/tools/bin/../lib/gcc/arm-none-eabi/13.3.1/../../../../arm-none-eabi/lib/thumb/v6-m/nofp\libc_nano.a(libc_a-exit.o) (__stdio_exit_handler)
C:/ST/STM32CubeIDE_1.16.1/STM32CubeIDE/plugins/com.st.stm32cube.ide.mcu.externaltools.gnu-tools-for-stm32.13.3.rel1.win32_1.0.100.202509120712/tools/bin/../lib/gcc/arm-none-eabi/13.3.1/../../../../arm-none-eabi/lib/thumb/v6-m/nofp\libc_nano.a(libc_a-fwalk.o)
                              C:/ST/STM32CubeIDE_1.16.1/STM32CubeIDE/plugins/com.st.stm32cube.ide.mcu.externaltools.gnu-tools-for-stm32.13.3.rel1.win32_1.0.100.202509120712/tools/bin/../lib/gcc/arm-none-eabi/13.3.1/../../../../arm-none-eabi/lib/thumb/v6-m/nofp\libc_nano.a(libc_a-findfp.o) (_fwalk_sglue)
C:/ST/STM32CubeIDE_1.16.1/STM32CubeIDE/plugins/com.st.stm32cube.ide.mcu.externaltools.gnu-tools-for-stm32.13.3.rel1.win32_1.0.100.202509120712/tools/bin/../lib/gcc/arm-none-eabi/13.3.1/../../../../arm-none-eabi/lib/thumb/v6-m/nofp\libc_nano.a(libc_a-snprintf.o)
[...]
Memory Configuration

Name             Origin             Length             Attributes
RAM              0x20000000         0x00002000         xrw
FLASH            0x08000000         0x00010000         xr
*default*        0x00000000         0xffffffff

Linker script and memory map

LOAD C:/ST/STM32CubeIDE_1.16.1/STM32CubeIDE/plugins/com.st.stm32cube.ide.mcu.externaltools.gnu-tools-for-stm32.13.3.rel1.win32_1.0.100.202509120712/tools/bin/../lib/gcc/arm-none-eabi/13.3.1/thumb/v6-m/nofp/crti.o
LOAD C:/ST/STM32CubeIDE_1.16.1/STM32CubeIDE/plugins/com.st.stm32cube.ide.mcu.externaltools.gnu-tools-for-stm32.13.3.rel1.win32_1.0.100.202509120712/tools/bin/../lib/gcc/arm-none-eabi/13.3.1/thumb/v6-m/nofp/crtbegin.o
LOAD C:/ST/STM32CubeIDE_1.16.1/STM32CubeIDE/plugins/com.st.stm32cube.ide.mcu.externaltools.gnu-tools-for-stm32.13.3.rel1.win32_1.0.100.202509120712/tools/bin/../lib/gcc/arm-none-eabi/13.3.1/../../../../arm-none-eabi/lib/thumb/v6-m/nofp/crt0.o
LOAD ./Core/Src/FRAM.o
LOAD ./Core/Src/LoRa.o
LOAD ./Core/Src/cJSON.o
LOAD ./Core/Src/main.o
LOAD ./Core/Src/stm32l0xx_hal_msp.o
LOAD ./Core/Src/stm32l0xx_it.o
LOAD ./Core/Src/syscalls.o
LOAD ./Core/Src/sysmem.o
LOAD ./Core/Src/system_stm32l0xx.o
LOAD ./Core/Startup/startup_stm32l053c8tx.o
LOAD ./Drivers/STM32L0xx_HAL_Driver/Src/stm32l0xx_hal.o
LOAD ./Drivers/STM32L0xx_HAL_Driver/Src/stm32l0xx_hal_cortex.o
LOAD ./Drivers/STM32L0xx_HAL_Driver/Src/stm32l0xx_hal_dma.o
LOAD ./Drivers/STM32L0xx_HAL_Driver/Src/stm32l0xx_hal_exti.o
LOAD ./Drivers/STM32L0xx_HAL_Driver/Src/stm32l0xx_hal_flash.o
LOAD ./Drivers/STM32L0xx_HAL_Driver/Src/stm32l0xx_hal_flash_ex.o
LOAD ./Drivers/STM32L0xx_HAL_Driver/Src/stm32l0xx_hal_flash_ramfunc.o
LOAD ./Drivers/STM32L0xx_HAL_Driver/Src/stm32l0xx_hal_gpio.o
LOAD ./Drivers/STM32L0xx_HAL_Driver/Src/stm32l0xx_hal_i2c.o
LOAD ./Drivers/STM32L0xx_HAL_Driver/Src/stm32l0xx_hal_i2c_ex.o
LOAD ./Drivers/STM32L0xx_HAL_Driver/Src/stm32l0xx_hal_iwdg.o
LOAD ./Drivers/STM32L0xx_HAL_Driver/Src/stm32l0xx_hal_pwr.o
LOAD ./Drivers/STM32L0xx_HAL_Driver/Src/stm32l0xx_hal_pwr_ex.o
LOAD ./Drivers/STM32L0xx_HAL_Driver/Src/stm32l0xx_hal_rcc.o
LOAD ./Drivers/STM32L0xx_HAL_Driver/Src/stm32l0xx_hal_rcc_ex.o
LOAD ./Drivers/STM32L0xx_HAL_Driver/Src/stm32l0xx_hal_spi.o
LOAD ./Drivers/STM32L0xx_HAL_Driver/Src/stm32l0xx_hal_uart.o
LOAD ./Drivers/STM32L0xx_HAL_Driver/Src/stm32l0xx_hal_uart_ex.o
START GROUP
LOAD C:/ST/STM32CubeIDE_1.16.1/STM32CubeIDE/plugins/com.st.stm32cube.ide.mcu.externaltools.gnu-tools-for-stm32.13.3.rel1.win32_1.0.100.202509120712/tools/bin/../lib/gcc/arm-none-eabi/13.3.1/../../../../arm-none-eabi/lib/thumb/v6-m/nofp\libc_nano.a
LOAD C:/ST/STM32CubeIDE_1.16.1/STM32CubeIDE/plugins/com.st.stm32cube.ide.mcu.externaltools.gnu-tools-for-stm32.13.3.rel1.win32_1.0.100.202509120712/tools/bin/../lib/gcc/arm-none-eabi/13.3.1/../../../../arm-none-eabi/lib/thumb/v6-m/nofp\libm.a
END GROUP
START GROUP
LOAD C:/ST/STM32CubeIDE_1.16.1/STM32CubeIDE/plugins/com.st.stm32cube.ide.mcu.externaltools.gnu-tools-for-stm32.13.3.rel1.win32_1.0.100.202509120712/tools/bin/../lib/gcc/arm-none-eabi/13.3.1/thumb/v6-m/nofp\libgcc.a
LOAD C:/ST/STM32CubeIDE_1.16.1/STM32CubeIDE/plugins/com.st.stm32cube.ide.mcu.externaltools.gnu-tools-for-stm32.13.3.rel1.win32_1.0.100.202509120712/tools/bin/../lib/gcc/arm-none-eabi/13.3.1/../../../../arm-none-eabi/lib/thumb/v6-m/nofp\libc_nano.a
END GROUP
START GROUP
LOAD C:/ST/STM32CubeIDE_1.16.1/STM32CubeIDE/plugins/com.st.stm32cube.ide.mcu.externaltools.gnu-tools-for-stm32.13.3.rel1.win32_1.0.100.202509120712/tools/bin/../lib/gcc/arm-none-eabi/13.3.1/thumb/v6-m/nofp\libgcc.a
LOAD C:/ST/STM32CubeIDE_1.16.1/STM32CubeIDE/plugins/com.st.stm32cube.ide.mcu.externaltools.gnu-tools-for-stm32.13.3.rel1.win32_1.0.100.202509120712/tools/bin/../lib/gcc/arm-none-eabi/13.3.1/../../../../arm-none-eabi/lib/thumb/v6-m/nofp\libc_nano.a
LOAD C:/ST/STM32CubeIDE_1.16.1/STM32CubeIDE/plugins/com.st.stm32cube.ide.mcu.externaltools.gnu-tools-for-stm32.13.3.rel1.win32_1.0.100.202509120712/tools/bin/../lib/gcc/arm-none-eabi/13.3.1/../../../../arm-none-eabi/lib/thumb/v6-m/nofp\libnosys.a
END GROUP
START GROUP
LOAD C:/ST/STM32CubeIDE_1.16.1/STM32CubeIDE/plugins/com.st.stm32cube.ide.mcu.externaltools.gnu-tools-for-stm32.13.3.rel1.win32_1.0.100.202509120712/tools/bin/../lib/gcc/arm-none-eabi/13.3.1/thumb/v6-m/nofp\libgcc.a
LOAD C:/ST/STM32CubeIDE_1.16.1/STM32CubeIDE/plugins/com.st.stm32cube.ide.mcu.externaltools.gnu-tools-for-stm32.13.3.rel1.win32_1.0.100.202509120712/tools/bin/../lib/gcc/arm-none-eabi/13.3.1/../../../../arm-none-eabi/lib/thumb/v6-m/nofp\libc_nano.a
LOAD C:/ST/STM32CubeIDE_1.16.1/STM32CubeIDE/plugins/com.st.stm32cube.ide.mcu.externaltools.gnu-tools-for-stm32.13.3.rel1.win32_1.0.100.202509120712/tools/bin/../lib/gcc/arm-none-eabi/13.3.1/../../../../arm-none-eabi/lib/thumb/v6-m/nofp\libnosys.a
END GROUP
LOAD C:/ST/STM32CubeIDE_1.16.1/STM32CubeIDE/plugins/com.st.stm32cube.ide.mcu.externaltools.gnu-tools-for-stm32.13.3.rel1.win32_1.0.100.202509120712/tools/bin/../lib/gcc/arm-none-eabi/13.3.1/thumb/v6-m/nofp/crtend.o
LOAD C:/ST/STM32CubeIDE_1.16.1/STM32CubeIDE/plugins/com.st.stm32cube.ide.mcu.externaltools.gnu-tools-for-stm32.13.3.rel1.win32_1.0.100.202509120712/tools/bin/../lib/gcc/arm-none-eabi/13.3.1/thumb/v6-m/nofp/crtn.o
                0x20002000                        _estack = (ORIGIN (RAM) + LENGTH (RAM))
                0x00000200                        _Min_Heap_Size = 0x200
                0x00000400                        _Min_Stack_Size = 0x400

.isr_vector     0x08000000       0xc0
                0x08000000                        . = ALIGN (0x4)
 *(.isr_vector)
 .isr_vector    0x08000000       0xc0 ./Core/Startup/startup_stm32l053c8tx.o
                0x08000000                g_pfnVectors
                0x080000c0                        . = ALIGN (0x4)

.text           0x080000c0     0x7f44
                0x080000c0                        . = ALIGN (0x4)
 *(.text)
 .text          0x080000c0       0x48 C:/ST/STM32CubeIDE_1.16.1/STM32CubeIDE/plugins/com.st.stm32cube.ide.mcu.externaltools.gnu-tools-for-stm32.13.3.rel1.win32_1.0.100.202509120712/tools/bin/../lib/gcc/arm-none-eabi/13.3.1/thumb/v6-m/nofp/crtbegin.o
 .text          0x08000108        0xe C:/ST/STM32CubeIDE_1.16.1/STM32CubeIDE/plugins/com.st.stm32cube.ide.mcu.externaltools.gnu-tools-for-stm32.13.3.rel1.win32_1.0.100.202509120712/tools/bin/../lib/gcc/arm-none-eabi/13.3.1/../../../../arm-none-eabi/lib/thumb/v6-m/nofp\libc_nano.a(libc_a-strlen.o)
                0x08000108                strlen
 *fill*         0x08000116        0x2 
 .text          0x08000118       0x14 C:/ST/STM32CubeIDE_1.16.1/STM32CubeIDE/plugins/com.st.stm32cube.ide.mcu.externaltools.gnu-tools-for-stm32.13.3.rel1.win32_1.0.100.202509120712/tools/bin/../lib/gcc/arm-none-eabi/13.3.1/thumb/v6-m/nofp\libgcc.a(_thumb1_case_sqi.o)
                0x08000118                __gnu_thumb1_case_sqi
 .text          0x0800012c       0x14 C:/ST/STM32CubeIDE_1.16.1/STM32CubeIDE/plugins/com.st.stm32cube.ide.mcu.externaltools.gnu-tools-for-stm32.13.3.rel1.win32_1.0.100.202509120712/tools/bin/../lib/gcc/arm-none-eabi/13.3.1/thumb/v6-m/nofp\libgcc.a(_thumb1_case_uqi.o)
                0x0800012c                __gnu_thumb1_case_uqi
 .text          0x08000140       0x14 C:/ST/STM32CubeIDE_1.16.1/STM32CubeIDE/plugins/com.st.stm32cube.ide.mcu.externaltools.gnu-tools-for-stm32.13.3.rel1.win32_1.0.100.202509120712/tools/bin/../lib/gcc/arm-none-eabi/13.3.1/thumb/v6-m/nofp\libgcc.a(_thumb1_case_shi.o)
                0x08000140                __gnu_thumb1_case_shi
 .text          0x08000154      0x114 C:/ST/STM32CubeIDE_1.16.1/STM32CubeIDE/plugins/com.st.stm32cube.ide.mcu.externaltools.gnu-tools-for-stm32.13.3.rel1.win32_1.0.100.202509120712/tools/bin/../lib/gcc/arm-none-eabi/13.3.1/thumb/v6-m/nofp\libgcc.a(_udivsi3.o)
                0x08000154                __aeabi_uidiv
                0x08000154                __udivsi3
                0x08000260                __aeabi_uidivmod
 .text          0x08000268      0x1d4 C:/ST/STM32CubeIDE_1.16.1/STM32CubeIDE/plugins/com.st.stm32cube.ide.mcu.externaltools.gnu-tools-for-stm32.13.3.rel1.win32_1.0.100.202509120712/tools/bin/../lib/gcc/arm-none-eabi/13.3.1/thumb/v6-m/nofp\libgcc.a(_divsi3.o)
                0x08000268                __divsi3
                0x08000268                __aeabi_idiv
                0x08000434                __aeabi_idivmod
 .text          0x0800043c        0x4 C:/ST/STM32CubeIDE_1.16.1/STM32CubeIDE/plugins/com.st.stm32cube.ide.mcu.externaltools.gnu-tools-for-stm32.13.3.rel1.win32_1.0.100.202509120712/tools/bin/../lib/gcc/arm-none-eabi/13.3.1/thumb/v6-m/nofp\libgcc.a(_dvmd_tls.o)
                0x0800043c                __aeabi_idiv0
                0x0800043c                __aeabi_ldiv0
 .text          0x08000440       0x7c C:/ST/STM32CubeIDE_1.16.1/STM32CubeIDE/plugins/com.st.stm32cube.ide.mcu.externaltools.gnu-tools-for-stm32.13.3.rel1.win32_1.0.100.202509120712/tools/bin/../lib/gcc/arm-none-eabi/13.3.1/thumb/v6-m/nofp\libgcc.a(_arm_cmpdf2.o)
                0x08000440                __aeabi_cdrcmple
                0x08000450                __aeabi_cdcmple
                0x08000450                __aeabi_cdcmpeq
                0x08000460                __aeabi_dcmpeq
                0x0800046c                __aeabi_dcmplt
                0x08000480                __aeabi_dcmple
                0x08000494                __aeabi_dcmpgt
                0x080004a8                __aeabi_dcmpge
 .text          0x080004bc       0x40 C:/ST/STM32CubeIDE_1.16.1/STM32CubeIDE/plugins/com.st.stm32cube.ide.mcu.externaltools.gnu-tools-for-stm32.13.3.rel1.win32_1.0.100.202509120712/tools/bin/../lib/gcc/arm-none-eabi/13.3.1/thumb/v6-m/nofp\libgcc.a(_aeabi_uldivmod.o)
                0x080004bc                __aeabi_uldivmod
 .text          0x080004fc      0x198 C:/ST/STM32CubeIDE_1.16.1/STM32CubeIDE/plugins/com.st.stm32cube.ide.mcu.externaltools.gnu-tools-for-stm32.13.3.rel1.win32_1.0.100.202509120712/tools/bin/../lib/gcc/arm-none-eabi/13.3.1/thumb/v6-m/nofp\libgcc.a(_udivmoddi4.o)
                0x080004fc                __udivmoddi4
 .text          0x08000694      0x630 C:/ST/STM32CubeIDE_1.16.1/STM32CubeIDE/plugins/com.st.stm32cube.ide.mcu.externaltools.gnu-tools-for-stm32.13.3.rel1.win32_1.0.100.202509120712/tools/bin/../lib/gcc/arm-none-eabi/13.3.1/thumb/v6-m/nofp\libgcc.a(divdf3.o)
                0x08000694                __aeabi_ddiv
 .text          0x08000cc4       0x88 C:/ST/STM32CubeIDE_1.16.1/STM32CubeIDE/plugins/com.st.stm32cube.ide.mcu.externaltools.gnu-tools-for-stm32.13.3.rel1.win32_1.0.100.202509120712/tools/bin/../lib/gcc/arm-none-eabi/13.3.1/thumb/v6-m/nofp\libgcc.a(eqdf2.o)
                0x08000cc4                __nedf2
                0x08000cc4                __eqdf2
 .text          0x08000d4c       0xe0 C:/ST/STM32CubeIDE_1.16.1/STM32CubeIDE/plugins/com.st.stm32cube.ide.mcu.externaltools.gnu-tools-for-stm32.13.3.rel1.win32_1.0.100.202509120712/tools/bin/../lib/gcc/arm-none-eabi/13.3.1/thumb/v6-m/nofp\libgcc.a(gedf2.o)
                0x08000d4c                __gedf2
                0x08000d4c                __gtdf2
 .text          0x08000e2c       0xdc C:/ST/STM32CubeIDE_1.16.1/STM32CubeIDE/plugins/com.st.stm32cube.ide.mcu.externaltools.gnu-tools-for-stm32.13.3.rel1.win32_1.0.100.202509120712/tools/bin/../lib/gcc/arm-none-eabi/13.3.1/thumb/v6-m/nofp\libgcc.a(ledf2.o)
                0x08000e2c                __ledf2
                0x08000e2c                __ltdf2
 .text          0x08000f08      0x5cc C:/ST/STM32CubeIDE_1.16.1/STM32CubeIDE/plugins/com.st.stm32cube.ide.mcu.externaltools.gnu-tools-for-stm32.13.3.rel1.win32_1.0.100.202509120712/tools/bin/../lib/gcc/arm-none-eabi/13.3.1/thumb/v6-m/nofp\libgcc.a(muldf3.o)
                0x08000f08                __aeabi_dmul
 .text          0x080014d4      0x814 C:/ST/STM32CubeIDE_1.16.1/STM32CubeIDE/plugins/com.st.stm32cube.ide.mcu.externaltools.gnu-tools-for-stm32.13.3.rel1.win32_1.0.100.202509120712/tools/bin/../lib/gcc/arm-none-eabi/13.3.1/thumb/v6-m/nofp\libgcc.a(subdf3.o)
                0x080014d4                __aeabi_dsub
 .text          0x08001ce8       0x44 C:/ST/STM32CubeIDE_1.16.1/STM32CubeIDE/plugins/com.st.stm32cube.ide.mcu.externaltools.gnu-tools-for-stm32.13.3.rel1.win32_1.0.100.202509120712/tools/bin/../lib/gcc/arm-none-eabi/13.3.1/thumb/v6-m/nofp\libgcc.a(unorddf2.o)
                0x08001ce8                __aeabi_dcmpun
 .text          0x08001d2c       0x78 C:/ST/STM32CubeIDE_1.16.1/STM32CubeIDE/plugins/com.st.stm32cube.ide.mcu.externaltools.gnu-tools-for-stm32.13.3.rel1.win32_1.0.100.202509120712/tools/bin/../lib/gcc/arm-none-eabi/13.3.1/thumb/v6-m/nofp\libgcc.a(fixdfsi.o)
                0x08001d2c                __aeabi_d2iz
 .text          0x08001da4       0x5c C:/ST/STM32CubeIDE_1.16.1/STM32CubeIDE/plugins/com.st.stm32cube.ide.mcu.externaltools.gnu-tools-for-stm32.13.3.rel1.win32_1.0.100.202509120712/tools/bin/../lib/gcc/arm-none-eabi/13.3.1/thumb/v6-m/nofp\libgcc.a(floatsidf.o)
                0x08001da4                __aeabi_i2d
 .text          0x08001e00       0x90 C:/ST/STM32CubeIDE_1.16.1/STM32CubeIDE/plugins/com.st.stm32cube.ide.mcu.externaltools.gnu-tools-for-stm32.13.3.rel1.win32_1.0.100.202509120712/tools/bin/../lib/gcc/arm-none-eabi/13.3.1/thumb/v6-m/nofp\libgcc.a(extendsfdf2.o)
                0x08001e00                __aeabi_f2d
 .text          0x08001e90       0x3c C:/ST/STM32CubeIDE_1.16.1/STM32CubeIDE/plugins/com.st.stm32cube.ide.mcu.externaltools.gnu-tools-for-stm32.13.3.rel1.win32_1.0.100.202509120712/tools/bin/../lib/gcc/arm-none-eabi/13.3.1/thumb/v6-m/nofp\libgcc.a(_clzsi2.o)
                0x08001e90                __clzsi2
 .text          0x08001ecc       0x18 C:/ST/STM32CubeIDE_1.16.1/STM32CubeIDE/plugins/com.st.stm32cube.ide.mcu.externaltools.gnu-tools-for-stm32.13.3.rel1.win32_1.0.100.202509120712/tools/bin/../lib/gcc/arm-none-eabi/13.3.1/thumb/v6-m/nofp\libgcc.a(_clzdi2.o)
                0x08001ecc                __clzdi2
 *(.text*)
 .text.FRAM_Init
                0x08001ee4       0x1a ./Core/Src/FRAM.o
                0x08001ee4                FRAM_Init
 .text.FRAM_ReadData
                0x08001efe       0x32 ./Core/Src/FRAM.o
                0x08001efe                FRAM_ReadData
 .text.FRAM_ReadStruct
                0x08001f30        0xa ./Core/Src/FRAM.o
                0x08001f30                FRAM_ReadStruct
 .text.FRAM_Format
                0x08001f3a        0xc ./Core/Src/FRAM.o
                0x08001f3a                FRAM_Format
 .text.FRAM_UpdateMetadata
                0x08001f46       0x16 ./Core/Src/FRAM.o
                0x08001f46                FRAM_UpdateMetadata
 .text.FRAM_WriteData.part.0
                0x08001f5c       0x4c ./Core/Src/FRAM.o
 .text.FRAM_WriteData
                0x08001fa8       0x18 ./Core/Src/FRAM.o
                0x08001fa8                FRAM_WriteData
 .text.FRAM_WriteStruct
                0x08001fc0        0xe ./Core/Src/FRAM.o
                0x08001fc0                FRAM_WriteStruct
 *fill*         0x08001fce        0x2 
 .text.newLoRa  0x08001fd0       0x20 ./Core/Src/LoRa.o
                0x08001fd0                newLoRa
 .text.LoRa_readReg
                0x08001ff0       0x54 ./Core/Src/LoRa.o
                0x08001ff0                LoRa_readReg
 .text.LoRa_writeReg
                0x08002044       0x54 ./Core/Src/LoRa.o
                0x08002044                LoRa_writeReg
 .text.LoRa_read
                0x08002098       0x22 ./Core/Src/LoRa.o
                0x08002098                LoRa_read
 .text.LoRa_write
                0x080020ba       0x20 ./Core/Src/LoRa.o
                0x080020ba                LoRa_write
 .text.LoRa_gotoMode
                0x080020da       0x5a ./Core/Src/LoRa.o
                0x080020da                LoRa_gotoMode
 .text.LoRa_setLowDaraRateOptimization
                0x08002134       0x2c ./Core/Src/LoRa.o
                0x08002134                LoRa_setLowDaraRateOptimization
 .text.LoRa_setAutoLDO
                0x08002160       0x48 ./Core/Src/LoRa.o
                0x08002160                LoRa_setAutoLDO
 .text.LoRa_setFrequency
                0x080021a8       0x3c ./Core/Src/LoRa.o
                0x080021a8                LoRa_setFrequency
 .text.LoRa_setSpreadingFactor
                0x080021e4       0x42 ./Core/Src/LoRa.o
                0x080021e4                LoRa_setSpreadingFactor
 .text.LoRa_setPower
                0x08002226       0x12 ./Core/Src/LoRa.o
                0x08002226                LoRa_setPower
 .text.LoRa_setOCP
                0x08002238       0x3c ./Core/Src/LoRa.o
                0x08002238                LoRa_setOCP
 .text.LoRa_setTOMsb_setCRCon
                0x08002274       0x20 ./Core/Src/LoRa.o
                0x08002274                LoRa_setTOMsb_setCRCon
 .text.LoRa_startReceiving
                0x08002294        0xa ./Core/Src/LoRa.o
                0x08002294                LoRa_startReceiving
 .text.LoRa_receive
                0x0800229e       0x94 ./Core/Src/LoRa.o
                0x0800229e                LoRa_receive
 .text.LoRa_init
                0x08002332       0xee ./Core/Src/LoRa.o
                0x08002332                LoRa_init
 .text.update_offset
                0x08002420       0x1a ./Core/Src/cJSON.o
 *fill*         0x0800243a        0x2 
 .text.ensure   0x0800243c       0x8c ./Core/Src/cJSON.o
 .text.print_string_ptr
                0x080024c8      0x11c ./Core/Src/cJSON.o
 .text.add_item_to_array
                0x080025e4       0x2e ./Core/Src/cJSON.o
 *fill*         0x08002612        0x2 
 .text.cJSON_strdup.constprop.0
                0x08002614       0x2c ./Core/Src/cJSON.o
 .text.add_item_to_object.constprop.0
                0x08002640       0x64 ./Core/Src/cJSON.o
 .text.cJSON_New_Item.isra.0
                0x080026a4       0x18 ./Core/Src/cJSON.o
 .text.print_value
                0x080026bc      0x3c8 ./Core/Src/cJSON.o
 .text.cJSON_Delete
                0x08002a84       0x68 ./Core/Src/cJSON.o
                0x08002a84                cJSON_Delete
 .text.cJSON_PrintPreallocated
                0x08002aec       0x44 ./Core/Src/cJSON.o
                0x08002aec                cJSON_PrintPreallocated
 .text.cJSON_AddItemToArray
                0x08002b30        0x8 ./Core/Src/cJSON.o
                0x08002b30                cJSON_AddItemToArray
 .text.cJSON_AddItemToObject
                0x08002b38        0xa ./Core/Src/cJSON.o
                0x08002b38                cJSON_AddItemToObject
 *fill*         0x08002b42        0x2 
 .text.cJSON_CreateNumber
                0x08002b44       0x68 ./Core/Src/cJSON.o
                0x08002b44                cJSON_CreateNumber
 .text.cJSON_AddNumberToObject
                0x08002bac       0x2c ./Core/Src/cJSON.o
                0x08002bac                cJSON_AddNumberToObject
 .text.cJSON_CreateString
                0x08002bd8       0x30 ./Core/Src/cJSON.o
                0x08002bd8                cJSON_CreateString
 .text.cJSON_AddStringToObject
                0x08002c08       0x2a ./Core/Src/cJSON.o
                0x08002c08                cJSON_AddStringToObject
 *fill*         0x08002c32        0x2 
 .text.cJSON_CreateArray
                0x08002c34       0x18 ./Core/Src/cJSON.o
                0x08002c34                cJSON_CreateArray
 .text.cJSON_CreateObject
                0x08002c4c       0x18 ./Core/Src/cJSON.o
                0x08002c4c                cJSON_CreateObject
 .text.defaultTransmissionData
                0x08002c64       0x44 ./Core/Src/main.o
                0x08002c64                defaultTransmissionData
 .text.defaultTransmissionVibrationPackage
                0x08002ca8       0x3c ./Core/Src/main.o
                0x08002ca8                defaultTransmissionVibrationPackage
 .text.I2C_Scan
                0x08002ce4       0x70 ./Core/Src/main.o
                0x08002ce4                I2C_Scan
 .text.INIT_GSM_K
                0x08002d54       0x3c ./Core/Src/main.o
                0x08002d54                INIT_GSM_K
 .text.buffer_remove_sample
                0x08002d90       0x38 ./Core/Src/main.o
                0x08002d90                buffer_remove_sample
 .text.BEHAVIOR_Initialize_DataIndices
                0x08002dc8       0x28 ./Core/Src/main.o
                0x08002dc8                BEHAVIOR_Initialize_DataIndices
 .text.BEHAVIOR_GET_Next_Send_Item
                0x08002df0       0x18 ./Core/Src/main.o
                0x08002df0                BEHAVIOR_GET_Next_Send_Item
 .text.BEHAVIOR_ADD_Item_To_DataIndices
                0x08002e08       0x38 ./Core/Src/main.o
                0x08002e08                BEHAVIOR_ADD_Item_To_DataIndices
 .text.processing_data_in_FRAM
                0x08002e40       0xf8 ./Core/Src/main.o
                0x08002e40                processing_data_in_FRAM
 .text.BEHAVIOR_REMOVE_First_Item_From_DataIndices
                0x08002f38       0x28 ./Core/Src/main.o
                0x08002f38                BEHAVIOR_REMOVE_First_Item_From_DataIndices
 .text.CHAR_NOT_FOUND_EXCEPTION
                0x08002f60       0x1c ./Core/Src/main.o
                0x08002f60                CHAR_NOT_FOUND_EXCEPTION
 .text.BEHAVIOR_Reorganize_FRAM
                0x08002f7c       0xa0 ./Core/Src/main.o
                0x08002f7c                BEHAVIOR_Reorganize_FRAM
 .text.MSP_RX_Callback
                0x0800301c       0x4c ./Core/Src/main.o
                0x0800301c                MSP_RX_Callback
 .text.float_to_two_char_string
                0x08003068       0x24 ./Core/Src/main.o
                0x08003068                float_to_two_char_string
 .text.transmission_data_to_json
                0x0800308c       0xf0 ./Core/Src/main.o
                0x0800308c                transmission_data_to_json
 .text.transmission_vibrationpackage_to_json
                0x0800317c       0xa8 ./Core/Src/main.o
                0x0800317c                transmission_vibrationpackage_to_json
 .text.GSM_RX_Callback
                0x08003224       0x4c ./Core/Src/main.o
                0x08003224                GSM_RX_Callback
 .text.HAL_UART_RxCpltCallback
                0x08003270       0x2c ./Core/Src/main.o
                0x08003270                HAL_UART_RxCpltCallback
 .text.GSM_TX_Callback
                0x0800329c       0x20 ./Core/Src/main.o
                0x0800329c                GSM_TX_Callback
 .text.HAL_UART_TxCpltCallback
                0x080032bc       0x18 ./Core/Src/main.o
                0x080032bc                HAL_UART_TxCpltCallback
 .text.resetBuffers
                0x080032d4       0x24 ./Core/Src/main.o
                0x080032d4                resetBuffers
 .text.sendAT   0x080032f8      0x10c ./Core/Src/main.o
                0x080032f8                sendAT
 .text.sendATWithTimeOut
                0x08003404      0x11c ./Core/Src/main.o
                0x08003404                sendATWithTimeOut
 .text.directTransmit
                0x08003520       0x44 ./Core/Src/main.o
                0x08003520                directTransmit
 .text.GSM_Setup_PDP_Context
                0x08003564       0x68 ./Core/Src/main.o
                0x08003564                GSM_Setup_PDP_Context
 .text.GSM_Disconnect_TCP
                0x080035cc       0x1c ./Core/Src/main.o
                0x080035cc                GSM_Disconnect_TCP
 .text.GSM_PDP_Context_Activate
                0x080035e8      0x138 ./Core/Src/main.o
                0x080035e8                GSM_PDP_Context_Activate
 .text.setup    0x08003720      0x14c ./Core/Src/main.o
                0x08003720                setup
 .text.GSM_HTTP_Send
                0x0800386c       0x4c ./Core/Src/main.o
                0x0800386c                GSM_HTTP_Send
 .text.GSM_Send_HTTP_POST
                0x080038b8      0x134 ./Core/Src/main.o
                0x080038b8                GSM_Send_HTTP_POST
 .text.BEHAVIOR_Send_Next_Struct_In_FRAM
                0x080039ec      0x134 ./Core/Src/main.o
                0x080039ec                BEHAVIOR_Send_Next_Struct_In_FRAM
 .text.HAL_GPIO_EXTI_Callback
                0x08003b20       0x88 ./Core/Src/main.o
                0x08003b20                HAL_GPIO_EXTI_Callback
 .text.BlinkLed
                0x08003ba8       0x2c ./Core/Src/main.o
                0x08003ba8                BlinkLed
 .text.loop     0x08003bd4      0x13c ./Core/Src/main.o
                0x08003bd4                loop
 .text.Error_Handler
                0x08003d10       0x1c ./Core/Src/main.o
                0x08003d10                Error_Handler
 .text.SystemClock_Config
                0x08003d2c       0xa4 ./Core/Src/main.o
                0x08003d2c                SystemClock_Config
 .text.startup.main
                0x08003dd0      0x1d4 ./Core/Src/main.o
                0x08003dd0                main
 .text.HAL_MspInit
                0x08003fa4       0x1c ./Core/Src/stm32l0xx_hal_msp.o
                0x08003fa4                HAL_MspInit
 .text.HAL_I2C_MspInit
                0x08003fc0       0x5c ./Core/Src/stm32l0xx_hal_msp.o
                0x08003fc0                HAL_I2C_MspInit
 .text.HAL_SPI_MspInit
                0x0800401c       0x58 ./Core/Src/stm32l0xx_hal_msp.o
                0x0800401c                HAL_SPI_MspInit
 .text.HAL_UART_MspInit
                0x08004074       0xbc ./Core/Src/stm32l0xx_hal_msp.o
                0x08004074                HAL_UART_MspInit
 .text.NMI_Handler
                0x08004130        0x2 ./Core/Src/stm32l0xx_it.o
                0x08004130                NMI_Handler
 *fill*         0x08004132        0x2 
 .text.HardFault_Handler
                0x08004134       0x1c ./Core/Src/stm32l0xx_it.o
                0x08004134                HardFault_Handler
 .text.SVC_Handler
                0x08004150        0x2 ./Core/Src/stm32l0xx_it.o
                0x08004150                SVC_Handler
 .text.PendSV_Handler
                0x08004152        0x2 ./Core/Src/stm32l0xx_it.o
                0x08004152                PendSV_Handler
 .text.SysTick_Handler
                0x08004154        0x8 ./Core/Src/stm32l0xx_it.o
                0x08004154                SysTick_Handler
 .text.EXTI0_1_IRQHandler
                0x0800415c        0xa ./Core/Src/stm32l0xx_it.o
                0x0800415c                EXTI0_1_IRQHandler
 *fill*         0x08004166        0x2 
 .text.USART1_IRQHandler
                0x08004168       0x10 ./Core/Src/stm32l0xx_it.o
                0x08004168                USART1_IRQHandler
 .text.USART2_IRQHandler
                0x08004178       0x10 ./Core/Src/stm32l0xx_it.o
                0x08004178                USART2_IRQHandler
 .text._sbrk    0x08004188       0x40 ./Core/Src/sysmem.o
                0x08004188                _sbrk
 .text.SystemInit
                0x080041c8        0x2 ./Core/Src/system_stm32l0xx.o
                0x080041c8                SystemInit
 *fill*         0x080041ca        0x2 
 .text.Reset_Handler
                0x080041cc       0x50 ./Core/Startup/startup_stm32l053c8tx.o
                0x080041cc                Reset_Handler
 .text.Default_Handler
                0x0800421c        0x2 ./Core/Startup/startup_stm32l053c8tx.o
                0x0800421c                TSC_IRQHandler
                0x0800421c                ADC1_COMP_IRQHandler
                0x0800421c                PVD_IRQHandler
                0x0800421c                I2C1_IRQHandler
                0x0800421c                RCC_CRS_IRQHandler
                0x0800421c                SPI1_IRQHandler
                0x0800421c                TIM6_DAC_IRQHandler
                0x0800421c                EXTI2_3_IRQHandler
                0x0800421c                I2C2_IRQHandler
                0x0800421c                RTC_IRQHandler
                0x0800421c                LCD_IRQHandler
                0x0800421c                DMA1_Channel4_5_6_7_IRQHandler
                0x0800421c                EXTI4_15_IRQHandler
                0x0800421c                DMA1_Channel1_IRQHandler
                0x0800421c                Default_Handler
                0x0800421c                TIM22_IRQHandler
                0x0800421c                USB_IRQHandler
                0x0800421c                SPI2_IRQHandler
                0x0800421c                TIM21_IRQHandler
                0x0800421c                WWDG_IRQHandler
                0x0800421c                TIM2_IRQHandler
                0x0800421c                DMA1_Channel2_3_IRQHandler
                0x0800421c                FLASH_IRQHandler
                0x0800421c                RNG_LPUART1_IRQHandler
                0x0800421c                LPTIM1_IRQHandler
 *fill*         0x0800421e        0x2 
 .text.HAL_InitTick
                0x08004220       0x48 ./Drivers/STM32L0xx_HAL_Driver/Src/stm32l0xx_hal.o
                0x08004220                HAL_InitTick
 .text.HAL_Init
                0x08004268       0x28 ./Drivers/STM32L0xx_HAL_Driver/Src/stm32l0xx_hal.o
                0x08004268                HAL_Init
 .text.HAL_IncTick
                0x08004290       0x18 ./Drivers/STM32L0xx_HAL_Driver/Src/stm32l0xx_hal.o
                0x08004290                HAL_IncTick
 .text.HAL_GetTick
                0x080042a8        0xc ./Drivers/STM32L0xx_HAL_Driver/Src/stm32l0xx_hal.o
                0x080042a8                HAL_GetTick
 .text.HAL_Delay
                0x080042b4       0x24 ./Drivers/STM32L0xx_HAL_Driver/Src/stm32l0xx_hal.o
                0x080042b4                HAL_Delay
 .text.HAL_NVIC_SetPriority
                0x080042d8       0x54 ./Drivers/STM32L0xx_HAL_Driver/Src/stm32l0xx_hal_cortex.o
                0x080042d8                HAL_NVIC_SetPriority
 .text.HAL_NVIC_EnableIRQ
                0x0800432c       0x18 ./Drivers/STM32L0xx_HAL_Driver/Src/stm32l0xx_hal_cortex.o
                0x0800432c                HAL_NVIC_EnableIRQ
 .text.HAL_SYSTICK_Config
                0x08004344       0x34 ./Drivers/STM32L0xx_HAL_Driver/Src/stm32l0xx_hal_cortex.o
                0x08004344                HAL_SYSTICK_Config
 .text.HAL_DMA_Abort
                0x08004378       0x40 ./Drivers/STM32L0xx_HAL_Driver/Src/stm32l0xx_hal_dma.o
                0x08004378                HAL_DMA_Abort
 .text.HAL_DMA_Abort_IT
                0x080043b8       0x46 ./Drivers/STM32L0xx_HAL_Driver/Src/stm32l0xx_hal_dma.o
                0x080043b8                HAL_DMA_Abort_IT
 *fill*         0x080043fe        0x2 
 .text.HAL_GPIO_Init
                0x08004400      0x174 ./Drivers/STM32L0xx_HAL_Driver/Src/stm32l0xx_hal_gpio.o
                0x08004400                HAL_GPIO_Init
 .text.HAL_GPIO_WritePin
                0x08004574        0xc ./Drivers/STM32L0xx_HAL_Driver/Src/stm32l0xx_hal_gpio.o
                0x08004574                HAL_GPIO_WritePin
 .text.HAL_GPIO_EXTI_IRQHandler
                0x08004580       0x18 ./Drivers/STM32L0xx_HAL_Driver/Src/stm32l0xx_hal_gpio.o
                0x08004580                HAL_GPIO_EXTI_IRQHandler
 .text.I2C_Flush_TXDR
                0x08004598       0x1c ./Drivers/STM32L0xx_HAL_Driver/Src/stm32l0xx_hal_i2c.o
 .text.I2C_TransferConfig
                0x080045b4       0x2c ./Drivers/STM32L0xx_HAL_Driver/Src/stm32l0xx_hal_i2c.o
 .text.I2C_IsErrorOccurred
                0x080045e0       0xfc ./Drivers/STM32L0xx_HAL_Driver/Src/stm32l0xx_hal_i2c.o
 .text.I2C_WaitOnTXISFlagUntilTimeout
                0x080046dc       0x5c ./Drivers/STM32L0xx_HAL_Driver/Src/stm32l0xx_hal_i2c.o
 .text.I2C_WaitOnFlagUntilTimeout
                0x08004738       0x6e ./Drivers/STM32L0xx_HAL_Driver/Src/stm32l0xx_hal_i2c.o
 .text.I2C_WaitOnSTOPFlagUntilTimeout
                0x080047a6       0x54 ./Drivers/STM32L0xx_HAL_Driver/Src/stm32l0xx_hal_i2c.o
 *fill*         0x080047fa        0x2 
 .text.I2C_WaitOnRXNEFlagUntilTimeout
                0x080047fc       0xa0 ./Drivers/STM32L0xx_HAL_Driver/Src/stm32l0xx_hal_i2c.o
 .text.HAL_I2C_Init
                0x0800489c       0xbc ./Drivers/STM32L0xx_HAL_Driver/Src/stm32l0xx_hal_i2c.o
                0x0800489c                HAL_I2C_Init
 .text.HAL_I2C_Master_Transmit
                0x08004958      0x148 ./Drivers/STM32L0xx_HAL_Driver/Src/stm32l0xx_hal_i2c.o
                0x08004958                HAL_I2C_Master_Transmit
 .text.HAL_I2C_Master_Receive
                0x08004aa0      0x120 ./Drivers/STM32L0xx_HAL_Driver/Src/stm32l0xx_hal_i2c.o
                0x08004aa0                HAL_I2C_Master_Receive
 .text.HAL_I2C_IsDeviceReady
                0x08004bc0      0x110 ./Drivers/STM32L0xx_HAL_Driver/Src/stm32l0xx_hal_i2c.o
                0x08004bc0                HAL_I2C_IsDeviceReady
 .text.HAL_I2CEx_ConfigAnalogFilter
                0x08004cd0       0x4c ./Drivers/STM32L0xx_HAL_Driver/Src/stm32l0xx_hal_i2c_ex.o
                0x08004cd0                HAL_I2CEx_ConfigAnalogFilter
 .text.HAL_I2CEx_ConfigDigitalFilter
                0x08004d1c       0x48 ./Drivers/STM32L0xx_HAL_Driver/Src/stm32l0xx_hal_i2c_ex.o
                0x08004d1c                HAL_I2CEx_ConfigDigitalFilter
 .text.HAL_I2CEx_EnableFastModePlus
                0x08004d64       0x1c ./Drivers/STM32L0xx_HAL_Driver/Src/stm32l0xx_hal_i2c_ex.o
                0x08004d64                HAL_I2CEx_EnableFastModePlus
 .text.HAL_IWDG_Init
                0x08004d80       0x64 ./Drivers/STM32L0xx_HAL_Driver/Src/stm32l0xx_hal_iwdg.o
                0x08004d80                HAL_IWDG_Init
 .text.HAL_IWDG_Refresh
                0x08004de4       0x10 ./Drivers/STM32L0xx_HAL_Driver/Src/stm32l0xx_hal_iwdg.o
                0x08004de4                HAL_IWDG_Refresh
 .text.HAL_RCC_GetSysClockFreq
                0x08004df4       0x84 ./Drivers/STM32L0xx_HAL_Driver/Src/stm32l0xx_hal_rcc.o
                0x08004df4                HAL_RCC_GetSysClockFreq
 .text.HAL_RCC_OscConfig
                0x08004e78      0x504 ./Drivers/STM32L0xx_HAL_Driver/Src/stm32l0xx_hal_rcc.o
                0x08004e78                HAL_RCC_OscConfig
 .text.HAL_RCC_ClockConfig
                0x0800537c      0x19c ./Drivers/STM32L0xx_HAL_Driver/Src/stm32l0xx_hal_rcc.o
                0x0800537c                HAL_RCC_ClockConfig
 .text.HAL_RCC_GetPCLK1Freq
                0x08005518       0x20 ./Drivers/STM32L0xx_HAL_Driver/Src/stm32l0xx_hal_rcc.o
                0x08005518                HAL_RCC_GetPCLK1Freq
 .text.HAL_RCC_GetPCLK2Freq
                0x08005538       0x20 ./Drivers/STM32L0xx_HAL_Driver/Src/stm32l0xx_hal_rcc.o
                0x08005538                HAL_RCC_GetPCLK2Freq
 .text.HAL_RCCEx_PeriphCLKConfig
                0x08005558      0x1f4 ./Drivers/STM32L0xx_HAL_Driver/Src/stm32l0xx_hal_rcc_ex.o
                0x08005558                HAL_RCCEx_PeriphCLKConfig
 .text.SPI_WaitFlagStateUntilTimeout
                0x0800574c       0xc0 ./Drivers/STM32L0xx_HAL_Driver/Src/stm32l0xx_hal_spi.o
 .text.SPI_EndRxTxTransaction
                0x0800580c       0x7c ./Drivers/STM32L0xx_HAL_Driver/Src/stm32l0xx_hal_spi.o
 .text.SPI_EndRxTransaction
                0x08005888       0x62 ./Drivers/STM32L0xx_HAL_Driver/Src/stm32l0xx_hal_spi.o
 *fill*         0x080058ea        0x2 
 .text.HAL_SPI_Init
                0x080058ec       0xc4 ./Drivers/STM32L0xx_HAL_Driver/Src/stm32l0xx_hal_spi.o
                0x080058ec                HAL_SPI_Init
 .text.HAL_SPI_Transmit
                0x080059b0      0x184 ./Drivers/STM32L0xx_HAL_Driver/Src/stm32l0xx_hal_spi.o
                0x080059b0                HAL_SPI_Transmit
 .text.HAL_SPI_TransmitReceive
                0x08005b34      0x210 ./Drivers/STM32L0xx_HAL_Driver/Src/stm32l0xx_hal_spi.o
                0x08005b34                HAL_SPI_TransmitReceive
 .text.HAL_SPI_Receive
                0x08005d44      0x150 ./Drivers/STM32L0xx_HAL_Driver/Src/stm32l0xx_hal_spi.o
                0x08005d44                HAL_SPI_Receive
 .text.HAL_SPI_GetState
                0x08005e94        0x8 ./Drivers/STM32L0xx_HAL_Driver/Src/stm32l0xx_hal_spi.o
                0x08005e94                HAL_SPI_GetState
 .text.UART_EndRxTransfer
                0x08005e9c       0x5c ./Drivers/STM32L0xx_HAL_Driver/Src/stm32l0xx_hal_uart.o
 .text.UART_TxISR_8BIT.part.0
                0x08005ef8       0x32 ./Drivers/STM32L0xx_HAL_Driver/Src/stm32l0xx_hal_uart.o
 .text.UART_TxISR_8BIT
                0x08005f2a       0x2e ./Drivers/STM32L0xx_HAL_Driver/Src/stm32l0xx_hal_uart.o
 .text.UART_TxISR_16BIT
                0x08005f58       0x32 ./Drivers/STM32L0xx_HAL_Driver/Src/stm32l0xx_hal_uart.o
 *fill*         0x08005f8a        0x2 
 .text.HAL_UART_Transmit_IT
                0x08005f8c       0x7c ./Drivers/STM32L0xx_HAL_Driver/Src/stm32l0xx_hal_uart.o
                0x08005f8c                HAL_UART_Transmit_IT
 .text.HAL_UART_ErrorCallback
                0x08006008        0x2 ./Drivers/STM32L0xx_HAL_Driver/Src/stm32l0xx_hal_uart.o
                0x08006008                HAL_UART_ErrorCallback
 .text.UART_DMAAbortOnError
                0x0800600a       0x12 ./Drivers/STM32L0xx_HAL_Driver/Src/stm32l0xx_hal_uart.o
 .text.HAL_UARTEx_RxEventCallback
                0x0800601c        0x2 ./Drivers/STM32L0xx_HAL_Driver/Src/stm32l0xx_hal_uart.o
                0x0800601c                HAL_UARTEx_RxEventCallback
 *fill*         0x0800601e        0x2 
 .text.HAL_UART_IRQHandler
                0x08006020      0x2d0 ./Drivers/STM32L0xx_HAL_Driver/Src/stm32l0xx_hal_uart.o
                0x08006020                HAL_UART_IRQHandler
 .text.UART_RxISR_8BIT
                0x080062f0       0xe0 ./Drivers/STM32L0xx_HAL_Driver/Src/stm32l0xx_hal_uart.o
 .text.UART_RxISR_16BIT
                0x080063d0       0xdc ./Drivers/STM32L0xx_HAL_Driver/Src/stm32l0xx_hal_uart.o
 .text.UART_SetConfig
                0x080064ac      0x1f0 ./Drivers/STM32L0xx_HAL_Driver/Src/stm32l0xx_hal_uart.o
                0x080064ac                UART_SetConfig
 .text.UART_AdvFeatureConfig
                0x0800669c       0xd0 ./Drivers/STM32L0xx_HAL_Driver/Src/stm32l0xx_hal_uart.o
                0x0800669c                UART_AdvFeatureConfig
 .text.UART_WaitOnFlagUntilTimeout
                0x0800676c       0x90 ./Drivers/STM32L0xx_HAL_Driver/Src/stm32l0xx_hal_uart.o
                0x0800676c                UART_WaitOnFlagUntilTimeout
 .text.HAL_UART_Transmit
                0x080067fc       0xcc ./Drivers/STM32L0xx_HAL_Driver/Src/stm32l0xx_hal_uart.o
                0x080067fc                HAL_UART_Transmit
 .text.HAL_UART_Receive
                0x080068c8      0x100 ./Drivers/STM32L0xx_HAL_Driver/Src/stm32l0xx_hal_uart.o
                0x080068c8                HAL_UART_Receive
 .text.UART_CheckIdleState
                0x080069c8       0xc0 ./Drivers/STM32L0xx_HAL_Driver/Src/stm32l0xx_hal_uart.o
                0x080069c8                UART_CheckIdleState
 .text.HAL_UART_Init
                0x08006a88       0x64 ./Drivers/STM32L0xx_HAL_Driver/Src/stm32l0xx_hal_uart.o
                0x08006a88                HAL_UART_Init
 .text.UART_Start_Receive_IT
                0x08006aec       0xc4 ./Drivers/STM32L0xx_HAL_Driver/Src/stm32l0xx_hal_uart.o
                0x08006aec                UART_Start_Receive_IT
 .text.HAL_UART_Receive_IT
                0x08006bb0       0x68 ./Drivers/STM32L0xx_HAL_Driver/Src/stm32l0xx_hal_uart.o
                0x08006bb0                HAL_UART_Receive_IT
 .text.HAL_UARTEx_WakeupCallback
                0x08006c18        0x2 ./Drivers/STM32L0xx_HAL_Driver/Src/stm32l0xx_hal_uart_ex.o
                0x08006c18                HAL_UARTEx_WakeupCallback
 *fill*         0x08006c1a        0x2 
 .text.malloc   0x08006c1c       0x14 C:/ST/STM32CubeIDE_1.16.1/STM32CubeIDE/plugins/com.st.stm32cube.ide.mcu.externaltools.gnu-tools-for-stm32.13.3.rel1.win32_1.0.100.202509120712/tools/bin/../lib/gcc/arm-none-eabi/13.3.1/../../../../arm-none-eabi/lib/thumb/v6-m/nofp\libc_nano.a(libc_a-malloc.o)
                0x08006c1c                malloc
 .text.free     0x08006c30       0x14 C:/ST/STM32CubeIDE_1.16.1/STM32CubeIDE/plugins/com.st.stm32cube.ide.mcu.externaltools.gnu-tools-for-stm32.13.3.rel1.win32_1.0.100.202509120712/tools/bin/../lib/gcc/arm-none-eabi/13.3.1/../../../../arm-none-eabi/lib/thumb/v6-m/nofp\libc_nano.a(libc_a-malloc.o)
                0x08006c30                free
 .text.sbrk_aligned
                0x08006c44       0x44 C:/ST/STM32CubeIDE_1.16.1/STM32CubeIDE/plugins/com.st.stm32cube.ide.mcu.externaltools.gnu-tools-for-stm32.13.3.rel1.win32_1.0.100.202509120712/tools/bin/../lib/gcc/arm-none-eabi/13.3.1/../../../../arm-none-eabi/lib/thumb/v6-m/nofp\libc_nano.a(libc_a-mallocr.o)
 .text._malloc_r
                0x08006c88      0x100 C:/ST/STM32CubeIDE_1.16.1/STM32CubeIDE/plugins/com.st.stm32cube.ide.mcu.externaltools.gnu-tools-for-stm32.13.3.rel1.win32_1.0.100.202509120712/tools/bin/../lib/gcc/arm-none-eabi/13.3.1/../../../../arm-none-eabi/lib/thumb/v6-m/nofp\libc_nano.a(libc_a-mallocr.o)
                0x08006c88                _malloc_r
 .text.__malloc_lock
                0x08006d88       0x10 C:/ST/STM32CubeIDE_1.16.1/STM32CubeIDE/plugins/com.st.stm32cube.ide.mcu.externaltools.gnu-tools-for-stm32.13.3.rel1.win32_1.0.100.202509120712/tools/bin/../lib/gcc/arm-none-eabi/13.3.1/../../../../arm-none-eabi/lib/thumb/v6-m/nofp\libc_nano.a(libc_a-mlock.o)
                0x08006d88                __malloc_lock
 .text.__malloc_unlock
                0x08006d98       0x10 C:/ST/STM32CubeIDE_1.16.1/STM32CubeIDE/plugins/com.st.stm32cube.ide.mcu.externaltools.gnu-tools-for-stm32.13.3.rel1.win32_1.0.100.202509120712/tools/bin/../lib/gcc/arm-none-eabi/13.3.1/../../../../arm-none-eabi/lib/thumb/v6-m/nofp\libc_nano.a(libc_a-mlock.o)
                0x08006d98                __malloc_unlock
 .text.realloc  0x08006da8       0x14 C:/ST/STM32CubeIDE_1.16.1/STM32CubeIDE/plugins/com.st.stm32cube.ide.mcu.externaltools.gnu-tools-for-stm32.13.3.rel1.win32_1.0.100.202509120712/tools/bin/../lib/gcc/arm-none-eabi/13.3.1/../../../../arm-none-eabi/lib/thumb/v6-m/nofp\libc_nano.a(libc_a-realloc.o)
                0x08006da8                realloc
 .text._realloc_r
                0x08006dbc       0x60 C:/ST/STM32CubeIDE_1.16.1/STM32CubeIDE/plugins/com.st.stm32cube.ide.mcu.externaltools.gnu-tools-for-stm32.13.3.rel1.win32_1.0.100.202509120712/tools/bin/../lib/gcc/arm-none-eabi/13.3.1/../../../../arm-none-eabi/lib/thumb/v6-m/nofp\libc_nano.a(libc_a-reallocr.o)
                0x08006dbc                _realloc_r
 .text.snprintf
                0x08006e1c       0x6c C:/ST/STM32CubeIDE_1.16.1/STM32CubeIDE/plugins/com.st.stm32cube.ide.mcu.externaltools.gnu-tools-for-stm32.13.3.rel1.win32_1.0.100.202509120712/tools/bin/../lib/gcc/arm-none-eabi/13.3.1/../../../../arm-none-eabi/lib/thumb/v6-m/nofp\libc_nano.a(libc_a-snprintf.o)
                0x08006e1c                sniprintf
                0x08006e1c                snprintf
 .text.sprintf  0x08006e88       0x44 C:/ST/STM32CubeIDE_1.16.1/STM32CubeIDE/plugins/com.st.stm32cube.ide.mcu.externaltools.gnu-tools-for-stm32.13.3.rel1.win32_1.0.100.202509120712/tools/bin/../lib/gcc/arm-none-eabi/13.3.1/../../../../arm-none-eabi/lib/thumb/v6-m/nofp\libc_nano.a(libc_a-sprintf.o)
                0x08006e88                siprintf
                0x08006e88                sprintf
 .text.sscanf   0x08006ecc       0x54 C:/ST/STM32CubeIDE_1.16.1/STM32CubeIDE/plugins/com.st.stm32cube.ide.mcu.externaltools.gnu-tools-for-stm32.13.3.rel1.win32_1.0.100.202509120712/tools/bin/../lib/gcc/arm-none-eabi/13.3.1/../../../../arm-none-eabi/lib/thumb/v6-m/nofp\libc_nano.a(libc_a-sscanf.o)
                0x08006ecc                siscanf
                0x08006ecc                sscanf
 .text.__seofread
                0x08006f20        0x4 C:/ST/STM32CubeIDE_1.16.1/STM32CubeIDE/plugins/com.st.stm32cube.ide.mcu.externaltools.gnu-tools-for-stm32.13.3.rel1.win32_1.0.100.202509120712/tools/bin/../lib/gcc/arm-none-eabi/13.3.1/../../../../arm-none-eabi/lib/thumb/v6-m/nofp\libc_nano.a(libc_a-stdio.o)
                0x08006f20                __seofread
 .text.memmove  0x08006f24       0x24 C:/ST/STM32CubeIDE_1.16.1/STM32CubeIDE/plugins/com.st.stm32cube.ide.mcu.externaltools.gnu-tools-for-stm32.13.3.rel1.win32_1.0.100.202509120712/tools/bin/../lib/gcc/arm-none-eabi/13.3.1/../../../../arm-none-eabi/lib/thumb/v6-m/nofp\libc_nano.a(libc_a-memmove.o)
                0x08006f24                memmove
 .text.memset   0x08006f48       0x10 C:/ST/STM32CubeIDE_1.16.1/STM32CubeIDE/plugins/com.st.stm32cube.ide.mcu.externaltools.gnu-tools-for-stm32.13.3.rel1.win32_1.0.100.202509120712/tools/bin/../lib/gcc/arm-none-eabi/13.3.1/../../../../arm-none-eabi/lib/thumb/v6-m/nofp\libc_nano.a(libc_a-memset.o)
                0x08006f48                memset
 .text.strstr   0x08006f58       0x2c C:/ST/STM32CubeIDE_1.16.1/STM32CubeIDE/plugins/com.st.stm32cube.ide.mcu.externaltools.gnu-tools-for-stm32.13.3.rel1.win32_1.0.100.202509120712/tools/bin/../lib/gcc/arm-none-eabi/13.3.1/../../../../arm-none-eabi/lib/thumb/v6-m/nofp\libc_nano.a(libc_a-strstr.o)
                0x08006f58                strstr
 .text._sbrk_r  0x08006f84       0x24 C:/ST/STM32CubeIDE_1.16.1/STM32CubeIDE/plugins/com.st.stm32cube.ide.mcu.externaltools.gnu-tools-for-stm32.13.3.rel1.win32_1.0.100.202509120712/tools/bin/../lib/gcc/arm-none-eabi/13.3.1/../../../../arm-none-eabi/lib/thumb/v6-m/nofp\libc_nano.a(libc_a-sbrkr.o)
                0x08006f84                _sbrk_r
 .text.__errno  0x08006fa8        0xc C:/ST/STM32CubeIDE_1.16.1/STM32CubeIDE/plugins/com.st.stm32cube.ide.mcu.externaltools.gnu-tools-for-stm32.13.3.rel1.win32_1.0.100.202509120712/tools/bin/../lib/gcc/arm-none-eabi/13.3.1/../../../../arm-none-eabi/lib/thumb/v6-m/nofp\libc_nano.a(libc_a-errno.o)
                0x08006fa8                __errno
 .text.__libc_init_array
                0x08006fb4       0x48 C:/ST/STM32CubeIDE_1.16.1/STM32CubeIDE/plugins/com.st.stm32cube.ide.mcu.externaltools.gnu-tools-for-stm32.13.3.rel1.win32_1.0.100.202509120712/tools/bin/../lib/gcc/arm-none-eabi/13.3.1/../../../../arm-none-eabi/lib/thumb/v6-m/nofp\libc_nano.a(libc_a-init.o)
                0x08006fb4                __libc_init_array
 .text.__retarget_lock_acquire_recursive
                0x08006ffc        0x2 C:/ST/STM32CubeIDE_1.16.1/STM32CubeIDE/plugins/com.st.stm32cube.ide.mcu.externaltools.gnu-tools-for-stm32.13.3.rel1.win32_1.0.100.202509120712/tools/bin/../lib/gcc/arm-none-eabi/13.3.1/../../../../arm-none-eabi/lib/thumb/v6-m/nofp\libc_nano.a(libc_a-lock.o)
                0x08006ffc                __retarget_lock_acquire_recursive
 .text.__retarget_lock_release_recursive
                0x08006ffe        0x2 C:/ST/STM32CubeIDE_1.16.1/STM32CubeIDE/plugins/com.st.stm32cube.ide.mcu.externaltools.gnu-tools-for-stm32.13.3.rel1.win32_1.0.100.202509120712/tools/bin/../lib/gcc/arm-none-eabi/13.3.1/../../../../arm-none-eabi/lib/thumb/v6-m/nofp\libc_nano.a(libc_a-lock.o)
                0x08006ffe                __retarget_lock_release_recursive
 .text.strcpy   0x08007000       0x10 C:/ST/STM32CubeIDE_1.16.1/STM32CubeIDE/plugins/com.st.stm32cube.ide.mcu.externaltools.gnu-tools-for-stm32.13.3.rel1.win32_1.0.100.202509120712/tools/bin/../lib/gcc/arm-none-eabi/13.3.1/../../../../arm-none-eabi/lib/thumb/v6-m/nofp\libc_nano.a(libc_a-strcpy.o)
                0x08007000                strcpy
 .text.memcpy   0x08007010       0x12 C:/ST/STM32CubeIDE_1.16.1/STM32CubeIDE/plugins/com.st.stm32cube.ide.mcu.externaltools.gnu-tools-for-stm32.13.3.rel1.win32_1.0.100.202509120712/tools/bin/../lib/gcc/arm-none-eabi/13.3.1/../../../../arm-none-eabi/lib/thumb/v6-m/nofp\libc_nano.a(libc_a-memcpy-stub.o)
                0x08007010                memcpy
 *fill*         0x08007022        0x2 
 .text._free_r  0x08007024       0x94 C:/ST/STM32CubeIDE_1.16.1/STM32CubeIDE/plugins/com.st.stm32cube.ide.mcu.externaltools.gnu-tools-for-stm32.13.3.rel1.win32_1.0.100.202509120712/tools/bin/../lib/gcc/arm-none-eabi/13.3.1/../../../../arm-none-eabi/lib/thumb/v6-m/nofp\libc_nano.a(libc_a-freer.o)
                0x08007024                _free_r
 .text._malloc_usable_size_r
                0x080070b8       0x10 C:/ST/STM32CubeIDE_1.16.1/STM32CubeIDE/plugins/com.st.stm32cube.ide.mcu.externaltools.gnu-tools-for-stm32.13.3.rel1.win32_1.0.100.202509120712/tools/bin/../lib/gcc/arm-none-eabi/13.3.1/../../../../arm-none-eabi/lib/thumb/v6-m/nofp\libc_nano.a(libc_a-msizer.o)
                0x080070b8                _malloc_usable_size_r
 .text.__ssputs_r
                0x080070c8       0xc0 C:/ST/STM32CubeIDE_1.16.1/STM32CubeIDE/plugins/com.st.stm32cube.ide.mcu.externaltools.gnu-tools-for-stm32.13.3.rel1.win32_1.0.100.202509120712/tools/bin/../lib/gcc/arm-none-eabi/13.3.1/../../../../arm-none-eabi/lib/thumb/v6-m/nofp\libc_nano.a(libc_a-nano-svfprintf.o)
                0x080070c8                __ssputs_r
 .text._svfprintf_r
                0x08007188      0x1fc C:/ST/STM32CubeIDE_1.16.1/STM32CubeIDE/plugins/com.st.stm32cube.ide.mcu.externaltools.gnu-tools-for-stm32.13.3.rel1.win32_1.0.100.202509120712/tools/bin/../lib/gcc/arm-none-eabi/13.3.1/../../../../arm-none-eabi/lib/thumb/v6-m/nofp\libc_nano.a(libc_a-nano-svfprintf.o)
                0x08007188                _svfiprintf_r
                0x08007188                _svfprintf_r
 .text._sungetc_r
                0x08007384       0x78 C:/ST/STM32CubeIDE_1.16.1/STM32CubeIDE/plugins/com.st.stm32cube.ide.mcu.externaltools.gnu-tools-for-stm32.13.3.rel1.win32_1.0.100.202509120712/tools/bin/../lib/gcc/arm-none-eabi/13.3.1/../../../../arm-none-eabi/lib/thumb/v6-m/nofp\libc_nano.a(libc_a-nano-svfscanf.o)
                0x08007384                _sungetc_r
 .text.__ssrefill_r
                0x080073fc       0x3e C:/ST/STM32CubeIDE_1.16.1/STM32CubeIDE/plugins/com.st.stm32cube.ide.mcu.externaltools.gnu-tools-for-stm32.13.3.rel1.win32_1.0.100.202509120712/tools/bin/../lib/gcc/arm-none-eabi/13.3.1/../../../../arm-none-eabi/lib/thumb/v6-m/nofp\libc_nano.a(libc_a-nano-svfscanf.o)
                0x080073fc                __ssrefill_r
 *fill*         0x0800743a        0x2 
 .text.__ssvfscanf_r
                0x0800743c      0x2c8 C:/ST/STM32CubeIDE_1.16.1/STM32CubeIDE/plugins/com.st.stm32cube.ide.mcu.externaltools.gnu-tools-for-stm32.13.3.rel1.win32_1.0.100.202509120712/tools/bin/../lib/gcc/arm-none-eabi/13.3.1/../../../../arm-none-eabi/lib/thumb/v6-m/nofp\libc_nano.a(libc_a-nano-svfscanf.o)
                0x0800743c                __ssvfiscanf_r
                0x0800743c                __ssvfscanf_r
 .text._printf_common
                0x08007704       0xde C:/ST/STM32CubeIDE_1.16.1/STM32CubeIDE/plugins/com.st.stm32cube.ide.mcu.externaltools.gnu-tools-for-stm32.13.3.rel1.win32_1.0.100.202509120712/tools/bin/../lib/gcc/arm-none-eabi/13.3.1/../../../../arm-none-eabi/lib/thumb/v6-m/nofp\libc_nano.a(libc_a-nano-vfprintf_i.o)
                0x08007704                _printf_common
 *fill*         0x080077e2        0x2 
 .text._printf_i
                0x080077e4      0x218 C:/ST/STM32CubeIDE_1.16.1/STM32CubeIDE/plugins/com.st.stm32cube.ide.mcu.externaltools.gnu-tools-for-stm32.13.3.rel1.win32_1.0.100.202509120712/tools/bin/../lib/gcc/arm-none-eabi/13.3.1/../../../../arm-none-eabi/lib/thumb/v6-m/nofp\libc_nano.a(libc_a-nano-vfprintf_i.o)
                0x080077e4                _printf_i
 .text._scanf_chars
                0x080079fc       0xc0 C:/ST/STM32CubeIDE_1.16.1/STM32CubeIDE/plugins/com.st.stm32cube.ide.mcu.externaltools.gnu-tools-for-stm32.13.3.rel1.win32_1.0.100.202509120712/tools/bin/../lib/gcc/arm-none-eabi/13.3.1/../../../../arm-none-eabi/lib/thumb/v6-m/nofp\libc_nano.a(libc_a-nano-vfscanf_i.o)
                0x080079fc                _scanf_chars
 .text._scanf_i
                0x08007abc      0x200 C:/ST/STM32CubeIDE_1.16.1/STM32CubeIDE/plugins/com.st.stm32cube.ide.mcu.externaltools.gnu-tools-for-stm32.13.3.rel1.win32_1.0.100.202509120712/tools/bin/../lib/gcc/arm-none-eabi/13.3.1/../../../../arm-none-eabi/lib/thumb/v6-m/nofp\libc_nano.a(libc_a-nano-vfscanf_i.o)
                0x08007abc                _scanf_i
 .text.__sccl   0x08007cbc       0x72 C:/ST/STM32CubeIDE_1.16.1/STM32CubeIDE/plugins/com.st.stm32cube.ide.mcu.externaltools.gnu-tools-for-stm32.13.3.rel1.win32_1.0.100.202509120712/tools/bin/../lib/gcc/arm-none-eabi/13.3.1/../../../../arm-none-eabi/lib/thumb/v6-m/nofp\libc_nano.a(libc_a-sccl.o)
                0x08007cbc                __sccl
 *fill*         0x08007d2e        0x2 
 .text.__submore
                0x08007d30       0x7c C:/ST/STM32CubeIDE_1.16.1/STM32CubeIDE/plugins/com.st.stm32cube.ide.mcu.externaltools.gnu-tools-for-stm32.13.3.rel1.win32_1.0.100.202509120712/tools/bin/../lib/gcc/arm-none-eabi/13.3.1/../../../../arm-none-eabi/lib/thumb/v6-m/nofp\libc_nano.a(libc_a-ungetc.o)
                0x08007d30                __submore
 .text.memchr   0x08007dac       0x16 C:/ST/STM32CubeIDE_1.16.1/STM32CubeIDE/plugins/com.st.stm32cube.ide.mcu.externaltools.gnu-tools-for-stm32.13.3.rel1.win32_1.0.100.202509120712/tools/bin/../lib/gcc/arm-none-eabi/13.3.1/../../../../arm-none-eabi/lib/thumb/v6-m/nofp\libc_nano.a(libc_a-memchr-stub.o)
                0x08007dac                memchr
 *fill*         0x08007dc2        0x2 
 .text._strtol_l.isra.0
                0x08007dc4      0x114 C:/ST/STM32CubeIDE_1.16.1/STM32CubeIDE/plugins/com.st.stm32cube.ide.mcu.externaltools.gnu-tools-for-stm32.13.3.rel1.win32_1.0.100.202509120712/tools/bin/../lib/gcc/arm-none-eabi/13.3.1/../../../../arm-none-eabi/lib/thumb/v6-m/nofp\libc_nano.a(libc_a-strtol.o)
 .text._strtol_r
                0x08007ed8        0x8 C:/ST/STM32CubeIDE_1.16.1/STM32CubeIDE/plugins/com.st.stm32cube.ide.mcu.externaltools.gnu-tools-for-stm32.13.3.rel1.win32_1.0.100.202509120712/tools/bin/../lib/gcc/arm-none-eabi/13.3.1/../../../../arm-none-eabi/lib/thumb/v6-m/nofp\libc_nano.a(libc_a-strtol.o)
                0x08007ed8                _strtol_r
 .text._strtoul_l.isra.0
                0x08007ee0      0x104 C:/ST/STM32CubeIDE_1.16.1/STM32CubeIDE/plugins/com.st.stm32cube.ide.mcu.externaltools.gnu-tools-for-stm32.13.3.rel1.win32_1.0.100.202509120712/tools/bin/../lib/gcc/arm-none-eabi/13.3.1/../../../../arm-none-eabi/lib/thumb/v6-m/nofp\libc_nano.a(libc_a-strtoul.o)
 .text._strtoul_r
                0x08007fe4        0x8 C:/ST/STM32CubeIDE_1.16.1/STM32CubeIDE/plugins/com.st.stm32cube.ide.mcu.externaltools.gnu-tools-for-stm32.13.3.rel1.win32_1.0.100.202509120712/tools/bin/../lib/gcc/arm-none-eabi/13.3.1/../../../../arm-none-eabi/lib/thumb/v6-m/nofp\libc_nano.a(libc_a-strtoul.o)
                0x08007fe4                _strtoul_r
 *(.glue_7)
 .glue_7        0x08007fec        0x0 linker stubs
 *(.glue_7t)
 .glue_7t       0x08007fec        0x0 linker stubs
 *(.eh_frame)
 .eh_frame      0x08007fec        0x0 C:/ST/STM32CubeIDE_1.16.1/STM32CubeIDE/plugins/com.st.stm32cube.ide.mcu.externaltools.gnu-tools-for-stm32.13.3.rel1.win32_1.0.100.202509120712/tools/bin/../lib/gcc/arm-none-eabi/13.3.1/thumb/v6-m/nofp/crtbegin.o
 *(.init)
 .init          0x08007fec        0x4 C:/ST/STM32CubeIDE_1.16.1/STM32CubeIDE/plugins/com.st.stm32cube.ide.mcu.externaltools.gnu-tools-for-stm32.13.3.rel1.win32_1.0.100.202509120712/tools/bin/../lib/gcc/arm-none-eabi/13.3.1/thumb/v6-m/nofp/crti.o
                0x08007fec                _init
 .init          0x08007ff0        0x8 C:/ST/STM32CubeIDE_1.16.1/STM32CubeIDE/plugins/com.st.stm32cube.ide.mcu.externaltools.gnu-tools-for-stm32.13.3.rel1.win32_1.0.100.202509120712/tools/bin/../lib/gcc/arm-none-eabi/13.3.1/thumb/v6-m/nofp/crtn.o
 *(.fini)
 .fini          0x08007ff8        0x4 C:/ST/STM32CubeIDE_1.16.1/STM32CubeIDE/plugins/com.st.stm32cube.ide.mcu.externaltools.gnu-tools-for-stm32.13.3.rel1.win32_1.0.100.202509120712/tools/bin/../lib/gcc/arm-none-eabi/13.3.1/thumb/v6-m/nofp/crti.o
                0x08007ff8                _fini
 .fini          0x08007ffc        0x8 C:/ST/STM32CubeIDE_1.16.1/STM32CubeIDE/plugins/com.st.stm32cube.ide.mcu.externaltools.gnu-tools-for-stm32.13.3.rel1.win32_1.0.100.202509120712/tools/bin/../lib/gcc/arm-none-eabi/13.3.1/thumb/v6-m/nofp/crtn.o
                0x08008004                        . = ALIGN (0x4)
                0x08008004                        _etext = .

.vfp11_veneer   0x08008004        0x0
 .vfp11_veneer  0x08008004        0x0 linker stubs

.v4_bx          0x08008004        0x0
 .v4_bx         0x08008004        0x0 linker stubs

.iplt           0x08008004        0x0
 .iplt          0x08008004        0x0 C:/ST/STM32CubeIDE_1.16.1/STM32CubeIDE/plugins/com.st.stm32cube.ide.mcu.externaltools.gnu-tools-for-stm32.13.3.rel1.win32_1.0.100.202509120712/tools/bin/../lib/gcc/arm-none-eabi/13.3.1/thumb/v6-m/nofp/crtbegin.o

.rodata         0x08008008      0x72c
                0x08008008                        . = ALIGN (0x4)
 *(.rodata)
 .rodata        0x08008008       0x50 ./Core/Src/LoRa.o
 .rodata        0x08008058        0xc C:/ST/STM32CubeIDE_1.16.1/STM32CubeIDE/plugins/com.st.stm32cube.ide.mcu.externaltools.gnu-tools-for-stm32.13.3.rel1.win32_1.0.100.202509120712/tools/bin/../lib/gcc/arm-none-eabi/13.3.1/../../../../arm-none-eabi/lib/thumb/v6-m/nofp\libc_nano.a(libc_a-nano-vfscanf_i.o)
 .rodata        0x08008064       0x40 C:/ST/STM32CubeIDE_1.16.1/STM32CubeIDE/plugins/com.st.stm32cube.ide.mcu.externaltools.gnu-tools-for-stm32.13.3.rel1.win32_1.0.100.202509120712/tools/bin/../lib/gcc/arm-none-eabi/13.3.1/thumb/v6-m/nofp\libgcc.a(divdf3.o)
 *(.rodata*)
 .rodata.print_string_ptr.str1.1
                0x080080a4      0x56c ./Core/Src/cJSON.o
                                  0x9 (size before relaxing)
 .rodata.print_value.str1.1
                0x08008610        0x0 ./Core/Src/cJSON.o
                                 0x25 (size before relaxing)
 .rodata.defaultTransmissionData.str1.1
                0x08008610        0x0 ./Core/Src/main.o
                                  0x7 (size before relaxing)
 .rodata.I2C_Scan.str1.1
                0x08008610        0x0 ./Core/Src/main.o
                                 0x43 (size before relaxing)
 .rodata.BEHAVIOR_ADD_Item_To_DataIndices.str1.1
                0x08008610        0x0 ./Core/Src/main.o
                                 0x29 (size before relaxing)
 .rodata.processing_data_in_FRAM.str1.1
                0x08008610        0x0 ./Core/Src/main.o
                                 0x4e (size before relaxing)
 .rodata.CHAR_NOT_FOUND_EXCEPTION.str1.1
                0x08008610        0x0 ./Core/Src/main.o
                                 0x11 (size before relaxing)
 .rodata.float_to_two_char_string.str1.1
                0x08008610        0x0 ./Core/Src/main.o
                                  0x5 (size before relaxing)
 .rodata.transmission_data_to_json.str1.1
                0x08008610        0x0 ./Core/Src/main.o
                                 0x36 (size before relaxing)
 .rodata.transmission_vibrationpackage_to_json.str1.1
                0x08008610        0x0 ./Core/Src/main.o
                                 0x1d (size before relaxing)
 .rodata.sendAT.str1.1
                0x08008610        0x0 ./Core/Src/main.o
                                 0x28 (size before relaxing)
 .rodata.sendATWithTimeOut.str1.1
                0x08008610        0x0 ./Core/Src/main.o
                                  0x6 (size before relaxing)
 .rodata.GSM_Setup_PDP_Context.str1.1
                0x08008610        0x0 ./Core/Src/main.o
                                 0x46 (size before relaxing)
 .rodata.isGprsConnected.str1.1
                0x08008610        0x0 ./Core/Src/main.o
                                 0x26 (size before relaxing)
 .rodata.GSM_Disconnect_TCP.str1.1
                0x08008610        0x0 ./Core/Src/main.o
                                 0x1b (size before relaxing)
 .rodata.GSM_PDP_Context_Activate.str1.1
                0x08008610        0x0 ./Core/Src/main.o
                                 0x8c (size before relaxing)
 .rodata.setup.str1.1
                0x08008610        0x0 ./Core/Src/main.o
                                 0x69 (size before relaxing)
 .rodata.GSM_HTTP_Send.str1.1
                0x08008610        0x0 ./Core/Src/main.o
                                 0x16 (size before relaxing)
 .rodata.GSM_Send_HTTP_GET.str1.1
                0x08008610        0x0 ./Core/Src/main.o
                                 0xb4 (size before relaxing)
 .rodata.GSM_Send_HTTP_POST.str1.1
                0x08008610        0x0 ./Core/Src/main.o
                                 0xec (size before relaxing)
 .rodata.BEHAVIOR_Send_Next_Struct_In_FRAM.str1.1
                0x08008610        0x0 ./Core/Src/main.o
                                 0x6d (size before relaxing)
 .rodata.PLLMulTable
                0x08008610        0x9 ./Core/Src/system_stm32l0xx.o
                0x08008610                PLLMulTable
 .rodata.APBPrescTable
                0x08008619        0x8 ./Core/Src/system_stm32l0xx.o
                0x08008619                APBPrescTable
 .rodata.AHBPrescTable
                0x08008621       0x10 ./Core/Src/system_stm32l0xx.o
                0x08008621                AHBPrescTable
 .rodata._ctype_
                0x08008631      0x101 C:/ST/STM32CubeIDE_1.16.1/STM32CubeIDE/plugins/com.st.stm32cube.ide.mcu.externaltools.gnu-tools-for-stm32.13.3.rel1.win32_1.0.100.202509120712/tools/bin/../lib/gcc/arm-none-eabi/13.3.1/../../../../arm-none-eabi/lib/thumb/v6-m/nofp\libc_nano.a(libc_a-ctype_.o)
                0x08008631                _ctype_
 .rodata._svfprintf_r.str1.1
                0x08008732        0x0 C:/ST/STM32CubeIDE_1.16.1/STM32CubeIDE/plugins/com.st.stm32cube.ide.mcu.externaltools.gnu-tools-for-stm32.13.3.rel1.win32_1.0.100.202509120712/tools/bin/../lib/gcc/arm-none-eabi/13.3.1/../../../../arm-none-eabi/lib/thumb/v6-m/nofp\libc_nano.a(libc_a-nano-svfprintf.o)
                                 0x11 (size before relaxing)
 .rodata.__ssvfscanf_r.str1.1
                0x08008732        0x0 C:/ST/STM32CubeIDE_1.16.1/STM32CubeIDE/plugins/com.st.stm32cube.ide.mcu.externaltools.gnu-tools-for-stm32.13.3.rel1.win32_1.0.100.202509120712/tools/bin/../lib/gcc/arm-none-eabi/13.3.1/../../../../arm-none-eabi/lib/thumb/v6-m/nofp\libc_nano.a(libc_a-nano-svfscanf.o)
                                  0x4 (size before relaxing)
 .rodata._printf_i.str1.1
                0x08008732        0x0 C:/ST/STM32CubeIDE_1.16.1/STM32CubeIDE/plugins/com.st.stm32cube.ide.mcu.externaltools.gnu-tools-for-stm32.13.3.rel1.win32_1.0.100.202509120712/tools/bin/../lib/gcc/arm-none-eabi/13.3.1/../../../../arm-none-eabi/lib/thumb/v6-m/nofp\libc_nano.a(libc_a-nano-vfprintf_i.o)
                                 0x22 (size before relaxing)
 .rodata._scanf_i.str1.1
                0x08008732        0x0 C:/ST/STM32CubeIDE_1.16.1/STM32CubeIDE/plugins/com.st.stm32cube.ide.mcu.externaltools.gnu-tools-for-stm32.13.3.rel1.win32_1.0.100.202509120712/tools/bin/../lib/gcc/arm-none-eabi/13.3.1/../../../../arm-none-eabi/lib/thumb/v6-m/nofp\libc_nano.a(libc_a-nano-vfscanf_i.o)
                                 0x12 (size before relaxing)
 .rodata.str1.1
                0x08008732        0x0 C:/ST/STM32CubeIDE_1.16.1/STM32CubeIDE/plugins/com.st.stm32cube.ide.mcu.externaltools.gnu-tools-for-stm32.13.3.rel1.win32_1.0.100.202509120712/tools/bin/../lib/gcc/arm-none-eabi/13.3.1/../../../../arm-none-eabi/lib/thumb/v6-m/nofp\libc_nano.a(libc_a-nano-vfscanf_i.o)
                                  0x9 (size before relaxing)
                0x08008734                        . = ALIGN (0x4)
 *fill*         0x08008732        0x2 

.ARM.extab      0x08008734        0x0
                0x08008734                        . = ALIGN (0x4)
 *(.ARM.extab* .gnu.linkonce.armextab.*)
                0x08008734                        . = ALIGN (0x4)

.ARM            0x08008734        0x8
                0x08008734                        . = ALIGN (0x4)
                0x08008734                        __exidx_start = .
 *(.ARM.exidx*)
 .ARM.exidx     0x08008734        0x8 C:/ST/STM32CubeIDE_1.16.1/STM32CubeIDE/plugins/com.st.stm32cube.ide.mcu.externaltools.gnu-tools-for-stm32.13.3.rel1.win32_1.0.100.202509120712/tools/bin/../lib/gcc/arm-none-eabi/13.3.1/thumb/v6-m/nofp\libgcc.a(_udivmoddi4.o)
                0x0800873c                        __exidx_end = .
                0x0800873c                        . = ALIGN (0x4)

.preinit_array  0x0800873c        0x0
                0x0800873c                        . = ALIGN (0x4)
                0x0800873c                        PROVIDE (__preinit_array_start = .)
 *(.preinit_array*)
                0x0800873c                        PROVIDE (__preinit_array_end = .)
                0x0800873c                        . = ALIGN (0x4)

.init_array     0x0800873c        0x4
                0x0800873c                        . = ALIGN (0x4)
                0x0800873c                        PROVIDE (__init_array_start = .)
 *(SORT_BY_NAME(.init_array.*))
 *(.init_array*)
 .init_array    0x0800873c        0x4 C:/ST/STM32CubeIDE_1.16.1/STM32CubeIDE/plugins/com.st.stm32cube.ide.mcu.externaltools.gnu-tools-for-stm32.13.3.rel1.win32_1.0.100.202509120712/tools/bin/../lib/gcc/arm-none-eabi/13.3.1/thumb/v6-m/nofp/crtbegin.o
                0x08008740                        PROVIDE (__init_array_end = .)
                0x08008740                        . = ALIGN (0x4)

.fini_array     0x08008740        0x4
                0x08008740                        . = ALIGN (0x4)
                [!provide]                        PROVIDE (__fini_array_start = .)
 *(SORT_BY_NAME(.fini_array.*))
 *(.fini_array*)
 .fini_array    0x08008740        0x4 C:/ST/STM32CubeIDE_1.16.1/STM32CubeIDE/plugins/com.st.stm32cube.ide.mcu.externaltools.gnu-tools-for-stm32.13.3.rel1.win32_1.0.100.202509120712/tools/bin/../lib/gcc/arm-none-eabi/13.3.1/thumb/v6-m/nofp/crtbegin.o
                [!provide]                        PROVIDE (__fini_array_end = .)
                0x08008744                        . = ALIGN (0x4)
                0x08008744                        _sidata = LOADADDR (.data)

.rel.dyn        0x08008744        0x0
 .rel.iplt      0x08008744        0x0 C:/ST/STM32CubeIDE_1.16.1/STM32CubeIDE/plugins/com.st.stm32cube.ide.mcu.externaltools.gnu-tools-for-stm32.13.3.rel1.win32_1.0.100.202509120712/tools/bin/../lib/gcc/arm-none-eabi/13.3.1/thumb/v6-m/nofp/crtbegin.o

.data           0x20000000       0x80 load address 0x08008744
                0x20000000                        . = ALIGN (0x4)
                0x20000000                        _sdata = .
 *(.data)
 *(.data*)
 .data.global_hooks
                0x20000000        0xc ./Core/Src/cJSON.o
 .data.pwd      0x2000000c        0x4 ./Core/Src/main.o
                0x2000000c                pwd
 .data.user     0x20000010        0x4 ./Core/Src/main.o
                0x20000010                user
 .data.apn      0x20000014        0xd ./Core/Src/main.o
                0x20000014                apn
 *fill*         0x20000021        0x3 
 .data.SystemCoreClock
                0x20000024        0x4 ./Core/Src/system_stm32l0xx.o
                0x20000024                SystemCoreClock
 .data.uwTickFreq
                0x20000028        0x1 ./Drivers/STM32L0xx_HAL_Driver/Src/stm32l0xx_hal.o
                0x20000028                uwTickFreq
 *fill*         0x20000029        0x3 
 .data.uwTickPrio
                0x2000002c        0x4 ./Drivers/STM32L0xx_HAL_Driver/Src/stm32l0xx_hal.o
                0x2000002c                uwTickPrio
 .data._impure_ptr
                0x20000030        0x4 C:/ST/STM32CubeIDE_1.16.1/STM32CubeIDE/plugins/com.st.stm32cube.ide.mcu.externaltools.gnu-tools-for-stm32.13.3.rel1.win32_1.0.100.202509120712/tools/bin/../lib/gcc/arm-none-eabi/13.3.1/../../../../arm-none-eabi/lib/thumb/v6-m/nofp\libc_nano.a(libc_a-impure.o)
                0x20000030                _impure_ptr
 .data._impure_data
                0x20000034       0x4c C:/ST/STM32CubeIDE_1.16.1/STM32CubeIDE/plugins/com.st.stm32cube.ide.mcu.externaltools.gnu-tools-for-stm32.13.3.rel1.win32_1.0.100.202509120712/tools/bin/../lib/gcc/arm-none-eabi/13.3.1/../../../../arm-none-eabi/lib/thumb/v6-m/nofp\libc_nano.a(libc_a-impure.o)
                0x20000034                _impure_data
 *(.RamFunc)
 *(.RamFunc*)
                0x20000080                        . = ALIGN (0x4)
                0x20000080                        _edata = .

.igot.plt       0x20000080        0x0 load address 0x080087c4
 .igot.plt      0x20000080        0x0 C:/ST/STM32CubeIDE_1.16.1/STM32CubeIDE/plugins/com.st.stm32cube.ide.mcu.externaltools.gnu-tools-for-stm32.13.3.rel1.win32_1.0.100.202509120712/tools/bin/../lib/gcc/arm-none-eabi/13.3.1/thumb/v6-m/nofp/crtbegin.o
                0x20000080                        . = ALIGN (0x4)

.bss            0x20000080     0x1090 load address 0x080087c4
                0x20000080                        _sbss = .
                0x20000080                        __bss_start__ = _sbss
 *(.bss)
 .bss           0x20000080       0x1c C:/ST/STM32CubeIDE_1.16.1/STM32CubeIDE/plugins/com.st.stm32cube.ide.mcu.externaltools.gnu-tools-for-stm32.13.3.rel1.win32_1.0.100.202509120712/tools/bin/../lib/gcc/arm-none-eabi/13.3.1/thumb/v6-m/nofp/crtbegin.o
 *(.bss*)
 .bss.buffer.1  0x2000009c        0xa ./Core/Src/main.o
 *fill*         0x200000a6        0x2 
 .bss.sendTick  0x200000a8        0x4 ./Core/Src/main.o
                0x200000a8                sendTick
 .bss.jsonVPBuffer
                0x200000ac       0xb4 ./Core/Src/main.o
                0x200000ac                jsonVPBuffer
 .bss.jsonDataBuffer
                0x20000160       0xdc ./Core/Src/main.o
                0x20000160                jsonDataBuffer
 .bss.resetCounter
                0x2000023c        0x2 ./Core/Src/main.o
                0x2000023c                resetCounter
 .bss.nextScript
                0x2000023e        0x1 ./Core/Src/main.o
                0x2000023e                nextScript
 *fill*         0x2000023f        0x1 
 .bss.started   0x20000240        0x4 ./Core/Src/main.o
                0x20000240                started
 .bss.gsmStatus
                0x20000244        0x1 ./Core/Src/main.o
                0x20000244                gsmStatus
 *fill*         0x20000245        0x3 
 .bss.lastRxTick
                0x20000248        0x4 ./Core/Src/main.o
                0x20000248                lastRxTick
 .bss.GSM_Stream_Index
                0x2000024c        0x4 ./Core/Src/main.o
                0x2000024c                GSM_Stream_Index
 .bss.GSM_RX_Stream_Data
                0x20000250        0x1 ./Core/Src/main.o
                0x20000250                GSM_RX_Stream_Data
 .bss.GSM_RX_Buffer
                0x20000251      0x1f4 ./Core/Src/main.o
                0x20000251                GSM_RX_Buffer
 *fill*         0x20000445        0x3 
 .bss.last_send_attempt_timestamp
                0x20000448        0x4 ./Core/Src/main.o
                0x20000448                last_send_attempt_timestamp
 .bss.led_on_timestamp
                0x2000044c        0x4 ./Core/Src/main.o
                0x2000044c                led_on_timestamp
 .bss.led_is_on
                0x20000450        0x4 ./Core/Src/main.o
                0x20000450                led_is_on
 .bss.last_send_at_timestamp
                0x20000454        0x4 ./Core/Src/main.o
                0x20000454                last_send_at_timestamp
 .bss.mspStatus
                0x20000458        0x1 ./Core/Src/main.o
                0x20000458                mspStatus
 *fill*         0x20000459        0x3 
 .bss.lastMSPRxTick
                0x2000045c        0x4 ./Core/Src/main.o
                0x2000045c                lastMSPRxTick
 .bss.MSP_Stream_Index
                0x20000460        0x4 ./Core/Src/main.o
                0x20000460                MSP_Stream_Index
 .bss.MSP_RX_Stream_Data
                0x20000464        0x1 ./Core/Src/main.o
                0x20000464                MSP_RX_Stream_Data
 .bss.MSP_RX_Buffer
                0x20000465      0x1f4 ./Core/Src/main.o
                0x20000465                MSP_RX_Buffer
 *fill*         0x20000659        0x1 
 .bss.reorganizeStartAddress
                0x2000065a        0x2 ./Core/Src/main.o
                0x2000065a                reorganizeStartAddress
 .bss.dataIndicesSize
                0x2000065c        0x2 ./Core/Src/main.o
                0x2000065c                dataIndicesSize
 .bss.dataIndices
                0x2000065e      0x12c ./Core/Src/main.o
                0x2000065e                dataIndices
 *fill*         0x2000078a        0x2 
 .bss.metadata  0x2000078c        0x8 ./Core/Src/main.o
                0x2000078c                metadata
 .bss.rxBuffer  0x20000794       0x78 ./Core/Src/main.o
                0x20000794                rxBuffer
 .bss.lora_ring_tail
                0x2000080c        0x1 ./Core/Src/main.o
                0x2000080c                lora_ring_tail
 .bss.lora_ring_head
                0x2000080d        0x1 ./Core/Src/main.o
                0x2000080d                lora_ring_head
 .bss.lora_ring
                0x2000080e      0x3d0 ./Core/Src/main.o
                0x2000080e                lora_ring
 .bss.total_LoRa_Data_registred
                0x20000bde        0x1 ./Core/Src/main.o
                0x20000bde                total_LoRa_Data_registred
 .bss.LoRa_Data_transient_buffer
                0x20000bdf      0x1e8 ./Core/Src/main.o
                0x20000bdf                LoRa_Data_transient_buffer
 *fill*         0x20000dc7        0x1 
 .bss.myLoRa    0x20000dc8       0x2c ./Core/Src/main.o
                0x20000dc8                myLoRa
 .bss.huart2    0x20000df4       0x88 ./Core/Src/main.o
                0x20000df4                huart2
 .bss.huart1    0x20000e7c       0x88 ./Core/Src/main.o
                0x20000e7c                huart1
 .bss.hspi1     0x20000f04       0x58 ./Core/Src/main.o
                0x20000f04                hspi1
 .bss.hiwdg     0x20000f5c       0x10 ./Core/Src/main.o
                0x20000f5c                hiwdg
 .bss.hi2c1     0x20000f6c       0x54 ./Core/Src/main.o
                0x20000f6c                hi2c1
 .bss.__sbrk_heap_end
                0x20000fc0        0x4 ./Core/Src/sysmem.o
 .bss.uwTick    0x20000fc4        0x4 ./Drivers/STM32L0xx_HAL_Driver/Src/stm32l0xx_hal.o
                0x20000fc4                uwTick
 .bss.__malloc_sbrk_start
                0x20000fc8        0x4 C:/ST/STM32CubeIDE_1.16.1/STM32CubeIDE/plugins/com.st.stm32cube.ide.mcu.externaltools.gnu-tools-for-stm32.13.3.rel1.win32_1.0.100.202509120712/tools/bin/../lib/gcc/arm-none-eabi/13.3.1/../../../../arm-none-eabi/lib/thumb/v6-m/nofp\libc_nano.a(libc_a-mallocr.o)
                0x20000fc8                __malloc_sbrk_start
 .bss.__malloc_free_list
                0x20000fcc        0x4 C:/ST/STM32CubeIDE_1.16.1/STM32CubeIDE/plugins/com.st.stm32cube.ide.mcu.externaltools.gnu-tools-for-stm32.13.3.rel1.win32_1.0.100.202509120712/tools/bin/../lib/gcc/arm-none-eabi/13.3.1/../../../../arm-none-eabi/lib/thumb/v6-m/nofp\libc_nano.a(libc_a-mallocr.o)
                0x20000fcc                __malloc_free_list
 .bss.__sf      0x20000fd0      0x138 C:/ST/STM32CubeIDE_1.16.1/STM32CubeIDE/plugins/com.st.stm32cube.ide.mcu.externaltools.gnu-tools-for-stm32.13.3.rel1.win32_1.0.100.202509120712/tools/bin/../lib/gcc/arm-none-eabi/13.3.1/../../../../arm-none-eabi/lib/thumb/v6-m/nofp\libc_nano.a(libc_a-findfp.o)
                0x20000fd0                __sf
 .bss.errno     0x20001108        0x4 C:/ST/STM32CubeIDE_1.16.1/STM32CubeIDE/plugins/com.st.stm32cube.ide.mcu.externaltools.gnu-tools-for-stm32.13.3.rel1.win32_1.0.100.202509120712/tools/bin/../lib/gcc/arm-none-eabi/13.3.1/../../../../arm-none-eabi/lib/thumb/v6-m/nofp\libc_nano.a(libc_a-reent.o)
                0x20001108                errno
 .bss.__lock___malloc_recursive_mutex
                0x2000110c        0x1 C:/ST/STM32CubeIDE_1.16.1/STM32CubeIDE/plugins/com.st.stm32cube.ide.mcu.externaltools.gnu-tools-for-stm32.13.3.rel1.win32_1.0.100.202509120712/tools/bin/../lib/gcc/arm-none-eabi/13.3.1/../../../../arm-none-eabi/lib/thumb/v6-m/nofp\libc_nano.a(libc_a-lock.o)
                0x2000110c                __lock___malloc_recursive_mutex
 *(COMMON)
                0x20001110                        . = ALIGN (0x4)
 *fill*         0x2000110d        0x3 
                0x20001110                        _ebss = .
                0x20001110                        __bss_end__ = _ebss

._user_heap_stack
                0x20001110      0x600 load address 0x080087c4
                0x20001110                        . = ALIGN (0x8)
                [!provide]                        PROVIDE (end = .)
                0x20001110                        PROVIDE (_end = .)
                0x20001310                        . = (. + _Min_Heap_Size)
 *fill*         0x20001110      0x200 
                0x20001710                        . = (. + _Min_Stack_Size)
 *fill*         0x20001310      0x400 
                0x20001710                        . = ALIGN (0x8)

/DISCARD/
 libc.a(*)
 libm.a(*)
 libgcc.a(*)

.ARM.attributes
                0x00000000       0x28
 *(.ARM.attributes)
 .ARM.attributes
                0x00000000       0x1e C:/ST/STM32CubeIDE_1.16.1/STM32CubeIDE/plugins/com.st.stm32cube.ide.mcu.externaltools.gnu-tools-for-stm32.13.3.rel1.win32_1.0.100.202509120712/tools/bin/../lib/gcc/arm-none-eabi/13.3.1/thumb/v6-m/nofp/crti.o
 .ARM.attributes
                0x0000001e       0x2c C:/ST/STM32CubeIDE_1.16.1/STM32CubeIDE/plugins/com.st.stm32cube.ide.mcu.externaltools.gnu-tools-for-stm32.13.3.rel1.win32_1.0.100.202509120712/tools/bin/../lib/gcc/arm-none-eabi/13.3.1/thumb/v6-m/nofp/crtbegin.o
 .ARM.attributes
                0x0000004a       0x2c ./Core/Src/FRAM.o
 .ARM.attributes
                0x00000076       0x2c ./Core/Src/LoRa.o
 .ARM.attributes
                0x000000a2       0x2c ./Core/Src/cJSON.o
 .ARM.attributes
                0x000000ce       0x2c ./Core/Src/main.o
 .ARM.attributes
                0x000000fa       0x2c ./Core/Src/stm32l0xx_hal_msp.o
 .ARM.attributes
                0x00000126       0x2c ./Core/Src/stm32l0xx_it.o
 .ARM.attributes
                0x00000152       0x2c ./Core/Src/sysmem.o
 .ARM.attributes
                0x0000017e       0x2c ./Core/Src/system_stm32l0xx.o
 .ARM.attributes
                0x000001aa       0x22 ./Core/Startup/startup_stm32l053c8tx.o
 .ARM.attributes
                0x000001cc       0x2c ./Drivers/STM32L0xx_HAL_Driver/Src/stm32l0xx_hal.o
 .ARM.attributes
                0x000001f8       0x2c ./Drivers/STM32L0xx_HAL_Driver/Src/stm32l0xx_hal_cortex.o
 .ARM.attributes
                0x00000224       0x2c ./Drivers/STM32L0xx_HAL_Driver/Src/stm32l0xx_hal_dma.o
 .ARM.attributes
                0x00000250       0x2c ./Drivers/STM32L0xx_HAL_Driver/Src/stm32l0xx_hal_gpio.o
 .ARM.attributes
                0x0000027c       0x2c ./Drivers/STM32L0xx_HAL_Driver/Src/stm32l0xx_hal_i2c.o
 .ARM.attributes
                0x000002a8       0x2c ./Drivers/STM32L0xx_HAL_Driver/Src/stm32l0xx_hal_i2c_ex.o
 .ARM.attributes
                0x000002d4       0x2c ./Drivers/STM32L0xx_HAL_Driver/Src/stm32l0xx_hal_iwdg.o
 .ARM.attributes
                0x00000300       0x2c ./Drivers/STM32L0xx_HAL_Driver/Src/stm32l0xx_hal_rcc.o
 .ARM.attributes
                0x0000032c       0x2c ./Drivers/STM32L0xx_HAL_Driver/Src/stm32l0xx_hal_rcc_ex.o
 .ARM.attributes
                0x00000358       0x2c ./Drivers/STM32L0xx_HAL_Driver/Src/stm32l0xx_hal_spi.o
 .ARM.attributes
                0x00000384       0x2c ./Drivers/STM32L0xx_HAL_Driver/Src/stm32l0xx_hal_uart.o
 .ARM.attributes
                0x000003b0       0x2c ./Drivers/STM32L0xx_HAL_Driver/Src/stm32l0xx_hal_uart_ex.o
 .ARM.attributes
                0x000003dc       0x2c C:/ST/STM32CubeIDE_1.16.1/STM32CubeIDE/plugins/com.st.stm32cube.ide.mcu.externaltools.gnu-tools-for-stm32.13.3.rel1.win32_1.0.100.202509120712/tools/bin/../lib/gcc/arm-none-eabi/13.3.1/../../../../arm-none-eabi/lib/thumb/v6-m/nofp\libc_nano.a(libc_a-malloc.o)
 .ARM.attributes
                0x00000408       0x2c C:/ST/STM32CubeIDE_1.16.1/STM32CubeIDE/plugins/com.st.stm32cube.ide.mcu.externaltools.gnu-tools-for-stm32.13.3.rel1.win32_1.0.100.202509120712/tools/bin/../lib/gcc/arm-none-eabi/13.3.1/../../../../arm-none-eabi/lib/thumb/v6-m/nofp\libc_nano.a(libc_a-mallocr.o)
 .ARM.attributes
                0x00000434       0x2c C:/ST/STM32CubeIDE_1.16.1/STM32CubeIDE/plugins/com.st.stm32cube.ide.mcu.externaltools.gnu-tools-for-stm32.13.3.rel1.win32_1.0.100.202509120712/tools/bin/../lib/gcc/arm-none-eabi/13.3.1/../../../../arm-none-eabi/lib/thumb/v6-m/nofp\libc_nano.a(libc_a-mlock.o)
 .ARM.attributes
                0x00000460       0x2c C:/ST/STM32CubeIDE_1.16.1/STM32CubeIDE/plugins/com.st.stm32cube.ide.mcu.externaltools.gnu-tools-for-stm32.13.3.rel1.win32_1.0.100.202509120712/tools/bin/../lib/gcc/arm-none-eabi/13.3.1/../../../../arm-none-eabi/lib/thumb/v6-m/nofp\libc_nano.a(libc_a-realloc.o)
 .ARM.attributes
                0x0000048c       0x2c C:/ST/STM32CubeIDE_1.16.1/STM32CubeIDE/plugins/com.st.stm32cube.ide.mcu.externaltools.gnu-tools-for-stm32.13.3.rel1.win32_1.0.100.202509120712/tools/bin/../lib/gcc/arm-none-eabi/13.3.1/../../../../arm-none-eabi/lib/thumb/v6-m/nofp\libc_nano.a(libc_a-reallocr.o)
 .ARM.attributes
                0x000004b8       0x2c C:/ST/STM32CubeIDE_1.16.1/STM32CubeIDE/plugins/com.st.stm32cube.ide.mcu.externaltools.gnu-tools-for-stm32.13.3.rel1.win32_1.0.100.202509120712/tools/bin/../lib/gcc/arm-none-eabi/13.3.1/../../../../arm-none-eabi/lib/thumb/v6-m/nofp\libc_nano.a(libc_a-ctype_.o)
 .ARM.attributes
                0x000004e4       0x2c C:/ST/STM32CubeIDE_1.16.1/STM32CubeIDE/plugins/com.st.stm32cube.ide.mcu.externaltools.gnu-tools-for-stm32.13.3.rel1.win32_1.0.100.202509120712/tools/bin/../lib/gcc/arm-none-eabi/13.3.1/../../../../arm-none-eabi/lib/thumb/v6-m/nofp\libc_nano.a(libc_a-findfp.o)
 .ARM.attributes
                0x00000510       0x2c C:/ST/STM32CubeIDE_1.16.1/STM32CubeIDE/plugins/com.st.stm32cube.ide.mcu.externaltools.gnu-tools-for-stm32.13.3.rel1.win32_1.0.100.202509120712/tools/bin/../lib/gcc/arm-none-eabi/13.3.1/../../../../arm-none-eabi/lib/thumb/v6-m/nofp\libc_nano.a(libc_a-snprintf.o)
 .ARM.attributes
                0x0000053c       0x2c C:/ST/STM32CubeIDE_1.16.1/STM32CubeIDE/plugins/com.st.stm32cube.ide.mcu.externaltools.gnu-tools-for-stm32.13.3.rel1.win32_1.0.100.202509120712/tools/bin/../lib/gcc/arm-none-eabi/13.3.1/../../../../arm-none-eabi/lib/thumb/v6-m/nofp\libc_nano.a(libc_a-sprintf.o)
 .ARM.attributes
                0x00000568       0x2c C:/ST/STM32CubeIDE_1.16.1/STM32CubeIDE/plugins/com.st.stm32cube.ide.mcu.externaltools.gnu-tools-for-stm32.13.3.rel1.win32_1.0.100.202509120712/tools/bin/../lib/gcc/arm-none-eabi/13.3.1/../../../../arm-none-eabi/lib/thumb/v6-m/nofp\libc_nano.a(libc_a-sscanf.o)
 .ARM.attributes
                0x00000594       0x2c C:/ST/STM32CubeIDE_1.16.1/STM32CubeIDE/plugins/com.st.stm32cube.ide.mcu.externaltools.gnu-tools-for-stm32.13.3.rel1.win32_1.0.100.202509120712/tools/bin/../lib/gcc/arm-none-eabi/13.3.1/../../../../arm-none-eabi/lib/thumb/v6-m/nofp\libc_nano.a(libc_a-stdio.o)
 .ARM.attributes
                0x000005c0       0x2c C:/ST/STM32CubeIDE_1.16.1/STM32CubeIDE/plugins/com.st.stm32cube.ide.mcu.externaltools.gnu-tools-for-stm32.13.3.rel1.win32_1.0.100.202509120712/tools/bin/../lib/gcc/arm-none-eabi/13.3.1/../../../../arm-none-eabi/lib/thumb/v6-m/nofp\libc_nano.a(libc_a-memmove.o)
 .ARM.attributes
                0x000005ec       0x2c C:/ST/STM32CubeIDE_1.16.1/STM32CubeIDE/plugins/com.st.stm32cube.ide.mcu.externaltools.gnu-tools-for-stm32.13.3.rel1.win32_1.0.100.202509120712/tools/bin/../lib/gcc/arm-none-eabi/13.3.1/../../../../arm-none-eabi/lib/thumb/v6-m/nofp\libc_nano.a(libc_a-memset.o)
 .ARM.attributes
                0x00000618       0x2c C:/ST/STM32CubeIDE_1.16.1/STM32CubeIDE/plugins/com.st.stm32cube.ide.mcu.externaltools.gnu-tools-for-stm32.13.3.rel1.win32_1.0.100.202509120712/tools/bin/../lib/gcc/arm-none-eabi/13.3.1/../../../../arm-none-eabi/lib/thumb/v6-m/nofp\libc_nano.a(libc_a-strstr.o)
 .ARM.attributes
                0x00000644       0x2c C:/ST/STM32CubeIDE_1.16.1/STM32CubeIDE/plugins/com.st.stm32cube.ide.mcu.externaltools.gnu-tools-for-stm32.13.3.rel1.win32_1.0.100.202509120712/tools/bin/../lib/gcc/arm-none-eabi/13.3.1/../../../../arm-none-eabi/lib/thumb/v6-m/nofp\libc_nano.a(libc_a-reent.o)
 .ARM.attributes
                0x00000670       0x2c C:/ST/STM32CubeIDE_1.16.1/STM32CubeIDE/plugins/com.st.stm32cube.ide.mcu.externaltools.gnu-tools-for-stm32.13.3.rel1.win32_1.0.100.202509120712/tools/bin/../lib/gcc/arm-none-eabi/13.3.1/../../../../arm-none-eabi/lib/thumb/v6-m/nofp\libc_nano.a(libc_a-impure.o)
 .ARM.attributes
                0x0000069c       0x2c C:/ST/STM32CubeIDE_1.16.1/STM32CubeIDE/plugins/com.st.stm32cube.ide.mcu.externaltools.gnu-tools-for-stm32.13.3.rel1.win32_1.0.100.202509120712/tools/bin/../lib/gcc/arm-none-eabi/13.3.1/../../../../arm-none-eabi/lib/thumb/v6-m/nofp\libc_nano.a(libc_a-sbrkr.o)
 .ARM.attributes
                0x000006c8       0x2c C:/ST/STM32CubeIDE_1.16.1/STM32CubeIDE/plugins/com.st.stm32cube.ide.mcu.externaltools.gnu-tools-for-stm32.13.3.rel1.win32_1.0.100.202509120712/tools/bin/../lib/gcc/arm-none-eabi/13.3.1/../../../../arm-none-eabi/lib/thumb/v6-m/nofp\libc_nano.a(libc_a-errno.o)
 .ARM.attributes
                0x000006f4       0x2c C:/ST/STM32CubeIDE_1.16.1/STM32CubeIDE/plugins/com.st.stm32cube.ide.mcu.externaltools.gnu-tools-for-stm32.13.3.rel1.win32_1.0.100.202509120712/tools/bin/../lib/gcc/arm-none-eabi/13.3.1/../../../../arm-none-eabi/lib/thumb/v6-m/nofp\libc_nano.a(libc_a-init.o)
 .ARM.attributes
                0x00000720       0x2c C:/ST/STM32CubeIDE_1.16.1/STM32CubeIDE/plugins/com.st.stm32cube.ide.mcu.externaltools.gnu-tools-for-stm32.13.3.rel1.win32_1.0.100.202509120712/tools/bin/../lib/gcc/arm-none-eabi/13.3.1/../../../../arm-none-eabi/lib/thumb/v6-m/nofp\libc_nano.a(libc_a-lock.o)
 .ARM.attributes
                0x0000074c       0x2c C:/ST/STM32CubeIDE_1.16.1/STM32CubeIDE/plugins/com.st.stm32cube.ide.mcu.externaltools.gnu-tools-for-stm32.13.3.rel1.win32_1.0.100.202509120712/tools/bin/../lib/gcc/arm-none-eabi/13.3.1/../../../../arm-none-eabi/lib/thumb/v6-m/nofp\libc_nano.a(libc_a-strcpy.o)
 .ARM.attributes
                0x00000778       0x2c C:/ST/STM32CubeIDE_1.16.1/STM32CubeIDE/plugins/com.st.stm32cube.ide.mcu.externaltools.gnu-tools-for-stm32.13.3.rel1.win32_1.0.100.202509120712/tools/bin/../lib/gcc/arm-none-eabi/13.3.1/../../../../arm-none-eabi/lib/thumb/v6-m/nofp\libc_nano.a(libc_a-memcpy-stub.o)
 .ARM.attributes
                0x000007a4       0x1c C:/ST/STM32CubeIDE_1.16.1/STM32CubeIDE/plugins/com.st.stm32cube.ide.mcu.externaltools.gnu-tools-for-stm32.13.3.rel1.win32_1.0.100.202509120712/tools/bin/../lib/gcc/arm-none-eabi/13.3.1/../../../../arm-none-eabi/lib/thumb/v6-m/nofp\libc_nano.a(libc_a-strlen.o)
 .ARM.attributes
                0x000007c0       0x2c C:/ST/STM32CubeIDE_1.16.1/STM32CubeIDE/plugins/com.st.stm32cube.ide.mcu.externaltools.gnu-tools-for-stm32.13.3.rel1.win32_1.0.100.202509120712/tools/bin/../lib/gcc/arm-none-eabi/13.3.1/../../../../arm-none-eabi/lib/thumb/v6-m/nofp\libc_nano.a(libc_a-freer.o)
 .ARM.attributes
                0x000007ec       0x2c C:/ST/STM32CubeIDE_1.16.1/STM32CubeIDE/plugins/com.st.stm32cube.ide.mcu.externaltools.gnu-tools-for-stm32.13.3.rel1.win32_1.0.100.202509120712/tools/bin/../lib/gcc/arm-none-eabi/13.3.1/../../../../arm-none-eabi/lib/thumb/v6-m/nofp\libc_nano.a(libc_a-msizer.o)
 .ARM.attributes
                0x00000818       0x2c C:/ST/STM32CubeIDE_1.16.1/STM32CubeIDE/plugins/com.st.stm32cube.ide.mcu.externaltools.gnu-tools-for-stm32.13.3.rel1.win32_1.0.100.202509120712/tools/bin/../lib/gcc/arm-none-eabi/13.3.1/../../../../arm-none-eabi/lib/thumb/v6-m/nofp\libc_nano.a(libc_a-nano-svfprintf.o)
 .ARM.attributes
                0x00000844       0x2c C:/ST/STM32CubeIDE_1.16.1/STM32CubeIDE/plugins/com.st.stm32cube.ide.mcu.externaltools.gnu-tools-for-stm32.13.3.rel1.win32_1.0.100.202509120712/tools/bin/../lib/gcc/arm-none-eabi/13.3.1/../../../../arm-none-eabi/lib/thumb/v6-m/nofp\libc_nano.a(libc_a-nano-svfscanf.o)
 .ARM.attributes
                0x00000870       0x2c C:/ST/STM32CubeIDE_1.16.1/STM32CubeIDE/plugins/com.st.stm32cube.ide.mcu.externaltools.gnu-tools-for-stm32.13.3.rel1.win32_1.0.100.202509120712/tools/bin/../lib/gcc/arm-none-eabi/13.3.1/../../../../arm-none-eabi/lib/thumb/v6-m/nofp\libc_nano.a(libc_a-nano-vfprintf_i.o)
 .ARM.attributes
                0x0000089c       0x2c C:/ST/STM32CubeIDE_1.16.1/STM32CubeIDE/plugins/com.st.stm32cube.ide.mcu.externaltools.gnu-tools-for-stm32.13.3.rel1.win32_1.0.100.202509120712/tools/bin/../lib/gcc/arm-none-eabi/13.3.1/../../../../arm-none-eabi/lib/thumb/v6-m/nofp\libc_nano.a(libc_a-nano-vfscanf_i.o)
 .ARM.attributes
                0x000008c8       0x2c C:/ST/STM32CubeIDE_1.16.1/STM32CubeIDE/plugins/com.st.stm32cube.ide.mcu.externaltools.gnu-tools-for-stm32.13.3.rel1.win32_1.0.100.202509120712/tools/bin/../lib/gcc/arm-none-eabi/13.3.1/../../../../arm-none-eabi/lib/thumb/v6-m/nofp\libc_nano.a(libc_a-sccl.o)
 .ARM.attributes
                0x000008f4       0x2c C:/ST/STM32CubeIDE_1.16.1/STM32CubeIDE/plugins/com.st.stm32cube.ide.mcu.externaltools.gnu-tools-for-stm32.13.3.rel1.win32_1.0.100.202509120712/tools/bin/../lib/gcc/arm-none-eabi/13.3.1/../../../../arm-none-eabi/lib/thumb/v6-m/nofp\libc_nano.a(libc_a-ungetc.o)
 .ARM.attributes
                0x00000920       0x2c C:/ST/STM32CubeIDE_1.16.1/STM32CubeIDE/plugins/com.st.stm32cube.ide.mcu.externaltools.gnu-tools-for-stm32.13.3.rel1.win32_1.0.100.202509120712/tools/bin/../lib/gcc/arm-none-eabi/13.3.1/../../../../arm-none-eabi/lib/thumb/v6-m/nofp\libc_nano.a(libc_a-memchr-stub.o)
 .ARM.attributes
                0x0000094c       0x2c C:/ST/STM32CubeIDE_1.16.1/STM32CubeIDE/plugins/com.st.stm32cube.ide.mcu.externaltools.gnu-tools-for-stm32.13.3.rel1.win32_1.0.100.202509120712/tools/bin/../lib/gcc/arm-none-eabi/13.3.1/../../../../arm-none-eabi/lib/thumb/v6-m/nofp\libc_nano.a(libc_a-strtol.o)
 .ARM.attributes
                0x00000978       0x2c C:/ST/STM32CubeIDE_1.16.1/STM32CubeIDE/plugins/com.st.stm32cube.ide.mcu.externaltools.gnu-tools-for-stm32.13.3.rel1.win32_1.0.100.202509120712/tools/bin/../lib/gcc/arm-none-eabi/13.3.1/../../../../arm-none-eabi/lib/thumb/v6-m/nofp\libc_nano.a(libc_a-strtoul.o)
 .ARM.attributes
                0x000009a4       0x1e C:/ST/STM32CubeIDE_1.16.1/STM32CubeIDE/plugins/com.st.stm32cube.ide.mcu.externaltools.gnu-tools-for-stm32.13.3.rel1.win32_1.0.100.202509120712/tools/bin/../lib/gcc/arm-none-eabi/13.3.1/thumb/v6-m/nofp\libgcc.a(_thumb1_case_sqi.o)
 .ARM.attributes
                0x000009c2       0x1e C:/ST/STM32CubeIDE_1.16.1/STM32CubeIDE/plugins/com.st.stm32cube.ide.mcu.externaltools.gnu-tools-for-stm32.13.3.rel1.win32_1.0.100.202509120712/tools/bin/../lib/gcc/arm-none-eabi/13.3.1/thumb/v6-m/nofp\libgcc.a(_thumb1_case_uqi.o)
 .ARM.attributes
                0x000009e0       0x1e C:/ST/STM32CubeIDE_1.16.1/STM32CubeIDE/plugins/com.st.stm32cube.ide.mcu.externaltools.gnu-tools-for-stm32.13.3.rel1.win32_1.0.100.202509120712/tools/bin/../lib/gcc/arm-none-eabi/13.3.1/thumb/v6-m/nofp\libgcc.a(_thumb1_case_shi.o)
 .ARM.attributes
                0x000009fe       0x1e C:/ST/STM32CubeIDE_1.16.1/STM32CubeIDE/plugins/com.st.stm32cube.ide.mcu.externaltools.gnu-tools-for-stm32.13.3.rel1.win32_1.0.100.202509120712/tools/bin/../lib/gcc/arm-none-eabi/13.3.1/thumb/v6-m/nofp\libgcc.a(_udivsi3.o)
 .ARM.attributes
                0x00000a1c       0x1e C:/ST/STM32CubeIDE_1.16.1/STM32CubeIDE/plugins/com.st.stm32cube.ide.mcu.externaltools.gnu-tools-for-stm32.13.3.rel1.win32_1.0.100.202509120712/tools/bin/../lib/gcc/arm-none-eabi/13.3.1/thumb/v6-m/nofp\libgcc.a(_divsi3.o)
 .ARM.attributes
                0x00000a3a       0x1e C:/ST/STM32CubeIDE_1.16.1/STM32CubeIDE/plugins/com.st.stm32cube.ide.mcu.externaltools.gnu-tools-for-stm32.13.3.rel1.win32_1.0.100.202509120712/tools/bin/../lib/gcc/arm-none-eabi/13.3.1/thumb/v6-m/nofp\libgcc.a(_dvmd_tls.o)
 .ARM.attributes
                0x00000a58       0x1e C:/ST/STM32CubeIDE_1.16.1/STM32CubeIDE/plugins/com.st.stm32cube.ide.mcu.externaltools.gnu-tools-for-stm32.13.3.rel1.win32_1.0.100.202509120712/tools/bin/../lib/gcc/arm-none-eabi/13.3.1/thumb/v6-m/nofp\libgcc.a(_arm_cmpdf2.o)
 .ARM.attributes
                0x00000a76       0x1e C:/ST/STM32CubeIDE_1.16.1/STM32CubeIDE/plugins/com.st.stm32cube.ide.mcu.externaltools.gnu-tools-for-stm32.13.3.rel1.win32_1.0.100.202509120712/tools/bin/../lib/gcc/arm-none-eabi/13.3.1/thumb/v6-m/nofp\libgcc.a(_aeabi_uldivmod.o)
 .ARM.attributes
                0x00000a94       0x2c C:/ST/STM32CubeIDE_1.16.1/STM32CubeIDE/plugins/com.st.stm32cube.ide.mcu.externaltools.gnu-tools-for-stm32.13.3.rel1.win32_1.0.100.202509120712/tools/bin/../lib/gcc/arm-none-eabi/13.3.1/thumb/v6-m/nofp\libgcc.a(_udivmoddi4.o)
 .ARM.attributes
                0x00000ac0       0x2c C:/ST/STM32CubeIDE_1.16.1/STM32CubeIDE/plugins/com.st.stm32cube.ide.mcu.externaltools.gnu-tools-for-stm32.13.3.rel1.win32_1.0.100.202509120712/tools/bin/../lib/gcc/arm-none-eabi/13.3.1/thumb/v6-m/nofp\libgcc.a(divdf3.o)
 .ARM.attributes
                0x00000aec       0x2c C:/ST/STM32CubeIDE_1.16.1/STM32CubeIDE/plugins/com.st.stm32cube.ide.mcu.externaltools.gnu-tools-for-stm32.13.3.rel1.win32_1.0.100.202509120712/tools/bin/../lib/gcc/arm-none-eabi/13.3.1/thumb/v6-m/nofp\libgcc.a(eqdf2.o)
 .ARM.attributes
                0x00000b18       0x2c C:/ST/STM32CubeIDE_1.16.1/STM32CubeIDE/plugins/com.st.stm32cube.ide.mcu.externaltools.gnu-tools-for-stm32.13.3.rel1.win32_1.0.100.202509120712/tools/bin/../lib/gcc/arm-none-eabi/13.3.1/thumb/v6-m/nofp\libgcc.a(gedf2.o)
 .ARM.attributes
                0x00000b44       0x2c C:/ST/STM32CubeIDE_1.16.1/STM32CubeIDE/plugins/com.st.stm32cube.ide.mcu.externaltools.gnu-tools-for-stm32.13.3.rel1.win32_1.0.100.202509120712/tools/bin/../lib/gcc/arm-none-eabi/13.3.1/thumb/v6-m/nofp\libgcc.a(ledf2.o)
 .ARM.attributes
                0x00000b70       0x2c C:/ST/STM32CubeIDE_1.16.1/STM32CubeIDE/plugins/com.st.stm32cube.ide.mcu.externaltools.gnu-tools-for-stm32.13.3.rel1.win32_1.0.100.202509120712/tools/bin/../lib/gcc/arm-none-eabi/13.3.1/thumb/v6-m/nofp\libgcc.a(muldf3.o)
 .ARM.attributes
                0x00000b9c       0x2c C:/ST/STM32CubeIDE_1.16.1/STM32CubeIDE/plugins/com.st.stm32cube.ide.mcu.externaltools.gnu-tools-for-stm32.13.3.rel1.win32_1.0.100.202509120712/tools/bin/../lib/gcc/arm-none-eabi/13.3.1/thumb/v6-m/nofp\libgcc.a(subdf3.o)
 .ARM.attributes