Archive member included to satisfy reference by file (symbol)

C:/ST/STM32CubeIDE_1.16.1/STM32CubeIDE/plugins/com.st.stm32cube.ide.mcu.externaltools.gnu-tools-for-stm32.13.3.rel1.win32_1.0.100.202509120712/tools/bin/../lib/gcc/arm-none-eabi/13.3.1/../../../../arm-none-eabi/lib/thumb/v7-m/nofp\libc_nano.a(libc_a-exit.o)
                              C:/ST/STM32CubeIDE_1.16.1/STM32CubeIDE/plugins/com.st.stm32cube.ide.mcu.externaltools.gnu-tools-for-stm32.13.3.rel1.win32_1.0.100.202509120712/tools/bin/../lib/gcc/arm-none-eabi/13.3.1/../../../../arm-none-eabi/lib/thumb/v7-m/nofp/crt0.o (exit)
C:/ST/STM32CubeIDE_1.16.1/STM32CubeIDE/plugins/com.st.stm32cube.ide.mcu.externaltools.gnu-tools-for-stm32.13.3.rel1.win32_1.0.100.202509120712/tools/bin/../lib/gcc/arm-none-eabi/13.3.1/../../../../arm-none-eabi/lib/thumb/v7-m/nofp\libc_nano.a(libc_a-findfp.o)
                              C:/ST/STM32CubeIDE_1.16.1/STM32CubeIDE/plugins/com.st.stm32cube.ide.mcu.externaltools.gnu-tools-for-stm32.13.3.rel1.win32_1.0.100.202509120712/tools/bin/../lib/gcc/arm-none-eabi/13.3.1/../../../../arm-none-eabi/lib/thumb/v7-m/nofp\libc_nano.a(libc_a-exit.o) (__stdio_exit_handler)
C:/ST/STM32CubeIDE_1.16.1/STM32CubeIDE/plugins/com.st.stm32cube.ide.mcu.externaltools.gnu-tools-for-stm32.13.3.rel1.win32_1.0.100.202509120712/tools/bin/../lib/gcc/arm-none-eabi/13.3.1/../../../../arm-none-eabi/lib/thumb/v7-m/nofp\libc_nano.a(libc_a-fwalk.o)
                              C:/ST/STM32CubeIDE_1.16.1/STM32CubeIDE/plugins/com.st.stm32cube.ide.mcu.externaltools.gnu-tools-for-stm32.13.3.rel1.win32_1.0.100.202509120712/tools/bin/../lib/gcc/arm-none-eabi/13.3.1/../../../../arm-none-eabi/lib/thumb/v7-m/nofp\libc_nano.a(libc_a-findfp.o) (_fwalk_sglue)
C:/ST/STM32CubeIDE_1.16.1/STM32CubeIDE/plugins/com.st.stm32cube.ide.mcu.externaltools.gnu-tools-for-stm32.13.3.rel1.win32_1.0.100.202509120712/tools/bin/../lib/gcc/arm-none-eabi/13.3.1/../../../../arm-none-eabi/lib/thumb/v7-m/nofp\libc_nano.a(libc_a-setvbuf.o)
                              ./Core/Src/main.o (setvbuf)
C:/ST/STM32CubeIDE_1.16.1/STM32CubeIDE/plugins/com.st.stm32cube.ide.mcu.externaltools.gnu-tools-for-stm32.13.3.rel1.win32_1.0.100.202509120712/tools/bin/../lib/gcc/arm-none-eabi/13.3.1/../../../../arm-none-eabi/lib/thumb/v7-m/nofp\libc_nano.a(libc_a-stdio.o)
                              C:/ST/STM32CubeIDE_1.16.1/STM32CubeIDE/plugins/com.st.stm32cube.ide.mcu.externaltools.gnu-tools-for-stm32.13.3.rel1.win32_1.0.100.202509120712/tools/bin/../lib/gcc/arm-none-eabi/13.3.1/../../../../arm-none-eabi/lib/thumb/v7-m/nofp\libc_nano.a(libc_a-findfp.o) (__sread)
C:/ST/STM32CubeIDE_1.16.1/STM32CubeIDE/plugins/com.st.stm32cube.ide.mcu.externaltools.gnu-tools-for-stm32.13.3.rel1.win32_1.0.100.202509120712/tools/bin/../lib/gcc/arm-none-eabi/13.3.1/../../../../arm-none-eabi/lib/thumb/v7-m/nofp\libc_nano.a(libc_a-vsnprintf.o)
                              ./Core/Src/runtime_logger.o (vsnprintf)
C:/ST/STM32CubeIDE_1.16.1/STM32CubeIDE/plugins/com.st.stm32cube.ide.mcu.externaltools.gnu-tools-for-stm32.13.3.rel1.win32_1.0.100.202509120712/tools/bin/../lib/gcc/arm-none-eabi/13.3.1/../../../../arm-none-eabi/lib/thumb/v7-m/nofp\libc_nano.a(libc_a-memcmp.o)
                              ./Middlewares/ST/rfal/Src/rfal_nfcf.o (memcmp)
C:/ST/STM32CubeIDE_1.16.1/STM32CubeIDE/plugins/com.st.stm32cube.ide.mcu.externaltools.gnu-tools-for-stm32.13.3.rel1.win32_1.0.100.202509120712/tools/bin/../lib/gcc/arm-none-eabi/13.3.1/../../../../arm-none-eabi/lib/thumb/v7-m/nofp\libc_nano.a(libc_a-memmove.o)
                              ./Middlewares/ST/rfal/Src/rfal_nfcf.o (memmove)
C:/ST/STM32CubeIDE_1.16.1/STM32CubeIDE/plugins/com.st.stm32cube.ide.mcu.externaltools.gnu-tools-for-stm32.13.3.rel1.win32_1.0.100.202509120712/tools/bin/../lib/gcc/arm-none-eabi/13.3.1/../../../../arm-none-eabi/lib/thumb/v7-m/nofp\libc_nano.a(libc_a-memset.o)
                              C:/ST/STM32CubeIDE_1.16.1/STM32CubeIDE/plugins/com.st.stm32cube.ide.mcu.externaltools.gnu-tools-for-stm32.13.3.rel1.win32_1.0.100.202509120712/tools/bin/../lib/gcc/arm-none-eabi/13.3.1/../../../../arm-none-eabi/lib/thumb/v7-m/nofp/crt0.o (memset)
C:/ST/STM32CubeIDE_1.16.1/STM32CubeIDE/plugins/com.st.stm32cube.ide.mcu.externaltools.gnu-tools-for-stm32.13.3.rel1.win32_1.0.100.202509120712/tools/bin/../lib/gcc/arm-none-eabi/13.3.1/../../../../arm-none-eabi/lib/thumb/v7-m/nofp\libc_nano.a(libc_a-closer.o)
                              C:/ST/STM32CubeIDE_1.16.1/STM32CubeIDE/plugins/com.st.stm32cube.ide.mcu.externaltools.gnu-tools-for-stm32.13.3.rel1.win32_1.0.100.202509120712/tools/bin/../lib/gcc/arm-none-eabi/13.3.1/../../../../arm-none-eabi/lib/thumb/v7-m/nofp\libc_nano.a(libc_a-stdio.o) (_close_r)
C:/ST/STM32CubeIDE_1.16.1/STM32CubeIDE/plugins/com.st.stm32cube.ide.mcu.externaltools.gnu-tools-for-stm32.13.3.rel1.win32_1.0.100.202509120712/tools/bin/../lib/gcc/arm-none-eabi/13.3.1/../../../../arm-none-eabi/lib/thumb/v7-m/nofp\libc_nano.a(libc_a-reent.o)
[...]
Memory Configuration

Name             Origin             Length             Attributes
RAM              0x20000000         0x00005000         xrw
FLASH            0x08000000         0x00020000         xr
*default*        0x00000000         0xffffffff

Linker script and memory map

LOAD C:/ST/STM32CubeIDE_1.16.1/STM32CubeIDE/plugins/com.st.stm32cube.ide.mcu.externaltools.gnu-tools-for-stm32.13.3.rel1.win32_1.0.100.202509120712/tools/bin/../lib/gcc/arm-none-eabi/13.3.1/thumb/v7-m/nofp/crti.o
LOAD C:/ST/STM32CubeIDE_1.16.1/STM32CubeIDE/plugins/com.st.stm32cube.ide.mcu.externaltools.gnu-tools-for-stm32.13.3.rel1.win32_1.0.100.202509120712/tools/bin/../lib/gcc/arm-none-eabi/13.3.1/thumb/v7-m/nofp/crtbegin.o
LOAD C:/ST/STM32CubeIDE_1.16.1/STM32CubeIDE/plugins/com.st.stm32cube.ide.mcu.externaltools.gnu-tools-for-stm32.13.3.rel1.win32_1.0.100.202509120712/tools/bin/../lib/gcc/arm-none-eabi/13.3.1/../../../../arm-none-eabi/lib/thumb/v7-m/nofp/crt0.o
LOAD ./Core/Src/main.o
LOAD ./Core/Src/runtime_logger.o
LOAD ./Core/Src/stm32f1xx_hal_msp.o
LOAD ./Core/Src/stm32f1xx_it.o
LOAD ./Core/Src/stm32f1xx_nucleo_bus.o
LOAD ./Core/Src/syscalls.o
LOAD ./Core/Src/sysmem.o
LOAD ./Core/Src/system_stm32f1xx.o
LOAD ./Core/Startup/startup_stm32f103rbtx.o
LOAD ./Drivers/BSP/Components/st25r500/rfal_rfst25r500.o
LOAD ./Drivers/BSP/Components/st25r500/st25r500.o
LOAD ./Drivers/BSP/Components/st25r500/st25r500_com.o
LOAD ./Drivers/BSP/Components/st25r500/st25r500_dpocr.o
LOAD ./Drivers/BSP/Components/st25r500/st25r500_irq.o
LOAD ./Drivers/STM32F1xx_HAL_Driver/Src/stm32f1xx_hal.o
LOAD ./Drivers/STM32F1xx_HAL_Driver/Src/stm32f1xx_hal_cortex.o
LOAD ./Drivers/STM32F1xx_HAL_Driver/Src/stm32f1xx_hal_dma.o
LOAD ./Drivers/STM32F1xx_HAL_Driver/Src/stm32f1xx_hal_exti.o
LOAD ./Drivers/STM32F1xx_HAL_Driver/Src/stm32f1xx_hal_flash.o
LOAD ./Drivers/STM32F1xx_HAL_Driver/Src/stm32f1xx_hal_flash_ex.o
LOAD ./Drivers/STM32F1xx_HAL_Driver/Src/stm32f1xx_hal_gpio.o
LOAD ./Drivers/STM32F1xx_HAL_Driver/Src/stm32f1xx_hal_gpio_ex.o
LOAD ./Drivers/STM32F1xx_HAL_Driver/Src/stm32f1xx_hal_pwr.o
LOAD ./Drivers/STM32F1xx_HAL_Driver/Src/stm32f1xx_hal_rcc.o
LOAD ./Drivers/STM32F1xx_HAL_Driver/Src/stm32f1xx_hal_rcc_ex.o
LOAD ./Drivers/STM32F1xx_HAL_Driver/Src/stm32f1xx_hal_spi.o
LOAD ./Drivers/STM32F1xx_HAL_Driver/Src/stm32f1xx_hal_uart.o
LOAD ./Middlewares/ST/rfal/Src/rfal_analogConfig.o
LOAD ./Middlewares/ST/rfal/Src/rfal_crc.o
LOAD ./Middlewares/ST/rfal/Src/rfal_dpo.o
LOAD ./Middlewares/ST/rfal/Src/rfal_iso15693_2.o
LOAD ./Middlewares/ST/rfal/Src/rfal_isoDep.o
LOAD ./Middlewares/ST/rfal/Src/rfal_nfc.o
LOAD ./Middlewares/ST/rfal/Src/rfal_nfcDep.o
LOAD ./Middlewares/ST/rfal/Src/rfal_nfca.o
LOAD ./Middlewares/ST/rfal/Src/rfal_nfcb.o
LOAD ./Middlewares/ST/rfal/Src/rfal_nfcf.o
LOAD ./Middlewares/ST/rfal/Src/rfal_nfcv.o
LOAD ./Middlewares/ST/rfal/Src/rfal_st25tb.o
LOAD ./Middlewares/ST/rfal/Src/rfal_st25xv.o
LOAD ./Middlewares/ST/rfal/Src/rfal_t1t.o
LOAD ./Middlewares/ST/rfal/Src/rfal_t2t.o
LOAD ./Middlewares/ST/rfal/Src/rfal_t4t.o
LOAD ./X-CUBE-NFC12/Target/nfc_conf.o
LOAD ./X-CUBE-NFC12/Target/timer.o
START GROUP
LOAD C:/ST/STM32CubeIDE_1.16.1/STM32CubeIDE/plugins/com.st.stm32cube.ide.mcu.externaltools.gnu-tools-for-stm32.13.3.rel1.win32_1.0.100.202509120712/tools/bin/../lib/gcc/arm-none-eabi/13.3.1/../../../../arm-none-eabi/lib/thumb/v7-m/nofp\libc_nano.a
LOAD C:/ST/STM32CubeIDE_1.16.1/STM32CubeIDE/plugins/com.st.stm32cube.ide.mcu.externaltools.gnu-tools-for-stm32.13.3.rel1.win32_1.0.100.202509120712/tools/bin/../lib/gcc/arm-none-eabi/13.3.1/../../../../arm-none-eabi/lib/thumb/v7-m/nofp\libm.a
END GROUP
START GROUP
LOAD C:/ST/STM32CubeIDE_1.16.1/STM32CubeIDE/plugins/com.st.stm32cube.ide.mcu.externaltools.gnu-tools-for-stm32.13.3.rel1.win32_1.0.100.202509120712/tools/bin/../lib/gcc/arm-none-eabi/13.3.1/thumb/v7-m/nofp\libgcc.a
LOAD C:/ST/STM32CubeIDE_1.16.1/STM32CubeIDE/plugins/com.st.stm32cube.ide.mcu.externaltools.gnu-tools-for-stm32.13.3.rel1.win32_1.0.100.202509120712/tools/bin/../lib/gcc/arm-none-eabi/13.3.1/../../../../arm-none-eabi/lib/thumb/v7-m/nofp\libc_nano.a
END GROUP
START GROUP
LOAD C:/ST/STM32CubeIDE_1.16.1/STM32CubeIDE/plugins/com.st.stm32cube.ide.mcu.externaltools.gnu-tools-for-stm32.13.3.rel1.win32_1.0.100.202509120712/tools/bin/../lib/gcc/arm-none-eabi/13.3.1/thumb/v7-m/nofp\libgcc.a
LOAD C:/ST/STM32CubeIDE_1.16.1/STM32CubeIDE/plugins/com.st.stm32cube.ide.mcu.externaltools.gnu-tools-for-stm32.13.3.rel1.win32_1.0.100.202509120712/tools/bin/../lib/gcc/arm-none-eabi/13.3.1/../../../../arm-none-eabi/lib/thumb/v7-m/nofp\libc_nano.a
LOAD C:/ST/STM32CubeIDE_1.16.1/STM32CubeIDE/plugins/com.st.stm32cube.ide.mcu.externaltools.gnu-tools-for-stm32.13.3.rel1.win32_1.0.100.202509120712/tools/bin/../lib/gcc/arm-none-eabi/13.3.1/../../../../arm-none-eabi/lib/thumb/v7-m/nofp\libnosys.a
END GROUP
START GROUP
LOAD C:/ST/STM32CubeIDE_1.16.1/STM32CubeIDE/plugins/com.st.stm32cube.ide.mcu.externaltools.gnu-tools-for-stm32.13.3.rel1.win32_1.0.100.202509120712/tools/bin/../lib/gcc/arm-none-eabi/13.3.1/thumb/v7-m/nofp\libgcc.a
LOAD C:/ST/STM32CubeIDE_1.16.1/STM32CubeIDE/plugins/com.st.stm32cube.ide.mcu.externaltools.gnu-tools-for-stm32.13.3.rel1.win32_1.0.100.202509120712/tools/bin/../lib/gcc/arm-none-eabi/13.3.1/../../../../arm-none-eabi/lib/thumb/v7-m/nofp\libc_nano.a
LOAD C:/ST/STM32CubeIDE_1.16.1/STM32CubeIDE/plugins/com.st.stm32cube.ide.mcu.externaltools.gnu-tools-for-stm32.13.3.rel1.win32_1.0.100.202509120712/tools/bin/../lib/gcc/arm-none-eabi/13.3.1/../../../../arm-none-eabi/lib/thumb/v7-m/nofp\libnosys.a
END GROUP
LOAD C:/ST/STM32CubeIDE_1.16.1/STM32CubeIDE/plugins/com.st.stm32cube.ide.mcu.externaltools.gnu-tools-for-stm32.13.3.rel1.win32_1.0.100.202509120712/tools/bin/../lib/gcc/arm-none-eabi/13.3.1/thumb/v7-m/nofp/crtend.o
LOAD C:/ST/STM32CubeIDE_1.16.1/STM32CubeIDE/plugins/com.st.stm32cube.ide.mcu.externaltools.gnu-tools-for-stm32.13.3.rel1.win32_1.0.100.202509120712/tools/bin/../lib/gcc/arm-none-eabi/13.3.1/thumb/v7-m/nofp/crtn.o
                0x20005000                        _estack = (ORIGIN (RAM) + LENGTH (RAM))
                0x00000200                        _Min_Heap_Size = 0x200
                0x00000400                        _Min_Stack_Size = 0x400

.isr_vector     0x08000000      0x10c
                0x08000000                        . = ALIGN (0x4)
 *(.isr_vector)
 .isr_vector    0x08000000      0x10c ./Core/Startup/startup_stm32f103rbtx.o
                0x08000000                g_pfnVectors
                0x0800010c                        . = ALIGN (0x4)

.text           0x0800010c     0xb47c
                0x0800010c                        . = ALIGN (0x4)
 *(.text)
 .text          0x0800010c       0x40 C:/ST/STM32CubeIDE_1.16.1/STM32CubeIDE/plugins/com.st.stm32cube.ide.mcu.externaltools.gnu-tools-for-stm32.13.3.rel1.win32_1.0.100.202509120712/tools/bin/../lib/gcc/arm-none-eabi/13.3.1/thumb/v7-m/nofp/crtbegin.o
 .text          0x0800014c       0x10 C:/ST/STM32CubeIDE_1.16.1/STM32CubeIDE/plugins/com.st.stm32cube.ide.mcu.externaltools.gnu-tools-for-stm32.13.3.rel1.win32_1.0.100.202509120712/tools/bin/../lib/gcc/arm-none-eabi/13.3.1/../../../../arm-none-eabi/lib/thumb/v7-m/nofp\libc_nano.a(libc_a-strlen.o)
                0x0800014c                strlen
 *(.text*)
 .text.BSP_NFC0XCOMM_SendRecv
                0x0800015c       0x8c ./Core/Src/main.o
                0x0800015c                BSP_NFC0XCOMM_SendRecv
 .text.notif    0x080001e8       0x5c ./Core/Src/main.o
 .text.ini      0x08000244       0xec ./Core/Src/main.o
                0x08000244                ini
 .text.ReadMailbox
                0x08000330       0xd4 ./Core/Src/main.o
 .text.main     0x08000404      0x320 ./Core/Src/main.o
                0x08000404                main
 .text.SystemClock_Config
                0x08000724       0x82 ./Core/Src/main.o
                0x08000724                SystemClock_Config
 *fill*         0x080007a6        0x2 
 .text.MX_USART2_UART_Init
                0x080007a8       0x54 ./Core/Src/main.o
 .text.MX_GPIO_Init
                0x080007fc      0x138 ./Core/Src/main.o
 .text._write   0x08000934       0x2c ./Core/Src/main.o
                0x08000934                _write
 .text.Error_Handler
                0x08000960        0xc ./Core/Src/main.o
                0x08000960                Error_Handler
 .text.logUsartInit
                0x0800096c       0x1c ./Core/Src/runtime_logger.o
                0x0800096c                logUsartInit
 .text.logUsartTx
                0x08000988       0x38 ./Core/Src/runtime_logger.o
                0x08000988                logUsartTx
 .text.logUsart
                0x080009c0       0x50 ./Core/Src/runtime_logger.o
                0x080009c0                logUsart
 .text.HAL_MspInit
                0x08000a10       0x64 ./Core/Src/stm32f1xx_hal_msp.o
                0x08000a10                HAL_MspInit
 .text.HAL_UART_MspInit
                0x08000a74       0x7c ./Core/Src/stm32f1xx_hal_msp.o
                0x08000a74                HAL_UART_MspInit
 .text.NMI_Handler
                0x08000af0        0x8 ./Core/Src/stm32f1xx_it.o
                0x08000af0                NMI_Handler
 .text.HardFault_Handler
                0x08000af8        0x8 ./Core/Src/stm32f1xx_it.o
                0x08000af8                HardFault_Handler
 .text.MemManage_Handler
                0x08000b00        0x8 ./Core/Src/stm32f1xx_it.o
                0x08000b00                MemManage_Handler
 .text.BusFault_Handler
                0x08000b08        0x8 ./Core/Src/stm32f1xx_it.o
                0x08000b08                BusFault_Handler
 .text.UsageFault_Handler
                0x08000b10        0x8 ./Core/Src/stm32f1xx_it.o
                0x08000b10                UsageFault_Handler
 .text.SVC_Handler
                0x08000b18        0xc ./Core/Src/stm32f1xx_it.o
                0x08000b18                SVC_Handler
 .text.DebugMon_Handler
                0x08000b24        0xc ./Core/Src/stm32f1xx_it.o
                0x08000b24                DebugMon_Handler
 .text.PendSV_Handler
                0x08000b30        0xc ./Core/Src/stm32f1xx_it.o
                0x08000b30                PendSV_Handler
 .text.SysTick_Handler
                0x08000b3c        0xc ./Core/Src/stm32f1xx_it.o
                0x08000b3c                SysTick_Handler
 .text.EXTI0_IRQHandler
                0x08000b48       0x14 ./Core/Src/stm32f1xx_it.o
                0x08000b48                EXTI0_IRQHandler
 .text.EXTI15_10_IRQHandler
                0x08000b5c       0x18 ./Core/Src/stm32f1xx_it.o
                0x08000b5c                EXTI15_10_IRQHandler
 .text.BSP_SPI1_Init
                0x08000b74       0x60 ./Core/Src/stm32f1xx_nucleo_bus.o
                0x08000b74                BSP_SPI1_Init
 .text.BSP_GetTick
                0x08000bd4        0xe ./Core/Src/stm32f1xx_nucleo_bus.o
                0x08000bd4                BSP_GetTick
 *fill*         0x08000be2        0x2 
 .text.MX_SPI1_Init
                0x08000be4       0x78 ./Core/Src/stm32f1xx_nucleo_bus.o
                0x08000be4                MX_SPI1_Init
 .text.SPI1_MspInit
                0x08000c5c       0x90 ./Core/Src/stm32f1xx_nucleo_bus.o
 .text._read    0x08000cec       0x3a ./Core/Src/syscalls.o
                0x08000cec                _read
 .text._close   0x08000d26       0x16 ./Core/Src/syscalls.o
                0x08000d26                _close
 .text._fstat   0x08000d3c       0x1e ./Core/Src/syscalls.o
                0x08000d3c                _fstat
 .text._lseek   0x08000d5a       0x18 ./Core/Src/syscalls.o
                0x08000d5a                _lseek
 *fill*         0x08000d72        0x2 
 .text._sbrk    0x08000d74       0x6c ./Core/Src/sysmem.o
                0x08000d74                _sbrk
 .text.SystemInit
                0x08000de0        0xc ./Core/Src/system_stm32f1xx.o
                0x08000de0                SystemInit
 .text.Reset_Handler
                0x08000dec       0x48 ./Core/Startup/startup_stm32f103rbtx.o
                0x08000dec                Reset_Handler
 .text.Default_Handler
                0x08000e34        0x2 ./Core/Startup/startup_stm32f103rbtx.o
                0x08000e34                RTC_Alarm_IRQHandler
                0x08000e34                EXTI2_IRQHandler
                0x08000e34                TIM1_CC_IRQHandler
                0x08000e34                PVD_IRQHandler
                0x08000e34                EXTI3_IRQHandler
                0x08000e34                I2C2_EV_IRQHandler
                0x08000e34                ADC1_2_IRQHandler
                0x08000e34                SPI1_IRQHandler
                0x08000e34                TAMPER_IRQHandler
                0x08000e34                DMA1_Channel4_IRQHandler
                0x08000e34                USART3_IRQHandler
                0x08000e34                RTC_IRQHandler
                0x08000e34                DMA1_Channel7_IRQHandler
                0x08000e34                CAN1_RX1_IRQHandler
                0x08000e34                TIM4_IRQHandler
                0x08000e34                I2C1_EV_IRQHandler
                0x08000e34                DMA1_Channel6_IRQHandler
                0x08000e34                TIM3_IRQHandler
                0x08000e34                RCC_IRQHandler
                0x08000e34                TIM1_TRG_COM_IRQHandler
                0x08000e34                DMA1_Channel1_IRQHandler
                0x08000e34                Default_Handler
                0x08000e34                EXTI9_5_IRQHandler
                0x08000e34                SPI2_IRQHandler
                0x08000e34                DMA1_Channel5_IRQHandler
                0x08000e34                EXTI4_IRQHandler
                0x08000e34                USB_LP_CAN1_RX0_IRQHandler
                0x08000e34                USB_HP_CAN1_TX_IRQHandler
                0x08000e34                DMA1_Channel3_IRQHandler
                0x08000e34                TIM1_UP_IRQHandler
                0x08000e34                WWDG_IRQHandler
                0x08000e34                TIM2_IRQHandler
                0x08000e34                TIM1_BRK_IRQHandler
                0x08000e34                EXTI1_IRQHandler
                0x08000e34                USART2_IRQHandler
                0x08000e34                I2C2_ER_IRQHandler
                0x08000e34                DMA1_Channel2_IRQHandler
                0x08000e34                CAN1_SCE_IRQHandler
                0x08000e34                FLASH_IRQHandler
                0x08000e34                USART1_IRQHandler
                0x08000e34                I2C1_ER_IRQHandler
                0x08000e34                USBWakeUp_IRQHandler
 *fill*         0x08000e36        0x2 
 .text.rfalInitialize
                0x08000e38       0xbc ./Drivers/BSP/Components/st25r500/rfal_rfst25r500.o
                0x08000e38                rfalInitialize
 .text.rfalCalibrate
                0x08000ef4       0x20 ./Drivers/BSP/Components/st25r500/rfal_rfst25r500.o
                0x08000ef4                rfalCalibrate
 .text.rfalAdjustRegulators
                0x08000f14       0x42 ./Drivers/BSP/Components/st25r500/rfal_rfst25r500.o
                0x08000f14                rfalAdjustRegulators
 *fill*         0x08000f56        0x2 
 .text.rfalSetMode
                0x08000f58      0x1c0 ./Drivers/BSP/Components/st25r500/rfal_rfst25r500.o
                0x08000f58                rfalSetMode
 .text.rfalSetBitRate
                0x08001118      0x474 ./Drivers/BSP/Components/st25r500/rfal_rfst25r500.o
                0x08001118                rfalSetBitRate
 .text.rfalGetBitRate
                0x0800158c       0x4c ./Drivers/BSP/Components/st25r500/rfal_rfst25r500.o
                0x0800158c                rfalGetBitRate
 .text.rfalSetErrorHandling
                0x080015d8       0x40 ./Drivers/BSP/Components/st25r500/rfal_rfst25r500.o
                0x080015d8                rfalSetErrorHandling
 .text.rfalSetFDTPoll
                0x08001618       0x28 ./Drivers/BSP/Components/st25r500/rfal_rfst25r500.o
                0x08001618                rfalSetFDTPoll
 .text.rfalSetFDTListen
                0x08001640       0x28 ./Drivers/BSP/Components/st25r500/rfal_rfst25r500.o
                0x08001640                rfalSetFDTListen
 .text.rfalSetGT
                0x08001668       0x28 ./Drivers/BSP/Components/st25r500/rfal_rfst25r500.o
                0x08001668                rfalSetGT
 .text.rfalIsGTExpired
                0x08001690       0x30 ./Drivers/BSP/Components/st25r500/rfal_rfst25r500.o
                0x08001690                rfalIsGTExpired
 .text.rfalFieldOnAndStartGT
                0x080016c0       0xd0 ./Drivers/BSP/Components/st25r500/rfal_rfst25r500.o
                0x080016c0                rfalFieldOnAndStartGT
 .text.rfalFieldOff
                0x08001790       0x38 ./Drivers/BSP/Components/st25r500/rfal_rfst25r500.o
                0x08001790                rfalFieldOff
 .text.rfalStartTransceive
                0x080017c8      0x1d0 ./Drivers/BSP/Components/st25r500/rfal_rfst25r500.o
                0x080017c8                rfalStartTransceive
 .text.rfalIsTransceiveInTx
                0x08001998       0x2c ./Drivers/BSP/Components/st25r500/rfal_rfst25r500.o
                0x08001998                rfalIsTransceiveInTx
 .text.rfalIsTransceiveInRx
                0x080019c4       0x20 ./Drivers/BSP/Components/st25r500/rfal_rfst25r500.o
                0x080019c4                rfalIsTransceiveInRx
 .text.rfalTransceiveBlockingTx
                0x080019e4       0x5e ./Drivers/BSP/Components/st25r500/rfal_rfst25r500.o
                0x080019e4                rfalTransceiveBlockingTx
 .text.rfalTransceiveRunBlockingTx
                0x08001a42       0x3a ./Drivers/BSP/Components/st25r500/rfal_rfst25r500.o
 .text.rfalTransceiveBlockingRx
                0x08001a7c       0x2c ./Drivers/BSP/Components/st25r500/rfal_rfst25r500.o
                0x08001a7c                rfalTransceiveBlockingRx
 .text.rfalTransceiveBlockingTxRx
                0x08001aa8       0x62 ./Drivers/BSP/Components/st25r500/rfal_rfst25r500.o
                0x08001aa8                rfalTransceiveBlockingTxRx
 *fill*         0x08001b0a        0x2 
 .text.rfalRunTransceiveWorker
                0x08001b0c       0x68 ./Drivers/BSP/Components/st25r500/rfal_rfst25r500.o
 .text.rfalGetTransceiveStatus
                0x08001b74       0x20 ./Drivers/BSP/Components/st25r500/rfal_rfst25r500.o
                0x08001b74                rfalGetTransceiveStatus
 .text.rfalWorker
                0x08001b94       0x28 ./Drivers/BSP/Components/st25r500/rfal_rfst25r500.o
                0x08001b94                rfalWorker
 .text.rfalErrorHandling
                0x08001bbc       0x74 ./Drivers/BSP/Components/st25r500/rfal_rfst25r500.o
 .text.rfalCleanupTransceive
                0x08001c30       0x40 ./Drivers/BSP/Components/st25r500/rfal_rfst25r500.o
 .text.rfalPrepareTransceive
                0x08001c70      0x1b8 ./Drivers/BSP/Components/st25r500/rfal_rfst25r500.o
 .text.rfalTransceiveTx
                0x08001e28      0x2e0 ./Drivers/BSP/Components/st25r500/rfal_rfst25r500.o
 .text.rfalTransceiveRx
                0x08002108      0x4dc ./Drivers/BSP/Components/st25r500/rfal_rfst25r500.o
 .text.rfalDpoReqAdjust
                0x080025e4        0xc ./Drivers/BSP/Components/st25r500/rfal_rfst25r500.o
 .text.rfalWaitRxOn
                0x080025f0       0x36 ./Drivers/BSP/Components/st25r500/rfal_rfst25r500.o
 *fill*         0x08002626        0x2 
 .text.rfalFIFOStatusUpdate
                0x08002628       0x24 ./Drivers/BSP/Components/st25r500/rfal_rfst25r500.o
 .text.rfalFIFOStatusClear
                0x0800264c       0x18 ./Drivers/BSP/Components/st25r500/rfal_rfst25r500.o
 .text.rfalFIFOStatusGetNumBytes
                0x08002664       0x3c ./Drivers/BSP/Components/st25r500/rfal_rfst25r500.o
 .text.rfalFIFOStatusIsIncompleteByte
                0x080026a0       0x24 ./Drivers/BSP/Components/st25r500/rfal_rfst25r500.o
 .text.rfalFIFOStatusIsMissingPar
                0x080026c4       0x24 ./Drivers/BSP/Components/st25r500/rfal_rfst25r500.o
 .text.rfalFIFOGetNumIncompleteBits
                0x080026e8       0x20 ./Drivers/BSP/Components/st25r500/rfal_rfst25r500.o
 .text.rfalISO14443ATransceiveShortFrame
                0x08002708       0xcc ./Drivers/BSP/Components/st25r500/rfal_rfst25r500.o
                0x08002708                rfalISO14443ATransceiveShortFrame
 .text.rfalISO14443AStartTransceiveAnticollisionFrame
                0x080027d4      0x144 ./Drivers/BSP/Components/st25r500/rfal_rfst25r500.o
                0x080027d4                rfalISO14443AStartTransceiveAnticollisionFrame
 .text.rfalISO14443AGetTransceiveAnticollisionFrameStatus
                0x08002918      0x184 ./Drivers/BSP/Components/st25r500/rfal_rfst25r500.o
                0x08002918                rfalISO14443AGetTransceiveAnticollisionFrameStatus
 .text.rfalISO15693TransceiveAnticollisionFrame
                0x08002a9c      0x14c ./Drivers/BSP/Components/st25r500/rfal_rfst25r500.o
                0x08002a9c                rfalISO15693TransceiveAnticollisionFrame
 .text.rfalISO15693TransceiveEOFAnticollision
                0x08002be8       0x40 ./Drivers/BSP/Components/st25r500/rfal_rfst25r500.o
                0x08002be8                rfalISO15693TransceiveEOFAnticollision
 .text.rfalISO15693TransceiveEOF
                0x08002c28      0x178 ./Drivers/BSP/Components/st25r500/rfal_rfst25r500.o
                0x08002c28                rfalISO15693TransceiveEOF
 .text.rfalStartFeliCaPoll
                0x08002da0      0x10c ./Drivers/BSP/Components/st25r500/rfal_rfst25r500.o
                0x08002da0                rfalStartFeliCaPoll
 .text.rfalGetFeliCaPollStatus
                0x08002eac      0x160 ./Drivers/BSP/Components/st25r500/rfal_rfst25r500.o
                0x08002eac                rfalGetFeliCaPollStatus
 .text.rfalWakeUpModeStart
                0x0800300c       0x18 ./Drivers/BSP/Components/st25r500/rfal_rfst25r500.o
                0x0800300c                rfalWakeUpModeStart
 .text.rfalWUModeStart
                0x08003024      0x488 ./Drivers/BSP/Components/st25r500/rfal_rfst25r500.o
 .text.rfalWakeUpModeHasWoke
                0x080034ac       0x20 ./Drivers/BSP/Components/st25r500/rfal_rfst25r500.o
                0x080034ac                rfalWakeUpModeHasWoke
 .text.rfalRunWakeUpModeWorker
                0x080034cc       0xec ./Drivers/BSP/Components/st25r500/rfal_rfst25r500.o
 .text.rfalWakeUpModeStop
                0x080035b8       0x74 ./Drivers/BSP/Components/st25r500/rfal_rfst25r500.o
                0x080035b8                rfalWakeUpModeStop
 .text.rfalChipChangeRegBits
                0x0800362c       0x44 ./Drivers/BSP/Components/st25r500/rfal_rfst25r500.o
                0x0800362c                rfalChipChangeRegBits
 .text.rfalChipChangeTestRegBits
                0x08003670       0x2a ./Drivers/BSP/Components/st25r500/rfal_rfst25r500.o
                0x08003670                rfalChipChangeTestRegBits
 .text.st25r500ExecuteCommandAndGetResult
                0x0800369a       0x5c ./Drivers/BSP/Components/st25r500/st25r500.o
                0x0800369a                st25r500ExecuteCommandAndGetResult
 *fill*         0x080036f6        0x2 
 .text.st25r500Initialize
                0x080036f8       0x8c ./Drivers/BSP/Components/st25r500/st25r500.o
                0x080036f8                st25r500Initialize
 .text.st25r500OscOn
                0x08003784       0x64 ./Drivers/BSP/Components/st25r500/st25r500.o
                0x08003784                st25r500OscOn
 .text.st25r500AdjustRegulators
                0x080037e8       0x6c ./Drivers/BSP/Components/st25r500/st25r500.o
                0x080037e8                st25r500AdjustRegulators
 .text.st25r500CalibrateWU
                0x08003854       0xaa ./Drivers/BSP/Components/st25r500/st25r500.o
                0x08003854                st25r500CalibrateWU
 .text.st25r500MeasureWU
                0x080038fe       0x4a ./Drivers/BSP/Components/st25r500/st25r500.o
                0x080038fe                st25r500MeasureWU
 .text.st25r500SetBitrate
                0x08003948       0x8e ./Drivers/BSP/Components/st25r500/st25r500.o
                0x08003948                st25r500SetBitrate
 .text.st25r500PerformCollisionAvoidance
                0x080039d6       0xcc ./Drivers/BSP/Components/st25r500/st25r500.o
                0x080039d6                st25r500PerformCollisionAvoidance
 .text.st25r500SetNumTxBits
                0x08003aa2       0x2e ./Drivers/BSP/Components/st25r500/st25r500.o
                0x08003aa2                st25r500SetNumTxBits
 .text.st25r500SetMRT
                0x08003ad0       0xb4 ./Drivers/BSP/Components/st25r500/st25r500.o
                0x08003ad0                st25r500SetMRT
 .text.st25r500SetNoResponseTime
                0x08003b84       0x7c ./Drivers/BSP/Components/st25r500/st25r500.o
                0x08003b84                st25r500SetNoResponseTime
 .text.st25r500SetGPTime
                0x08003c00       0x2e ./Drivers/BSP/Components/st25r500/st25r500.o
                0x08003c00                st25r500SetGPTime
 .text.st25r500SetStartGPTimer
                0x08003c2e       0x3a ./Drivers/BSP/Components/st25r500/st25r500.o
                0x08003c2e                st25r500SetStartGPTimer
 .text.st25r500CheckChipID
                0x08003c68       0x42 ./Drivers/BSP/Components/st25r500/st25r500.o
                0x08003c68                st25r500CheckChipID
 *fill*         0x08003caa        0x2 
 .text.__NVIC_EnableIRQ
                0x08003cac       0x38 ./Drivers/BSP/Components/st25r500/st25r500_com.o
 .text.__NVIC_DisableIRQ
                0x08003ce4       0x48 ./Drivers/BSP/Components/st25r500/st25r500_com.o
 .text.st25r500comStart
                0x08003d2c       0x40 ./Drivers/BSP/Components/st25r500/st25r500_com.o
 .text.st25r500comStop
                0x08003d6c       0x34 ./Drivers/BSP/Components/st25r500/st25r500_com.o
 .text.st25r500comTx
                0x08003da0       0x34 ./Drivers/BSP/Components/st25r500/st25r500_com.o
 .text.st25r500comRx
                0x08003dd4       0x62 ./Drivers/BSP/Components/st25r500/st25r500_com.o
 .text.st25r500comTxByte
                0x08003e36       0x2c ./Drivers/BSP/Components/st25r500/st25r500_com.o
 .text.st25r500ReadRegister
                0x08003e62       0x22 ./Drivers/BSP/Components/st25r500/st25r500_com.o
                0x08003e62                st25r500ReadRegister
 .text.st25r500ReadMultipleRegisters
                0x08003e84       0x44 ./Drivers/BSP/Components/st25r500/st25r500_com.o
                0x08003e84                st25r500ReadMultipleRegisters
 .text.st25r500WriteRegister
                0x08003ec8       0x2c ./Drivers/BSP/Components/st25r500/st25r500_com.o
                0x08003ec8                st25r500WriteRegister
 .text.st25r500WriteMultipleRegisters
                0x08003ef4       0x4e ./Drivers/BSP/Components/st25r500/st25r500_com.o
                0x08003ef4                st25r500WriteMultipleRegisters
 .text.st25r500WriteFifo
                0x08003f42       0x2e ./Drivers/BSP/Components/st25r500/st25r500_com.o
                0x08003f42                st25r500WriteFifo
 .text.st25r500ReadFifo
                0x08003f70       0x34 ./Drivers/BSP/Components/st25r500/st25r500_com.o
                0x08003f70                st25r500ReadFifo
 .text.st25r500ExecuteCommand
                0x08003fa4       0x30 ./Drivers/BSP/Components/st25r500/st25r500_com.o
                0x08003fa4                st25r500ExecuteCommand
 .text.st25r500ReadTestRegister
                0x08003fd4       0x42 ./Drivers/BSP/Components/st25r500/st25r500_com.o
                0x08003fd4                st25r500ReadTestRegister
 .text.st25r500WriteTestRegister
                0x08004016       0x4a ./Drivers/BSP/Components/st25r500/st25r500_com.o
                0x08004016                st25r500WriteTestRegister
 .text.st25r500WriteMultipleTestRegister
                0x08004060       0x46 ./Drivers/BSP/Components/st25r500/st25r500_com.o
                0x08004060                st25r500WriteMultipleTestRegister
 .text.st25r500ClrRegisterBits
                0x080040a6       0x6e ./Drivers/BSP/Components/st25r500/st25r500_com.o
                0x080040a6                st25r500ClrRegisterBits
 .text.st25r500SetRegisterBits
                0x08004114       0x5a ./Drivers/BSP/Components/st25r500/st25r500_com.o
                0x08004114                st25r500SetRegisterBits
 .text.st25r500ChangeRegisterBits
                0x0800416e       0x2e ./Drivers/BSP/Components/st25r500/st25r500_com.o
                0x0800416e                st25r500ChangeRegisterBits
 .text.st25r500ModifyRegister
                0x0800419c       0x6a ./Drivers/BSP/Components/st25r500/st25r500_com.o
                0x0800419c                st25r500ModifyRegister
 .text.st25r500ChangeTestRegisterBits
                0x08004206       0x70 ./Drivers/BSP/Components/st25r500/st25r500_com.o
                0x08004206                st25r500ChangeTestRegisterBits
 .text.st25r500CheckReg
                0x08004276       0x40 ./Drivers/BSP/Components/st25r500/st25r500_com.o
                0x08004276                st25r500CheckReg
 .text.st25r500IsRegValid
                0x080042b6       0x20 ./Drivers/BSP/Components/st25r500/st25r500_com.o
                0x080042b6                st25r500IsRegValid
 *fill*         0x080042d6        0x2 
 .text.st25r500ledInit
                0x080042d8       0x18 ./Drivers/BSP/Components/st25r500/st25r500_com.o
                0x080042d8                st25r500ledInit
 .text.st25r500ledEvtIrq
                0x080042f0       0x12 ./Drivers/BSP/Components/st25r500/st25r500_com.o
                0x080042f0                st25r500ledEvtIrq
 *fill*         0x08004302        0x2 
 .text.st25r500ledEvtWrReg
                0x08004304       0x44 ./Drivers/BSP/Components/st25r500/st25r500_com.o
                0x08004304                st25r500ledEvtWrReg
 .text.st25r500ledEvtWrMultiReg
                0x08004348       0x44 ./Drivers/BSP/Components/st25r500/st25r500_com.o
                0x08004348                st25r500ledEvtWrMultiReg
 .text.st25r500ledEvtCmd
                0x0800438c       0x38 ./Drivers/BSP/Components/st25r500/st25r500_com.o
                0x0800438c                st25r500ledEvtCmd
 .text.__NVIC_EnableIRQ
                0x080043c4       0x38 ./Drivers/BSP/Components/st25r500/st25r500_irq.o
 .text.__NVIC_DisableIRQ
                0x080043fc       0x48 ./Drivers/BSP/Components/st25r500/st25r500_irq.o
 .text.st25r500InitInterrupts
                0x08004444       0x28 ./Drivers/BSP/Components/st25r500/st25r500_irq.o
                0x08004444                st25r500InitInterrupts
 .text.st25r500Isr
                0x0800446c       0x20 ./Drivers/BSP/Components/st25r500/st25r500_irq.o
                0x0800446c                st25r500Isr
 .text.st25r500CheckForReceivedInterrupts
                0x0800448c       0xb8 ./Drivers/BSP/Components/st25r500/st25r500_irq.o
                0x0800448c                st25r500CheckForReceivedInterrupts
 .text.st25r500ModifyInterrupts
                0x08004544       0x88 ./Drivers/BSP/Components/st25r500/st25r500_irq.o
                0x08004544                st25r500ModifyInterrupts
 .text.st25r500WaitForInterruptsTimed
                0x080045cc       0xa8 ./Drivers/BSP/Components/st25r500/st25r500_irq.o
                0x080045cc                st25r500WaitForInterruptsTimed
 .text.st25r500GetInterrupt
                0x08004674       0x78 ./Drivers/BSP/Components/st25r500/st25r500_irq.o
                0x08004674                st25r500GetInterrupt
 .text.st25r500ClearAndEnableInterrupts
                0x080046ec       0x1c ./Drivers/BSP/Components/st25r500/st25r500_irq.o
                0x080046ec                st25r500ClearAndEnableInterrupts
 .text.st25r500EnableInterrupts
                0x08004708       0x18 ./Drivers/BSP/Components/st25r500/st25r500_irq.o
                0x08004708                st25r500EnableInterrupts
 .text.st25r500DisableInterrupts
                0x08004720       0x18 ./Drivers/BSP/Components/st25r500/st25r500_irq.o
                0x08004720                st25r500DisableInterrupts
 .text.st25r500ClearInterrupts
                0x08004738       0x68 ./Drivers/BSP/Components/st25r500/st25r500_irq.o
                0x08004738                st25r500ClearInterrupts
 .text.HAL_Init
                0x080047a0       0x2c ./Drivers/STM32F1xx_HAL_Driver/Src/stm32f1xx_hal.o
                0x080047a0                HAL_Init
 .text.HAL_InitTick
                0x080047cc       0x60 ./Drivers/STM32F1xx_HAL_Driver/Src/stm32f1xx_hal.o
                0x080047cc                HAL_InitTick
 .text.HAL_IncTick
                0x0800482c       0x24 ./Drivers/STM32F1xx_HAL_Driver/Src/stm32f1xx_hal.o
                0x0800482c                HAL_IncTick
 .text.HAL_GetTick
                0x08004850       0x14 ./Drivers/STM32F1xx_HAL_Driver/Src/stm32f1xx_hal.o
                0x08004850                HAL_GetTick
 .text.HAL_Delay
                0x08004864       0x48 ./Drivers/STM32F1xx_HAL_Driver/Src/stm32f1xx_hal.o
                0x08004864                HAL_Delay
 .text.__NVIC_SetPriorityGrouping
                0x080048ac       0x48 ./Drivers/STM32F1xx_HAL_Driver/Src/stm32f1xx_hal_cortex.o
 .text.__NVIC_GetPriorityGrouping
                0x080048f4       0x1c ./Drivers/STM32F1xx_HAL_Driver/Src/stm32f1xx_hal_cortex.o
 .text.__NVIC_EnableIRQ
                0x08004910       0x38 ./Drivers/STM32F1xx_HAL_Driver/Src/stm32f1xx_hal_cortex.o
 .text.__NVIC_SetPriority
                0x08004948       0x54 ./Drivers/STM32F1xx_HAL_Driver/Src/stm32f1xx_hal_cortex.o
 .text.NVIC_EncodePriority
                0x0800499c       0x64 ./Drivers/STM32F1xx_HAL_Driver/Src/stm32f1xx_hal_cortex.o
 .text.SysTick_Config
                0x08004a00       0x44 ./Drivers/STM32F1xx_HAL_Driver/Src/stm32f1xx_hal_cortex.o
 .text.HAL_NVIC_SetPriorityGrouping
                0x08004a44       0x16 ./Drivers/STM32F1xx_HAL_Driver/Src/stm32f1xx_hal_cortex.o
                0x08004a44                HAL_NVIC_SetPriorityGrouping
 .text.HAL_NVIC_SetPriority
                0x08004a5a       0x38 ./Drivers/STM32F1xx_HAL_Driver/Src/stm32f1xx_hal_cortex.o
                0x08004a5a                HAL_NVIC_SetPriority
 .text.HAL_NVIC_EnableIRQ
                0x08004a92       0x1c ./Drivers/STM32F1xx_HAL_Driver/Src/stm32f1xx_hal_cortex.o
                0x08004a92                HAL_NVIC_EnableIRQ
 .text.HAL_SYSTICK_Config
                0x08004aae       0x18 ./Drivers/STM32F1xx_HAL_Driver/Src/stm32f1xx_hal_cortex.o
                0x08004aae                HAL_SYSTICK_Config
 .text.HAL_EXTI_GetHandle
                0x08004ac6       0x26 ./Drivers/STM32F1xx_HAL_Driver/Src/stm32f1xx_hal_exti.o
                0x08004ac6                HAL_EXTI_GetHandle
 .text.HAL_EXTI_IRQHandler
                0x08004aec       0x48 ./Drivers/STM32F1xx_HAL_Driver/Src/stm32f1xx_hal_exti.o
                0x08004aec                HAL_EXTI_IRQHandler
 .text.HAL_GPIO_Init
                0x08004b34      0x308 ./Drivers/STM32F1xx_HAL_Driver/Src/stm32f1xx_hal_gpio.o
                0x08004b34                HAL_GPIO_Init
 .text.HAL_GPIO_ReadPin
                0x08004e3c       0x2e ./Drivers/STM32F1xx_HAL_Driver/Src/stm32f1xx_hal_gpio.o
                0x08004e3c                HAL_GPIO_ReadPin
 .text.HAL_GPIO_WritePin
                0x08004e6a       0x30 ./Drivers/STM32F1xx_HAL_Driver/Src/stm32f1xx_hal_gpio.o
                0x08004e6a                HAL_GPIO_WritePin
 .text.HAL_GPIO_TogglePin
                0x08004e9a       0x32 ./Drivers/STM32F1xx_HAL_Driver/Src/stm32f1xx_hal_gpio.o
                0x08004e9a                HAL_GPIO_TogglePin
 .text.HAL_GPIO_EXTI_IRQHandler
                0x08004ecc       0x30 ./Drivers/STM32F1xx_HAL_Driver/Src/stm32f1xx_hal_gpio.o
                0x08004ecc                HAL_GPIO_EXTI_IRQHandler
 .text.HAL_GPIO_EXTI_Callback
                0x08004efc       0x14 ./Drivers/STM32F1xx_HAL_Driver/Src/stm32f1xx_hal_gpio.o
                0x08004efc                HAL_GPIO_EXTI_Callback
 .text.HAL_RCC_OscConfig
                0x08004f10      0x504 ./Drivers/STM32F1xx_HAL_Driver/Src/stm32f1xx_hal_rcc.o
                0x08004f10                HAL_RCC_OscConfig
 .text.HAL_RCC_ClockConfig
                0x08005414      0x1d4 ./Drivers/STM32F1xx_HAL_Driver/Src/stm32f1xx_hal_rcc.o
                0x08005414                HAL_RCC_ClockConfig
 .text.HAL_RCC_GetSysClockFreq
                0x080055e8       0xa8 ./Drivers/STM32F1xx_HAL_Driver/Src/stm32f1xx_hal_rcc.o
                0x080055e8                HAL_RCC_GetSysClockFreq
 .text.HAL_RCC_GetHCLKFreq
                0x08005690       0x14 ./Drivers/STM32F1xx_HAL_Driver/Src/stm32f1xx_hal_rcc.o
                0x08005690                HAL_RCC_GetHCLKFreq
 .text.HAL_RCC_GetPCLK1Freq
                0x080056a4       0x28 ./Drivers/STM32F1xx_HAL_Driver/Src/stm32f1xx_hal_rcc.o
                0x080056a4                HAL_RCC_GetPCLK1Freq
 .text.HAL_RCC_GetPCLK2Freq
                0x080056cc       0x28 ./Drivers/STM32F1xx_HAL_Driver/Src/stm32f1xx_hal_rcc.o
                0x080056cc                HAL_RCC_GetPCLK2Freq
 .text.RCC_Delay
                0x080056f4       0x3c ./Drivers/STM32F1xx_HAL_Driver/Src/stm32f1xx_hal_rcc.o
 .text.HAL_SPI_Init
                0x08005730      0x108 ./Drivers/STM32F1xx_HAL_Driver/Src/stm32f1xx_hal_spi.o
                0x08005730                HAL_SPI_Init
 .text.HAL_SPI_MspInit
                0x08005838       0x12 ./Drivers/STM32F1xx_HAL_Driver/Src/stm32f1xx_hal_spi.o
                0x08005838                HAL_SPI_MspInit
 .text.HAL_SPI_Transmit
                0x0800584a      0x288 ./Drivers/STM32F1xx_HAL_Driver/Src/stm32f1xx_hal_spi.o
                0x0800584a                HAL_SPI_Transmit
 .text.HAL_SPI_Receive
                0x08005ad2      0x232 ./Drivers/STM32F1xx_HAL_Driver/Src/stm32f1xx_hal_spi.o
                0x08005ad2                HAL_SPI_Receive
 .text.HAL_SPI_TransmitReceive
                0x08005d04      0x352 ./Drivers/STM32F1xx_HAL_Driver/Src/stm32f1xx_hal_spi.o
                0x08005d04                HAL_SPI_TransmitReceive
 .text.HAL_SPI_GetState
                0x08006056       0x1a ./Drivers/STM32F1xx_HAL_Driver/Src/stm32f1xx_hal_spi.o
                0x08006056                HAL_SPI_GetState
 .text.SPI_WaitFlagStateUntilTimeout
                0x08006070      0x110 ./Drivers/STM32F1xx_HAL_Driver/Src/stm32f1xx_hal_spi.o
 .text.SPI_EndRxTransaction
                0x08006180       0xa4 ./Drivers/STM32F1xx_HAL_Driver/Src/stm32f1xx_hal_spi.o
 .text.SPI_EndRxTxTransaction
                0x08006224       0x62 ./Drivers/STM32F1xx_HAL_Driver/Src/stm32f1xx_hal_spi.o
 .text.HAL_UART_Init
                0x08006286       0xa0 ./Drivers/STM32F1xx_HAL_Driver/Src/stm32f1xx_hal_uart.o
                0x08006286                HAL_UART_Init
 .text.HAL_UART_Transmit
                0x08006326      0x116 ./Drivers/STM32F1xx_HAL_Driver/Src/stm32f1xx_hal_uart.o
                0x08006326                HAL_UART_Transmit
 .text.UART_WaitOnFlagUntilTimeout
                0x0800643c       0xb2 ./Drivers/STM32F1xx_HAL_Driver/Src/stm32f1xx_hal_uart.o
 .text.UART_EndRxTransfer
                0x080064ee       0xc4 ./Drivers/STM32F1xx_HAL_Driver/Src/stm32f1xx_hal_uart.o
 *fill*         0x080065b2        0x2 
 .text.UART_SetConfig
                0x080065b4      0x11c ./Drivers/STM32F1xx_HAL_Driver/Src/stm32f1xx_hal_uart.o
 .text.rfalAnalogConfigInitialize
                0x080066d0       0x28 ./Middlewares/ST/rfal/Src/rfal_analogConfig.o
                0x080066d0                rfalAnalogConfigInitialize
 .text.rfalAnalogConfigIsReady
                0x080066f8       0x14 ./Middlewares/ST/rfal/Src/rfal_analogConfig.o
                0x080066f8                rfalAnalogConfigIsReady
 .text.rfalSetAnalogConfig
                0x0800670c      0x148 ./Middlewares/ST/rfal/Src/rfal_analogConfig.o
                0x0800670c                rfalSetAnalogConfig
 .text.rfalAnalogConfigSearch
                0x08006854       0xe4 ./Middlewares/ST/rfal/Src/rfal_analogConfig.o
 .text.rfalNfcInitialize
                0x08006938       0x54 ./Middlewares/ST/rfal/Src/rfal_nfc.o
                0x08006938                rfalNfcInitialize
 .text.rfalNfcDiscover
                0x0800698c      0x1a0 ./Middlewares/ST/rfal/Src/rfal_nfc.o
                0x0800698c                rfalNfcDiscover
 .text.rfalNfcDeactivate
                0x08006b2c       0x9c ./Middlewares/ST/rfal/Src/rfal_nfc.o
                0x08006b2c                rfalNfcDeactivate
 .text.rfalNfcSelect
                0x08006bc8       0x3c ./Middlewares/ST/rfal/Src/rfal_nfc.o
                0x08006bc8                rfalNfcSelect
 .text.rfalNfcGetState
                0x08006c04       0x14 ./Middlewares/ST/rfal/Src/rfal_nfc.o
                0x08006c04                rfalNfcGetState
 .text.rfalNfcGetDevicesFound
                0x08006c18       0x4c ./Middlewares/ST/rfal/Src/rfal_nfc.o
                0x08006c18                rfalNfcGetDevicesFound
 .text.rfalNfcGetActiveDevice
                0x08006c64       0x4c ./Middlewares/ST/rfal/Src/rfal_nfc.o
                0x08006c64                rfalNfcGetActiveDevice
 .text.rfalNfcWorker
                0x08006cb0      0x408 ./Middlewares/ST/rfal/Src/rfal_nfc.o
                0x08006cb0                rfalNfcWorker
 .text.rfalNfcDataExchangeGetStatus
                0x080070b8       0x98 ./Middlewares/ST/rfal/Src/rfal_nfc.o
                0x080070b8                rfalNfcDataExchangeGetStatus
 .text.rfalNfcPollTechDetection
                0x08007150      0x468 ./Middlewares/ST/rfal/Src/rfal_nfc.o
 .text.rfalNfcPollCollResolution
                0x080075b8      0x76c ./Middlewares/ST/rfal/Src/rfal_nfc.o
 .text.rfalNfcPollActivation
                0x08007d24      0x550 ./Middlewares/ST/rfal/Src/rfal_nfc.o
 .text.rfalNfcDeactivation
                0x08008274      0x134 ./Middlewares/ST/rfal/Src/rfal_nfc.o
 .text.rfalNfcaCalculateBcc
                0x080083a8       0x3e ./Middlewares/ST/rfal/Src/rfal_nfca.o
 *fill*         0x080083e6        0x2 
 .text.rfalNfcaPollerStartSingleCollisionResolution
                0x080083e8       0x9c ./Middlewares/ST/rfal/Src/rfal_nfca.o
 .text.rfalNfcaPollerGetSingleCollisionResolutionStatus
                0x08008484      0x4f4 ./Middlewares/ST/rfal/Src/rfal_nfca.o
 .text.rfalNfcaPollerInitialize
                0x08008978       0x48 ./Middlewares/ST/rfal/Src/rfal_nfca.o
                0x08008978                rfalNfcaPollerInitialize
 .text.rfalNfcaPollerCheckPresence
                0x080089c0       0x56 ./Middlewares/ST/rfal/Src/rfal_nfca.o
                0x080089c0                rfalNfcaPollerCheckPresence
 *fill*         0x08008a16        0x2 
 .text.rfalNfcaPollerStartTechnologyDetection
                0x08008a18       0x60 ./Middlewares/ST/rfal/Src/rfal_nfca.o
                0x08008a18                rfalNfcaPollerStartTechnologyDetection
 .text.rfalNfcaPollerGetTechnologyDetectionStatus
                0x08008a78       0x38 ./Middlewares/ST/rfal/Src/rfal_nfca.o
                0x08008a78                rfalNfcaPollerGetTechnologyDetectionStatus
 .text.rfalNfcaPollerStartFullCollisionResolution
                0x08008ab0      0x11c ./Middlewares/ST/rfal/Src/rfal_nfca.o
                0x08008ab0                rfalNfcaPollerStartFullCollisionResolution
 .text.rfalNfcaPollerGetFullCollisionResolutionStatus
                0x08008bcc      0x1f4 ./Middlewares/ST/rfal/Src/rfal_nfca.o
                0x08008bcc                rfalNfcaPollerGetFullCollisionResolutionStatus
 .text.rfalNfcaPollerStartSelect
                0x08008dc0       0x70 ./Middlewares/ST/rfal/Src/rfal_nfca.o
                0x08008dc0                rfalNfcaPollerStartSelect
 .text.rfalNfcaPollerGetSelectStatus
                0x08008e30      0x134 ./Middlewares/ST/rfal/Src/rfal_nfca.o
                0x08008e30                rfalNfcaPollerGetSelectStatus
 .text.rfalNfcaPollerStartSleep
                0x08008f64       0x50 ./Middlewares/ST/rfal/Src/rfal_nfca.o
                0x08008f64                rfalNfcaPollerStartSleep
 .text.rfalNfcaPollerGetSleepStatus
                0x08008fb4       0x22 ./Middlewares/ST/rfal/Src/rfal_nfca.o
                0x08008fb4                rfalNfcaPollerGetSleepStatus
 .text.rfalNfcbCheckSensbRes
                0x08008fd6       0x40 ./Middlewares/ST/rfal/Src/rfal_nfcb.o
 .text.rfalNfcbPollerSleepTx
                0x08009016       0x52 ./Middlewares/ST/rfal/Src/rfal_nfcb.o
 .text.rfalNfcbPollerInitialize
                0x08009068       0x58 ./Middlewares/ST/rfal/Src/rfal_nfcb.o
                0x08009068                rfalNfcbPollerInitialize
 .text.rfalNfcbPollerStartCheckPresence
                0x080090c0       0xa0 ./Middlewares/ST/rfal/Src/rfal_nfcb.o
                0x080090c0                rfalNfcbPollerStartCheckPresence
 .text.rfalNfcbPollerGetCheckPresenceStatus
                0x08009160       0x6c ./Middlewares/ST/rfal/Src/rfal_nfcb.o
                0x08009160                rfalNfcbPollerGetCheckPresenceStatus
 .text.rfalNfcbPollerSleep
                0x080091cc       0x68 ./Middlewares/ST/rfal/Src/rfal_nfcb.o
                0x080091cc                rfalNfcbPollerSleep
 .text.rfalNfcbPollerStartSlotMarker
                0x08009234       0x78 ./Middlewares/ST/rfal/Src/rfal_nfcb.o
                0x08009234                rfalNfcbPollerStartSlotMarker
 .text.rfalNfcbPollerGetSlotMarkerStatus
                0x080092ac       0x64 ./Middlewares/ST/rfal/Src/rfal_nfcb.o
                0x080092ac                rfalNfcbPollerGetSlotMarkerStatus
 .text.rfalNfcbPollerStartTechnologyDetection
                0x08009310       0x2e ./Middlewares/ST/rfal/Src/rfal_nfcb.o
                0x08009310                rfalNfcbPollerStartTechnologyDetection
 .text.rfalNfcbPollerGetTechnologyDetectionStatus
                0x0800933e        0xe ./Middlewares/ST/rfal/Src/rfal_nfcb.o
                0x0800933e                rfalNfcbPollerGetTechnologyDetectionStatus
 .text.rfalNfcbPollerStartCollisionResolution
                0x0800934c       0x38 ./Middlewares/ST/rfal/Src/rfal_nfcb.o
                0x0800934c                rfalNfcbPollerStartCollisionResolution
 .text.rfalNfcbPollerStartSlottedCollisionResolution
                0x08009384       0xb4 ./Middlewares/ST/rfal/Src/rfal_nfcb.o
                0x08009384                rfalNfcbPollerStartSlottedCollisionResolution
 .text.rfalNfcbPollerGetCollisionResolutionStatus
                0x08009438      0x3b8 ./Middlewares/ST/rfal/Src/rfal_nfcb.o
                0x08009438                rfalNfcbPollerGetCollisionResolutionStatus
 .text.rfalNfcfComputeValidSENF
                0x080097f0      0x20c ./Middlewares/ST/rfal/Src/rfal_nfcf.o
 .text.rfalNfcfPollerInitialize
                0x080099fc       0x60 ./Middlewares/ST/rfal/Src/rfal_nfcf.o
                0x080099fc                rfalNfcfPollerInitialize
 .text.rfalNfcfPollerStartCheckPresence
                0x08009a5c       0x40 ./Middlewares/ST/rfal/Src/rfal_nfcf.o
                0x08009a5c                rfalNfcfPollerStartCheckPresence
 .text.rfalNfcfPollerGetCheckPresenceStatus
                0x08009a9c        0xe ./Middlewares/ST/rfal/Src/rfal_nfcf.o
                0x08009a9c                rfalNfcfPollerGetCheckPresenceStatus
 *fill*         0x08009aaa        0x2 
 .text.rfalNfcfPollerStartCollisionResolution
                0x08009aac       0x7c ./Middlewares/ST/rfal/Src/rfal_nfcf.o
                0x08009aac                rfalNfcfPollerStartCollisionResolution
 .text.rfalNfcfPollerGetCollisionResolutionStatus
                0x08009b28      0x108 ./Middlewares/ST/rfal/Src/rfal_nfcf.o
                0x08009b28                rfalNfcfPollerGetCollisionResolutionStatus
 .text.rfalNfcvParseError
                0x08009c30       0x7c ./Middlewares/ST/rfal/Src/rfal_nfcv.o
 .text.rfalNfcvPollerInitialize
                0x08009cac       0x48 ./Middlewares/ST/rfal/Src/rfal_nfcv.o
                0x08009cac                rfalNfcvPollerInitialize
 .text.rfalNfcvPollerCheckPresence
                0x08009cf4       0x42 ./Middlewares/ST/rfal/Src/rfal_nfcv.o
                0x08009cf4                rfalNfcvPollerCheckPresence
 .text.rfalNfcvPollerInventory
                0x08009d36       0xd4 ./Middlewares/ST/rfal/Src/rfal_nfcv.o
                0x08009d36                rfalNfcvPollerInventory
 .text.rfalNfcvPollerCollisionResolution
                0x08009e0a      0x368 ./Middlewares/ST/rfal/Src/rfal_nfcv.o
                0x08009e0a                rfalNfcvPollerCollisionResolution
 *fill*         0x0800a172        0x2 
 .text.rfalNfcvPollerTransceiveReq
                0x0800a174      0x210 ./Middlewares/ST/rfal/Src/rfal_nfcv.o
                0x0800a174                rfalNfcvPollerTransceiveReq
 .text.rfalST25xVPollerGenericReadConfiguration
                0x0800a384       0x72 ./Middlewares/ST/rfal/Src/rfal_st25xv.o
 .text.rfalST25xVPollerGenericReadMessageLength
                0x0800a3f6       0x66 ./Middlewares/ST/rfal/Src/rfal_st25xv.o
 .text.rfalST25xVPollerGenericReadMessage
                0x0800a45c       0x68 ./Middlewares/ST/rfal/Src/rfal_st25xv.o
 .text.rfalST25xVPollerReadDynamicConfiguration
                0x0800a4c4       0x2e ./Middlewares/ST/rfal/Src/rfal_st25xv.o
                0x0800a4c4                rfalST25xVPollerReadDynamicConfiguration
 .text.rfalST25xVPollerReadMessageLength
                0x0800a4f2       0x24 ./Middlewares/ST/rfal/Src/rfal_st25xv.o
                0x0800a4f2                rfalST25xVPollerReadMessageLength
 .text.rfalST25xVPollerReadMessage
                0x0800a516       0x40 ./Middlewares/ST/rfal/Src/rfal_st25xv.o
                0x0800a516                rfalST25xVPollerReadMessage
 .text._Error_Handler
                0x0800a556        0xe ./X-CUBE-NFC12/Target/nfc_conf.o
                0x0800a556                _Error_Handler
 .text.timerCalcDiff
                0x0800a564       0x24 ./X-CUBE-NFC12/Target/timer.o
 .text.timerCalculateTimer
                0x0800a588       0x1c ./X-CUBE-NFC12/Target/timer.o
                0x0800a588                timerCalculateTimer
 .text.timerIsExpired
                0x0800a5a4       0x1c ./X-CUBE-NFC12/Target/timer.o
                0x0800a5a4                timerIsExpired
 .text.timerGetRemaining
                0x0800a5c0       0x26 ./X-CUBE-NFC12/Target/timer.o
                0x0800a5c0                timerGetRemaining
 *fill*         0x0800a5e6        0x2 
 .text.std      0x0800a5e8       0x6c C:/ST/STM32CubeIDE_1.16.1/STM32CubeIDE/plugins/com.st.stm32cube.ide.mcu.externaltools.gnu-tools-for-stm32.13.3.rel1.win32_1.0.100.202509120712/tools/bin/../lib/gcc/arm-none-eabi/13.3.1/../../../../arm-none-eabi/lib/thumb/v7-m/nofp\libc_nano.a(libc_a-findfp.o)
 .text.stdio_exit_handler
                0x0800a654       0x18 C:/ST/STM32CubeIDE_1.16.1/STM32CubeIDE/plugins/com.st.stm32cube.ide.mcu.externaltools.gnu-tools-for-stm32.13.3.rel1.win32_1.0.100.202509120712/tools/bin/../lib/gcc/arm-none-eabi/13.3.1/../../../../arm-none-eabi/lib/thumb/v7-m/nofp\libc_nano.a(libc_a-findfp.o)
 .text.cleanup_stdio
                0x0800a66c       0x40 C:/ST/STM32CubeIDE_1.16.1/STM32CubeIDE/plugins/com.st.stm32cube.ide.mcu.externaltools.gnu-tools-for-stm32.13.3.rel1.win32_1.0.100.202509120712/tools/bin/../lib/gcc/arm-none-eabi/13.3.1/../../../../arm-none-eabi/lib/thumb/v7-m/nofp\libc_nano.a(libc_a-findfp.o)
 .text.global_stdio_init.part.0
                0x0800a6ac       0x3c C:/ST/STM32CubeIDE_1.16.1/STM32CubeIDE/plugins/com.st.stm32cube.ide.mcu.externaltools.gnu-tools-for-stm32.13.3.rel1.win32_1.0.100.202509120712/tools/bin/../lib/gcc/arm-none-eabi/13.3.1/../../../../arm-none-eabi/lib/thumb/v7-m/nofp\libc_nano.a(libc_a-findfp.o)
 .text.__sfp_lock_acquire
                0x0800a6e8        0xc C:/ST/STM32CubeIDE_1.16.1/STM32CubeIDE/plugins/com.st.stm32cube.ide.mcu.externaltools.gnu-tools-for-stm32.13.3.rel1.win32_1.0.100.202509120712/tools/bin/../lib/gcc/arm-none-eabi/13.3.1/../../../../arm-none-eabi/lib/thumb/v7-m/nofp\libc_nano.a(libc_a-findfp.o)
                0x0800a6e8                __sfp_lock_acquire
 .text.__sfp_lock_release
                0x0800a6f4        0xc C:/ST/STM32CubeIDE_1.16.1/STM32CubeIDE/plugins/com.st.stm32cube.ide.mcu.externaltools.gnu-tools-for-stm32.13.3.rel1.win32_1.0.100.202509120712/tools/bin/../lib/gcc/arm-none-eabi/13.3.1/../../../../arm-none-eabi/lib/thumb/v7-m/nofp\libc_nano.a(libc_a-findfp.o)
                0x0800a6f4                __sfp_lock_release
 .text.__sinit  0x0800a700       0x30 C:/ST/STM32CubeIDE_1.16.1/STM32CubeIDE/plugins/com.st.stm32cube.ide.mcu.externaltools.gnu-tools-for-stm32.13.3.rel1.win32_1.0.100.202509120712/tools/bin/../lib/gcc/arm-none-eabi/13.3.1/../../../../arm-none-eabi/lib/thumb/v7-m/nofp\libc_nano.a(libc_a-findfp.o)
                0x0800a700                __sinit
 .text._fwalk_sglue
                0x0800a730       0x3c C:/ST/STM32CubeIDE_1.16.1/STM32CubeIDE/plugins/com.st.stm32cube.ide.mcu.externaltools.gnu-tools-for-stm32.13.3.rel1.win32_1.0.100.202509120712/tools/bin/../lib/gcc/arm-none-eabi/13.3.1/../../../../arm-none-eabi/lib/thumb/v7-m/nofp\libc_nano.a(libc_a-fwalk.o)
                0x0800a730                _fwalk_sglue
 .text.setvbuf  0x0800a76c      0x168 C:/ST/STM32CubeIDE_1.16.1/STM32CubeIDE/plugins/com.st.stm32cube.ide.mcu.externaltools.gnu-tools-for-stm32.13.3.rel1.win32_1.0.100.202509120712/tools/bin/../lib/gcc/arm-none-eabi/13.3.1/../../../../arm-none-eabi/lib/thumb/v7-m/nofp\libc_nano.a(libc_a-setvbuf.o)
                0x0800a76c                setvbuf
 .text.__sread  0x0800a8d4       0x22 C:/ST/STM32CubeIDE_1.16.1/STM32CubeIDE/plugins/com.st.stm32cube.ide.mcu.externaltools.gnu-tools-for-stm32.13.3.rel1.win32_1.0.100.202509120712/tools/bin/../lib/gcc/arm-none-eabi/13.3.1/../../../../arm-none-eabi/lib/thumb/v7-m/nofp\libc_nano.a(libc_a-stdio.o)
                0x0800a8d4                __sread
 .text.__swrite
                0x0800a8f6       0x38 C:/ST/STM32CubeIDE_1.16.1/STM32CubeIDE/plugins/com.st.stm32cube.ide.mcu.externaltools.gnu-tools-for-stm32.13.3.rel1.win32_1.0.100.202509120712/tools/bin/../lib/gcc/arm-none-eabi/13.3.1/../../../../arm-none-eabi/lib/thumb/v7-m/nofp\libc_nano.a(libc_a-stdio.o)
                0x0800a8f6                __swrite
 .text.__sseek  0x0800a92e       0x24 C:/ST/STM32CubeIDE_1.16.1/STM32CubeIDE/plugins/com.st.stm32cube.ide.mcu.externaltools.gnu-tools-for-stm32.13.3.rel1.win32_1.0.100.202509120712/tools/bin/../lib/gcc/arm-none-eabi/13.3.1/../../../../arm-none-eabi/lib/thumb/v7-m/nofp\libc_nano.a(libc_a-stdio.o)
                0x0800a92e                __sseek
 .text.__sclose
                0x0800a952        0x8 C:/ST/STM32CubeIDE_1.16.1/STM32CubeIDE/plugins/com.st.stm32cube.ide.mcu.externaltools.gnu-tools-for-stm32.13.3.rel1.win32_1.0.100.202509120712/tools/bin/../lib/gcc/arm-none-eabi/13.3.1/../../../../arm-none-eabi/lib/thumb/v7-m/nofp\libc_nano.a(libc_a-stdio.o)
                0x0800a952                __sclose
 .text._vsnprintf_r
                0x0800a95a       0x5c C:/ST/STM32CubeIDE_1.16.1/STM32CubeIDE/plugins/com.st.stm32cube.ide.mcu.externaltools.gnu-tools-for-stm32.13.3.rel1.win32_1.0.100.202509120712/tools/bin/../lib/gcc/arm-none-eabi/13.3.1/../../../../arm-none-eabi/lib/thumb/v7-m/nofp\libc_nano.a(libc_a-vsnprintf.o)
                0x0800a95a                _vsniprintf_r
                0x0800a95a                _vsnprintf_r
 *fill*         0x0800a9b6        0x2 
 .text.vsnprintf
                0x0800a9b8       0x1c C:/ST/STM32CubeIDE_1.16.1/STM32CubeIDE/plugins/com.st.stm32cube.ide.mcu.externaltools.gnu-tools-for-stm32.13.3.rel1.win32_1.0.100.202509120712/tools/bin/../lib/gcc/arm-none-eabi/13.3.1/../../../../arm-none-eabi/lib/thumb/v7-m/nofp\libc_nano.a(libc_a-vsnprintf.o)
                0x0800a9b8                vsniprintf
                0x0800a9b8                vsnprintf
 .text.memcmp   0x0800a9d4       0x20 C:/ST/STM32CubeIDE_1.16.1/STM32CubeIDE/plugins/com.st.stm32cube.ide.mcu.externaltools.gnu-tools-for-stm32.13.3.rel1.win32_1.0.100.202509120712/tools/bin/../lib/gcc/arm-none-eabi/13.3.1/../../../../arm-none-eabi/lib/thumb/v7-m/nofp\libc_nano.a(libc_a-memcmp.o)
                0x0800a9d4                memcmp
 .text.memmove  0x0800a9f4       0x34 C:/ST/STM32CubeIDE_1.16.1/STM32CubeIDE/plugins/com.st.stm32cube.ide.mcu.externaltools.gnu-tools-for-stm32.13.3.rel1.win32_1.0.100.202509120712/tools/bin/../lib/gcc/arm-none-eabi/13.3.1/../../../../arm-none-eabi/lib/thumb/v7-m/nofp\libc_nano.a(libc_a-memmove.o)
                0x0800a9f4                memmove
 .text.memset   0x0800aa28       0x10 C:/ST/STM32CubeIDE_1.16.1/STM32CubeIDE/plugins/com.st.stm32cube.ide.mcu.externaltools.gnu-tools-for-stm32.13.3.rel1.win32_1.0.100.202509120712/tools/bin/../lib/gcc/arm-none-eabi/13.3.1/../../../../arm-none-eabi/lib/thumb/v7-m/nofp\libc_nano.a(libc_a-memset.o)
                0x0800aa28                memset
 .text._close_r
                0x0800aa38       0x20 C:/ST/STM32CubeIDE_1.16.1/STM32CubeIDE/plugins/com.st.stm32cube.ide.mcu.externaltools.gnu-tools-for-stm32.13.3.rel1.win32_1.0.100.202509120712/tools/bin/../lib/gcc/arm-none-eabi/13.3.1/../../../../arm-none-eabi/lib/thumb/v7-m/nofp\libc_nano.a(libc_a-closer.o)
                0x0800aa38                _close_r
 .text._lseek_r
                0x0800aa58       0x24 C:/ST/STM32CubeIDE_1.16.1/STM32CubeIDE/plugins/com.st.stm32cube.ide.mcu.externaltools.gnu-tools-for-stm32.13.3.rel1.win32_1.0.100.202509120712/tools/bin/../lib/gcc/arm-none-eabi/13.3.1/../../../../arm-none-eabi/lib/thumb/v7-m/nofp\libc_nano.a(libc_a-lseekr.o)
                0x0800aa58                _lseek_r
 .text._read_r  0x0800aa7c       0x24 C:/ST/STM32CubeIDE_1.16.1/STM32CubeIDE/plugins/com.st.stm32cube.ide.mcu.externaltools.gnu-tools-for-stm32.13.3.rel1.win32_1.0.100.202509120712/tools/bin/../lib/gcc/arm-none-eabi/13.3.1/../../../../arm-none-eabi/lib/thumb/v7-m/nofp\libc_nano.a(libc_a-readr.o)
                0x0800aa7c                _read_r
 .text._write_r
                0x0800aaa0       0x24 C:/ST/STM32CubeIDE_1.16.1/STM32CubeIDE/plugins/com.st.stm32cube.ide.mcu.externaltools.gnu-tools-for-stm32.13.3.rel1.win32_1.0.100.202509120712/tools/bin/../lib/gcc/arm-none-eabi/13.3.1/../../../../arm-none-eabi/lib/thumb/v7-m/nofp\libc_nano.a(libc_a-writer.o)
                0x0800aaa0                _write_r
 .text.__errno  0x0800aac4        0xc C:/ST/STM32CubeIDE_1.16.1/STM32CubeIDE/plugins/com.st.stm32cube.ide.mcu.externaltools.gnu-tools-for-stm32.13.3.rel1.win32_1.0.100.202509120712/tools/bin/../lib/gcc/arm-none-eabi/13.3.1/../../../../arm-none-eabi/lib/thumb/v7-m/nofp\libc_nano.a(libc_a-errno.o)
                0x0800aac4                __errno
 .text.__libc_init_array
                0x0800aad0       0x48 C:/ST/STM32CubeIDE_1.16.1/STM32CubeIDE/plugins/com.st.stm32cube.ide.mcu.externaltools.gnu-tools-for-stm32.13.3.rel1.win32_1.0.100.202509120712/tools/bin/../lib/gcc/arm-none-eabi/13.3.1/../../../../arm-none-eabi/lib/thumb/v7-m/nofp\libc_nano.a(libc_a-init.o)
                0x0800aad0                __libc_init_array
 .text.__retarget_lock_init_recursive
                0x0800ab18        0x2 C:/ST/STM32CubeIDE_1.16.1/STM32CubeIDE/plugins/com.st.stm32cube.ide.mcu.externaltools.gnu-tools-for-stm32.13.3.rel1.win32_1.0.100.202509120712/tools/bin/../lib/gcc/arm-none-eabi/13.3.1/../../../../arm-none-eabi/lib/thumb/v7-m/nofp\libc_nano.a(libc_a-lock.o)
                0x0800ab18                __retarget_lock_init_recursive
 .text.__retarget_lock_acquire_recursive
                0x0800ab1a        0x2 C:/ST/STM32CubeIDE_1.16.1/STM32CubeIDE/plugins/com.st.stm32cube.ide.mcu.externaltools.gnu-tools-for-stm32.13.3.rel1.win32_1.0.100.202509120712/tools/bin/../lib/gcc/arm-none-eabi/13.3.1/../../../../arm-none-eabi/lib/thumb/v7-m/nofp\libc_nano.a(libc_a-lock.o)
                0x0800ab1a                __retarget_lock_acquire_recursive
 .text.__retarget_lock_release_recursive
                0x0800ab1c        0x2 C:/ST/STM32CubeIDE_1.16.1/STM32CubeIDE/plugins/com.st.stm32cube.ide.mcu.externaltools.gnu-tools-for-stm32.13.3.rel1.win32_1.0.100.202509120712/tools/bin/../lib/gcc/arm-none-eabi/13.3.1/../../../../arm-none-eabi/lib/thumb/v7-m/nofp\libc_nano.a(libc_a-lock.o)
                0x0800ab1c                __retarget_lock_release_recursive
 .text.memcpy   0x0800ab1e       0x1c C:/ST/STM32CubeIDE_1.16.1/STM32CubeIDE/plugins/com.st.stm32cube.ide.mcu.externaltools.gnu-tools-for-stm32.13.3.rel1.win32_1.0.100.202509120712/tools/bin/../lib/gcc/arm-none-eabi/13.3.1/../../../../arm-none-eabi/lib/thumb/v7-m/nofp\libc_nano.a(libc_a-memcpy-stub.o)
                0x0800ab1e                memcpy
 *fill*         0x0800ab3a        0x2 
 .text._free_r  0x0800ab3c       0x90 C:/ST/STM32CubeIDE_1.16.1/STM32CubeIDE/plugins/com.st.stm32cube.ide.mcu.externaltools.gnu-tools-for-stm32.13.3.rel1.win32_1.0.100.202509120712/tools/bin/../lib/gcc/arm-none-eabi/13.3.1/../../../../arm-none-eabi/lib/thumb/v7-m/nofp\libc_nano.a(libc_a-freer.o)
                0x0800ab3c                _free_r
 .text.malloc   0x0800abcc       0x10 C:/ST/STM32CubeIDE_1.16.1/STM32CubeIDE/plugins/com.st.stm32cube.ide.mcu.externaltools.gnu-tools-for-stm32.13.3.rel1.win32_1.0.100.202509120712/tools/bin/../lib/gcc/arm-none-eabi/13.3.1/../../../../arm-none-eabi/lib/thumb/v7-m/nofp\libc_nano.a(libc_a-malloc.o)
                0x0800abcc                malloc
 .text.sbrk_aligned
                0x0800abdc       0x44 C:/ST/STM32CubeIDE_1.16.1/STM32CubeIDE/plugins/com.st.stm32cube.ide.mcu.externaltools.gnu-tools-for-stm32.13.3.rel1.win32_1.0.100.202509120712/tools/bin/../lib/gcc/arm-none-eabi/13.3.1/../../../../arm-none-eabi/lib/thumb/v7-m/nofp\libc_nano.a(libc_a-mallocr.o)
 .text._malloc_r
                0x0800ac20      0x100 C:/ST/STM32CubeIDE_1.16.1/STM32CubeIDE/plugins/com.st.stm32cube.ide.mcu.externaltools.gnu-tools-for-stm32.13.3.rel1.win32_1.0.100.202509120712/tools/bin/../lib/gcc/arm-none-eabi/13.3.1/../../../../arm-none-eabi/lib/thumb/v7-m/nofp\libc_nano.a(libc_a-mallocr.o)
                0x0800ac20                _malloc_r
 .text.__malloc_lock
                0x0800ad20        0xc C:/ST/STM32CubeIDE_1.16.1/STM32CubeIDE/plugins/com.st.stm32cube.ide.mcu.externaltools.gnu-tools-for-stm32.13.3.rel1.win32_1.0.100.202509120712/tools/bin/../lib/gcc/arm-none-eabi/13.3.1/../../../../arm-none-eabi/lib/thumb/v7-m/nofp\libc_nano.a(libc_a-mlock.o)
                0x0800ad20                __malloc_lock
 .text.__malloc_unlock
                0x0800ad2c        0xc C:/ST/STM32CubeIDE_1.16.1/STM32CubeIDE/plugins/com.st.stm32cube.ide.mcu.externaltools.gnu-tools-for-stm32.13.3.rel1.win32_1.0.100.202509120712/tools/bin/../lib/gcc/arm-none-eabi/13.3.1/../../../../arm-none-eabi/lib/thumb/v7-m/nofp\libc_nano.a(libc_a-mlock.o)
                0x0800ad2c                __malloc_unlock
 .text.__ssputs_r
                0x0800ad38       0xb6 C:/ST/STM32CubeIDE_1.16.1/STM32CubeIDE/plugins/com.st.stm32cube.ide.mcu.externaltools.gnu-tools-for-stm32.13.3.rel1.win32_1.0.100.202509120712/tools/bin/../lib/gcc/arm-none-eabi/13.3.1/../../../../arm-none-eabi/lib/thumb/v7-m/nofp\libc_nano.a(libc_a-nano-svfprintf.o)
                0x0800ad38                __ssputs_r
 *fill*         0x0800adee        0x2 
 .text._svfprintf_r
                0x0800adf0      0x1f8 C:/ST/STM32CubeIDE_1.16.1/STM32CubeIDE/plugins/com.st.stm32cube.ide.mcu.externaltools.gnu-tools-for-stm32.13.3.rel1.win32_1.0.100.202509120712/tools/bin/../lib/gcc/arm-none-eabi/13.3.1/../../../../arm-none-eabi/lib/thumb/v7-m/nofp\libc_nano.a(libc_a-nano-svfprintf.o)
                0x0800adf0                _svfiprintf_r
                0x0800adf0                _svfprintf_r
 .text._printf_common
                0x0800afe8       0xe4 C:/ST/STM32CubeIDE_1.16.1/STM32CubeIDE/plugins/com.st.stm32cube.ide.mcu.externaltools.gnu-tools-for-stm32.13.3.rel1.win32_1.0.100.202509120712/tools/bin/../lib/gcc/arm-none-eabi/13.3.1/../../../../arm-none-eabi/lib/thumb/v7-m/nofp\libc_nano.a(libc_a-nano-vfprintf_i.o)
                0x0800afe8                _printf_common
 .text._printf_i
                0x0800b0cc      0x23c C:/ST/STM32CubeIDE_1.16.1/STM32CubeIDE/plugins/com.st.stm32cube.ide.mcu.externaltools.gnu-tools-for-stm32.13.3.rel1.win32_1.0.100.202509120712/tools/bin/../lib/gcc/arm-none-eabi/13.3.1/../../../../arm-none-eabi/lib/thumb/v7-m/nofp\libc_nano.a(libc_a-nano-vfprintf_i.o)
                0x0800b0cc                _printf_i
 .text.__sflush_r
                0x0800b308      0x100 C:/ST/STM32CubeIDE_1.16.1/STM32CubeIDE/plugins/com.st.stm32cube.ide.mcu.externaltools.gnu-tools-for-stm32.13.3.rel1.win32_1.0.100.202509120712/tools/bin/../lib/gcc/arm-none-eabi/13.3.1/../../../../arm-none-eabi/lib/thumb/v7-m/nofp\libc_nano.a(libc_a-fflush.o)
                0x0800b308                __sflush_r
 .text._fflush_r
                0x0800b408       0x50 C:/ST/STM32CubeIDE_1.16.1/STM32CubeIDE/plugins/com.st.stm32cube.ide.mcu.externaltools.gnu-tools-for-stm32.13.3.rel1.win32_1.0.100.202509120712/tools/bin/../lib/gcc/arm-none-eabi/13.3.1/../../../../arm-none-eabi/lib/thumb/v7-m/nofp\libc_nano.a(libc_a-fflush.o)
                0x0800b408                _fflush_r
 .text.__swhatbuf_r
                0x0800b458       0x4a C:/ST/STM32CubeIDE_1.16.1/STM32CubeIDE/plugins/com.st.stm32cube.ide.mcu.externaltools.gnu-tools-for-stm32.13.3.rel1.win32_1.0.100.202509120712/tools/bin/../lib/gcc/arm-none-eabi/13.3.1/../../../../arm-none-eabi/lib/thumb/v7-m/nofp\libc_nano.a(libc_a-makebuf.o)
                0x0800b458                __swhatbuf_r
 *fill*         0x0800b4a2        0x2 
 .text._fstat_r
                0x0800b4a4       0x24 C:/ST/STM32CubeIDE_1.16.1/STM32CubeIDE/plugins/com.st.stm32cube.ide.mcu.externaltools.gnu-tools-for-stm32.13.3.rel1.win32_1.0.100.202509120712/tools/bin/../lib/gcc/arm-none-eabi/13.3.1/../../../../arm-none-eabi/lib/thumb/v7-m/nofp\libc_nano.a(libc_a-fstatr.o)
                0x0800b4a4                _fstat_r
 .text._sbrk_r  0x0800b4c8       0x20 C:/ST/STM32CubeIDE_1.16.1/STM32CubeIDE/plugins/com.st.stm32cube.ide.mcu.externaltools.gnu-tools-for-stm32.13.3.rel1.win32_1.0.100.202509120712/tools/bin/../lib/gcc/arm-none-eabi/13.3.1/../../../../arm-none-eabi/lib/thumb/v7-m/nofp\libc_nano.a(libc_a-sbrkr.o)
                0x0800b4c8                _sbrk_r
 .text.memchr   0x0800b4e8       0x1c C:/ST/STM32CubeIDE_1.16.1/STM32CubeIDE/plugins/com.st.stm32cube.ide.mcu.externaltools.gnu-tools-for-stm32.13.3.rel1.win32_1.0.100.202509120712/tools/bin/../lib/gcc/arm-none-eabi/13.3.1/../../../../arm-none-eabi/lib/thumb/v7-m/nofp\libc_nano.a(libc_a-memchr-stub.o)
                0x0800b4e8                memchr
 .text._realloc_r
                0x0800b504       0x5c C:/ST/STM32CubeIDE_1.16.1/STM32CubeIDE/plugins/com.st.stm32cube.ide.mcu.externaltools.gnu-tools-for-stm32.13.3.rel1.win32_1.0.100.202509120712/tools/bin/../lib/gcc/arm-none-eabi/13.3.1/../../../../arm-none-eabi/lib/thumb/v7-m/nofp\libc_nano.a(libc_a-reallocr.o)
                0x0800b504                _realloc_r
 .text._malloc_usable_size_r
                0x0800b560       0x10 C:/ST/STM32CubeIDE_1.16.1/STM32CubeIDE/plugins/com.st.stm32cube.ide.mcu.externaltools.gnu-tools-for-stm32.13.3.rel1.win32_1.0.100.202509120712/tools/bin/../lib/gcc/arm-none-eabi/13.3.1/../../../../arm-none-eabi/lib/thumb/v7-m/nofp\libc_nano.a(libc_a-msizer.o)
                0x0800b560                _malloc_usable_size_r
 *(.glue_7)
 .glue_7        0x0800b570        0x0 linker stubs
 *(.glue_7t)
 .glue_7t       0x0800b570        0x0 linker stubs
 *(.eh_frame)
 .eh_frame      0x0800b570        0x0 C:/ST/STM32CubeIDE_1.16.1/STM32CubeIDE/plugins/com.st.stm32cube.ide.mcu.externaltools.gnu-tools-for-stm32.13.3.rel1.win32_1.0.100.202509120712/tools/bin/../lib/gcc/arm-none-eabi/13.3.1/thumb/v7-m/nofp/crtbegin.o
 *(.init)
 .init          0x0800b570        0x4 C:/ST/STM32CubeIDE_1.16.1/STM32CubeIDE/plugins/com.st.stm32cube.ide.mcu.externaltools.gnu-tools-for-stm32.13.3.rel1.win32_1.0.100.202509120712/tools/bin/../lib/gcc/arm-none-eabi/13.3.1/thumb/v7-m/nofp/crti.o
                0x0800b570                _init
 .init          0x0800b574        0x8 C:/ST/STM32CubeIDE_1.16.1/STM32CubeIDE/plugins/com.st.stm32cube.ide.mcu.externaltools.gnu-tools-for-stm32.13.3.rel1.win32_1.0.100.202509120712/tools/bin/../lib/gcc/arm-none-eabi/13.3.1/thumb/v7-m/nofp/crtn.o
 *(.fini)
 .fini          0x0800b57c        0x4 C:/ST/STM32CubeIDE_1.16.1/STM32CubeIDE/plugins/com.st.stm32cube.ide.mcu.externaltools.gnu-tools-for-stm32.13.3.rel1.win32_1.0.100.202509120712/tools/bin/../lib/gcc/arm-none-eabi/13.3.1/thumb/v7-m/nofp/crti.o
                0x0800b57c                _fini
 .fini          0x0800b580        0x8 C:/ST/STM32CubeIDE_1.16.1/STM32CubeIDE/plugins/com.st.stm32cube.ide.mcu.externaltools.gnu-tools-for-stm32.13.3.rel1.win32_1.0.100.202509120712/tools/bin/../lib/gcc/arm-none-eabi/13.3.1/thumb/v7-m/nofp/crtn.o
                0x0800b588                        . = ALIGN (0x4)
                0x0800b588                        _etext = .

.vfp11_veneer   0x0800b588        0x0
 .vfp11_veneer  0x0800b588        0x0 linker stubs

.v4_bx          0x0800b588        0x0
 .v4_bx         0x0800b588        0x0 linker stubs

.iplt           0x0800b588        0x0
 .iplt          0x0800b588        0x0 C:/ST/STM32CubeIDE_1.16.1/STM32CubeIDE/plugins/com.st.stm32cube.ide.mcu.externaltools.gnu-tools-for-stm32.13.3.rel1.win32_1.0.100.202509120712/tools/bin/../lib/gcc/arm-none-eabi/13.3.1/thumb/v7-m/nofp/crtbegin.o

.rodata         0x0800b588      0x594
                0x0800b588                        . = ALIGN (0x4)
 *(.rodata)
 .rodata        0x0800b588      0x14b ./Core/Src/main.o
 *fill*         0x0800b6d3        0x1 
 .rodata        0x0800b6d4       0x2e ./Drivers/BSP/Components/st25r500/st25r500.o
 *(.rodata*)
 *fill*         0x0800b702        0x2 
 .rodata.AHBPrescTable
                0x0800b704       0x10 ./Core/Src/system_stm32f1xx.o
                0x0800b704                AHBPrescTable
 .rodata.APBPrescTable
                0x0800b714        0x8 ./Core/Src/system_stm32f1xx.o
                0x0800b714                APBPrescTable
 .rodata.aPLLMULFactorTable.1
                0x0800b71c       0x10 ./Drivers/STM32F1xx_HAL_Driver/Src/stm32f1xx_hal_rcc.o
 .rodata.aPredivFactorTable.0
                0x0800b72c        0x2 ./Drivers/STM32F1xx_HAL_Driver/Src/stm32f1xx_hal_rcc.o
 *fill*         0x0800b72e        0x2 
 .rodata.rfalAnalogConfigDefaultSettings
                0x0800b730      0x3b7 ./Middlewares/ST/rfal/Src/rfal_analogConfig.o
                0x0800b730                rfalAnalogConfigDefaultSettings
 .rodata._svfprintf_r.str1.1
                0x0800bae7       0x33 C:/ST/STM32CubeIDE_1.16.1/STM32CubeIDE/plugins/com.st.stm32cube.ide.mcu.externaltools.gnu-tools-for-stm32.13.3.rel1.win32_1.0.100.202509120712/tools/bin/../lib/gcc/arm-none-eabi/13.3.1/../../../../arm-none-eabi/lib/thumb/v7-m/nofp\libc_nano.a(libc_a-nano-svfprintf.o)
                                 0x11 (size before relaxing)
 .rodata._printf_i.str1.1
                0x0800bb1a        0x0 C:/ST/STM32CubeIDE_1.16.1/STM32CubeIDE/plugins/com.st.stm32cube.ide.mcu.externaltools.gnu-tools-for-stm32.13.3.rel1.win32_1.0.100.202509120712/tools/bin/../lib/gcc/arm-none-eabi/13.3.1/../../../../arm-none-eabi/lib/thumb/v7-m/nofp\libc_nano.a(libc_a-nano-vfprintf_i.o)
                                 0x22 (size before relaxing)
                0x0800bb1c                        . = ALIGN (0x4)
 *fill*         0x0800bb1a        0x2 

.ARM.extab      0x0800bb1c        0x0
                0x0800bb1c                        . = ALIGN (0x4)
 *(.ARM.extab* .gnu.linkonce.armextab.*)
                0x0800bb1c                        . = ALIGN (0x4)

.ARM            0x0800bb1c        0x8
                0x0800bb1c                        . = ALIGN (0x4)
                0x0800bb1c                        __exidx_start = .
 *(.ARM.exidx*)
 .ARM.exidx     0x0800bb1c        0x8 C:/ST/STM32CubeIDE_1.16.1/STM32CubeIDE/plugins/com.st.stm32cube.ide.mcu.externaltools.gnu-tools-for-stm32.13.3.rel1.win32_1.0.100.202509120712/tools/bin/../lib/gcc/arm-none-eabi/13.3.1/../../../../arm-none-eabi/lib/thumb/v7-m/nofp\libc_nano.a(libc_a-strlen.o)
                0x0800bb24                        __exidx_end = .
                0x0800bb24                        . = ALIGN (0x4)

.preinit_array  0x0800bb24        0x0
                0x0800bb24                        . = ALIGN (0x4)
                0x0800bb24                        PROVIDE (__preinit_array_start = .)
 *(.preinit_array*)
                0x0800bb24                        PROVIDE (__preinit_array_end = .)
                0x0800bb24                        . = ALIGN (0x4)

.init_array     0x0800bb24        0x4
                0x0800bb24                        . = ALIGN (0x4)
                0x0800bb24                        PROVIDE (__init_array_start = .)
 *(SORT_BY_NAME(.init_array.*))
 *(.init_array*)
 .init_array    0x0800bb24        0x4 C:/ST/STM32CubeIDE_1.16.1/STM32CubeIDE/plugins/com.st.stm32cube.ide.mcu.externaltools.gnu-tools-for-stm32.13.3.rel1.win32_1.0.100.202509120712/tools/bin/../lib/gcc/arm-none-eabi/13.3.1/thumb/v7-m/nofp/crtbegin.o
                0x0800bb28                        PROVIDE (__init_array_end = .)
                0x0800bb28                        . = ALIGN (0x4)

.fini_array     0x0800bb28        0x4
                0x0800bb28                        . = ALIGN (0x4)
                [!provide]                        PROVIDE (__fini_array_start = .)
 *(SORT_BY_NAME(.fini_array.*))
 *(.fini_array*)
 .fini_array    0x0800bb28        0x4 C:/ST/STM32CubeIDE_1.16.1/STM32CubeIDE/plugins/com.st.stm32cube.ide.mcu.externaltools.gnu-tools-for-stm32.13.3.rel1.win32_1.0.100.202509120712/tools/bin/../lib/gcc/arm-none-eabi/13.3.1/thumb/v7-m/nofp/crtbegin.o
                [!provide]                        PROVIDE (__fini_array_end = .)
                0x0800bb2c                        . = ALIGN (0x4)
                0x0800bb2c                        _sidata = LOADADDR (.data)

.rel.dyn        0x0800bb2c        0x0
 .rel.iplt      0x0800bb2c        0x0 C:/ST/STM32CubeIDE_1.16.1/STM32CubeIDE/plugins/com.st.stm32cube.ide.mcu.externaltools.gnu-tools-for-stm32.13.3.rel1.win32_1.0.100.202509120712/tools/bin/../lib/gcc/arm-none-eabi/13.3.1/thumb/v7-m/nofp/crtbegin.o

.data           0x20000000       0x6c load address 0x0800bb2c
                0x20000000                        . = ALIGN (0x4)
                0x20000000                        _sdata = .
 *(.data)
 *(.data*)
 .data.lastCtrl.0
                0x20000000        0x1 ./Core/Src/main.o
 *fill*         0x20000001        0x3 
 .data.SystemCoreClock
                0x20000004        0x4 ./Core/Src/system_stm32f1xx.o
                0x20000004                SystemCoreClock
 .data.uwTickPrio
                0x20000008        0x4 ./Drivers/STM32F1xx_HAL_Driver/Src/stm32f1xx_hal.o
                0x20000008                uwTickPrio
 .data.uwTickFreq
                0x2000000c        0x1 ./Drivers/STM32F1xx_HAL_Driver/Src/stm32f1xx_hal.o
                0x2000000c                uwTickFreq
 *fill*         0x2000000d        0x3 
 .data.__sglue  0x20000010        0xc C:/ST/STM32CubeIDE_1.16.1/STM32CubeIDE/plugins/com.st.stm32cube.ide.mcu.externaltools.gnu-tools-for-stm32.13.3.rel1.win32_1.0.100.202509120712/tools/bin/../lib/gcc/arm-none-eabi/13.3.1/../../../../arm-none-eabi/lib/thumb/v7-m/nofp\libc_nano.a(libc_a-findfp.o)
                0x20000010                __sglue
 .data._impure_ptr
                0x2000001c        0x4 C:/ST/STM32CubeIDE_1.16.1/STM32CubeIDE/plugins/com.st.stm32cube.ide.mcu.externaltools.gnu-tools-for-stm32.13.3.rel1.win32_1.0.100.202509120712/tools/bin/../lib/gcc/arm-none-eabi/13.3.1/../../../../arm-none-eabi/lib/thumb/v7-m/nofp\libc_nano.a(libc_a-impure.o)
                0x2000001c                _impure_ptr
 .data._impure_data
                0x20000020       0x4c C:/ST/STM32CubeIDE_1.16.1/STM32CubeIDE/plugins/com.st.stm32cube.ide.mcu.externaltools.gnu-tools-for-stm32.13.3.rel1.win32_1.0.100.202509120712/tools/bin/../lib/gcc/arm-none-eabi/13.3.1/../../../../arm-none-eabi/lib/thumb/v7-m/nofp\libc_nano.a(libc_a-impure.o)
                0x20000020                _impure_data
 *(.RamFunc)
 *(.RamFunc*)
                0x2000006c                        . = ALIGN (0x4)
                0x2000006c                        _edata = .

.igot.plt       0x2000006c        0x0 load address 0x0800bb98
 .igot.plt      0x2000006c        0x0 C:/ST/STM32CubeIDE_1.16.1/STM32CubeIDE/plugins/com.st.stm32cube.ide.mcu.externaltools.gnu-tools-for-stm32.13.3.rel1.win32_1.0.100.202509120712/tools/bin/../lib/gcc/arm-none-eabi/13.3.1/thumb/v7-m/nofp/crtbegin.o
                0x2000006c                        . = ALIGN (0x4)

.bss            0x2000006c      0xf34 load address 0x0800bb98
                0x2000006c                        _sbss = .
                0x2000006c                        __bss_start__ = _sbss
 *(.bss)
 .bss           0x2000006c       0x1c C:/ST/STM32CubeIDE_1.16.1/STM32CubeIDE/plugins/com.st.stm32cube.ide.mcu.externaltools.gnu-tools-for-stm32.13.3.rel1.win32_1.0.100.202509120712/tools/bin/../lib/gcc/arm-none-eabi/13.3.1/thumb/v7-m/nofp/crtbegin.o
 *(.bss*)
 .bss.huart2    0x20000088       0x48 ./Core/Src/main.o
                0x20000088                huart2
 .bss.globalCommProtectCnt
                0x200000d0        0x1 ./Core/Src/main.o
                0x200000d0                globalCommProtectCnt
 *fill*         0x200000d1        0x3 
 .bss.currentUID
                0x200000d4        0x8 ./Core/Src/main.o
                0x200000d4                currentUID
 .bss.failCount
                0x200000dc        0x1 ./Core/Src/main.o
                0x200000dc                failCount
 *fill*         0x200000dd        0x3 
 .bss.discParam
                0x200000e0       0xa8 ./Core/Src/main.o
 .bss.state     0x20000188        0x1 ./Core/Src/main.o
 .bss.multiSel  0x20000189        0x1 ./Core/Src/main.o
 *fill*         0x2000018a        0x2 
 .bss.mbBuffer  0x2000018c      0x110 ./Core/Src/main.o
 .bss.mbText    0x2000029c      0x101 ./Core/Src/main.o
 *fill*         0x2000039d        0x3 
 .bss.nfcDevice.3
                0x200003a0        0x4 ./Core/Src/main.o
 .bss.lastReadTick.2
                0x200003a4        0x4 ./Core/Src/main.o
 .bss.lostCount.1
                0x200003a8        0x1 ./Core/Src/main.o
 *fill*         0x200003a9        0x3 
 .bss.pLogUsart
                0x200003ac        0x4 ./Core/Src/runtime_logger.o
                0x200003ac                pLogUsart
 .bss.hspi1     0x200003b0       0x58 ./Core/Src/stm32f1xx_nucleo_bus.o
                0x200003b0                hspi1
 .bss.SPI1InitCounter
                0x20000408        0x4 ./Core/Src/stm32f1xx_nucleo_bus.o
 .bss.__sbrk_heap_end
                0x2000040c        0x4 ./Core/Src/sysmem.o
 .bss.gRFAL     0x20000410      0x1ec ./Drivers/BSP/Components/st25r500/rfal_rfst25r500.o
 .bss.gST25R500NRT_64fcs
                0x200005fc        0x4 ./Drivers/BSP/Components/st25r500/st25r500.o
 .bss.st25r500interrupt
                0x20000600       0x10 ./Drivers/BSP/Components/st25r500/st25r500_irq.o
 .bss.uwTick    0x20000610        0x4 ./Drivers/STM32F1xx_HAL_Driver/Src/stm32f1xx_hal.o
                0x20000610                uwTick
 .bss.gRfalAnalogConfigMgmt
                0x20000614        0x8 ./Middlewares/ST/rfal/Src/rfal_analogConfig.o
 .bss.gNfcDev   0x2000061c      0x53c ./Middlewares/ST/rfal/Src/rfal_nfc.o
 .bss.nfcaDevList.3
                0x20000b58       0x6e ./Middlewares/ST/rfal/Src/rfal_nfc.o
 .bss.devCnt.2  0x20000bc6        0x1 ./Middlewares/ST/rfal/Src/rfal_nfc.o
 *fill*         0x20000bc7        0x1 
 .bss.nfcbDevList.1
                0x20000bc8       0x4b ./Middlewares/ST/rfal/Src/rfal_nfc.o
 *fill*         0x20000c13        0x1 
 .bss.nfcfDevList.0
                0x20000c14       0x64 ./Middlewares/ST/rfal/Src/rfal_nfc.o
 .bss.gNfca     0x20000c78       0x54 ./Middlewares/ST/rfal/Src/rfal_nfca.o
 .bss.gRfalNfcb
                0x20000ccc       0x30 ./Middlewares/ST/rfal/Src/rfal_nfcb.o
 .bss.gNfcf     0x20000cfc      0x150 ./Middlewares/ST/rfal/Src/rfal_nfcf.o
 .bss.H_EXTI_0  0x20000e4c        0x8 ./X-CUBE-NFC12/Target/nfc_conf.o
                0x20000e4c                H_EXTI_0
 .bss.__sf      0x20000e54      0x138 C:/ST/STM32CubeIDE_1.16.1/STM32CubeIDE/plugins/com.st.stm32cube.ide.mcu.externaltools.gnu-tools-for-stm32.13.3.rel1.win32_1.0.100.202509120712/tools/bin/../lib/gcc/arm-none-eabi/13.3.1/../../../../arm-none-eabi/lib/thumb/v7-m/nofp\libc_nano.a(libc_a-findfp.o)
                0x20000e54                __sf
 .bss.__stdio_exit_handler
                0x20000f8c        0x4 C:/ST/STM32CubeIDE_1.16.1/STM32CubeIDE/plugins/com.st.stm32cube.ide.mcu.externaltools.gnu-tools-for-stm32.13.3.rel1.win32_1.0.100.202509120712/tools/bin/../lib/gcc/arm-none-eabi/13.3.1/../../../../arm-none-eabi/lib/thumb/v7-m/nofp\libc_nano.a(libc_a-findfp.o)
                0x20000f8c                __stdio_exit_handler
 .bss.errno     0x20000f90        0x4 C:/ST/STM32CubeIDE_1.16.1/STM32CubeIDE/plugins/com.st.stm32cube.ide.mcu.externaltools.gnu-tools-for-stm32.13.3.rel1.win32_1.0.100.202509120712/tools/bin/../lib/gcc/arm-none-eabi/13.3.1/../../../../arm-none-eabi/lib/thumb/v7-m/nofp\libc_nano.a(libc_a-reent.o)
                0x20000f90                errno
 .bss.__lock___malloc_recursive_mutex
                0x20000f94        0x1 C:/ST/STM32CubeIDE_1.16.1/STM32CubeIDE/plugins/com.st.stm32cube.ide.mcu.externaltools.gnu-tools-for-stm32.13.3.rel1.win32_1.0.100.202509120712/tools/bin/../lib/gcc/arm-none-eabi/13.3.1/../../../../arm-none-eabi/lib/thumb/v7-m/nofp\libc_nano.a(libc_a-lock.o)
                0x20000f94                __lock___malloc_recursive_mutex
 .bss.__lock___sfp_recursive_mutex
                0x20000f95        0x1 C:/ST/STM32CubeIDE_1.16.1/STM32CubeIDE/plugins/com.st.stm32cube.ide.mcu.externaltools.gnu-tools-for-stm32.13.3.rel1.win32_1.0.100.202509120712/tools/bin/../lib/gcc/arm-none-eabi/13.3.1/../../../../arm-none-eabi/lib/thumb/v7-m/nofp\libc_nano.a(libc_a-lock.o)
                0x20000f95                __lock___sfp_recursive_mutex
 *fill*         0x20000f96        0x2 
 .bss.__malloc_sbrk_start
                0x20000f98        0x4 C:/ST/STM32CubeIDE_1.16.1/STM32CubeIDE/plugins/com.st.stm32cube.ide.mcu.externaltools.gnu-tools-for-stm32.13.3.rel1.win32_1.0.100.202509120712/tools/bin/../lib/gcc/arm-none-eabi/13.3.1/../../../../arm-none-eabi/lib/thumb/v7-m/nofp\libc_nano.a(libc_a-mallocr.o)
                0x20000f98                __malloc_sbrk_start
 .bss.__malloc_free_list
                0x20000f9c        0x4 C:/ST/STM32CubeIDE_1.16.1/STM32CubeIDE/plugins/com.st.stm32cube.ide.mcu.externaltools.gnu-tools-for-stm32.13.3.rel1.win32_1.0.100.202509120712/tools/bin/../lib/gcc/arm-none-eabi/13.3.1/../../../../arm-none-eabi/lib/thumb/v7-m/nofp\libc_nano.a(libc_a-mallocr.o)
                0x20000f9c                __malloc_free_list
 *(COMMON)
                0x20000fa0                        . = ALIGN (0x4)
                0x20000fa0                        _ebss = .
                0x20000fa0                        __bss_end__ = _ebss

._user_heap_stack
                0x20000fa0      0x600 load address 0x0800bb98
                0x20000fa0                        . = ALIGN (0x8)
                [!provide]                        PROVIDE (end = .)
                0x20000fa0                        PROVIDE (_end = .)
                0x200011a0                        . = (. + _Min_Heap_Size)
 *fill*         0x20000fa0      0x200 
                0x200015a0                        . = (. + _Min_Stack_Size)
 *fill*         0x200011a0      0x400 
                0x200015a0                        . = ALIGN (0x8)

/DISCARD/
 libc.a(*)
 libm.a(*)
 libgcc.a(*)

.ARM.attributes
                0x00000000       0x29
 *(.ARM.attributes)
 .ARM.attributes
                0x00000000       0x1d C:/ST/STM32CubeIDE_1.16.1/STM32CubeIDE/plugins/com.st.stm32cube.ide.mcu.externaltools.gnu-tools-for-stm32.13.3.rel1.win32_1.0.100.202509120712/tools/bin/../lib/gcc/arm-none-eabi/13.3.1/thumb/v7-m/nofp/crti.o
 .ARM.attributes
                0x0000001d       0x2d C:/ST/STM32CubeIDE_1.16.1/STM32CubeIDE/plugins/com.st.stm32cube.ide.mcu.externaltools.gnu-tools-for-stm32.13.3.rel1.win32_1.0.100.202509120712/tools/bin/../lib/gcc/arm-none-eabi/13.3.1/thumb/v7-m/nofp/crtbegin.o
 .ARM.attributes
                0x0000004a       0x2d ./Core/Src/main.o
 .ARM.attributes
                0x00000077       0x2d ./Core/Src/runtime_logger.o
 .ARM.attributes
                0x000000a4       0x2d ./Core/Src/stm32f1xx_hal_msp.o
 .ARM.attributes
                0x000000d1       0x2d ./Core/Src/stm32f1xx_it.o
 .ARM.attributes
                0x000000fe       0x2d ./Core/Src/stm32f1xx_nucleo_bus.o
 .ARM.attributes
                0x0000012b       0x2d ./Core/Src/syscalls.o
 .ARM.attributes
                0x00000158       0x2d ./Core/Src/sysmem.o
 .ARM.attributes
                0x00000185       0x2d ./Core/Src/system_stm32f1xx.o
 .ARM.attributes
                0x000001b2       0x21 ./Core/Startup/startup_stm32f103rbtx.o
 .ARM.attributes
                0x000001d3       0x2d ./Drivers/BSP/Components/st25r500/rfal_rfst25r500.o
 .ARM.attributes
                0x00000200       0x2d ./Drivers/BSP/Components/st25r500/st25r500.o
 .ARM.attributes
                0x0000022d       0x2d ./Drivers/BSP/Components/st25r500/st25r500_com.o
 .ARM.attributes
                0x0000025a       0x2d ./Drivers/BSP/Components/st25r500/st25r500_irq.o
 .ARM.attributes
                0x00000287       0x2d ./Drivers/STM32F1xx_HAL_Driver/Src/stm32f1xx_hal.o
 .ARM.attributes
                0x000002b4       0x2d ./Drivers/STM32F1xx_HAL_Driver/Src/stm32f1xx_hal_cortex.o
 .ARM.attributes
                0x000002e1       0x2d ./Drivers/STM32F1xx_HAL_Driver/Src/stm32f1xx_hal_exti.o
 .ARM.attributes
                0x0000030e       0x2d ./Drivers/STM32F1xx_HAL_Driver/Src/stm32f1xx_hal_gpio.o
 .ARM.attributes
                0x0000033b       0x2d ./Drivers/STM32F1xx_HAL_Driver/Src/stm32f1xx_hal_rcc.o
 .ARM.attributes
                0x00000368       0x2d ./Drivers/STM32F1xx_HAL_Driver/Src/stm32f1xx_hal_spi.o
 .ARM.attributes
                0x00000395       0x2d ./Drivers/STM32F1xx_HAL_Driver/Src/stm32f1xx_hal_uart.o
 .ARM.attributes
                0x000003c2       0x2d ./Middlewares/ST/rfal/Src/rfal_analogConfig.o
 .ARM.attributes
                0x000003ef       0x2d ./Middlewares/ST/rfal/Src/rfal_nfc.o
 .ARM.attributes
                0x0000041c       0x2d ./Middlewares/ST/rfal/Src/rfal_nfca.o
 .ARM.attributes
                0x00000449       0x2d ./Middlewares/ST/rfal/Src/rfal_nfcb.o
 .ARM.attributes
                0x00000476       0x2d ./Middlewares/ST/rfal/Src/rfal_nfcf.o
 .ARM.attributes
                0x000004a3       0x2d ./Middlewares/ST/rfal/Src/rfal_nfcv.o
 .ARM.attributes
                0x000004d0       0x2d ./Middlewares/ST/rfal/Src/rfal_st25xv.o
 .ARM.attributes
                0x000004fd       0x2d ./X-CUBE-NFC12/Target/nfc_conf.o
 .ARM.attributes
                0x0000052a       0x2d ./X-CUBE-NFC12/Target/timer.o
 .ARM.attributes
                0x00000557       0x2d C:/ST/STM32CubeIDE_1.16.1/STM32CubeIDE/plugins/com.st.stm32cube.ide.mcu.externaltools.gnu-tools-for-stm32.13.3.rel1.win32_1.0.100.202509120712/tools/bin/../lib/gcc/arm-none-eabi/13.3.1/../../../../arm-none-eabi/lib/thumb/v7-m/nofp\libc_nano.a(libc_a-findfp.o)
 .ARM.attributes
                0x00000584       0x2d C:/ST/STM32CubeIDE_1.16.1/STM32CubeIDE/plugins/com.st.stm32cube.ide.mcu.externaltools.gnu-tools-for-stm32.13.3.rel1.win32_1.0.100.202509120712/tools/bin/../lib/gcc/arm-none-eabi/13.3.1/../../../../arm-none-eabi/lib/thumb/v7-m/nofp\libc_nano.a(libc_a-fwalk.o)
 .ARM.attributes
                0x000005b1       0x2d C:/ST/STM32CubeIDE_1.16.1/STM32CubeIDE/plugins/com.st.stm32cube.ide.mcu.externaltools.gnu-tools-for-stm32.13.3.rel1.win32_1.0.100.202509120712/tools/bin/../lib/gcc/arm-none-eabi/13.3.1/../../../../arm-none-eabi/lib/thumb/v7-m/nofp\libc_nano.a(libc_a-setvbuf.o)
 .ARM.attributes
                0x000005de       0x2d C:/ST/STM32CubeIDE_1.16.1/STM32CubeIDE/plugins/com.st.stm32cube.ide.mcu.externaltools.gnu-tools-for-stm32.13.3.rel1.win32_1.0.100.202509120712/tools/bin/../lib/gcc/arm-none-eabi/13.3.1/../../../../arm-none-eabi/lib/thumb/v7-m/nofp\libc_nano.a(libc_a-stdio.o)
 .ARM.attributes
                0x0000060b       0x2d C:/ST/STM32CubeIDE_1.16.1/STM32CubeIDE/plugins/com.st.stm32cube.ide.mcu.externaltools.gnu-tools-for-stm32.13.3.rel1.win32_1.0.100.202509120712/tools/bin/../lib/gcc/arm-none-eabi/13.3.1/../../../../arm-none-eabi/lib/thumb/v7-m/nofp\libc_nano.a(libc_a-vsnprintf.o)
 .ARM.attributes
                0x00000638       0x2d C:/ST/STM32CubeIDE_1.16.1/STM32CubeIDE/plugins/com.st.stm32cube.ide.mcu.externaltools.gnu-tools-for-stm32.13.3.rel1.win32_1.0.100.202509120712/tools/bin/../lib/gcc/arm-none-eabi/13.3.1/../../../../arm-none-eabi/lib/thumb/v7-m/nofp\libc_nano.a(libc_a-memcmp.o)
 .ARM.attributes
                0x00000665       0x2d C:/ST/STM32CubeIDE_1.16.1/STM32CubeIDE/plugins/com.st.stm32cube.ide.mcu.externaltools.gnu-tools-for-stm32.13.3.rel1.win32_1.0.100.202509120712/tools/bin/../lib/gcc/arm-none-eabi/13.3.1/../../../../arm-none-eabi/lib/thumb/v7-m/nofp\libc_nano.a(libc_a-memmove.o)
 .ARM.attributes
                0x00000692       0x2d C:/ST/STM32CubeIDE_1.16.1/STM32CubeIDE/plugins/com.st.stm32cube.ide.mcu.externaltools.gnu-tools-for-stm32.13.3.rel1.win32_1.0.100.202509120712/tools/bin/../lib/gcc/arm-none-eabi/13.3.1/../../../../arm-none-eabi/lib/thumb/v7-m/nofp\libc_nano.a(libc_a-memset.o)
 .ARM.attributes
                0x000006bf       0x2d C:/ST/STM32CubeIDE_1.16.1/STM32CubeIDE/plugins/com.st.stm32cube.ide.mcu.externaltools.gnu-tools-for-stm32.13.3.rel1.win32_1.0.100.202509120712/tools/bin/../lib/gcc/arm-none-eabi/13.3.1/../../../../arm-none-eabi/lib/thumb/v7-m/nofp\libc_nano.a(libc_a-closer.o)
 .ARM.attributes
                0x000006ec       0x2d C:/ST/STM32CubeIDE_1.16.1/STM32CubeIDE/plugins/com.st.stm32cube.ide.mcu.externaltools.gnu-tools-for-stm32.13.3.rel1.win32_1.0.100.202509120712/tools/bin/../lib/gcc/arm-none-eabi/13.3.1/../../../../arm-none-eabi/lib/thumb/v7-m/nofp\libc_nano.a(libc_a-reent.o)
 .ARM.attributes
                0x00000719       0x2d C:/ST/STM32CubeIDE_1.16.1/STM32CubeIDE/plugins/com.st.stm32cube.ide.mcu.externaltools.gnu-tools-for-stm32.13.3.rel1.win32_1.0.100.202509120712/tools/bin/../lib/gcc/arm-none-eabi/13.3.1/../../../../arm-none-eabi/lib/thumb/v7-m/nofp\libc_nano.a(libc_a-impure.o)
 .ARM.attributes
                0x00000746       0x2d C:/ST/STM32CubeIDE_1.16.1/STM32CubeIDE/plugins/com.st.stm32cube.ide.mcu.externaltools.gnu-tools-for-stm32.13.3.rel1.win32_1.0.100.202509120712/tools/bin/../lib/gcc/arm-none-eabi/13.3.1/../../../../arm-none-eabi/lib/thumb/v7-m/nofp\libc_nano.a(libc_a-lseekr.o)
 .ARM.attributes
                0x00000773       0x2d C:/ST/STM32CubeIDE_1.16.1/STM32CubeIDE/plugins/com.st.stm32cube.ide.mcu.externaltools.gnu-tools-for-stm32.13.3.rel1.win32_1.0.100.202509120712/tools/bin/../lib/gcc/arm-none-eabi/13.3.1/../../../../arm-none-eabi/lib/thumb/v7-m/nofp\libc_nano.a(libc_a-readr.o)
 .ARM.attributes
                0x000007a0       0x2d C:/ST/STM32CubeIDE_1.16.1/STM32CubeIDE/plugins/com.st.stm32cube.ide.mcu.externaltools.gnu-tools-for-stm32.13.3.rel1.win32_1.0.100.202509120712/tools/bin/../lib/gcc/arm-none-eabi/13.3.1/../../../../arm-none-eabi/lib/thumb/v7-m/nofp\libc_nano.a(libc_a-writer.o)
 .ARM.attributes
                0x000007cd       0x2d C:/ST/STM32CubeIDE_1.16.1/STM32CubeIDE/plugins/com.st.stm32cube.ide.mcu.externaltools.gnu-tools-for-stm32.13.3.rel1.win32_1.0.100.202509120712/tools/bin/../lib/gcc/arm-none-eabi/13.3.1/../../../../arm-none-eabi/lib/thumb/v7-m/nofp\libc_nano.a(libc_a-errno.o)
 .ARM.attributes
                0x000007fa       0x2d C:/ST/STM32CubeIDE_1.16.1/STM32CubeIDE/plugins/com.st.stm32cube.ide.mcu.externaltools.gnu-tools-for-stm32.13.3.rel1.win32_1.0.100.202509120712/tools/bin/../lib/gcc/arm-none-eabi/13.3.1/../../../../arm-none-eabi/lib/thumb/v7-m/nofp\libc_nano.a(libc_a-init.o)
 .ARM.attributes
                0x00000827       0x2d C:/ST/STM32CubeIDE_1.16.1/STM32CubeIDE/plugins/com.st.stm32cube.ide.mcu.externaltools.gnu-tools-for-stm32.13.3.rel1.win32_1.0.100.202509120712/tools/bin/../lib/gcc/arm-none-eabi/13.3.1/../../../../arm-none-eabi/lib/thumb/v7-m/nofp\libc_nano.a(libc_a-lock.o)
 .ARM.attributes
                0x00000854       0x2d C:/ST/STM32CubeIDE_1.16.1/STM32CubeIDE/plugins/com.st.stm32cube.ide.mcu.externaltools.gnu-tools-for-stm32.13.3.rel1.win32_1.0.100.202509120712/tools/bin/../lib/gcc/arm-none-eabi/13.3.1/../../../../arm-none-eabi/lib/thumb/v7-m/nofp\libc_nano.a(libc_a-memcpy-stub.o)
 .ARM.attributes
                0x00000881       0x17 C:/ST/STM32CubeIDE_1.16.1/STM32CubeIDE/plugins/com.st.stm32cube.ide.mcu.externaltools.gnu-tools-for-stm32.13.3.rel1.win32_1.0.100.202509120712/tools/bin/../lib/gcc/arm-none-eabi/13.3.1/../../../../arm-none-eabi/lib/thumb/v7-m/nofp\libc_nano.a(libc_a-strlen.o)
 .ARM.attributes
                0x00000898       0x2d C:/ST/STM32CubeIDE_1.16.1/STM32CubeIDE/plugins/com.st.stm32cube.ide.mcu.externaltools.gnu-tools-for-stm32.13.3.rel1.win32_1.0.100.202509120712/tools/bin/../lib/gcc/arm-none-eabi/13.3.1/../../../../arm-none-eabi/lib/thumb/v7-m/nofp\libc_nano.a(libc_a-freer.o)
 .ARM.attributes
                0x000008c5       0x2d C:/ST/STM32CubeIDE_1.16.1/STM32CubeIDE/plugins/com.st.stm32cube.ide.mcu.externaltools.gnu-tools-for-stm32.13.3.rel1.win32_1.0.100.202509120712/tools/bin/../lib/gcc/arm-none-eabi/13.3.1/../../../../arm-none-eabi/lib/thumb/v7-m/nofp\libc_nano.a(libc_a-malloc.o)
 .ARM.attributes
                0x000008f2       0x2d C:/ST/STM32CubeIDE_1.16.1/STM32CubeIDE/plugins/com.st.stm32cube.ide.mcu.externaltools.gnu-tools-for-stm32.13.3.rel1.win32_1.0.100.202509120712/tools/bin/../lib/gcc/arm-none-eabi/13.3.1/../../../../arm-none-eabi/lib/thumb/v7-m/nofp\libc_nano.a(libc_a-mallocr.o)
 .ARM.attributes