../Core/Src/main.c:95:9:BSP_NFC0XCOMM_SendRecv	40	static
../Core/Src/main.c:111:13:notif	24	static
../Core/Src/main.c:128:6:ini	16	static
../Core/Src/main.c:160:6:stop	8	static
../Core/Src/main.c:172:19:ReadMailbox	48	static
../Core/Src/main.c:214:5:main	40	static
../Core/Src/main.c:405:6:SystemClock_Config	72	static
../Core/Src/main.c:441:13:MX_USART2_UART_Init	8	static
../Core/Src/main.c:472:13:MX_GPIO_Init	40	static
../Core/Src/main.c:531:5:_write	24	static
../Core/Src/main.c:542:6:Error_Handler	4	static,ignoring_inline_asm
