../Core/Src/main.c:69:9:platform_i2c_write	48	static
../Core/Src/main.c:74:9:platform_i2c_read	48	static
../Core/Src/main.c:78:6:platform_set_lpd	16	static
../Core/Src/main.c:82:6:platform_delay	16	static
../Core/Src/main.c:93:6:Setup_NFC	16	static
../Core/Src/main.c:127:6:Loop_NFC	16	static
../Core/Src/main.c:139:5:main	8	static
../Core/Src/main.c:185:6:SystemClock_Config	128	static
../Core/Src/main.c:234:13:MX_I2C2_Init	8	static
../Core/Src/main.c:282:13:MX_USART2_UART_Init	8	static
../Core/Src/main.c:317:13:MX_GPIO_Init	48	static
../Core/Src/main.c:357:6:Error_Handler	8	static,ignoring_inline_asm
