../Core/Src/LORA.c:19:6:newLoRa	0	static
../Core/Src/LORA.c:42:6:LoRa_reset	8	static
../Core/Src/LORA.c:104:6:LoRa_readReg	32	static
../Core/Src/LORA.c:130:6:LoRa_writeReg	32	static
../Core/Src/LORA.c:336:9:LoRa_read	24	static
../Core/Src/LORA.c:359:6:LoRa_write	24	static
../Core/Src/LORA.c:60:6:LoRa_gotoMode	16	static
../Core/Src/LORA.c:152:6:LoRa_setLowDaraRateOptimization	16	static
../Core/Src/LORA.c:177:6:LoRa_setAutoLDO	96	static
../Core/Src/LORA.c:194:6:LoRa_setFrequency	16	static
../Core/Src/LORA.c:226:6:LoRa_setSpreadingFactor	16	static
../Core/Src/LORA.c:256:6:LoRa_setPower	8	static
../Core/Src/LORA.c:272:6:LoRa_setOCP	8	static
../Core/Src/LORA.c:300:6:LoRa_setTOMsb_setCRCon	8	static
../Core/Src/LORA.c:320:6:LoRa_setSyncWord	8	static
../Core/Src/LORA.c:381:6:LoRa_BurstWrite	32	static
../Core/Src/LORA.c:409:9:LoRa_isvalid	0	static
../Core/Src/LORA.c:426:9:LoRa_transmit	32	static
../Core/Src/LORA.c:463:6:LoRa_startReceiving	8	static
../Core/Src/LORA.c:479:9:LoRa_receive	24	static
../Core/Src/LORA.c:515:5:LoRa_getRSSI	8	static
../Core/Src/LORA.c:531:10:LoRa_init	16	static
../Core/Src/LORA.c:599:10:crc16	20	static
