../Core/Src/main.c:813:26:KX122_WriteRegister	24	static
../Core/Src/main.c:827:26:KX122_ReadRegister	24	static
../Core/Src/main.c:793:19:KX122_ReadRegisters	32	static
../Core/Src/main.c:195:6:DEBUG_PRINT	8	static
../Core/Src/main.c:669:19:KX122_GetBufferSize	16	static
../Core/Src/main.c:679:19:KX122_ReadBufferData	56	static
../Core/Src/main.c:711:19:KX122_ReadFIFOData	4152	static
../Core/Src/main.c:744:19:KX122_ReadAccelData	48	static
../Core/Src/main.c:771:6:DEBUG_PRINT_REGISTER	72	static
../Core/Src/main.c:567:19:KX122_Init	32	static
../Core/Src/main.c:632:19:KX122_StartBuffer	24	static
../Core/Src/main.c:782:19:KX122_CheckCommunication	16	static
../Core/Src/main.c:846:6:readTemperature	16	static
../Core/Src/main.c:900:10:micros	0	static
../Core/Src/main.c:904:6:delayMicroseconds	0	static,ignoring_inline_asm
../Core/Src/main.c:912:6:printFloat	72	static
../Core/Src/main.c:777:6:printInt16AsFloat	8	static
../Core/Src/main.c:924:6:HAL_TIM_PeriodElapsedCallback	0	static
../Core/Src/main.c:943:6:reset_FRAM_and_start_processing	8	static
../Core/Src/main.c:1021:6:format_direct_vibration_buffer	8	static
../Core/Src/main.c:1026:6:buffer_add_sample	32	static
../Core/Src/main.c:978:6:read_vibration	80	static
../Core/Src/main.c:1037:6:buffer_remove_sample	24	static
../Core/Src/main.c:1053:6:processing_data_in_FRAM	40	static
../Core/Src/main.c:1064:6:I2C_Scan	72	static
../Core/Src/main.c:1189:6:readAndSendFRAMData	112	static
../Core/Src/main.c:1261:6:HAL_GPIO_EXTI_Callback	8	static
../Core/Src/main.c:1289:6:sampling	344	static
../Core/Src/main.c:1315:6:loop	304	static
../Core/Src/main.c:1508:6:Error_Handler	0	static,ignoring_inline_asm
../Core/Src/main.c:255:6:SystemClock_Config	120	static
../Core/Src/main.c:852:6:TIM2_Init	8	static
../Core/Src/main.c:868:6:TIM6_Init	8	static
../Core/Src/main.c:884:6:TIM21_Init	8	static
../Core/Src/main.c:1086:6:setup	72	static
../Core/Src/main.c:205:5:main	56	static
