../Core/Src/main.c:813:26:KX122_WriteRegister	1
../Core/Src/main.c:827:26:KX122_ReadRegister	2
../Core/Src/main.c:793:19:KX122_ReadRegisters	2
../Core/Src/main.c:195:6:DEBUG_PRINT	1
../Core/Src/main.c:669:19:KX122_GetBufferSize	2
../Core/Src/main.c:679:19:KX122_ReadBufferData	2
../Core/Src/main.c:711:19:KX122_ReadFIFOData	5
../Core/Src/main.c:744:19:KX122_ReadAccelData	2
../Core/Src/main.c:771:6:DEBUG_PRINT_REGISTER	1
../Core/Src/main.c:567:19:KX122_Init	10
../Core/Src/main.c:632:19:KX122_StartBuffer	6
../Core/Src/main.c:782:19:KX122_CheckCommunication	2
../Core/Src/main.c:846:6:readTemperature	1
../Core/Src/main.c:900:10:micros	1
../Core/Src/main.c:904:6:delayMicroseconds	2
../Core/Src/main.c:912:6:printFloat	1
../Core/Src/main.c:777:6:printInt16AsFloat	1
../Core/Src/main.c:924:6:HAL_TIM_PeriodElapsedCallback	1
../Core/Src/main.c:943:6:reset_FRAM_and_start_processing	1
../Core/Src/main.c:1021:6:format_direct_vibration_buffer	1
../Core/Src/main.c:1026:6:buffer_add_sample	2
../Core/Src/main.c:978:6:read_vibration	4
../Core/Src/main.c:1037:6:buffer_remove_sample	3
../Core/Src/main.c:1053:6:processing_data_in_FRAM	1
../Core/Src/main.c:1064:6:I2C_Scan	3
../Core/Src/main.c:1189:6:readAndSendFRAMData	9
../Core/Src/main.c:1261:6:HAL_GPIO_EXTI_Callback	3
../Core/Src/main.c:1289:6:sampling	2
../Core/Src/main.c:1315:6:loop	21
../Core/Src/main.c:1508:6:Error_Handler	1
../Core/Src/main.c:255:6:SystemClock_Config	3
../Core/Src/main.c:852:6:TIM2_Init	2
../Core/Src/main.c:868:6:TIM6_Init	2
../Core/Src/main.c:884:6:TIM21_Init	2
../Core/Src/main.c:1086:6:setup	7
../Core/Src/main.c:205:5:main	9
