../Drivers/CMSIS/Include/core_cm0plus.h:983:34:__NVIC_SystemReset	1
../Core/Inc/BrasensFirmware.h:34:19:defaultTransmissionData	2
../Core/Inc/BrasensFirmware.h:47:31:defaultTransmissionVibrationPackage	2
../Core/Src/main.c:212:6:DEBUG_PRINT	1
../Core/Src/main.c:222:5:main	1
../Core/Src/main.c:268:6:SystemClock_Config	4
../Core/Src/main.c:318:13:MX_I2C1_Init	4
../Core/Src/main.c:367:13:MX_SPI1_Init	2
../Core/Src/main.c:403:13:MX_USART1_UART_Init	2
../Core/Src/main.c:436:13:MX_USART2_UART_Init	2
../Core/Src/main.c:469:13:MX_GPIO_Init	1
../Core/Src/main.c:518:6:I2C_Scan	3
../Core/Src/main.c:538:6:INIT_GSM_K	1
../Core/Src/main.c:546:6:setup	3
../Core/Src/main.c:603:6:format_LoRa_Data_buffer	1
../Core/Src/main.c:608:6:buffer_add_sample	2
../Core/Src/main.c:619:6:buffer_remove_sample	3
../Core/Src/main.c:635:6:processing_data_in_FRAM	4
../Core/Src/main.c:659:6:loop	16
../Core/Src/main.c:787:6:BEHAVIOR_Initialize_DataIndices	2
../Core/Src/main.c:792:6:BEHAVIOR_GET_Next_Send_Item	2
../Core/Src/main.c:799:6:BEHAVIOR_ADD_Item_To_DataIndices	2
../Core/Src/main.c:808:6:BEHAVIOR_REMOVE_First_Item_From_DataIndices	2
../Core/Src/main.c:818:10:BEHAVIOR_Send_Next_Struct_In_FRAM	7
../Core/Src/main.c:872:10:BEHAVIOR_Calculate_FRAM_Address	4
../Core/Src/main.c:888:6:BEHAVIOR_Reorganize_FRAM	5
../Core/Src/main.c:921:6:CHAR_NOT_FOUND_EXCEPTION	1
../Core/Src/main.c:927:6:MSP_RX_Callback	1
../Core/Src/main.c:934:6:MSP_TX_Callback	1
../Core/Src/main.c:938:6:resetMSPBuffers	1
../Core/Src/main.c:944:6:READ_MSP_Serial_Commands	9
../Core/Src/main.c:981:6:sendReady	1
../Core/Src/main.c:992:7:float_to_two_char_string	1
../Core/Src/main.c:998:8:transmission_data_to_json	4
../Core/Src/main.c:1034:8:transmission_vibrationpackage_to_json	3
../Core/Src/main.c:1058:7:generateTransmissionDataJSON	1
../Core/Src/main.c:1073:6:HAL_UART_RxCpltCallback	3
../Core/Src/main.c:1083:6:HAL_UART_TxCpltCallback	3
../Core/Src/main.c:1092:6:GSM_RX_Callback	1
../Core/Src/main.c:1099:6:GSM_TX_Callback	2
../Core/Src/main.c:1106:6:resetBuffers	1
../Core/Src/main.c:1112:9:sendAT	9
../Core/Src/main.c:1158:6:directTransmit	1
../Core/Src/main.c:1166:9:GSM_Setup_PDP_Context	2
../Core/Src/main.c:1186:9:isGprsConnected	3
../Core/Src/main.c:1205:6:GSM_PDP_Context_Activate	10
../Core/Src/main.c:1252:9:GSM_Connect_TCP	7
../Core/Src/main.c:1276:9:GSM_Disconnect_TCP	2
../Core/Src/main.c:1284:9:GSM_Modem_Connect	3
../Core/Src/main.c:1302:9:GSM_Modem_Send	3
../Core/Src/main.c:1321:7:GSM_Modem_Read	2
../Core/Src/main.c:1335:8:GMS_GET_MODEM_AVAILABLE_SIZE	1
../Core/Src/main.c:1349:9:isModemConnected	2
../Core/Src/main.c:1356:9:GSM_Modem_HTTP_Post	5
../Core/Src/main.c:1387:9:GSM_HTTP_Send	1
../Core/Src/main.c:1407:7:GSM_Send_HTTP_GET	3
../Core/Src/main.c:1436:7:GSM_Send_HTTP_POST	3
../Core/Src/main.c:1475:6:SENDING_ACK	3
../Core/Src/main.c:1500:6:HAL_GPIO_EXTI_Callback	3
../Core/Src/main.c:1582:6:BlinkLed	1
../Core/Src/main.c:1594:6:Error_Handler	0
