../Drivers/CMSIS/Include/core_cm0plus.h:983:34:__NVIC_SystemReset	8	static,ignoring_inline_asm
../Core/Inc/BrasensFirmware.h:34:19:defaultTransmissionData	72	static
../Core/Inc/BrasensFirmware.h:47:31:defaultTransmissionVibrationPackage	88	static
../Core/Src/main.c:230:6:DEBUG_PRINT	16	static
../Core/Src/main.c:240:5:main	8	static
../Core/Src/main.c:286:6:SystemClock_Config	128	static
../Core/Src/main.c:336:13:MX_I2C1_Init	8	static
../Core/Src/main.c:385:13:MX_SPI1_Init	8	static
../Core/Src/main.c:421:13:MX_USART1_UART_Init	8	static
../Core/Src/main.c:454:13:MX_USART2_UART_Init	8	static
../Core/Src/main.c:487:13:MX_GPIO_Init	48	static
../Core/Src/main.c:536:6:I2C_Scan	96	static
../Core/Src/main.c:556:6:INIT_GSM_K	8	static
../Core/Src/main.c:564:6:setup	64	static
../Core/Src/main.c:621:6:send_NACK	16	static
../Core/Src/main.c:625:6:format_LoRa_Data_buffer	8	static
../Core/Src/main.c:630:6:buffer_add_sample	16	static
../Core/Src/main.c:641:6:buffer_remove_sample	16	static
../Core/Src/main.c:657:9:check_range_value	16	static
../Core/Src/main.c:663:6:processing_data_in_FRAM	136	static
../Core/Src/main.c:700:6:loop	128	static
../Core/Src/main.c:797:6:BEHAVIOR_Initialize_DataIndices	16	static
../Core/Src/main.c:802:6:BEHAVIOR_GET_Next_Send_Item	8	static
../Core/Src/main.c:809:6:BEHAVIOR_ADD_Item_To_DataIndices	16	static
../Core/Src/main.c:818:6:BEHAVIOR_REMOVE_First_Item_From_DataIndices	8	static
../Core/Src/main.c:828:10:BEHAVIOR_Send_Next_Struct_In_FRAM	96	static
../Core/Src/main.c:882:10:BEHAVIOR_Calculate_FRAM_Address	16	static
../Core/Src/main.c:898:6:BEHAVIOR_Reorganize_FRAM	104	static
../Core/Src/main.c:931:6:CHAR_NOT_FOUND_EXCEPTION	8	static
../Core/Src/main.c:937:6:MSP_RX_Callback	8	static
../Core/Src/main.c:944:6:MSP_TX_Callback	8	static
../Core/Src/main.c:948:6:resetMSPBuffers	8	static
../Core/Src/main.c:954:6:READ_MSP_Serial_Commands	24	static
../Core/Src/main.c:991:6:sendReady	32	static
../Core/Src/main.c:1002:7:float_to_two_char_string	24	static
../Core/Src/main.c:1008:8:transmission_data_to_json	80	static
../Core/Src/main.c:1044:8:transmission_vibrationpackage_to_json	32	static
../Core/Src/main.c:1068:7:generateTransmissionDataJSON	168	static
../Core/Src/main.c:1083:6:HAL_UART_RxCpltCallback	16	static
../Core/Src/main.c:1093:6:HAL_UART_TxCpltCallback	16	static
../Core/Src/main.c:1102:6:GSM_RX_Callback	8	static
../Core/Src/main.c:1109:6:GSM_TX_Callback	8	static
../Core/Src/main.c:1116:6:resetBuffers	8	static
../Core/Src/main.c:1122:9:sendAT	232	static
../Core/Src/main.c:1168:9:sendATWithTimeOut	240	static
../Core/Src/main.c:1219:6:directTransmit	16	static
../Core/Src/main.c:1227:9:GSM_Setup_PDP_Context	240	static
../Core/Src/main.c:1247:9:isGprsConnected	8	static
../Core/Src/main.c:1266:6:GSM_PDP_Context_Activate	40	static
../Core/Src/main.c:1313:9:GSM_Connect_TCP	24	static
../Core/Src/main.c:1337:9:GSM_Disconnect_TCP	8	static
../Core/Src/main.c:1345:9:GSM_Modem_Connect	160	static
../Core/Src/main.c:1363:9:GSM_Modem_Send	96	static
../Core/Src/main.c:1382:7:GSM_Modem_Read	96	static
../Core/Src/main.c:1396:8:GMS_GET_MODEM_AVAILABLE_SIZE	80	static
../Core/Src/main.c:1410:9:isModemConnected	8	static
../Core/Src/main.c:1417:9:GSM_Modem_HTTP_Post	352	dynamic
../Core/Src/main.c:1448:9:GSM_HTTP_Send	224	static
../Core/Src/main.c:1468:7:GSM_Send_HTTP_GET	16	static
../Core/Src/main.c:1570:7:GSM_Send_HTTP_POST	32	static
../Core/Src/main.c:1616:6:SENDING_ACK	32	static
../Core/Src/main.c:1641:6:HAL_GPIO_EXTI_Callback	16	static
../Core/Src/main.c:1649:6:BlinkLed	8	static
../Core/Src/main.c:1661:6:Error_Handler	8	static,ignoring_inline_asm
