../Drivers/CMSIS/Include/core_cm0plus.h:983:34:__NVIC_SystemReset	1
../Core/Inc/BrasensFirmware.h:34:19:defaultTransmissionData	2
../Core/Inc/BrasensFirmware.h:47:31:defaultTransmissionVibrationPackage	2
../Core/Src/main.c:199:6:DEBUG_PRINT	1
../Core/Src/main.c:209:5:main	1
../Core/Src/main.c:255:6:SystemClock_Config	4
../Core/Src/main.c:305:13:MX_I2C1_Init	4
../Core/Src/main.c:354:13:MX_SPI1_Init	2
../Core/Src/main.c:390:13:MX_USART1_UART_Init	2
../Core/Src/main.c:423:13:MX_USART2_UART_Init	2
../Core/Src/main.c:456:13:MX_GPIO_Init	1
../Core/Src/main.c:505:6:I2C_Scan	3
../Core/Src/main.c:525:6:INIT_GSM_K	1
../Core/Src/main.c:533:6:setup	3
../Core/Src/main.c:591:6:loop	7
../Core/Src/main.c:631:6:BEHAVIOR_Initialize_DataIndices	2
../Core/Src/main.c:636:6:BEHAVIOR_GET_Next_Send_Item	2
../Core/Src/main.c:643:6:BEHAVIOR_ADD_Item_To_DataIndices	2
../Core/Src/main.c:652:6:BEHAVIOR_REMOVE_First_Item_From_DataIndices	2
../Core/Src/main.c:662:10:BEHAVIOR_Send_Next_Struct_In_FRAM	7
../Core/Src/main.c:716:10:BEHAVIOR_Calculate_FRAM_Address	4
../Core/Src/main.c:732:6:BEHAVIOR_Reorganize_FRAM	5
../Core/Src/main.c:765:6:CHAR_NOT_FOUND_EXCEPTION	1
../Core/Src/main.c:771:6:MSP_RX_Callback	1
../Core/Src/main.c:778:6:resetMSPBuffers	1
../Core/Src/main.c:784:6:READ_MSP_Serial_Commands	9
../Core/Src/main.c:821:6:sendReady	1
../Core/Src/main.c:832:7:float_to_two_char_string	1
../Core/Src/main.c:838:8:transmission_data_to_json	4
../Core/Src/main.c:874:8:transmission_vibrationpackage_to_json	3
../Core/Src/main.c:898:7:generateTransmissionDataJSON	1
../Core/Src/main.c:913:6:HAL_UART_RxCpltCallback	3
../Core/Src/main.c:923:6:HAL_UART_TxCpltCallback	2
../Core/Src/main.c:932:6:GSM_RX_Callback	1
../Core/Src/main.c:939:6:GSM_TX_Callback	2
../Core/Src/main.c:946:6:resetBuffers	1
../Core/Src/main.c:952:9:sendAT	9
../Core/Src/main.c:998:6:directTransmit	1
../Core/Src/main.c:1006:9:GSM_Setup_PDP_Context	2
../Core/Src/main.c:1026:9:isGprsConnected	3
../Core/Src/main.c:1045:6:GSM_PDP_Context_Activate	10
../Core/Src/main.c:1092:9:GSM_Connect_TCP	7
../Core/Src/main.c:1116:9:GSM_Disconnect_TCP	2
../Core/Src/main.c:1124:9:GSM_Modem_Connect	3
../Core/Src/main.c:1142:9:GSM_Modem_Send	3
../Core/Src/main.c:1161:7:GSM_Modem_Read	2
../Core/Src/main.c:1175:8:GMS_GET_MODEM_AVAILABLE_SIZE	1
../Core/Src/main.c:1189:9:isModemConnected	2
../Core/Src/main.c:1196:9:GSM_Modem_HTTP_Post	5
../Core/Src/main.c:1227:9:GSM_HTTP_Send	1
../Core/Src/main.c:1247:7:GSM_Send_HTTP_GET	3
../Core/Src/main.c:1276:7:GSM_Send_HTTP_POST	3
../Core/Src/main.c:1315:6:SENDING_ACK	3
../Core/Src/main.c:1340:6:HAL_GPIO_EXTI_Callback	8
../Core/Src/main.c:1469:6:BlinkLed	1
../Core/Src/main.c:1481:6:Error_Handler	0
