../Core/Src/FRAM.c:11:19:FRAM_Init	40	static
../Core/Src/FRAM.c:17:19:FRAM_WriteByte	48	static
../Core/Src/FRAM.c:29:19:FRAM_ReadByte	48	static
../Core/Src/FRAM.c:40:19:FRAM_WriteData	312	static
../Core/Src/FRAM.c:54:19:FRAM_ReadData	56	static
../Core/Src/FRAM.c:65:19:FRAM_WriteStruct	40	static
../Core/Src/FRAM.c:69:19:FRAM_ReadStruct	32	static
../Core/Src/FRAM.c:73:19:FRAM_WriteFloat	40	static
../Core/Src/FRAM.c:77:19:FRAM_ReadFloat	24	static
../Core/Src/FRAM.c:81:19:FRAM_EraseData	48	static
../Core/Src/FRAM.c:93:19:FRAM_Format	32	static
../Core/Src/FRAM.c:104:10:FRAM_GetTotalMemorySize	8	static
../Core/Src/FRAM.c:108:6:FRAM_InitMetadata	16	static
../Core/Src/FRAM.c:114:6:FRAM_UpdateMetadata	16	static
