../Core/Src/LORA.c:3:6:LoRa_WriteReg	24	static
../Core/Src/LORA.c:10:9:LoRa_ReadReg	40	static
../Core/Src/LORA.c:20:6:LoRa_Reset	8	static
../Core/Src/LORA.c:67:6:LoRa_SetFrequency	16	static
../Core/Src/LORA.c:74:6:LoRa_SetTxPower	8	static
../Core/Src/LORA.c:80:6:LoRa_SetSyncWord	8	static
../Core/Src/LORA.c:84:6:LoRa_Sleep	8	static
../Core/Src/LORA.c:88:6:LoRa_Idle	8	static
../Core/Src/LORA.c:27:19:LoRa_Init	56	static
../Core/Src/LORA.c:92:6:LoRa_Transmit	24	static
../Core/Src/LORA.c:103:9:LoRa_Receive	32	static
../Core/Src/LORA.c:115:9:LoRa_IsDataAvailable	8	static
