../Core/Src/main.c:205:10:micros	1
../Core/Src/main.c:209:6:delayMicroseconds	2
../Core/Src/main.c:221:6:writeVibrationInformation	2
../Core/Src/main.c:288:19:MCP9808_ReadTemperature_LowPower	3
../Core/Src/main.c:312:6:readBatteryData	3
../Core/Src/main.c:331:6:I2C_Scan	3
../Core/Src/main.c:351:6:setup	8
../Core/Src/main.c:553:6:sendVibrationPackage	1
../Core/Src/main.c:467:6:readAndSendFRAMData	10
../Core/Src/main.c:565:6:sendData	1
../Core/Src/main.c:531:6:loop	2
../Core/Src/main.c:582:6:Error_Handler	1
../Core/Src/main.c:145:6:SystemClock_Config	1
../Core/Src/main.c:189:6:TIM2_Init	1
../Core/Src/main.c:98:5:main	1
