../Core/Src/main.c:205:10:micros	0	static
../Core/Src/main.c:209:6:delayMicroseconds	16	static
../Core/Src/main.c:221:6:writeVibrationInformation	392	static
../Core/Src/main.c:288:19:MCP9808_ReadTemperature_LowPower	288	static
../Core/Src/main.c:312:6:readBatteryData	80	static
../Core/Src/main.c:331:6:I2C_Scan	72	static
../Core/Src/main.c:351:6:setup	448	static
../Core/Src/main.c:553:6:sendVibrationPackage	512	static
../Core/Src/main.c:467:6:readAndSendFRAMData	528	static
../Core/Src/main.c:565:6:sendData	80	static
../Core/Src/main.c:531:6:loop	80	static
../Core/Src/main.c:582:6:Error_Handler	8	static,ignoring_inline_asm
../Core/Src/main.c:145:6:SystemClock_Config	120	static
../Core/Src/main.c:189:6:TIM2_Init	8	static
../Core/Src/main.c:98:5:main	8	static
