../Drivers/CMSIS/Include/core_cm0plus.h:983:34:__NVIC_SystemReset	8	static,ignoring_inline_asm
../Core/Src/main.c:195:6:DEBUG_PRINT	16	static
../Core/Src/main.c:205:5:main	8	static
../Core/Src/main.c:255:6:SystemClock_Config	128	static
../Core/Src/main.c:304:13:MX_I2C1_Init	8	static
../Core/Src/main.c:353:13:MX_I2C2_Init	8	static
../Core/Src/main.c:402:13:MX_SPI1_Init	8	static
../Core/Src/main.c:438:13:MX_SPI2_Init	8	static
../Core/Src/main.c:474:13:MX_USART1_UART_Init	8	static
../Core/Src/main.c:507:13:MX_GPIO_Init	48	static
../Core/Src/main.c:567:19:KX122_Init	32	static
../Core/Src/main.c:632:19:KX122_StartBuffer	32	static
../Core/Src/main.c:669:19:KX122_GetBufferSize	32	static
../Core/Src/main.c:679:19:KX122_ReadBufferData	64	static
../Core/Src/main.c:711:19:KX122_ReadFIFOData	4144	static
../Core/Src/main.c:744:19:KX122_ReadAccelData	56	static
../Core/Src/main.c:771:6:DEBUG_PRINT_REGISTER	88	static
../Core/Src/main.c:777:6:printInt16AsFloat	24	static
../Core/Src/main.c:782:19:KX122_CheckCommunication	24	static
../Core/Src/main.c:793:19:KX122_ReadRegisters	48	static
../Core/Src/main.c:813:26:KX122_WriteRegister	40	static
../Core/Src/main.c:827:26:KX122_ReadRegister	48	static
../Core/Src/main.c:846:6:readTemperature	16	static
../Core/Src/main.c:852:6:TIM2_Init	8	static
../Core/Src/main.c:868:6:TIM6_Init	8	static
../Core/Src/main.c:884:6:TIM21_Init	8	static
../Core/Src/main.c:900:10:micros	8	static
../Core/Src/main.c:904:6:delayMicroseconds	24	static,ignoring_inline_asm
../Core/Src/main.c:911:6:printFloat	88	static
../Core/Src/main.c:923:6:HAL_TIM_PeriodElapsedCallback	16	static
../Core/Src/main.c:942:6:reset_FRAM_and_start_processing	24	static
../Core/Src/main.c:970:6:read_vibration	56	static
../Core/Src/main.c:1000:6:format_direct_vibration_buffer	8	static
../Core/Src/main.c:1005:6:buffer_add_sample	32	static
../Core/Src/main.c:1016:6:buffer_remove_sample	24	static
../Core/Src/main.c:1032:6:processing_data_in_FRAM	40	static
../Core/Src/main.c:1043:6:I2C_Scan	96	static
../Core/Src/main.c:1065:6:setup	64	static
../Core/Src/main.c:1167:6:readAndSendFRAMData	112	static
../Core/Src/main.c:1251:6:HAL_GPIO_EXTI_Callback	16	static
../Core/Src/main.c:1280:6:sampling	360	static
../Core/Src/main.c:1305:6:loop	320	static
../Core/Src/main.c:1471:6:Error_Handler	8	static,ignoring_inline_asm
