../Core/Src/main.c:271:6:platform_delay	1
../Core/Src/main.c:254:9:platform_i2c_write	1
../Core/Src/main.c:260:9:platform_i2c_read	1
../Core/Src/main.c:266:6:platform_set_lpd	1
../Core/Src/main.c:99:6:Uint8ToHexStr	1
../Core/Src/main.c:107:6:IntToDecStr	3
../Core/Src/main.c:117:6:I2C_Scanner	4
../Core/Src/main.c:160:9:ADS1115_Read	3
../Core/Src/main.c:195:6:debug_print_int	3
../Core/Src/main.c:218:6:rtc_start_wakeup	1
../Core/Src/main.c:239:6:HAL_RTCEx_WakeUpTimerEventCallback	2
../Core/Src/main.c:279:6:Setup_NFC	7
../Core/Src/main.c:338:6:Loop_NFC	2
../Core/Src/main.c:346:6:LongToStr	6
../Core/Src/main.c:533:6:SystemClock_Config	4
../Core/Src/main.c:227:6:enter_stop_mode	1
../Core/Src/main.c:389:5:main	15
../Core/Src/main.c:744:6:Error_Handler	1
