../Core/Src/main.c:294:6:platform_delay	8	static
../Core/Src/main.c:666:13:MX_LPUART1_UART_Init	8	static,ignoring_inline_asm
../Core/Src/main.c:277:9:platform_i2c_write	32	static
../Core/Src/main.c:283:9:platform_i2c_read	32	static
../Core/Src/main.c:289:6:platform_set_lpd	8	static
../Core/Src/main.c:621:13:MX_I2C1_Init	8	static,ignoring_inline_asm
../Core/Src/main.c:104:6:Uint8ToHexStr	40	static
../Core/Src/main.c:112:6:IntToDecStr	24	static
../Core/Src/main.c:122:6:I2C_Scanner	40	static
../Core/Src/main.c:165:9:ADS1115_Read	40	static
../Core/Src/main.c:200:6:debug_print_int	48	static
../Core/Src/main.c:224:6:rtc_start_wakeup	16	static
../Core/Src/main.c:262:6:HAL_RTCEx_WakeUpTimerEventCallback	0	static
../Core/Src/main.c:302:6:Setup_NFC	24	static
../Core/Src/main.c:374:6:Loop_NFC	16	static
../Core/Src/main.c:382:6:LongToStr	40	static
../Core/Src/main.c:571:6:SystemClock_Config	104	static,ignoring_inline_asm
../Core/Src/main.c:233:6:enter_stop_mode	8	static
../Core/Src/main.c:425:5:main	56	static,ignoring_inline_asm
../Core/Src/main.c:782:6:Error_Handler	0	static,ignoring_inline_asm
