../Core/Src/main.c:343:6:platform_delay	8	static
../Core/Src/main.c:326:9:platform_i2c_write	32	static
../Core/Src/main.c:332:9:platform_i2c_read	32	static
../Core/Src/main.c:338:6:platform_set_lpd	8	static
../Core/Src/main.c:706:13:MX_I2C1_Init	8	static,ignoring_inline_asm
../Core/Src/main.c:112:6:Set_MSI_Range	80	static,ignoring_inline_asm
../Core/Src/main.c:144:6:Uint8ToHexStr	40	static
../Core/Src/main.c:152:6:IntToDecStr	24	static
../Core/Src/main.c:162:6:I2C_Scanner	32	static
../Core/Src/main.c:205:9:ADS1115_Read	40	static
../Core/Src/main.c:240:6:debug_print_int	0	static
../Core/Src/main.c:264:6:rtc_start_wakeup	16	static
../Core/Src/main.c:310:6:HAL_RTCEx_WakeUpTimerEventCallback	0	static
../Core/Src/main.c:351:6:Setup_NFC	24	static
../Core/Src/main.c:417:6:Loop_NFC	16	static
../Core/Src/main.c:425:6:LongToStr	40	static
../Core/Src/main.c:656:6:SystemClock_Config	104	static,ignoring_inline_asm
../Core/Src/main.c:273:6:enter_stop_mode	32	static
../Core/Src/main.c:860:6:MX_GPIO_LowPower_Init	48	static
../Core/Src/main.c:468:5:main	48	static,ignoring_inline_asm
../Core/Src/main.c:893:6:Error_Handler	0	static,ignoring_inline_asm
