../Drivers/CMSIS/Include/core_cm0plus.h:983:34:__NVIC_SystemReset	1
../Core/Src/main.c:195:6:DEBUG_PRINT	1
../Core/Src/main.c:205:5:main	1
../Core/Src/main.c:255:6:SystemClock_Config	4
../Core/Src/main.c:304:13:MX_I2C1_Init	4
../Core/Src/main.c:353:13:MX_I2C2_Init	4
../Core/Src/main.c:402:13:MX_SPI1_Init	2
../Core/Src/main.c:438:13:MX_SPI2_Init	2
../Core/Src/main.c:474:13:MX_USART1_UART_Init	2
../Core/Src/main.c:507:13:MX_GPIO_Init	1
../Core/Src/main.c:567:19:KX122_Init	11
../Core/Src/main.c:632:19:KX122_StartBuffer	6
../Core/Src/main.c:669:19:KX122_GetBufferSize	2
../Core/Src/main.c:679:19:KX122_ReadBufferData	2
../Core/Src/main.c:711:19:KX122_ReadFIFOData	5
../Core/Src/main.c:744:19:KX122_ReadAccelData	2
../Core/Src/main.c:771:6:DEBUG_PRINT_REGISTER	1
../Core/Src/main.c:777:6:printInt16AsFloat	1
../Core/Src/main.c:782:19:KX122_CheckCommunication	3
../Core/Src/main.c:793:19:KX122_ReadRegisters	2
../Core/Src/main.c:813:26:KX122_WriteRegister	1
../Core/Src/main.c:827:26:KX122_ReadRegister	2
../Core/Src/main.c:846:6:readTemperature	1
../Core/Src/main.c:852:6:TIM2_Init	3
../Core/Src/main.c:868:6:TIM6_Init	3
../Core/Src/main.c:884:6:TIM21_Init	3
../Core/Src/main.c:900:10:micros	1
../Core/Src/main.c:904:6:delayMicroseconds	2
../Core/Src/main.c:911:6:printFloat	1
../Core/Src/main.c:923:6:HAL_TIM_PeriodElapsedCallback	1
../Core/Src/main.c:942:6:reset_FRAM_and_start_processing	1
../Core/Src/main.c:970:6:read_vibration	2
../Core/Src/main.c:1000:6:format_direct_vibration_buffer	1
../Core/Src/main.c:1006:6:buffer_add_sample	2
../Core/Src/main.c:1019:6:buffer_remove_sample	3
../Core/Src/main.c:1038:6:processing_data_in_FRAM	1
../Core/Src/main.c:1048:6:I2C_Scan	3
../Core/Src/main.c:1070:6:setup	8
../Core/Src/main.c:1172:6:readAndSendFRAMData	12
../Core/Src/main.c:1248:6:HAL_GPIO_EXTI_Callback	4
../Core/Src/main.c:1275:6:loop	17
../Core/Src/main.c:1420:6:Error_Handler	0
