../Core/Src/main.c:99:9:ADS1115_Read	3
../Core/Src/main.c:143:6:rtc_start_wakeup	1
../Core/Src/main.c:150:6:enter_stop_mode	1
../Core/Src/main.c:160:6:HAL_RTCEx_WakeUpTimerEventCallback	3
../Core/Src/main.c:174:17:LPTIM_CalcTicks_ms	3
../Core/Src/main.c:188:6:Start_Reading_Sampling	1
../Core/Src/main.c:197:6:HAL_LPTIM_AutoReloadMatchCallback	3
../Core/Src/main.c:211:5:main	10
../Core/Src/main.c:332:6:SystemClock_Config	4
../Core/Src/main.c:386:13:MX_I2C1_Init	4
../Core/Src/main.c:434:13:MX_LPTIM1_Init	2
../Core/Src/main.c:466:13:MX_RTC_Init	3
../Core/Src/main.c:509:13:MX_GPIO_Init	1
../Core/Src/main.c:551:6:Error_Handler	1
