../Core/Src/main.c:99:9:ADS1115_Read	32	static
../Core/Src/main.c:143:6:rtc_start_wakeup	16	static
../Core/Src/main.c:150:6:enter_stop_mode	8	static
../Core/Src/main.c:160:6:HAL_RTCEx_WakeUpTimerEventCallback	16	static
../Core/Src/main.c:174:17:LPTIM_CalcTicks_ms	24	static
../Core/Src/main.c:188:6:Start_Reading_Sampling	24	static
../Core/Src/main.c:197:6:HAL_LPTIM_AutoReloadMatchCallback	16	static
../Core/Src/main.c:211:5:main	40	static
../Core/Src/main.c:332:6:SystemClock_Config	112	static
../Core/Src/main.c:386:13:MX_I2C1_Init	8	static
../Core/Src/main.c:434:13:MX_LPTIM1_Init	8	static
../Core/Src/main.c:466:13:MX_RTC_Init	8	static
../Core/Src/main.c:509:13:MX_GPIO_Init	48	static
../Core/Src/main.c:551:6:Error_Handler	8	static,ignoring_inline_asm
