../Core/Src/main.c:117:9:ADS1115_Read	40	static
../Core/Src/main.c:141:6:debug_print_int	48	static
../Core/Src/main.c:161:6:rtc_start_wakeup	16	static
../Core/Src/main.c:182:6:HAL_RTCEx_WakeUpTimerEventCallback	0	static
../Core/Src/main.c:197:8:ST25DV_EnableFTM	48	static
../Core/Src/main.c:227:8:ST25DV_IsMailboxFree	40	static
../Core/Src/main.c:244:8:ST25DV_SendInt32	40	static
../Core/Src/main.c:423:6:SystemClock_Config	104	static,ignoring_inline_asm
../Core/Src/main.c:170:6:enter_stop_mode	8	static
../Core/Src/main.c:295:5:main	64	static,ignoring_inline_asm
../Core/Src/main.c:635:6:Error_Handler	0	static,ignoring_inline_asm
