../Core/Src/stm32l0xx_hal_msp.c:64:6:HAL_MspInit	0	static
../Core/Src/stm32l0xx_hal_msp.c:87:6:HAL_I2C_MspInit	32	static
../Core/Src/stm32l0xx_hal_msp.c:124:6:HAL_I2C_MspDeInit	8	static
../Core/Src/stm32l0xx_hal_msp.c:155:6:HAL_LPTIM_MspInit	8	static
../Core/Src/stm32l0xx_hal_msp.c:181:6:HAL_LPTIM_MspDeInit	8	static
../Core/Src/stm32l0xx_hal_msp.c:206:6:HAL_UART_MspInit	32	static
../Core/Src/stm32l0xx_hal_msp.c:243:6:HAL_UART_MspDeInit	8	static
../Core/Src/stm32l0xx_hal_msp.c:272:6:HAL_RTC_MspInit	8	static
../Core/Src/stm32l0xx_hal_msp.c:298:6:HAL_RTC_MspDeInit	8	static
