../Drivers/BSP/Components/st25r500/rfal_rfst25r500.c:1509:13:rfalCleanupTransceive	8	static
../Drivers/BSP/Components/st25r500/rfal_rfst25r500.c:1549:13:rfalPrepareTransceive	16	static
../Drivers/BSP/Components/st25r500/rfal_rfst25r500.c:3722:19:rfalWUModeStart	32	static
../Drivers/BSP/Components/st25r500/rfal_rfst25r500.c:2349:13:rfalFIFOStatusUpdate	0	static
../Drivers/BSP/Components/st25r500/rfal_rfst25r500.c:2366:17:rfalFIFOStatusGetNumBytes	8	static
../Drivers/BSP/Components/st25r500/rfal_rfst25r500.c:1474:13:rfalErrorHandling	16	static
../Drivers/BSP/Components/st25r500/rfal_rfst25r500.c:574:12:rfalAdjustRegulators	8	static
../Drivers/BSP/Components/st25r500/rfal_rfst25r500.c:557:12:rfalCalibrate	8	static
../Drivers/BSP/Components/st25r500/rfal_rfst25r500.c:477:12:rfalInitialize	8	static
../Drivers/BSP/Components/st25r500/rfal_rfst25r500.c:591:12:rfalSetRegulators	0	static
../Drivers/BSP/Components/st25r500/rfal_rfst25r500.c:598:6:rfalSetUpperLayerCallback	0	static
../Drivers/BSP/Components/st25r500/rfal_rfst25r500.c:605:6:rfalSetPreTxRxCallback	0	static
../Drivers/BSP/Components/st25r500/rfal_rfst25r500.c:612:6:rfalSetSyncTxRxCallback	0	static
../Drivers/BSP/Components/st25r500/rfal_rfst25r500.c:619:6:rfalSetPostTxRxCallback	0	static
../Drivers/BSP/Components/st25r500/rfal_rfst25r500.c:626:6:rfalSetLmEonCallback	0	static
../Drivers/BSP/Components/st25r500/rfal_rfst25r500.c:633:12:rfalDeinitialize	8	static
../Drivers/BSP/Components/st25r500/rfal_rfst25r500.c:647:6:rfalSetObsvMode	0	static
../Drivers/BSP/Components/st25r500/rfal_rfst25r500.c:655:6:rfalGetObsvMode	0	static
../Drivers/BSP/Components/st25r500/rfal_rfst25r500.c:670:6:rfalDisableObsvMode	0	static
../Drivers/BSP/Components/st25r500/rfal_rfst25r500.c:885:10:rfalGetMode	0	static
../Drivers/BSP/Components/st25r500/rfal_rfst25r500.c:891:12:rfalSetBitRate	16	static
../Drivers/BSP/Components/st25r500/rfal_rfst25r500.c:678:12:rfalSetMode	24	static
../Drivers/BSP/Components/st25r500/rfal_rfst25r500.c:993:12:rfalGetBitRate	0	static
../Drivers/BSP/Components/st25r500/rfal_rfst25r500.c:1015:6:rfalSetErrorHandling	8	static
../Drivers/BSP/Components/st25r500/rfal_rfst25r500.c:1039:15:rfalGetErrorHandling	0	static
../Drivers/BSP/Components/st25r500/rfal_rfst25r500.c:1046:6:rfalSetFDTPoll	0	static
../Drivers/BSP/Components/st25r500/rfal_rfst25r500.c:1053:10:rfalGetFDTPoll	0	static
../Drivers/BSP/Components/st25r500/rfal_rfst25r500.c:1060:6:rfalSetFDTListen	0	static
../Drivers/BSP/Components/st25r500/rfal_rfst25r500.c:1067:10:rfalGetFDTListen	0	static
../Drivers/BSP/Components/st25r500/rfal_rfst25r500.c:1074:6:rfalSetGT	0	static
../Drivers/BSP/Components/st25r500/rfal_rfst25r500.c:1081:10:rfalGetGT	0	static
../Drivers/BSP/Components/st25r500/rfal_rfst25r500.c:1088:6:rfalIsGTExpired	0	static
../Drivers/BSP/Components/st25r500/rfal_rfst25r500.c:1102:12:rfalFieldOnAndStartGT	16	static
../Drivers/BSP/Components/st25r500/rfal_rfst25r500.c:1153:12:rfalFieldOff	8	static
../Drivers/BSP/Components/st25r500/rfal_rfst25r500.c:1176:12:rfalStartTransceive	16	static
../Drivers/BSP/Components/st25r500/rfal_rfst25r500.c:1276:6:rfalIsTransceiveInTx	0	static
../Drivers/BSP/Components/st25r500/rfal_rfst25r500.c:1283:6:rfalIsTransceiveInRx	0	static
../Drivers/BSP/Components/st25r500/rfal_rfst25r500.c:1389:21:rfalGetTransceiveState	0	static
../Drivers/BSP/Components/st25r500/rfal_rfst25r500.c:1396:12:rfalGetTransceiveStatus	0	static
../Drivers/BSP/Components/st25r500/rfal_rfst25r500.c:1403:12:rfalGetTransceiveRSSI	16	static
../Drivers/BSP/Components/st25r500/rfal_rfst25r500.c:1426:6:rfalIsTransceiveSubcDetected	8	static
../Drivers/BSP/Components/st25r500/rfal_rfst25r500.c:1437:6:rfalWorker	24	static
../Drivers/BSP/Components/st25r500/rfal_rfst25r500.c:1303:19:rfalTransceiveRunBlockingTx	8	static
../Drivers/BSP/Components/st25r500/rfal_rfst25r500.c:1290:12:rfalTransceiveBlockingTx	40	static
../Drivers/BSP/Components/st25r500/rfal_rfst25r500.c:1323:12:rfalTransceiveBlockingRx	8	static
../Drivers/BSP/Components/st25r500/rfal_rfst25r500.c:1338:12:rfalTransceiveBlockingTxRx	32	static
../Drivers/BSP/Components/st25r500/rfal_rfst25r500.c:2405:12:rfalISO14443ATransceiveShortFrame	56	static
../Drivers/BSP/Components/st25r500/rfal_rfst25r500.c:2471:12:rfalISO14443AStartTransceiveAnticollisionFrame	64	static
../Drivers/BSP/Components/st25r500/rfal_rfst25r500.c:2537:12:rfalISO14443AGetTransceiveAnticollisionFrameStatus	24	static
../Drivers/BSP/Components/st25r500/rfal_rfst25r500.c:2459:12:rfalISO14443ATransceiveAnticollisionFrame	16	static
../Drivers/BSP/Components/st25r500/rfal_rfst25r500.c:2585:12:rfalISO15693TransceiveAnticollisionFrame	64	static
../Drivers/BSP/Components/st25r500/rfal_rfst25r500.c:2664:12:rfalISO15693TransceiveEOF	24	static
../Drivers/BSP/Components/st25r500/rfal_rfst25r500.c:2653:12:rfalISO15693TransceiveEOFAnticollision	8	static
../Drivers/BSP/Components/st25r500/rfal_rfst25r500.c:2775:12:rfalStartFeliCaPoll	40	static
../Drivers/BSP/Components/st25r500/rfal_rfst25r500.c:2830:12:rfalGetFeliCaPollStatus	16	static
../Drivers/BSP/Components/st25r500/rfal_rfst25r500.c:2763:12:rfalFeliCaPoll	24	static
../Drivers/BSP/Components/st25r500/rfal_rfst25r500.c:2915:6:rfalIsExtFieldOn	0	static
../Drivers/BSP/Components/st25r500/rfal_rfst25r500.c:3715:12:rfalWakeUpModeStart	0	static
../Drivers/BSP/Components/st25r500/rfal_rfst25r500.c:3913:6:rfalWakeUpModeHasWoke	0	static
../Drivers/BSP/Components/st25r500/rfal_rfst25r500.c:3920:6:rfalWakeUpModeIsEnabled	0	static
../Drivers/BSP/Components/st25r500/rfal_rfst25r500.c:3927:12:rfalWakeUpModeGetInfo	16	static
../Drivers/BSP/Components/st25r500/rfal_rfst25r500.c:4063:12:rfalWakeUpModeStop	8	static
../Drivers/BSP/Components/st25r500/rfal_rfst25r500.c:4102:12:rfalWlcPWptMonitorStart	32	static
../Drivers/BSP/Components/st25r500/rfal_rfst25r500.c:4150:12:rfalWlcPWptMonitorStop	0	static
../Drivers/BSP/Components/st25r500/rfal_rfst25r500.c:4157:6:rfalWlcPWptIsFodDetected	0	static
../Drivers/BSP/Components/st25r500/rfal_rfst25r500.c:4164:6:rfalWlcPWptIsStopDetected	0	static
../Drivers/BSP/Components/st25r500/rfal_rfst25r500.c:4251:12:rfalChipWriteReg	16	static
../Drivers/BSP/Components/st25r500/rfal_rfst25r500.c:4263:12:rfalChipReadReg	16	static
../Drivers/BSP/Components/st25r500/rfal_rfst25r500.c:4275:12:rfalChipExecCmd	8	static
../Drivers/BSP/Components/st25r500/rfal_rfst25r500.c:4287:12:rfalChipWriteTestReg	0	static
../Drivers/BSP/Components/st25r500/rfal_rfst25r500.c:4294:12:rfalChipReadTestReg	0	static
../Drivers/BSP/Components/st25r500/rfal_rfst25r500.c:4301:12:rfalChipChangeRegBits	16	static
../Drivers/BSP/Components/st25r500/rfal_rfst25r500.c:4313:12:rfalChipChangeTestRegBits	8	static
../Drivers/BSP/Components/st25r500/rfal_rfst25r500.c:4321:12:rfalChipSetRFO	0	static
../Drivers/BSP/Components/st25r500/rfal_rfst25r500.c:4328:12:rfalChipGetRFO	8	static
../Drivers/BSP/Components/st25r500/rfal_rfst25r500.c:4344:12:rfalChipGetLmFieldInd	0	static
../Drivers/BSP/Components/st25r500/rfal_rfst25r500.c:4351:12:rfalChipSetLMMod	0	static
../Drivers/BSP/Components/st25r500/rfal_rfst25r500.c:4358:12:rfalChipGetLMMod	24	static
../Drivers/BSP/Components/st25r500/rfal_rfst25r500.c:4380:12:rfalChipMeasureAmplitude	0	static
../Drivers/BSP/Components/st25r500/rfal_rfst25r500.c:4391:12:rfalChipMeasurePhase	0	static
../Drivers/BSP/Components/st25r500/rfal_rfst25r500.c:4402:12:rfalChipMeasureCapacitance	0	static
../Drivers/BSP/Components/st25r500/rfal_rfst25r500.c:4414:12:rfalChipMeasurePowerSupply	16	static
../Drivers/BSP/Components/st25r500/rfal_rfst25r500.c:4440:12:rfalChipMeasureIQ	0	static
../Drivers/BSP/Components/st25r500/rfal_rfst25r500.c:4447:12:rfalChipMeasureCombinedIQ	0	static
../Drivers/BSP/Components/st25r500/rfal_rfst25r500.c:4458:12:rfalChipMeasureI	0	static
../Drivers/BSP/Components/st25r500/rfal_rfst25r500.c:4469:12:rfalChipMeasureQ	0	static
../Drivers/BSP/Components/st25r500/rfal_rfst25r500.c:4480:12:rfalChipMeasureCurrent	0	static
../Drivers/BSP/Components/st25r500/rfal_rfst25r500.c:4491:12:rfalChipSetAntennaMode	0	static
