../Drivers/BSP/Components/st25r500/st25r500.c:109:12:st25r500ExecuteCommandAndGetResult	24	static
../Drivers/BSP/Components/st25r500/st25r500.c:260:6:st25r500Deinitialize	8	static
../Drivers/BSP/Components/st25r500/st25r500.c:275:12:st25r500OscOn	8	static
../Drivers/BSP/Components/st25r500/st25r500.c:305:12:st25r500AdjustRegulators	16	static
../Drivers/BSP/Components/st25r500/st25r500.c:333:12:st25r500SetRegulators	8	static
../Drivers/BSP/Components/st25r500/st25r500.c:397:12:st25r500GetCeGain	8	static
../Drivers/BSP/Components/st25r500/st25r500.c:417:12:st25r500MeasureIQ	24	static
../Drivers/BSP/Components/st25r500/st25r500.c:518:12:st25r500MeasurePhase	0	static
../Drivers/BSP/Components/st25r500/st25r500.c:552:12:st25r500DiagMeasure	32	static
../Drivers/BSP/Components/st25r500/st25r500.c:611:12:st25r500MeasureCurrent	16	static
../Drivers/BSP/Components/st25r500/st25r500.c:637:12:st25r500ClearCalibration	0	static
../Drivers/BSP/Components/st25r500/st25r500.c:644:12:st25r500CalibrateWU	24	static
../Drivers/BSP/Components/st25r500/st25r500.c:351:19:st25r500MeasureIQCalib	32	static
../Drivers/BSP/Components/st25r500/st25r500.c:441:12:st25r500MeasureCombinedIQ	16	static
../Drivers/BSP/Components/st25r500/st25r500.c:511:12:st25r500MeasureAmplitude	0	static
../Drivers/BSP/Components/st25r500/st25r500.c:477:12:st25r500MeasureI	16	static
../Drivers/BSP/Components/st25r500/st25r500.c:494:12:st25r500MeasureQ	16	static
../Drivers/BSP/Components/st25r500/st25r500.c:678:12:st25r500MeasureWU	16	static
../Drivers/BSP/Components/st25r500/st25r500.c:699:12:st25r500SetBitrate	24	static
../Drivers/BSP/Components/st25r500/st25r500.c:730:12:st25r500PerformCollisionAvoidance	8	static
../Drivers/BSP/Components/st25r500/st25r500.c:795:6:st25r500SetNumTxBits	8	static
../Drivers/BSP/Components/st25r500/st25r500.c:803:10:st25r500GetNumFIFOBytes	16	static
../Drivers/BSP/Components/st25r500/st25r500.c:821:9:st25r500GetNumFIFOLastBits	16	static
../Drivers/BSP/Components/st25r500/st25r500.c:832:10:st25r500GetNoResponseTime	0	static
../Drivers/BSP/Components/st25r500/st25r500.c:839:12:st25r500SetMRT	8	static
../Drivers/BSP/Components/st25r500/st25r500.c:874:12:st25r500SetNoResponseTime	16	static
../Drivers/BSP/Components/st25r500/st25r500.c:910:12:st25r500SetStartNoResponseTimer	8	static
../Drivers/BSP/Components/st25r500/st25r500.c:925:6:st25r500SetGPTime	8	static
../Drivers/BSP/Components/st25r500/st25r500.c:933:12:st25r500SetStartGPTimer	8	static
../Drivers/BSP/Components/st25r500/st25r500.c:949:6:st25r500CheckChipID	24	static
../Drivers/BSP/Components/st25r500/st25r500.c:136:12:st25r500Initialize	8	static
../Drivers/BSP/Components/st25r500/st25r500.c:972:12:st25r500GetRegsDump	104	static
../Drivers/BSP/Components/st25r500/st25r500.c:999:6:st25r500IsCmdValid	0	static
../Drivers/BSP/Components/st25r500/st25r500.c:1010:12:st25r500GetRSSI	24	static
../Drivers/BSP/Components/st25r500/st25r500.c:1049:12:st25r500SetAntennaMode	0	static
