../Core/Src/main.c:362:6:platform_delay	8	static
../Core/Src/main.c:937:13:MX_USART1_UART_Init	8	static,ignoring_inline_asm
../Core/Src/main.c:324:9:platform_i2c_write	48	static
../Core/Src/main.c:344:9:platform_i2c_read	48	static
../Core/Src/main.c:851:13:MX_I2C1_Init	8	static,ignoring_inline_asm
../Core/Src/main.c:168:6:MX_GPIO_LowPower_Init	40	static
../Core/Src/main.c:194:6:Set_MSI_Range	88	static,ignoring_inline_asm
../Core/Src/main.c:219:6:rtc_start_wakeup	16	static
../Core/Src/main.c:244:6:HAL_RTCEx_WakeUpTimerEventCallback	0	static
../Core/Src/main.c:263:6:Uint8ToHexStr	40	static
../Core/Src/main.c:271:6:IntToDecStr	24	static
../Core/Src/main.c:281:6:I2C_Scanner	32	static
../Core/Src/main.c:369:6:Setup_NFC	24	static
../Core/Src/main.c:433:6:Loop_NFC	16	static
../Core/Src/main.c:441:6:LongToStr	40	static
../Core/Src/main.c:479:9:ADS1115_Read	40	static
../Core/Src/main.c:518:6:TORQUIMETER_Taring	16	static
../Core/Src/main.c:553:6:TORQUIMETER_Measure	56	static
../Core/Src/main.c:799:6:SystemClock_Config	120	static,ignoring_inline_asm
../Core/Src/main.c:227:6:enter_stop_mode	8	static
../Core/Src/main.c:652:5:main	72	static,ignoring_inline_asm
../Core/Src/main.c:1020:6:HAL_GPIO_EXTI_Callback	0	static
../Core/Src/main.c:1026:5:_write	8	static
../Core/Src/main.c:1037:6:Error_Handler	0	static,ignoring_inline_asm
