../Core/Src/st25dv_driver.c:30:9:ST25DV_ReadID	8	static
../Core/Src/st25dv_driver.c:40:6:ST25DV_LPD_Enable	8	static
../Core/Src/st25dv_driver.c:46:6:ST25DV_LPD_Disable	8	static
../Core/Src/st25dv_driver.c:16:9:ST25DV_Init	16	static
../Core/Src/st25dv_driver.c:57:9:ST25DV_EH_Enable_Dyn	24	static
../Core/Src/st25dv_driver.c:66:9:ST25DV_EH_Disable_Dyn	24	static
../Core/Src/st25dv_driver.c:75:6:ST25DV_Field_On	24	static
../Core/Src/st25dv_driver.c:88:9:ST25DV_EH_Enable_Static	24	static
../Core/Src/st25dv_driver.c:110:9:ST25DV_EH_Disable_Static	24	static
../Core/Src/st25dv_driver.c:133:9:ST25DV_EH_ReadConfig_Static	24	static
../Core/Src/st25dv_driver.c:156:9:ST25DV_MB_Init	24	static
../Core/Src/st25dv_driver.c:179:6:ST25DV_MB_HasMessageFromRF	24	static
../Core/Src/st25dv_driver.c:187:9:ST25DV_MB_ReadMessage	40	static
../Core/Src/st25dv_driver.c:213:9:ST25DV_MB_WriteMessage	40	static
../Core/Src/st25dv_driver.c:242:9:ST25DV_MB_Enable_Static	24	static
../Core/Src/st25dv_driver.c:263:9:ST25DV_MB_Disable_Static	24	static
../Core/Src/st25dv_driver.c:285:9:ST25DV_MB_ReadConfig_Static	24	static
../Core/Src/st25dv_driver.c:299:9:ST25DV_MB_Enable_Dyn	24	static
../Core/Src/st25dv_driver.c:313:9:ST25DV_MB_Init_Smart	24	static
../Core/Src/st25dv_driver.c:336:9:ST25DV_I2C_PresentPassword	56	static
../Core/Src/st25dv_driver.c:355:6:ST25DV_I2C_IsSessionOpen	16	static
../Core/Src/st25dv_driver.c:374:9:ST25DV_GPO_Enable_Dyn	16	static
../Core/Src/st25dv_driver.c:381:9:ST25DV_GPO_Disable_Dyn	24	static
../Core/Src/st25dv_driver.c:390:9:ST25DV_GPO_ReadConfig_Dyn	8	static
../Core/Src/st25dv_driver.c:396:9:ST25DV_GPO_Enable_Static	24	static
../Core/Src/st25dv_driver.c:408:9:ST25DV_IT_ReadStatus_Dyn	8	static
../Core/Src/st25dv_driver.c:414:6:ST25DV_MB_WasMessageReadByRF	24	static
