../Core/Inc/BrasensFirmware.h:34:19:defaultTransmissionData	56	static
../Core/Inc/BrasensFirmware.h:47:31:defaultTransmissionVibrationPackage	80	static
../Core/Src/main.c:541:6:I2C_Scan	80	static
../Core/Src/main.c:561:6:INIT_GSM_K	16	static
../Core/Src/main.c:626:6:send_NACK	0	static
../Core/Src/main.c:630:6:format_LoRa_Data_buffer	8	static
../Core/Src/main.c:635:6:buffer_add_sample	16	static
../Core/Src/main.c:646:6:buffer_remove_sample	24	static
../Core/Src/main.c:662:9:check_range_value	0	static
../Core/Src/main.c:763:6:BEHAVIOR_Initialize_DataIndices	8	static
../Core/Src/main.c:768:6:BEHAVIOR_GET_Next_Send_Item	0	static
../Core/Src/main.c:775:6:BEHAVIOR_ADD_Item_To_DataIndices	8	static
../Core/Src/main.c:668:6:processing_data_in_FRAM	136	static
../Core/Src/main.c:784:6:BEHAVIOR_REMOVE_First_Item_From_DataIndices	16	static
../Core/Src/main.c:897:6:CHAR_NOT_FOUND_EXCEPTION	8	static
../Core/Src/main.c:848:10:BEHAVIOR_Calculate_FRAM_Address	16	static
../Core/Src/main.c:864:6:BEHAVIOR_Reorganize_FRAM	96	static
../Core/Src/main.c:903:6:MSP_RX_Callback	8	static
../Core/Src/main.c:911:6:MSP_TX_Callback	0	static
../Core/Src/main.c:915:6:resetMSPBuffers	8	static
../Core/Src/main.c:958:6:sendReady	32	static
../Core/Src/main.c:969:7:float_to_two_char_string	24	static
../Core/Src/main.c:975:8:transmission_data_to_json	64	static
../Core/Src/main.c:1011:8:transmission_vibrationpackage_to_json	32	static
../Core/Src/main.c:1035:7:generateTransmissionDataJSON	104	static
../Core/Src/main.c:1069:6:GSM_RX_Callback	8	static
../Core/Src/main.c:1050:6:HAL_UART_RxCpltCallback	8	static
../Core/Src/main.c:1077:6:GSM_TX_Callback	8	static
../Core/Src/main.c:1060:6:HAL_UART_TxCpltCallback	8	static
../Core/Src/main.c:1084:6:resetBuffers	8	static
../Core/Src/main.c:1090:9:sendAT	232	static
../Core/Src/main.c:1137:9:sendATWithTimeOut	240	static
../Core/Src/main.c:1189:6:directTransmit	16	static
../Core/Src/main.c:1197:9:GSM_Setup_PDP_Context	224	static
../Core/Src/main.c:1217:9:isGprsConnected	8	static
../Core/Src/main.c:1307:9:GSM_Disconnect_TCP	8	static
../Core/Src/main.c:1236:6:GSM_PDP_Context_Activate	40	static
../Core/Src/main.c:569:6:setup	64	static
../Core/Src/main.c:1283:9:GSM_Connect_TCP	16	static
../Core/Src/main.c:1315:9:GSM_Modem_Connect	152	static
../Core/Src/main.c:1333:9:GSM_Modem_Send	80	static
../Core/Src/main.c:1352:7:GSM_Modem_Read	80	static
../Core/Src/main.c:1366:8:GMS_GET_MODEM_AVAILABLE_SIZE	72	static
../Core/Src/main.c:1380:9:isModemConnected	8	static
../Core/Src/main.c:1387:9:GSM_Modem_HTTP_Post	296	static
../Core/Src/main.c:1418:9:GSM_HTTP_Send	216	static
../Core/Src/main.c:1438:7:GSM_Send_HTTP_GET	24	static
../Core/Src/main.c:1540:7:GSM_Send_HTTP_POST	32	static
../Core/Src/main.c:794:10:BEHAVIOR_Send_Next_Struct_In_FRAM	88	static
../Core/Src/main.c:921:6:READ_MSP_Serial_Commands	16	static
../Core/Src/main.c:1586:6:SENDING_ACK	32	static
../Core/Src/main.c:1611:6:HAL_GPIO_EXTI_Callback	32	static
../Core/Src/main.c:1633:6:BlinkLed	8	static
../Core/Src/main.c:705:6:loop	128	static
../Core/Src/main.c:1645:6:Error_Handler	0	static,ignoring_inline_asm
../Core/Src/main.c:247:6:SystemClock_Config	120	static
../Core/Src/main.c:198:5:main	48	static
