../Core/Src/main.c:72:6:HAL_TIM_IC_CaptureCallback	24	static
../Core/Src/main.c:94:5:main	88	static
../Core/Src/main.c:189:6:SystemClock_Config	128	static
../Core/Src/main.c:238:13:MX_DAC_Init	16	static
../Core/Src/main.c:278:13:MX_TIM22_Init	32	static
../Core/Src/main.c:326:13:MX_USART1_UART_Init	8	static
../Core/Src/main.c:361:13:MX_USART2_UART_Init	8	static
../Core/Src/main.c:396:13:MX_GPIO_Init	48	static
../Core/Src/main.c:429:5:_write	24	static
../Core/Src/main.c:439:6:Error_Handler	8	static,ignoring_inline_asm
