../Core/Src/main.c:240:6:platform_delay	8	static
../Core/Src/main.c:223:9:platform_i2c_write	32	static
../Core/Src/main.c:229:9:platform_i2c_read	32	static
../Core/Src/main.c:235:6:platform_set_lpd	8	static
../Core/Src/main.c:104:6:Uint8ToHexStr	40	static
../Core/Src/main.c:112:6:IntToDecStr	24	static
../Core/Src/main.c:122:6:I2C_Scanner	40	static
../Core/Src/main.c:165:9:ADS1115_Read	40	static
../Core/Src/main.c:200:6:debug_print_int	48	static
../Core/Src/main.c:248:6:Setup_NFC	24	static
../Core/Src/main.c:307:6:Loop_NFC	16	static
../Core/Src/main.c:318:6:LongToStr	40	static
../Core/Src/main.c:415:6:SystemClock_Config	120	static,ignoring_inline_asm
../Core/Src/main.c:361:5:main	56	static,ignoring_inline_asm
../Core/Src/main.c:744:6:Error_Handler	0	static,ignoring_inline_asm
