../Core/Src/main.c:247:6:platform_delay	1
../Core/Src/main.c:230:9:platform_i2c_write	1
../Core/Src/main.c:236:9:platform_i2c_read	1
../Core/Src/main.c:242:6:platform_set_lpd	1
../Core/Src/main.c:329:6:LongToStr.part.0	6
../Core/Src/main.c:110:6:Uint8ToHexStr	1
../Core/Src/main.c:118:6:IntToDecStr	3
../Core/Src/main.c:128:6:I2C_Scanner	4
../Core/Src/main.c:171:9:ADS1115_Read	3
../Core/Src/main.c:206:6:debug_print_int	3
../Core/Src/main.c:255:6:Setup_NFC	9
../Core/Src/main.c:321:6:Loop_NFC	2
../Core/Src/main.c:329:6:LongToStr	2
../Core/Src/main.c:442:6:SystemClock_Config	4
../Core/Src/main.c:372:5:main	12
../Core/Src/main.c:771:6:Error_Handler	1
