../Core/Src/main.c:247:6:platform_delay	8	static
../Core/Src/main.c:230:9:platform_i2c_write	32	static
../Core/Src/main.c:236:9:platform_i2c_read	32	static
../Core/Src/main.c:242:6:platform_set_lpd	8	static
../Core/Src/main.c:329:6:LongToStr.part.0	40	static
../Core/Src/main.c:110:6:Uint8ToHexStr	40	static
../Core/Src/main.c:118:6:IntToDecStr	24	static
../Core/Src/main.c:128:6:I2C_Scanner	40	static
../Core/Src/main.c:171:9:ADS1115_Read	40	static
../Core/Src/main.c:206:6:debug_print_int	48	static
../Core/Src/main.c:255:6:Setup_NFC	24	static
../Core/Src/main.c:321:6:Loop_NFC	16	static
../Core/Src/main.c:329:6:LongToStr	8	static
../Core/Src/main.c:442:6:SystemClock_Config	120	static,ignoring_inline_asm
../Core/Src/main.c:372:5:main	56	static,ignoring_inline_asm
../Core/Src/main.c:771:6:Error_Handler	0	static,ignoring_inline_asm
