../Core/Src/main.c:240:6:platform_delay	1
../Core/Src/main.c:223:9:platform_i2c_write	1
../Core/Src/main.c:229:9:platform_i2c_read	1
../Core/Src/main.c:235:6:platform_set_lpd	1
../Core/Src/main.c:318:6:LongToStr.part.0	6
../Core/Src/main.c:104:6:Uint8ToHexStr	1
../Core/Src/main.c:112:6:IntToDecStr	3
../Core/Src/main.c:122:6:I2C_Scanner	4
../Core/Src/main.c:165:9:ADS1115_Read	3
../Core/Src/main.c:200:6:debug_print_int	3
../Core/Src/main.c:248:6:Setup_NFC	7
../Core/Src/main.c:307:6:Loop_NFC	2
../Core/Src/main.c:318:6:LongToStr	2
../Core/Src/main.c:430:6:SystemClock_Config	4
../Core/Src/main.c:361:5:main	12
../Core/Src/main.c:759:6:Error_Handler	1
