../Drivers/CMSIS/Include/core_cm0plus.h:983:34:__NVIC_SystemReset	1
../Core/Src/main.c:130:16:prov_is_done	1
../Core/Src/main.c:134:13:prov_mark_done	1
../Core/Src/main.c:141:13:ACT_Init	1
../Core/Src/main.c:154:13:LPD_Init	1
../Core/Src/main.c:167:13:GPO_Init	1
../Core/Src/main.c:187:6:MX_GPIO_LowPower_Init	1
../Core/Src/main.c:209:6:Set_MSI_Range	3
../Core/Src/main.c:234:6:rtc_start_wakeup	1
../Core/Src/main.c:244:6:enter_stop_mode	2
../Core/Src/main.c:269:13:peripherals_wake	2
../Core/Src/main.c:286:6:HAL_RTCEx_WakeUpTimerEventCallback	4
../Core/Src/main.c:303:6:Uint8ToHexStr	1
../Core/Src/main.c:311:6:IntToDecStr	3
../Core/Src/main.c:321:6:I2C_Scanner	4
../Core/Src/main.c:364:9:platform_i2c_write	4
../Core/Src/main.c:384:9:platform_i2c_read	4
../Core/Src/main.c:403:13:EH_Set	1
../Core/Src/main.c:408:6:platform_delay	1
../Core/Src/main.c:418:13:NFC_Provision	4
../Core/Src/main.c:450:13:NFC_Arm	1
../Core/Src/main.c:455:6:LongToStr	7
../Core/Src/main.c:493:9:ADS1115_Read	3
../Core/Src/main.c:532:6:TORQUIMETER_Taring	2
../Core/Src/main.c:561:6:TORQUIMETER_Measure	3
../Core/Src/main.c:638:13:mb_was_collected	4
../Core/Src/main.c:656:5:main	11
../Core/Src/main.c:818:6:SystemClock_Config	4
../Core/Src/main.c:870:13:MX_I2C1_Init	4
../Core/Src/main.c:915:13:MX_RTC_Init	3
../Core/Src/main.c:956:13:MX_USART1_UART_Init	2
../Core/Src/main.c:989:13:MX_GPIO_Init	1
../Core/Src/main.c:1036:6:HAL_GPIO_EXTI_Callback	2
../Core/Src/main.c:1042:5:_write	1
../Core/Src/main.c:1053:6:Error_Handler	0
