../Core/Src/main.c:249:6:platform_delay	1
../Core/Src/main.c:237:9:platform_i2c_write	1
../Core/Src/main.c:243:9:platform_i2c_read	1
../Core/Src/main.c:108:6:Set_MSI_Range	3
../Core/Src/main.c:139:6:Setup_RTC_WakeUp	2
../Core/Src/main.c:180:6:I2C_Init	4
../Core/Src/main.c:191:6:I2C_DeInit	1
../Core/Src/main.c:202:9:ADS1115_Read	3
../Core/Src/main.c:256:6:Setup_NFC	9
../Core/Src/main.c:323:6:LongToStr	6
../Core/Src/main.c:356:6:HAL_RTCEx_WakeUpTimerEventCallback	2
../Core/Src/main.c:368:6:Handle_Taring	2
../Core/Src/main.c:400:6:Handle_Processing	6
../Core/Src/main.c:471:6:Handle_Reading	3
../Core/Src/main.c:492:6:Perform_Periodic_Action	6
../Core/Src/main.c:593:6:SystemClock_Config	4
../Core/Src/main.c:158:6:Enter_Stop_Mode	1
../Core/Src/main.c:738:6:MX_GPIO_LowPower_Init	1
../Core/Src/main.c:520:5:main	3
../Core/Src/main.c:769:6:Error_Handler	1
