../Core/Src/main.c:102:6:Uint8ToHexStr	40	static
../Core/Src/main.c:110:6:IntToDecStr	24	static
../Core/Src/main.c:118:6:I2C_Scanner	40	static
../Core/Src/main.c:160:9:ADS1115_Read	40	static
../Core/Src/main.c:184:6:debug_print_int	48	static
../Core/Src/main.c:204:6:rtc_start_wakeup	16	static
../Core/Src/main.c:225:6:HAL_RTCEx_WakeUpTimerEventCallback	0	static
../Core/Src/main.c:240:9:platform_i2c_write	32	static
../Core/Src/main.c:246:9:platform_i2c_read	32	static
../Core/Src/main.c:310:6:SystemClock_Config	112	static,ignoring_inline_asm
../Core/Src/main.c:213:6:enter_stop_mode	8	static
../Core/Src/main.c:258:5:main	48	static,ignoring_inline_asm
../Core/Src/main.c:529:6:Error_Handler	0	static,ignoring_inline_asm
