../Core/Src/main.c:257:6:platform_delay	8	static
../Core/Src/main.c:240:9:platform_i2c_write	32	static
../Core/Src/main.c:246:9:platform_i2c_read	32	static
../Core/Src/main.c:252:6:platform_set_lpd	8	static
../Core/Src/main.c:102:6:Uint8ToHexStr	40	static
../Core/Src/main.c:110:6:IntToDecStr	24	static
../Core/Src/main.c:118:6:I2C_Scanner	40	static
../Core/Src/main.c:160:9:ADS1115_Read	40	static
../Core/Src/main.c:184:6:debug_print_int	48	static
../Core/Src/main.c:204:6:rtc_start_wakeup	16	static
../Core/Src/main.c:225:6:HAL_RTCEx_WakeUpTimerEventCallback	0	static
../Core/Src/main.c:265:6:Setup_NFC	24	static
../Core/Src/main.c:308:6:Loop_NFC	16	static
../Core/Src/main.c:445:6:SystemClock_Config	104	static,ignoring_inline_asm
../Core/Src/main.c:213:6:enter_stop_mode	8	static
../Core/Src/main.c:320:5:main	64	static,ignoring_inline_asm
../Core/Src/main.c:665:6:Error_Handler	0	static,ignoring_inline_asm
