../Core/Src/main.c:102:6:Uint8ToHexStr	1
../Core/Src/main.c:110:6:IntToDecStr	3
../Core/Src/main.c:118:6:I2C_Scanner	4
../Core/Src/main.c:160:9:ADS1115_Read	3
../Core/Src/main.c:184:6:debug_print_int	3
../Core/Src/main.c:204:6:rtc_start_wakeup	1
../Core/Src/main.c:225:6:HAL_RTCEx_WakeUpTimerEventCallback	2
../Core/Src/main.c:240:9:platform_i2c_write	1
../Core/Src/main.c:246:9:platform_i2c_read	1
../Core/Src/main.c:310:6:SystemClock_Config	4
../Core/Src/main.c:213:6:enter_stop_mode	1
../Core/Src/main.c:258:5:main	7
../Core/Src/main.c:529:6:Error_Handler	1
