../Core/Src/main.c:249:6:platform_delay	8	static
../Core/Src/main.c:237:9:platform_i2c_write	32	static
../Core/Src/main.c:243:9:platform_i2c_read	32	static
../Core/Src/main.c:108:6:Set_MSI_Range	80	static,ignoring_inline_asm
../Core/Src/main.c:139:6:Setup_RTC_WakeUp	8	static,ignoring_inline_asm
../Core/Src/main.c:180:6:I2C_Init	8	static,ignoring_inline_asm
../Core/Src/main.c:191:6:I2C_DeInit	8	static
../Core/Src/main.c:202:9:ADS1115_Read	40	static
../Core/Src/main.c:256:6:Setup_NFC	24	static
../Core/Src/main.c:323:6:LongToStr	40	static
../Core/Src/main.c:356:6:HAL_RTCEx_WakeUpTimerEventCallback	0	static
../Core/Src/main.c:368:6:Handle_Taring	8	static
../Core/Src/main.c:400:6:Handle_Processing	32	static
../Core/Src/main.c:471:6:Handle_Reading	8	static
../Core/Src/main.c:492:6:Perform_Periodic_Action	8	static
../Core/Src/main.c:593:6:SystemClock_Config	104	static,ignoring_inline_asm
../Core/Src/main.c:158:6:Enter_Stop_Mode	8	static
../Core/Src/main.c:738:6:MX_GPIO_LowPower_Init	40	static
../Core/Src/main.c:520:5:main	8	static,ignoring_inline_asm
../Core/Src/main.c:769:6:Error_Handler	0	static,ignoring_inline_asm
