../Core/Src/main.c:256:6:platform_delay	1
../Core/Src/main.c:239:9:platform_i2c_write	1
../Core/Src/main.c:245:9:platform_i2c_read	1
../Core/Src/main.c:251:6:platform_set_lpd	1
../Core/Src/main.c:98:6:Uint8ToHexStr	1
../Core/Src/main.c:106:6:IntToDecStr	3
../Core/Src/main.c:116:6:I2C_Scanner	4
../Core/Src/main.c:159:9:ADS1115_Read	3
../Core/Src/main.c:183:6:debug_print_int	3
../Core/Src/main.c:203:6:rtc_start_wakeup	1
../Core/Src/main.c:224:6:HAL_RTCEx_WakeUpTimerEventCallback	2
../Core/Src/main.c:264:6:Setup_NFC	7
../Core/Src/main.c:323:6:Loop_NFC	2
../Core/Src/main.c:331:6:LongToStr	6
../Core/Src/main.c:528:6:SystemClock_Config	4
../Core/Src/main.c:212:6:enter_stop_mode	1
../Core/Src/main.c:374:5:main	15
../Core/Src/main.c:739:6:Error_Handler	1
