../Core/Src/main.c:337:6:platform_delay	8	static
../Core/Src/main.c:325:9:platform_i2c_write	32	static
../Core/Src/main.c:331:9:platform_i2c_read	32	static
../Core/Src/main.c:700:13:MX_I2C1_Init	8	static,ignoring_inline_asm
../Core/Src/main.c:111:6:Set_MSI_Range	80	static,ignoring_inline_asm
../Core/Src/main.c:143:6:Uint8ToHexStr	40	static
../Core/Src/main.c:151:6:IntToDecStr	24	static
../Core/Src/main.c:161:6:I2C_Scanner	32	static
../Core/Src/main.c:204:9:ADS1115_Read	40	static
../Core/Src/main.c:239:6:debug_print_int	0	static
../Core/Src/main.c:263:6:rtc_start_wakeup	16	static
../Core/Src/main.c:309:6:HAL_RTCEx_WakeUpTimerEventCallback	0	static
../Core/Src/main.c:345:6:Setup_NFC	24	static
../Core/Src/main.c:411:6:Loop_NFC	16	static
../Core/Src/main.c:419:6:LongToStr	40	static
../Core/Src/main.c:650:6:SystemClock_Config	104	static,ignoring_inline_asm
../Core/Src/main.c:272:6:enter_stop_mode	32	static
../Core/Src/main.c:854:6:MX_GPIO_LowPower_Init	48	static
../Core/Src/main.c:462:5:main	48	static,ignoring_inline_asm
../Core/Src/main.c:887:6:Error_Handler	0	static,ignoring_inline_asm
