../Core/Src/main.c:357:6:platform_delay	2
../Core/Src/main.c:345:9:platform_i2c_write	1
../Core/Src/main.c:351:9:platform_i2c_read	1
../Core/Src/main.c:131:6:Set_MSI_Range	3
../Core/Src/main.c:163:6:Uint8ToHexStr	1
../Core/Src/main.c:171:6:IntToDecStr	3
../Core/Src/main.c:181:6:I2C_Scanner	4
../Core/Src/main.c:224:9:ADS1115_Read	3
../Core/Src/main.c:259:6:debug_print_int	3
../Core/Src/main.c:283:6:rtc_start_wakeup	1
../Core/Src/main.c:329:6:HAL_RTCEx_WakeUpTimerEventCallback	2
../Core/Src/main.c:366:6:Setup_NFC	9
../Core/Src/main.c:432:6:Loop_NFC	2
../Core/Src/main.c:440:6:LongToStr	6
../Core/Src/main.c:679:6:SystemClock_Config	4
../Core/Src/main.c:292:6:enter_stop_mode	3
../Core/Src/main.c:483:5:main	7
../Core/Src/main.c:883:6:MX_GPIO_LowPower_Init	1
../Core/Src/main.c:916:6:Error_Handler	1
