../Core/Src/st25dv_driver.c:30:9:ST25DV_ReadID	8	static
../Core/Src/st25dv_driver.c:40:6:ST25DV_LPD_Enable	8	static
../Core/Src/st25dv_driver.c:46:6:ST25DV_LPD_Disable	8	static
../Core/Src/st25dv_driver.c:16:9:ST25DV_Init	16	static
../Core/Src/st25dv_driver.c:57:9:ST25DV_EH_Enable_Dyn	24	static
../Core/Src/st25dv_driver.c:66:9:ST25DV_EH_Disable_Dyn	24	static
../Core/Src/st25dv_driver.c:75:6:ST25DV_Field_On	24	static
../Core/Src/st25dv_driver.c:88:9:ST25DV_EH_Enable_Static	24	static
../Core/Src/st25dv_driver.c:109:9:ST25DV_EH_Disable_Static	24	static
../Core/Src/st25dv_driver.c:131:9:ST25DV_EH_ReadConfig_Static	24	static
../Core/Src/st25dv_driver.c:152:9:ST25DV_MB_Init	24	static
../Core/Src/st25dv_driver.c:175:6:ST25DV_MB_HasMessageFromRF	24	static
../Core/Src/st25dv_driver.c:183:9:ST25DV_MB_ReadMessage	40	static
../Core/Src/st25dv_driver.c:209:9:ST25DV_MB_WriteMessage	40	static
../Core/Src/st25dv_driver.c:238:9:ST25DV_MB_Enable_Static	24	static
../Core/Src/st25dv_driver.c:259:9:ST25DV_MB_Disable_Static	24	static
../Core/Src/st25dv_driver.c:281:9:ST25DV_MB_ReadConfig_Static	24	static
../Core/Src/st25dv_driver.c:295:9:ST25DV_MB_Enable_Dyn	24	static
../Core/Src/st25dv_driver.c:309:9:ST25DV_MB_Init_Smart	24	static
../Core/Src/st25dv_driver.c:332:9:ST25DV_I2C_PresentPassword	56	static
../Core/Src/st25dv_driver.c:351:6:ST25DV_I2C_IsSessionOpen	16	static
