../Core/Src/main.c:91:5:main	8	static
../Core/Src/main.c:147:6:SystemClock_Config	88	static
../Core/Src/main.c:189:13:MX_CAN1_Init	8	static
../Core/Src/main.c:226:13:MX_CAN2_Init	8	static
../Core/Src/main.c:263:13:MX_I2C1_Init	8	static
../Core/Src/main.c:297:13:MX_I2C2_Init	8	static
../Core/Src/main.c:331:13:MX_I2C3_Init	8	static
../Core/Src/main.c:365:13:MX_SPI1_Init	8	static
../Core/Src/main.c:403:13:MX_SPI2_Init	8	static
../Core/Src/main.c:441:13:MX_SPI3_Init	8	static
../Core/Src/main.c:479:13:MX_UART4_Init	8	static
../Core/Src/main.c:512:13:MX_UART5_Init	8	static
../Core/Src/main.c:545:13:MX_USART2_UART_Init	8	static
../Core/Src/main.c:578:13:MX_USART3_UART_Init	8	static
../Core/Src/main.c:611:13:MX_GPIO_Init	56	static
../Core/Src/main.c:722:6:Error_Handler	4	static,ignoring_inline_asm
