../Core/Src/main.c:83:6:ST25R300_Debug_DEBUG_PRINT	272	static
../Core/Src/main.c:102:5:main	8	static
../Core/Src/main.c:173:6:SystemClock_Config	128	static
../Core/Src/main.c:223:13:MX_I2C2_Init	8	static
../Core/Src/main.c:271:13:MX_SPI1_Init	8	static
../Core/Src/main.c:309:13:MX_SPI2_Init	8	static
../Core/Src/main.c:347:13:MX_USART1_UART_Init	8	static
../Core/Src/main.c:382:13:MX_USART2_UART_Init	8	static
../Core/Src/main.c:417:13:MX_GPIO_Init	48	static
../Core/Src/main.c:461:6:Error_Handler	8	static,ignoring_inline_asm
