../Core/Src/main.c:110:6:Uint8ToHexStr	1
../Core/Src/main.c:118:6:IntToDecStr	3
../Core/Src/main.c:128:6:I2C_Scanner	4
../Core/Src/main.c:171:9:ADS1115_Read	3
../Core/Src/main.c:206:6:debug_print_int	3
../Core/Src/main.c:230:9:platform_i2c_write	1
../Core/Src/main.c:236:9:platform_i2c_read	1
../Core/Src/main.c:242:6:platform_set_lpd	1
../Core/Src/main.c:247:6:platform_delay	1
../Core/Src/main.c:255:6:Setup_NFC	9
../Core/Src/main.c:321:6:Loop_NFC	2
../Core/Src/main.c:329:6:LongToStr	7
../Core/Src/main.c:372:5:main	2
../Core/Src/main.c:442:6:SystemClock_Config	4
../Core/Src/main.c:490:13:MX_I2C1_Init	4
../Core/Src/main.c:535:13:MX_I2C2_Init	4
../Core/Src/main.c:580:13:MX_SPI1_Init	2
../Core/Src/main.c:616:13:MX_SPI2_Init	2
../Core/Src/main.c:652:13:MX_USART1_UART_Init	2
../Core/Src/main.c:685:13:MX_USART2_UART_Init	2
../Core/Src/main.c:718:13:MX_GPIO_Init	1
../Core/Src/main.c:771:6:Error_Handler	1
