../Core/Src/main.c:104:6:Uint8ToHexStr	48	static
../Core/Src/main.c:112:6:IntToDecStr	32	static
../Core/Src/main.c:122:6:I2C_Scanner	32	static
../Core/Src/main.c:165:9:ADS1115_Read	32	static
../Core/Src/main.c:200:6:debug_print_int	40	static
../Core/Src/main.c:223:9:platform_i2c_write	48	static
../Core/Src/main.c:229:9:platform_i2c_read	48	static
../Core/Src/main.c:235:6:platform_set_lpd	16	static
../Core/Src/main.c:240:6:platform_delay	16	static
../Core/Src/main.c:248:6:Setup_NFC	16	static
../Core/Src/main.c:307:6:Loop_NFC	16	static
../Core/Src/main.c:318:6:LongToStr	32	static
../Core/Src/main.c:361:5:main	32	static
../Core/Src/main.c:430:6:SystemClock_Config	128	static
../Core/Src/main.c:478:13:MX_I2C1_Init	8	static
../Core/Src/main.c:523:13:MX_I2C2_Init	8	static
../Core/Src/main.c:568:13:MX_SPI1_Init	8	static
../Core/Src/main.c:604:13:MX_SPI2_Init	8	static
../Core/Src/main.c:640:13:MX_USART1_UART_Init	8	static
../Core/Src/main.c:673:13:MX_USART2_UART_Init	8	static
../Core/Src/main.c:706:13:MX_GPIO_Init	48	static
../Core/Src/main.c:759:6:Error_Handler	8	static,ignoring_inline_asm
