2024-08-07 13:39:52,928 [INFO] Activator:176 - 


2024-08-07 13:39:52,936 [INFO] Activator:177 - !SESSION log4j initialized
2024-08-07 13:40:02,597 [INFO] LogOutputStream:77 - [STDOUT_REDIRECT] 
2024-08-07 13:40:06,394 [INFO] ApplicationProperties:184 - Using Application install path: C:\ST\STM32CubeIDE_1.15.1\STM32CubeIDE\plugins\com.st.stm32cube.common.mx_6.11.1.202404110753
2024-08-07 13:40:06,432 [INFO] DbMcusXml:78 - Set database path to: C:\ST\STM32CubeIDE_1.15.1\STM32CubeIDE\plugins\com.st.stm32cube.common.mx_6.11.1.202404110753\\db\/mcu/
2024-08-07 13:40:06,432 [INFO] ApiDb:274 - Set plugin database path to: C:\ST\STM32CubeIDE_1.15.1\STM32CubeIDE\plugins\com.st.stm32cube.common.mx_6.11.1.202404110753\\db\/plugins/boardmanager/
2024-08-07 13:40:06,432 [WARN] ApiDb:259 - Overriding images path with different value:  => C:\ST\STM32CubeIDE_1.15.1\STM32CubeIDE\plugins\com.st.stm32cube.common.mx_6.11.1.202404110753\\db\/plugins/mcufinder/images/
2024-08-07 13:40:06,451 [INFO] ApiDb:250 - Set database path to: C:\Users\Matheus Markies\.stmcufinder\plugins\mcufinder//mcu/
2024-08-07 13:40:06,452 [INFO] DbMcusAds:125 - Set database path to: C:\Users\Matheus Markies\.stmcufinder\plugins\mcufinder//mcu/
2024-08-07 13:40:06,454 [INFO] CrossReferenceDbSqlite:203 - Set database path to: C:\Users\Matheus Markies\.stmcufinder\plugins\mcufinder//mcu/cs/
2024-08-07 13:40:06,626 [INFO] RulesReader:64 - Compatibility file has been processed (297 Rules)
2024-08-07 13:40:06,769 [INFO] DbMcusXml:78 - Set database path to: C:\ST\STM32CubeIDE_1.15.1\STM32CubeIDE\plugins\com.st.stm32cube.common.mx_6.11.1.202404110753\\db\/mcu/
2024-08-07 13:40:06,770 [INFO] ApiDb:274 - Set plugin database path to: C:\ST\STM32CubeIDE_1.15.1\STM32CubeIDE\plugins\com.st.stm32cube.common.mx_6.11.1.202404110753\\db\/plugins/boardmanager/
2024-08-07 13:40:06,770 [INFO] ApiDb:261 - Set plugin images path to: C:\ST\STM32CubeIDE_1.15.1\STM32CubeIDE\plugins\com.st.stm32cube.common.mx_6.11.1.202404110753\\db\/plugins/mcufinder/images/
2024-08-07 13:40:06,770 [WARN] DbFile:41 - Overriding database path with different value: C:\Users\Matheus Markies\.stmcufinder\plugins\mcufinder/ => C:\Users\Matheus Markies\.stmcufinder\plugins\mcufinder
2024-08-07 13:40:06,770 [INFO] ApiDb:250 - Set database path to: C:\Users\Matheus Markies\.stmcufinder\plugins\mcufinder//mcu/
2024-08-07 13:40:06,770 [WARN] DbFile:41 - Overriding database path with different value: C:\Users\Matheus Markies\.stmcufinder\plugins\mcufinder/ => C:\Users\Matheus Markies\.stmcufinder\plugins\mcufinder
2024-08-07 13:40:06,770 [INFO] DbMcusAds:125 - Set database path to: C:\Users\Matheus Markies\.stmcufinder\plugins\mcufinder//mcu/
2024-08-07 13:40:06,770 [WARN] DbFile:41 - Overriding database path with different value: C:\Users\Matheus Markies\.stmcufinder\plugins\mcufinder/ => C:\Users\Matheus Markies\.stmcufinder\plugins\mcufinder
2024-08-07 13:40:06,771 [WARN] DbFile:41 - Overriding database path with different value: C:\Users\Matheus Markies\.stmcufinder\plugins\mcufinder/ => C:\Users\Matheus Markies\.stmcufinder\plugins\mcufinder
2024-08-07 13:40:06,771 [INFO] CrossReferenceDbSqlite:203 - Set database path to: C:\Users\Matheus Markies\.stmcufinder\plugins\mcufinder//mcu/cs/
2024-08-07 13:40:06,896 [INFO] MainPanel:264 - HeapMemory: 268435456
2024-08-07 13:40:07,062 [INFO] DbMcusXml:78 - Set database path to: C:\ST\STM32CubeIDE_1.15.1\STM32CubeIDE\plugins\com.st.stm32cube.common.mx_6.11.1.202404110753\\db\/mcu/
2024-08-07 13:40:07,062 [INFO] ApiDb:274 - Set plugin database path to: C:\ST\STM32CubeIDE_1.15.1\STM32CubeIDE\plugins\com.st.stm32cube.common.mx_6.11.1.202404110753\\db\/plugins/boardmanager/
2024-08-07 13:40:07,062 [INFO] ApiDb:261 - Set plugin images path to: C:\ST\STM32CubeIDE_1.15.1\STM32CubeIDE\plugins\com.st.stm32cube.common.mx_6.11.1.202404110753\\db\/plugins/mcufinder/images/
2024-08-07 13:40:07,062 [WARN] DbFile:41 - Overriding database path with different value: C:\Users\Matheus Markies\.stmcufinder\plugins\mcufinder/ => C:\Users\Matheus Markies\.stmcufinder\plugins\mcufinder
2024-08-07 13:40:07,063 [INFO] ApiDb:250 - Set database path to: C:\Users\Matheus Markies\.stmcufinder\plugins\mcufinder//mcu/
2024-08-07 13:40:07,063 [WARN] DbFile:41 - Overriding database path with different value: C:\Users\Matheus Markies\.stmcufinder\plugins\mcufinder/ => C:\Users\Matheus Markies\.stmcufinder\plugins\mcufinder
2024-08-07 13:40:07,063 [INFO] DbMcusAds:125 - Set database path to: C:\Users\Matheus Markies\.stmcufinder\plugins\mcufinder//mcu/
2024-08-07 13:40:07,063 [WARN] DbFile:41 - Overriding database path with different value: C:\Users\Matheus Markies\.stmcufinder\plugins\mcufinder/ => C:\Users\Matheus Markies\.stmcufinder\plugins\mcufinder
2024-08-07 13:40:07,063 [WARN] DbFile:41 - Overriding database path with different value: C:\Users\Matheus Markies\.stmcufinder\plugins\mcufinder/ => C:\Users\Matheus Markies\.stmcufinder\plugins\mcufinder
2024-08-07 13:40:07,063 [INFO] CrossReferenceDbSqlite:203 - Set database path to: C:\Users\Matheus Markies\.stmcufinder\plugins\mcufinder//mcu/cs/
2024-08-07 13:40:07,090 [INFO] ApplicationProperties:184 - Using Application install path: C:\ST\STM32CubeIDE_1.15.1\STM32CubeIDE\plugins\com.st.stm32cube.common.mx_6.11.1.202404110753
2024-08-07 13:40:07,093 [INFO] PluginManage:196 - Search for loadable plugins [exclusion list=, ]
2024-08-07 13:40:07,094 [INFO] PluginManage:310 - Check plugin analytics
2024-08-07 13:40:07,353 [INFO] AnalyticsPlugin:253 - Accepted Software Licenses: 
2024-08-07 13:40:07,354 [INFO] AnalyticsPlugin:255 - Accepted CMSIS Pack Licenses: 
2024-08-07 13:40:07,355 [INFO] AnalyticsPlugin:257 - Accepted Firmware Licenses: FW.F4.1.28.0
2024-08-07 13:40:07,357 [INFO] PluginManage:359 - Loaded plugin analytics (category:tool,tabindex:-1)
2024-08-07 13:40:07,358 [INFO] PluginManage:310 - Check plugin cadmodel
2024-08-07 13:40:07,382 [INFO] CADModel:105 - Init CAD model plugin
2024-08-07 13:40:07,383 [INFO] PluginManage:359 - Loaded plugin cadmodel (category:power,tabindex:5)
2024-08-07 13:40:07,383 [INFO] PluginManage:310 - Check plugin clock
2024-08-07 13:40:07,419 [INFO] PluginManage:359 - Loaded plugin clock (category:base,tabindex:2)
2024-08-07 13:40:07,419 [INFO] PluginManage:310 - Check plugin ddr
2024-08-07 13:40:07,422 [INFO] PluginManage:359 - Loaded plugin ddr (category:tool,tabindex:6)
2024-08-07 13:40:07,423 [INFO] PluginManage:310 - Check plugin filemanager
2024-08-07 13:40:07,613 [INFO] PluginManage:359 - Loaded plugin filemanager (category:base,tabindex:10)
2024-08-07 13:40:07,613 [INFO] PluginManage:310 - Check plugin ipmanager
2024-08-07 13:40:07,624 [INFO] PluginManage:359 - Loaded plugin ipmanager (category:base,tabindex:5)
2024-08-07 13:40:07,624 [INFO] PluginManage:310 - Check plugin lpbam
2024-08-07 13:40:07,649 [INFO] PluginManage:359 - Loaded plugin lpbam (category:base,tabindex:0)
2024-08-07 13:40:07,649 [INFO] PluginManage:310 - Check plugin memorymap
2024-08-07 13:40:07,685 [INFO] PluginManage:359 - Loaded plugin memorymap (category:base,tabindex:4)
2024-08-07 13:40:07,685 [INFO] PluginManage:310 - Check plugin pinoutandconfiguration
2024-08-07 13:40:07,708 [INFO] PluginManage:359 - Loaded plugin pinoutandconfiguration (category:base,tabindex:1)
2024-08-07 13:40:07,708 [INFO] PluginManage:310 - Check plugin pinoutconfig
2024-08-07 13:40:07,836 [WARN] SupportedApi:132 - Cannot load RTOS API schema: s4s-elt-must-match.1: The content of 'definitions' must match (annotation?, (simpleType | complexType)?, (unique | key | keyref)*)). A problem was found starting at: attribute.
2024-08-07 13:40:08,019 [INFO] PluginManage:359 - Loaded plugin pinoutconfig (category:base,tabindex:0)
2024-08-07 13:40:08,020 [INFO] PluginManage:310 - Check plugin power
2024-08-07 13:40:08,062 [INFO] PluginManage:359 - Loaded plugin power (category:power,tabindex:4)
2024-08-07 13:40:08,063 [INFO] PluginManage:310 - Check plugin projectmanager
2024-08-07 13:40:08,083 [INFO] PluginManage:359 - Loaded plugin projectmanager (category:projectmanager,tabindex:3)
2024-08-07 13:40:08,084 [INFO] PluginManage:310 - Check plugin thirdparty
2024-08-07 13:40:08,467 [INFO] PluginManage:359 - Loaded plugin thirdparty (category:base,tabindex:-1)
2024-08-07 13:40:08,467 [INFO] PluginManage:310 - Check plugin tools
2024-08-07 13:40:08,467 [WARN] IntegrityCheckThread:84 - waiting for thirdparty lock release [integrity check]
2024-08-07 13:40:08,468 [INFO] IntegrityCheckThread:86 - entering critical section [integrity check]
2024-08-07 13:40:08,469 [INFO] ThirdPartyUpdaterWithRetryManager:70 - Updater plugin not ready yet. [1/15]
2024-08-07 13:40:08,516 [INFO] PluginManage:359 - Loaded plugin tools (category:base,tabindex:7)
2024-08-07 13:40:08,516 [INFO] PluginManage:310 - Check plugin tutovideos
2024-08-07 13:40:08,832 [INFO] PluginManage:359 - Loaded plugin tutovideos (category:base,tabindex:-1)
2024-08-07 13:40:08,833 [INFO] PluginManage:310 - Check plugin updater
2024-08-07 13:40:08,853 [INFO] PluginManage:359 - Loaded plugin updater (category:base,tabindex:12)
2024-08-07 13:40:08,854 [INFO] PluginManage:310 - Check plugin userauth
2024-08-07 13:40:08,863 [INFO] UserAuth:114 - Init User Auth plugin
2024-08-07 13:40:08,863 [INFO] PluginManage:359 - Loaded plugin userauth (category:base,tabindex:14)
2024-08-07 13:40:08,864 [INFO] PluginManage:283 - PluginManage : Loaded plugins [17]
2024-08-07 13:40:09,257 [INFO] PinOutPanel:1561 - setPackage(No Configuration,No Configuration)
2024-08-07 13:40:09,427 [INFO] CADModel:165 - CPN selected for project level
2024-08-07 13:40:09,427 [INFO] CADModel:114 - Register for checkConnection events
2024-08-07 13:40:09,470 [INFO] IPUIPlugin:80 - create IPUIPlugin
2024-08-07 13:40:09,470 [INFO] PluginManager:220 - loadIPPluginJar : add adc
2024-08-07 13:40:09,519 [INFO] IPUIPlugin:80 - create IPUIPlugin
2024-08-07 13:40:09,520 [INFO] PluginManager:220 - loadIPPluginJar : add aes
2024-08-07 13:40:09,574 [INFO] IPUIPlugin:80 - create IPUIPlugin
2024-08-07 13:40:09,575 [INFO] PluginManager:220 - loadIPPluginJar : add can
2024-08-07 13:40:09,610 [INFO] IPUIPlugin:80 - create IPUIPlugin
2024-08-07 13:40:09,611 [INFO] PluginManager:220 - loadIPPluginJar : add comp
2024-08-07 13:40:09,660 [INFO] IPUIPlugin:80 - create IPUIPlugin
2024-08-07 13:40:09,660 [INFO] PluginManager:220 - loadIPPluginJar : add cryp
2024-08-07 13:40:09,705 [INFO] IPUIPlugin:80 - create IPUIPlugin
2024-08-07 13:40:09,705 [INFO] PluginManager:220 - loadIPPluginJar : add dfsdm
2024-08-07 13:40:09,725 [INFO] IPUIPlugin:80 - create IPUIPlugin
2024-08-07 13:40:09,725 [INFO] PluginManager:220 - loadIPPluginJar : add dma
2024-08-07 13:40:09,789 [INFO] IPUIPlugin:80 - create IPUIPlugin
2024-08-07 13:40:09,789 [INFO] PluginManager:220 - loadIPPluginJar : add dma3
2024-08-07 13:40:09,852 [INFO] IPUIPlugin:80 - create IPUIPlugin
2024-08-07 13:40:09,852 [INFO] PluginManager:220 - loadIPPluginJar : add extmemmanager
2024-08-07 13:40:09,886 [INFO] IPUIPlugin:80 - create IPUIPlugin
2024-08-07 13:40:09,887 [INFO] PluginManager:220 - loadIPPluginJar : add fatfs
2024-08-07 13:40:09,955 [INFO] IPUIPlugin:80 - create IPUIPlugin
2024-08-07 13:40:09,955 [INFO] PluginManager:220 - loadIPPluginJar : add fmc
2024-08-07 13:40:09,976 [INFO] IPUIPlugin:80 - create IPUIPlugin
2024-08-07 13:40:09,977 [INFO] PluginManager:220 - loadIPPluginJar : add freertos
2024-08-07 13:40:10,005 [INFO] IPUIPlugin:80 - create IPUIPlugin
2024-08-07 13:40:10,005 [INFO] PluginManager:220 - loadIPPluginJar : add genericplugin
2024-08-07 13:40:10,139 [INFO] IPUIPlugin:80 - create IPUIPlugin
2024-08-07 13:40:10,139 [INFO] PluginManager:220 - loadIPPluginJar : add gfxmmu
2024-08-07 13:40:10,333 [INFO] IPUIPlugin:80 - create IPUIPlugin
2024-08-07 13:40:10,334 [INFO] PluginManager:220 - loadIPPluginJar : add gic
2024-08-07 13:40:10,352 [INFO] IPUIPlugin:80 - create IPUIPlugin
2024-08-07 13:40:10,352 [INFO] PluginManager:220 - loadIPPluginJar : add gpio
2024-08-07 13:40:10,482 [INFO] IPUIPlugin:80 - create IPUIPlugin
2024-08-07 13:40:10,482 [INFO] PluginManager:220 - loadIPPluginJar : add gtzc
2024-08-07 13:40:10,529 [INFO] IPUIPlugin:80 - create IPUIPlugin
2024-08-07 13:40:10,530 [INFO] PluginManager:220 - loadIPPluginJar : add hash
2024-08-07 13:40:10,611 [INFO] IPUIPlugin:80 - create IPUIPlugin
2024-08-07 13:40:10,611 [INFO] PluginManager:220 - loadIPPluginJar : add i2c
2024-08-07 13:40:10,670 [INFO] IPUIPlugin:80 - create IPUIPlugin
2024-08-07 13:40:10,670 [INFO] PluginManager:220 - loadIPPluginJar : add i2s
2024-08-07 13:40:10,725 [INFO] IPUIPlugin:80 - create IPUIPlugin
2024-08-07 13:40:10,726 [INFO] PluginManager:220 - loadIPPluginJar : add i3c
2024-08-07 13:40:10,876 [INFO] IPUIPlugin:80 - create IPUIPlugin
2024-08-07 13:40:10,876 [INFO] PluginManager:220 - loadIPPluginJar : add ipddr
2024-08-07 13:40:11,028 [INFO] IPUIPlugin:80 - create IPUIPlugin
2024-08-07 13:40:11,028 [INFO] PluginManager:220 - loadIPPluginJar : add linkedlist
2024-08-07 13:40:11,093 [INFO] IPUIPlugin:80 - create IPUIPlugin
2024-08-07 13:40:11,093 [INFO] PluginManager:220 - loadIPPluginJar : add lorawan
2024-08-07 13:40:11,145 [INFO] IPUIPlugin:80 - create IPUIPlugin
2024-08-07 13:40:11,145 [INFO] PluginManager:220 - loadIPPluginJar : add ltdc
2024-08-07 13:40:11,166 [INFO] IPUIPlugin:80 - create IPUIPlugin
2024-08-07 13:40:11,166 [INFO] PluginManager:220 - loadIPPluginJar : add mdma
2024-08-07 13:40:11,195 [INFO] IPUIPlugin:80 - create IPUIPlugin
2024-08-07 13:40:11,196 [INFO] PluginManager:220 - loadIPPluginJar : add nvic
2024-08-07 13:40:11,281 [INFO] IPUIPlugin:80 - create IPUIPlugin
2024-08-07 13:40:11,284 [INFO] PluginManager:220 - loadIPPluginJar : add opamp
2024-08-07 13:40:11,392 [INFO] IPUIPlugin:80 - create IPUIPlugin
2024-08-07 13:40:11,392 [INFO] PluginManager:220 - loadIPPluginJar : add openamp
2024-08-07 13:40:11,460 [INFO] IPUIPlugin:80 - create IPUIPlugin
2024-08-07 13:40:11,460 [INFO] PluginManager:220 - loadIPPluginJar : add pdm2pcm
2024-08-07 13:40:11,471 [INFO] ThirdPartyUpdaterWithRetryManager:70 - Updater plugin not ready yet. [2/15]
2024-08-07 13:40:11,482 [INFO] IPUIPlugin:80 - create IPUIPlugin
2024-08-07 13:40:11,485 [INFO] PluginManager:220 - loadIPPluginJar : add plateformsettings
2024-08-07 13:40:11,515 [INFO] IPUIPlugin:80 - create IPUIPlugin
2024-08-07 13:40:11,515 [INFO] PluginManager:220 - loadIPPluginJar : add quadspi
2024-08-07 13:40:11,533 [INFO] IPUIPlugin:80 - create IPUIPlugin
2024-08-07 13:40:11,534 [INFO] PluginManager:220 - loadIPPluginJar : add resmgrutility
2024-08-07 13:40:11,617 [INFO] IPUIPlugin:80 - create IPUIPlugin
2024-08-07 13:40:11,617 [INFO] PluginManager:220 - loadIPPluginJar : add sai
2024-08-07 13:40:11,669 [INFO] IPUIPlugin:80 - create IPUIPlugin
2024-08-07 13:40:11,669 [INFO] PluginManager:220 - loadIPPluginJar : add spi
2024-08-07 13:40:11,774 [INFO] IPUIPlugin:80 - create IPUIPlugin
2024-08-07 13:40:11,775 [INFO] PluginManager:220 - loadIPPluginJar : add stm32_wpan
2024-08-07 13:40:11,873 [INFO] IPUIPlugin:80 - create IPUIPlugin
2024-08-07 13:40:11,873 [INFO] PluginManager:220 - loadIPPluginJar : add tim
2024-08-07 13:40:11,961 [INFO] IPUIPlugin:80 - create IPUIPlugin
2024-08-07 13:40:11,961 [INFO] PluginManager:220 - loadIPPluginJar : add touchsensing
2024-08-07 13:40:12,007 [INFO] IPUIPlugin:80 - create IPUIPlugin
2024-08-07 13:40:12,007 [INFO] PluginManager:220 - loadIPPluginJar : add tracer_emb
2024-08-07 13:40:12,044 [INFO] IPUIPlugin:80 - create IPUIPlugin
2024-08-07 13:40:12,045 [INFO] PluginManager:220 - loadIPPluginJar : add ts
2024-08-07 13:40:12,074 [INFO] IPUIPlugin:80 - create IPUIPlugin
2024-08-07 13:40:12,074 [INFO] PluginManager:220 - loadIPPluginJar : add tsc
2024-08-07 13:40:12,106 [INFO] IPUIPlugin:80 - create IPUIPlugin
2024-08-07 13:40:12,106 [INFO] PluginManager:220 - loadIPPluginJar : add ucpd
2024-08-07 13:40:12,187 [INFO] IPUIPlugin:80 - create IPUIPlugin
2024-08-07 13:40:12,187 [INFO] PluginManager:220 - loadIPPluginJar : add usart
2024-08-07 13:40:12,257 [INFO] IPUIPlugin:80 - create IPUIPlugin
2024-08-07 13:40:12,257 [INFO] PluginManager:220 - loadIPPluginJar : add usbx
2024-08-07 13:40:12,437 [INFO] CADModel:165 - CPN selected for project level
2024-08-07 13:40:12,437 [INFO] CADModel:114 - Register for checkConnection events
2024-08-07 13:40:12,438 [FATAL] Updater:308 - Updater called before beeing initialized
2024-08-07 13:40:12,438 [ERROR] CADModel:125 - Updater not yet initialized, retry later 
2024-08-07 13:40:12,648 [INFO] CADModel:165 - CPN selected for project level
2024-08-07 13:40:12,648 [INFO] CADModel:114 - Register for checkConnection events
2024-08-07 13:40:12,648 [FATAL] Updater:308 - Updater called before beeing initialized
2024-08-07 13:40:12,649 [ERROR] CADModel:125 - Updater not yet initialized, retry later 
2024-08-07 13:40:12,653 [FATAL] Updater:308 - Updater called before beeing initialized
2024-08-07 13:40:12,883 [FATAL] Updater:308 - Updater called before beeing initialized
2024-08-07 13:40:12,896 [INFO] DbMcusAds:53 - JSON generation date=Thu May 16 06:22:01 BRT 2024 (1715851321109)
2024-08-07 13:40:12,896 [FATAL] Updater:308 - Updater called before beeing initialized
2024-08-07 13:40:13,042 [WARN] DetailPanel:346 - Failed to get advertising image, set to default
2024-08-07 13:40:13,170 [FATAL] Updater:308 - Updater called before beeing initialized
2024-08-07 13:40:13,173 [FATAL] Updater:308 - Updater called before beeing initialized
2024-08-07 13:40:13,173 [FATAL] Updater:308 - Updater called before beeing initialized
2024-08-07 13:40:13,174 [WARN] DetailPanel:346 - Failed to get advertising image, set to default
2024-08-07 13:40:13,174 [FATAL] Updater:308 - Updater called before beeing initialized
2024-08-07 13:40:13,298 [ERROR] Updater:1120 - MainUpdater not yet initialized. External WinMGr cannot be set.
2024-08-07 13:40:13,312 [INFO] Updater:1056 - Updater Version found : 6.11.1
2024-08-07 13:40:13,339 [INFO] ApplicationProperties:184 - Using Application install path: C:\ST\STM32CubeIDE_1.15.1\STM32CubeIDE\plugins\com.st.stm32cube.common.mx_6.11.1.202404110753
2024-08-07 13:40:14,473 [INFO] ThirdPartyUpdaterWithRetryManager:70 - Updater plugin not ready yet. [3/15]
2024-08-07 13:40:14,933 [ERROR] LogOutputStream:75 - [STDERR_REDIRECT] Aug 07, 2024 1:40:14 PM java.util.prefs.WindowsPreferences <init>
2024-08-07 13:40:14,936 [ERROR] LogOutputStream:75 - [STDERR_REDIRECT] WARNING: Could not open/create prefs root node Software\JavaSoft\Prefs at root 0xffffffff80000002. Windows RegCreateKeyEx(...) returned error code 5.
2024-08-07 13:40:14,936 [ERROR] LogOutputStream:75 - [STDERR_REDIRECT] 
2024-08-07 13:40:15,481 [INFO] MainUpdater:2873 - connection check result : 10
2024-08-07 13:40:15,482 [INFO] MainUpdater:290 - Updater Check For Update Now.
2024-08-07 13:40:15,483 [INFO] MicroXplorer:498 - Change Database Version : DB.6.0.111
2024-08-07 13:40:15,512 [INFO] McuFinderGlobals:63 - Set McuFinder mode to 2 (CubeIDE integrated)
2024-08-07 13:40:15,531 [INFO] UserAuth:415 - Internet connection configuration mode: 1
2024-08-07 13:40:15,579 [INFO] JxBrowserEngine:152 - Initiate JxBrowser Engine with user profile folder
2024-08-07 13:40:15,878 [INFO] CheckServerUpdateThread:120 - End of CheckServer Thread
2024-08-07 13:40:18,096 [WARN] PackLoader:240 - Cannot read IP mode file for STMicroelectronics.FP-SNS-MOTENVWB1.1.4.0
2024-08-07 13:40:18,139 [WARN] PackLoader:240 - Cannot read IP mode file for STMicroelectronics.X-CUBE-SMBUS.2.1.0
2024-08-07 13:40:18,155 [WARN] PackLoader:240 - Cannot read IP mode file for STMicroelectronics.X-CUBE-TOUCHGFX.4.23.2
2024-08-07 13:40:18,227 [WARN] PackLoader:240 - Cannot read IP mode file for STMicroelectronics.X-CUBE-AZRTOS-F7.1.1.0
2024-08-07 13:40:18,257 [WARN] PackLoader:240 - Cannot read IP mode file for STMicroelectronics.FP-SNS-FLIGHT1.5.0.2
2024-08-07 13:40:18,297 [WARN] PackLoader:240 - Cannot read IP mode file for STMicroelectronics.X-CUBE-DISPLAY.3.0.0
2024-08-07 13:40:18,358 [WARN] PackLoader:240 - Cannot read IP mode file for STMicroelectronics.X-CUBE-BLE1.7.0.0
2024-08-07 13:40:18,415 [WARN] PackLoader:240 - Cannot read IP mode file for emotas.I-CUBE-CANOPEN.1.3.0
2024-08-07 13:40:18,452 [WARN] PackLoader:240 - Cannot read IP mode file for STMicroelectronics.X-CUBE-BLEMGR.3.1.0
2024-08-07 13:40:18,564 [WARN] PackLoader:240 - Cannot read IP mode file for STMicroelectronics.FP-SNS-SMARTAG2.1.2.0
2024-08-07 13:40:18,725 [INFO] LogOutputStream:77 - [STDOUT_REDIRECT] 1 : Invalid condition id : UX_CORESTACK_Condition cause : null
2024-08-07 13:40:18,725 [INFO] LogOutputStream:77 - [STDOUT_REDIRECT] 1 : Invalid condition id : UX_CORESTACK_Condition cause : null
2024-08-07 13:40:18,727 [INFO] LogOutputStream:77 - [STDOUT_REDIRECT] 1 : Invalid condition id : UX_CORESTACK_Condition cause : null
2024-08-07 13:40:18,728 [INFO] LogOutputStream:77 - [STDOUT_REDIRECT] 1 : Invalid condition id : UX_CORESTACK_Condition cause : null
2024-08-07 13:40:18,729 [INFO] LogOutputStream:77 - [STDOUT_REDIRECT] 1 : Invalid condition id : UX_CORESTACK_Condition cause : null
2024-08-07 13:40:18,733 [WARN] PackLoader:240 - Cannot read IP mode file for STMicroelectronics.X-CUBE-AZRTOS-WL.2.0.0
2024-08-07 13:40:18,749 [WARN] PackLoader:240 - Cannot read IP mode file for STMicroelectronics.FP-SNS-MOTENV1.5.0.0
2024-08-07 13:40:18,786 [WARN] PackLoader:240 - Cannot read IP mode file for wolfSSL.I-CUBE-wolfMQTT.1.19.0
2024-08-07 13:40:18,872 [WARN] PackLoader:240 - Cannot read IP mode file for WES.I-CUBE-Cesium.1.3.0
2024-08-07 13:40:18,927 [WARN] PackLoader:240 - Cannot read IP mode file for STMicroelectronics.X-CUBE-BLE2.3.3.0
2024-08-07 13:40:18,958 [WARN] PackLoader:240 - Cannot read IP mode file for STMicroelectronics.X-CUBE-TCPP.4.1.0
2024-08-07 13:40:19,089 [WARN] PackLoader:240 - Cannot read IP mode file for STMicroelectronics.X-CUBE-AZRTOS-G0.1.1.0
2024-08-07 13:40:19,111 [WARN] PackLoader:240 - Cannot read IP mode file for STMicroelectronics.X-CUBE-SAFEA1.1.2.2
2024-08-07 13:40:19,190 [WARN] PackLoader:240 - Cannot read IP mode file for STMicroelectronics.X-CUBE-NFC4.3.0.0
2024-08-07 13:40:19,213 [WARN] PackLoader:240 - Cannot read IP mode file for wolfSSL.I-CUBE-wolfMQTT.1.18.0
2024-08-07 13:40:19,255 [WARN] PackLoader:240 - Cannot read IP mode file for EmbeddedOffice.I-CUBE-FS-RTOS.1.0.1
2024-08-07 13:40:19,255 [ERROR] ConditionMgr:805 - Attr not supported : Dmpu
2024-08-07 13:40:19,255 [ERROR] ConditionMgr:805 - Attr not supported : Dmpu
2024-08-07 13:40:19,255 [ERROR] ConditionMgr:805 - Attr not supported : Dmpu
2024-08-07 13:40:19,255 [ERROR] ConditionMgr:805 - Attr not supported : Dmpu
2024-08-07 13:40:19,255 [ERROR] ConditionMgr:805 - Attr not supported : Dmpu
2024-08-07 13:40:19,255 [ERROR] ConditionMgr:805 - Attr not supported : Dmpu
2024-08-07 13:40:19,255 [ERROR] ConditionMgr:805 - Attr not supported : Dmpu
2024-08-07 13:40:19,255 [ERROR] ConditionMgr:805 - Attr not supported : Dmpu
2024-08-07 13:40:19,255 [ERROR] ConditionMgr:805 - Attr not supported : Dmpu
2024-08-07 13:40:19,255 [ERROR] ConditionMgr:805 - Attr not supported : Dmpu
2024-08-07 13:40:19,256 [ERROR] ConditionMgr:805 - Attr not supported : Dmpu
2024-08-07 13:40:19,256 [ERROR] ConditionMgr:805 - Attr not supported : Dmpu
2024-08-07 13:40:19,256 [ERROR] ConditionMgr:805 - Attr not supported : Dmpu
2024-08-07 13:40:19,256 [ERROR] ConditionMgr:805 - Attr not supported : Dmpu
2024-08-07 13:40:19,257 [ERROR] ConditionMgr:805 - Attr not supported : Dmpu
2024-08-07 13:40:19,257 [ERROR] ConditionMgr:805 - Attr not supported : Dmpu
2024-08-07 13:40:19,257 [ERROR] ConditionMgr:805 - Attr not supported : Dmpu
2024-08-07 13:40:19,257 [ERROR] ConditionMgr:805 - Attr not supported : Dmpu
2024-08-07 13:40:19,258 [ERROR] ConditionMgr:805 - Attr not supported : Dmpu
2024-08-07 13:40:19,258 [ERROR] ConditionMgr:805 - Attr not supported : Dmpu
2024-08-07 13:40:19,258 [ERROR] ConditionMgr:805 - Attr not supported : Dmpu
2024-08-07 13:40:19,258 [ERROR] ConditionMgr:805 - Attr not supported : Dmpu
2024-08-07 13:40:19,258 [ERROR] ConditionMgr:805 - Attr not supported : Dmpu
2024-08-07 13:40:19,258 [ERROR] ConditionMgr:805 - Attr not supported : Dmpu
2024-08-07 13:40:19,258 [ERROR] ConditionMgr:805 - Attr not supported : Dmpu
2024-08-07 13:40:19,258 [ERROR] ConditionMgr:805 - Attr not supported : Dmpu
2024-08-07 13:40:19,259 [ERROR] ConditionMgr:805 - Attr not supported : Dmpu
2024-08-07 13:40:19,259 [ERROR] ConditionMgr:805 - Attr not supported : Dmpu
2024-08-07 13:40:19,259 [ERROR] ConditionMgr:805 - Attr not supported : Dmpu
2024-08-07 13:40:19,259 [ERROR] ConditionMgr:805 - Attr not supported : Dmpu
2024-08-07 13:40:19,259 [ERROR] ConditionMgr:805 - Attr not supported : Dmpu
2024-08-07 13:40:19,259 [ERROR] ConditionMgr:805 - Attr not supported : Dmpu
2024-08-07 13:40:19,259 [ERROR] ConditionMgr:805 - Attr not supported : Dmpu
2024-08-07 13:40:19,259 [ERROR] ConditionMgr:805 - Attr not supported : Dmpu
2024-08-07 13:40:19,259 [ERROR] ConditionMgr:805 - Attr not supported : Dmpu
2024-08-07 13:40:19,260 [ERROR] ConditionMgr:805 - Attr not supported : Dmpu
2024-08-07 13:40:19,260 [ERROR] ConditionMgr:805 - Attr not supported : Dmpu
2024-08-07 13:40:19,260 [ERROR] ConditionMgr:805 - Attr not supported : Dmpu
2024-08-07 13:40:19,260 [ERROR] ConditionMgr:805 - Attr not supported : Dmpu
2024-08-07 13:40:19,260 [ERROR] ConditionMgr:805 - Attr not supported : Dmpu
2024-08-07 13:40:19,260 [ERROR] ConditionMgr:805 - Attr not supported : Dmpu
2024-08-07 13:40:19,260 [ERROR] ConditionMgr:805 - Attr not supported : Dmpu
2024-08-07 13:40:19,260 [ERROR] ConditionMgr:805 - Attr not supported : Dmpu
2024-08-07 13:40:19,260 [ERROR] ConditionMgr:805 - Attr not supported : Dmpu
2024-08-07 13:40:19,261 [ERROR] ConditionMgr:805 - Attr not supported : Dmpu
2024-08-07 13:40:19,261 [ERROR] ConditionMgr:805 - Attr not supported : Dmpu
2024-08-07 13:40:19,261 [ERROR] ConditionMgr:805 - Attr not supported : Dmpu
2024-08-07 13:40:19,261 [ERROR] ConditionMgr:805 - Attr not supported : Dmpu
2024-08-07 13:40:19,261 [ERROR] ConditionMgr:805 - Attr not supported : Dmpu
2024-08-07 13:40:19,261 [ERROR] ConditionMgr:805 - Attr not supported : Dmpu
2024-08-07 13:40:19,261 [ERROR] ConditionMgr:805 - Attr not supported : Dmpu
2024-08-07 13:40:19,261 [ERROR] ConditionMgr:805 - Attr not supported : Dmpu
2024-08-07 13:40:19,261 [ERROR] ConditionMgr:805 - Attr not supported : Dmpu
2024-08-07 13:40:19,261 [ERROR] ConditionMgr:805 - Attr not supported : Dmpu
2024-08-07 13:40:19,261 [ERROR] ConditionMgr:805 - Attr not supported : Dmpu
2024-08-07 13:40:19,262 [ERROR] ConditionMgr:805 - Attr not supported : Dmpu
2024-08-07 13:40:19,262 [ERROR] ConditionMgr:805 - Attr not supported : Dmpu
2024-08-07 13:40:19,262 [ERROR] ConditionMgr:805 - Attr not supported : Dmpu
2024-08-07 13:40:19,262 [ERROR] ConditionMgr:805 - Attr not supported : Dmpu
2024-08-07 13:40:19,262 [ERROR] ConditionMgr:805 - Attr not supported : Dmpu
2024-08-07 13:40:19,262 [ERROR] ConditionMgr:805 - Attr not supported : Dmpu
2024-08-07 13:40:19,262 [ERROR] ConditionMgr:805 - Attr not supported : Dmpu
2024-08-07 13:40:19,262 [ERROR] ConditionMgr:805 - Attr not supported : Dmpu
2024-08-07 13:40:19,262 [ERROR] ConditionMgr:805 - Attr not supported : Dmpu
2024-08-07 13:40:19,301 [WARN] PackLoader:240 - Cannot read IP mode file for RealThread.X-CUBE-RT-Thread_Nano.4.1.1
2024-08-07 13:40:19,379 [WARN] PackLoader:240 - Cannot read IP mode file for wolfSSL.I-CUBE-wolfSSL.5.7.0
2024-08-07 13:40:19,415 [WARN] PackLoader:240 - Cannot read IP mode file for STMicroelectronics.FP-ATR-SIGFOX1.3.2.0
2024-08-07 13:40:19,443 [WARN] PackLoader:240 - Cannot read IP mode file for STMicroelectronics.X-CUBE-EEPRMA1.5.1.0
2024-08-07 13:40:19,526 [WARN] PackLoader:240 - Cannot read IP mode file for ITTIA_DB.I-CUBE-ITTIADB.8.9.0
2024-08-07 13:40:19,623 [WARN] PackLoader:240 - Cannot read IP mode file for SEGGER.I-CUBE-embOS.1.3.1
2024-08-07 13:40:19,747 [WARN] PackLoader:240 - Cannot read IP mode file for STMicroelectronics.X-CUBE-ALGOBUILD.1.4.0
2024-08-07 13:40:19,765 [WARN] PackLoader:240 - Cannot read IP mode file for STMicroelectronics.X-CUBE-GNSS1.6.0.0
2024-08-07 13:40:19,874 [WARN] PackLoader:240 - Cannot read IP mode file for STMicroelectronics.X-CUBE-AZRTOS-F4.1.1.0
2024-08-07 13:40:19,927 [WARN] PackLoader:240 - Cannot read IP mode file for STMicroelectronics.X-CUBE-FREERTOS.1.2.0
2024-08-07 13:40:20,031 [WARN] PackLoader:240 - Cannot read IP mode file for STMicroelectronics.X-CUBE-AZRTOS-L5.2.0.0
2024-08-07 13:40:20,126 [WARN] PackLoader:240 - Cannot read IP mode file for STMicroelectronics.X-CUBE-NFC6.3.1.0
2024-08-07 13:40:20,164 [WARN] PackLoader:240 - Cannot read IP mode file for STMicroelectronics.X-CUBE-DPower.1.2.0
2024-08-07 13:40:20,197 [WARN] PackLoader:240 - Cannot read IP mode file for STMicroelectronics.X-CUBE-AI.9.0.0
2024-08-07 13:40:20,229 [WARN] PackLoader:240 - Cannot read IP mode file for STMicroelectronics.X-CUBE-NFC7.1.0.1
2024-08-07 13:40:20,372 [WARN] PackLoader:240 - Cannot read IP mode file for wolfSSL.I-CUBE-wolfTPM.3.2.0
2024-08-07 13:40:20,496 [WARN] ConditionMgr:438 - getConditionDescription Invalid condition id : LAN8742 Phy interface Condition cause : null
2024-08-07 13:40:20,497 [WARN] PackLoader:240 - Cannot read IP mode file for STMicroelectronics.X-CUBE-AZRTOS-L4.2.0.0
2024-08-07 13:40:20,500 [WARN] ConditionMgr:1039 - genDependencies : Invalid condition id : LAN8742 Phy interface Condition cause : null
2024-08-07 13:40:20,500 [WARN] ConditionMgr:1039 - genDependencies : Invalid condition id : LAN8742 Phy interface Condition cause : null
2024-08-07 13:40:20,503 [WARN] ConditionMgr:1039 - genDependencies : Invalid condition id : LAN8742 Phy interface Condition cause : null
2024-08-07 13:40:20,557 [WARN] PackLoader:240 - Cannot read IP mode file for STMicroelectronics.X-CUBE-SFXS2LP1.4.0.0
2024-08-07 13:40:20,677 [WARN] ConditionMgr:438 - getConditionDescription Invalid condition id : UX DEVICE CLASS RTOS Condition cause : null
2024-08-07 13:40:20,677 [WARN] ConditionMgr:438 - getConditionDescription Invalid condition id : UX DEVICE CLASS RTOS Condition cause : null
2024-08-07 13:40:20,680 [WARN] PackLoader:240 - Cannot read IP mode file for STMicroelectronics.X-CUBE-AZRTOS-WB.2.0.0
2024-08-07 13:40:20,681 [WARN] ConditionMgr:1039 - genDependencies : Invalid condition id : UX DEVICE CLASS RTOS Condition cause : null
2024-08-07 13:40:20,681 [WARN] ConditionMgr:1039 - genDependencies : Invalid condition id : UX DEVICE CLASS RTOS Condition cause : null
2024-08-07 13:40:20,682 [WARN] ConditionMgr:1039 - genDependencies : Invalid condition id : UX DEVICE CLASS RTOS Condition cause : null
2024-08-07 13:40:20,682 [WARN] ConditionMgr:1039 - genDependencies : Invalid condition id : UX DEVICE CLASS RTOS Condition cause : null
2024-08-07 13:40:20,682 [WARN] ConditionMgr:1039 - genDependencies : Invalid condition id : UX DEVICE CLASS RTOS Condition cause : null
2024-08-07 13:40:20,711 [WARN] PackLoader:240 - Cannot read IP mode file for STMicroelectronics.FP-SNS-STBOX1.2.0.0
2024-08-07 13:40:20,768 [WARN] PackLoader:240 - Cannot read IP mode file for STMicroelectronics.X-CUBE-SUBG2.5.0.0
2024-08-07 13:40:20,872 [WARN] PackLoader:240 - Cannot read IP mode file for STMicroelectronics.X-CUBE-AZRTOS-G4.2.0.0
2024-08-07 13:40:20,932 [WARN] PackLoader:240 - Cannot read IP mode file for STMicroelectronics.X-CUBE-ISPU.2.0.0
2024-08-07 13:40:20,955 [WARN] PackLoader:240 - Cannot read IP mode file for STMicroelectronics.X-CUBE-ALS.1.0.2
2024-08-07 13:40:21,194 [WARN] PackLoader:240 - Cannot read IP mode file for STMicroelectronics.X-CUBE-MEMS1.10.0.0
2024-08-07 13:40:21,503 [WARN] PackLoader:240 - Cannot read IP mode file for STMicroelectronics.X-CUBE-TOUCHGFX.4.24.0
2024-08-07 13:40:21,546 [WARN] PackLoader:240 - Cannot read IP mode file for portGmbH.I-Cube-SoM-uGOAL.1.1.0
2024-08-07 13:40:21,604 [WARN] PackLoader:240 - Cannot read IP mode file for STMicroelectronics.X-CUBE-ALS.1.0.1
2024-08-07 13:40:21,689 [WARN] PackLoader:240 - Cannot read IP mode file for STMicroelectronics.X-CUBE-AZRTOS-H7RS.1.0.0
2024-08-07 13:40:21,771 [WARN] PackLoader:240 - Cannot read IP mode file for STMicroelectronics.FP-ATR-ASTRA1.2.0.0
2024-08-07 13:40:21,823 [WARN] PackLoader:240 - Cannot read IP mode file for STMicroelectronics.X-CUBE-TOF1.3.4.2
2024-08-07 13:40:21,861 [WARN] PackLoader:240 - Cannot read IP mode file for STMicroelectronics.X-CUBE-TOF1.3.4.1
2024-08-07 13:40:21,919 [WARN] PackLoader:240 - Cannot read IP mode file for STMicroelectronics.X-CUBE-AZRTOS-H7.3.2.0
2024-08-07 13:40:21,953 [WARN] PackLoader:240 - Cannot read IP mode file for Infineon.AIROC-Wi-Fi-Bluetooth-STM32.1.6.0
2024-08-07 13:40:21,973 [WARN] PackLoader:240 - Cannot read IP mode file for wolfSSL.I-CUBE-wolfSSH.1.4.17
2024-08-07 13:40:21,974 [INFO] ThirdParty:978 - Integrity check success = true
2024-08-07 13:40:21,974 [INFO] IntegrityCheckThread:100 - exiting critical section [integrity check]
2024-08-07 13:40:21,974 [INFO] IntegrityCheckThread:103 - End integrity checks thread
2024-08-07 13:40:25,928 [INFO] WebApp:161 - Instantiating new browser for Auth
2024-08-07 13:40:27,226 [INFO] WebApp:779 - Register for checkConnection events
2024-08-07 13:40:27,226 [INFO] WebApp:414 - Apply proxy settings
2024-08-07 13:40:27,227 [INFO] WebApp:499 - Chromium requires no authentication
2024-08-07 13:40:27,238 [INFO] WebApp:442 - Direct internet connection detected
2024-08-07 13:40:27,505 [INFO] WebApp:192 - Starting web application
2024-08-07 13:40:27,507 [INFO] WebApp:544 - Web application path used C:\ST\STM32CubeIDE_1.15.1\STM32CubeIDE\plugins\com.st.stm32cube.common.mx_6.11.1.202404110753\db\plugins\mcufinder\reactClient1\index.html
2024-08-07 22:07:43,443 [ERROR] LogOutputStream:75 - [STDERR_REDIRECT] 
