2024-09-16 16:41:39,295 [INFO] Activator:176 - 


2024-09-16 16:41:39,303 [INFO] Activator:177 - !SESSION log4j initialized
2024-09-16 16:41:49,759 [INFO] LogOutputStream:77 - [STDOUT_REDIRECT] 
2024-09-16 16:41:54,712 [INFO] ApplicationProperties:184 - Using Application install path: C:\ST\STM32CubeIDE_1.15.1\STM32CubeIDE\plugins\com.st.stm32cube.common.mx_6.11.1.202404110753
2024-09-16 16:41:54,851 [INFO] DbMcusXml:78 - Set database path to: C:\ST\STM32CubeIDE_1.15.1\STM32CubeIDE\plugins\com.st.stm32cube.common.mx_6.11.1.202404110753\\db\/mcu/
2024-09-16 16:41:54,851 [INFO] ApiDb:274 - Set plugin database path to: C:\ST\STM32CubeIDE_1.15.1\STM32CubeIDE\plugins\com.st.stm32cube.common.mx_6.11.1.202404110753\\db\/plugins/boardmanager/
2024-09-16 16:41:54,867 [WARN] ApiDb:259 - Overriding images path with different value:  => C:\ST\STM32CubeIDE_1.15.1\STM32CubeIDE\plugins\com.st.stm32cube.common.mx_6.11.1.202404110753\\db\/plugins/mcufinder/images/
2024-09-16 16:41:54,884 [INFO] ApiDb:250 - Set database path to: C:\Users\Matheus Markies\.stmcufinder\plugins\mcufinder//mcu/
2024-09-16 16:41:54,885 [INFO] DbMcusAds:125 - Set database path to: C:\Users\Matheus Markies\.stmcufinder\plugins\mcufinder//mcu/
2024-09-16 16:41:54,887 [INFO] CrossReferenceDbSqlite:203 - Set database path to: C:\Users\Matheus Markies\.stmcufinder\plugins\mcufinder//mcu/cs/
2024-09-16 16:41:55,049 [INFO] RulesReader:64 - Compatibility file has been processed (297 Rules)
2024-09-16 16:41:55,377 [INFO] DbMcusXml:78 - Set database path to: C:\ST\STM32CubeIDE_1.15.1\STM32CubeIDE\plugins\com.st.stm32cube.common.mx_6.11.1.202404110753\\db\/mcu/
2024-09-16 16:41:55,377 [INFO] ApiDb:274 - Set plugin database path to: C:\ST\STM32CubeIDE_1.15.1\STM32CubeIDE\plugins\com.st.stm32cube.common.mx_6.11.1.202404110753\\db\/plugins/boardmanager/
2024-09-16 16:41:55,377 [INFO] ApiDb:261 - Set plugin images path to: C:\ST\STM32CubeIDE_1.15.1\STM32CubeIDE\plugins\com.st.stm32cube.common.mx_6.11.1.202404110753\\db\/plugins/mcufinder/images/
2024-09-16 16:41:55,378 [WARN] DbFile:41 - Overriding database path with different value: C:\Users\Matheus Markies\.stmcufinder\plugins\mcufinder/ => C:\Users\Matheus Markies\.stmcufinder\plugins\mcufinder
2024-09-16 16:41:55,378 [INFO] ApiDb:250 - Set database path to: C:\Users\Matheus Markies\.stmcufinder\plugins\mcufinder//mcu/
2024-09-16 16:41:55,378 [WARN] DbFile:41 - Overriding database path with different value: C:\Users\Matheus Markies\.stmcufinder\plugins\mcufinder/ => C:\Users\Matheus Markies\.stmcufinder\plugins\mcufinder
2024-09-16 16:41:55,378 [INFO] DbMcusAds:125 - Set database path to: C:\Users\Matheus Markies\.stmcufinder\plugins\mcufinder//mcu/
2024-09-16 16:41:55,378 [WARN] DbFile:41 - Overriding database path with different value: C:\Users\Matheus Markies\.stmcufinder\plugins\mcufinder/ => C:\Users\Matheus Markies\.stmcufinder\plugins\mcufinder
2024-09-16 16:41:55,378 [WARN] DbFile:41 - Overriding database path with different value: C:\Users\Matheus Markies\.stmcufinder\plugins\mcufinder/ => C:\Users\Matheus Markies\.stmcufinder\plugins\mcufinder
2024-09-16 16:41:55,378 [INFO] CrossReferenceDbSqlite:203 - Set database path to: C:\Users\Matheus Markies\.stmcufinder\plugins\mcufinder//mcu/cs/
2024-09-16 16:41:55,610 [INFO] MainPanel:264 - HeapMemory: 268435456
2024-09-16 16:41:55,776 [INFO] DbMcusXml:78 - Set database path to: C:\ST\STM32CubeIDE_1.15.1\STM32CubeIDE\plugins\com.st.stm32cube.common.mx_6.11.1.202404110753\\db\/mcu/
2024-09-16 16:41:55,776 [INFO] ApiDb:274 - Set plugin database path to: C:\ST\STM32CubeIDE_1.15.1\STM32CubeIDE\plugins\com.st.stm32cube.common.mx_6.11.1.202404110753\\db\/plugins/boardmanager/
2024-09-16 16:41:55,777 [INFO] ApiDb:261 - Set plugin images path to: C:\ST\STM32CubeIDE_1.15.1\STM32CubeIDE\plugins\com.st.stm32cube.common.mx_6.11.1.202404110753\\db\/plugins/mcufinder/images/
2024-09-16 16:41:55,777 [WARN] DbFile:41 - Overriding database path with different value: C:\Users\Matheus Markies\.stmcufinder\plugins\mcufinder/ => C:\Users\Matheus Markies\.stmcufinder\plugins\mcufinder
2024-09-16 16:41:55,777 [INFO] ApiDb:250 - Set database path to: C:\Users\Matheus Markies\.stmcufinder\plugins\mcufinder//mcu/
2024-09-16 16:41:55,777 [WARN] DbFile:41 - Overriding database path with different value: C:\Users\Matheus Markies\.stmcufinder\plugins\mcufinder/ => C:\Users\Matheus Markies\.stmcufinder\plugins\mcufinder
2024-09-16 16:41:55,777 [INFO] DbMcusAds:125 - Set database path to: C:\Users\Matheus Markies\.stmcufinder\plugins\mcufinder//mcu/
2024-09-16 16:41:55,778 [WARN] DbFile:41 - Overriding database path with different value: C:\Users\Matheus Markies\.stmcufinder\plugins\mcufinder/ => C:\Users\Matheus Markies\.stmcufinder\plugins\mcufinder
2024-09-16 16:41:55,778 [WARN] DbFile:41 - Overriding database path with different value: C:\Users\Matheus Markies\.stmcufinder\plugins\mcufinder/ => C:\Users\Matheus Markies\.stmcufinder\plugins\mcufinder
2024-09-16 16:41:55,778 [INFO] CrossReferenceDbSqlite:203 - Set database path to: C:\Users\Matheus Markies\.stmcufinder\plugins\mcufinder//mcu/cs/
2024-09-16 16:41:55,906 [INFO] ApplicationProperties:184 - Using Application install path: C:\ST\STM32CubeIDE_1.15.1\STM32CubeIDE\plugins\com.st.stm32cube.common.mx_6.11.1.202404110753
2024-09-16 16:41:55,909 [INFO] PluginManage:196 - Search for loadable plugins [exclusion list=, ]
2024-09-16 16:41:55,911 [INFO] PluginManage:310 - Check plugin analytics
2024-09-16 16:41:56,157 [INFO] AnalyticsPlugin:253 - Accepted Software Licenses: 
2024-09-16 16:41:56,157 [INFO] AnalyticsPlugin:255 - Accepted CMSIS Pack Licenses: 
2024-09-16 16:41:56,158 [INFO] AnalyticsPlugin:257 - Accepted Firmware Licenses: FW.F4.1.28.0
2024-09-16 16:41:56,162 [INFO] PluginManage:359 - Loaded plugin analytics (category:tool,tabindex:-1)
2024-09-16 16:41:56,162 [INFO] PluginManage:310 - Check plugin cadmodel
2024-09-16 16:41:56,187 [INFO] CADModel:105 - Init CAD model plugin
2024-09-16 16:41:56,187 [INFO] PluginManage:359 - Loaded plugin cadmodel (category:power,tabindex:5)
2024-09-16 16:41:56,188 [INFO] PluginManage:310 - Check plugin clock
2024-09-16 16:41:56,219 [INFO] PluginManage:359 - Loaded plugin clock (category:base,tabindex:2)
2024-09-16 16:41:56,219 [INFO] PluginManage:310 - Check plugin ddr
2024-09-16 16:41:56,222 [INFO] PluginManage:359 - Loaded plugin ddr (category:tool,tabindex:6)
2024-09-16 16:41:56,223 [INFO] PluginManage:310 - Check plugin filemanager
2024-09-16 16:41:56,408 [INFO] PluginManage:359 - Loaded plugin filemanager (category:base,tabindex:10)
2024-09-16 16:41:56,408 [INFO] PluginManage:310 - Check plugin ipmanager
2024-09-16 16:41:56,418 [INFO] PluginManage:359 - Loaded plugin ipmanager (category:base,tabindex:5)
2024-09-16 16:41:56,418 [INFO] PluginManage:310 - Check plugin lpbam
2024-09-16 16:41:56,442 [INFO] PluginManage:359 - Loaded plugin lpbam (category:base,tabindex:0)
2024-09-16 16:41:56,442 [INFO] PluginManage:310 - Check plugin memorymap
2024-09-16 16:41:56,477 [INFO] PluginManage:359 - Loaded plugin memorymap (category:base,tabindex:4)
2024-09-16 16:41:56,477 [INFO] PluginManage:310 - Check plugin pinoutandconfiguration
2024-09-16 16:41:56,500 [INFO] PluginManage:359 - Loaded plugin pinoutandconfiguration (category:base,tabindex:1)
2024-09-16 16:41:56,500 [INFO] PluginManage:310 - Check plugin pinoutconfig
2024-09-16 16:41:56,791 [WARN] SupportedApi:132 - Cannot load RTOS API schema: s4s-elt-must-match.1: The content of 'definitions' must match (annotation?, (simpleType | complexType)?, (unique | key | keyref)*)). A problem was found starting at: attribute.
2024-09-16 16:41:56,996 [INFO] PluginManage:359 - Loaded plugin pinoutconfig (category:base,tabindex:0)
2024-09-16 16:41:56,996 [INFO] PluginManage:310 - Check plugin power
2024-09-16 16:41:57,030 [INFO] PluginManage:359 - Loaded plugin power (category:power,tabindex:4)
2024-09-16 16:41:57,031 [INFO] PluginManage:310 - Check plugin projectmanager
2024-09-16 16:41:57,053 [INFO] PluginManage:359 - Loaded plugin projectmanager (category:projectmanager,tabindex:3)
2024-09-16 16:41:57,054 [INFO] PluginManage:310 - Check plugin thirdparty
2024-09-16 16:41:57,592 [INFO] PluginManage:359 - Loaded plugin thirdparty (category:base,tabindex:-1)
2024-09-16 16:41:57,592 [INFO] PluginManage:310 - Check plugin tools
2024-09-16 16:41:57,592 [WARN] IntegrityCheckThread:84 - waiting for thirdparty lock release [integrity check]
2024-09-16 16:41:57,592 [INFO] IntegrityCheckThread:86 - entering critical section [integrity check]
2024-09-16 16:41:57,592 [INFO] ThirdPartyUpdaterWithRetryManager:70 - Updater plugin not ready yet. [1/15]
2024-09-16 16:41:57,642 [INFO] PluginManage:359 - Loaded plugin tools (category:base,tabindex:7)
2024-09-16 16:41:57,643 [INFO] PluginManage:310 - Check plugin tutovideos
2024-09-16 16:41:57,937 [INFO] PluginManage:359 - Loaded plugin tutovideos (category:base,tabindex:-1)
2024-09-16 16:41:57,937 [INFO] PluginManage:310 - Check plugin updater
2024-09-16 16:41:57,963 [INFO] PluginManage:359 - Loaded plugin updater (category:base,tabindex:12)
2024-09-16 16:41:57,963 [INFO] PluginManage:310 - Check plugin userauth
2024-09-16 16:41:57,974 [INFO] UserAuth:114 - Init User Auth plugin
2024-09-16 16:41:57,974 [INFO] PluginManage:359 - Loaded plugin userauth (category:base,tabindex:14)
2024-09-16 16:41:57,975 [INFO] PluginManage:283 - PluginManage : Loaded plugins [17]
2024-09-16 16:41:58,546 [INFO] PinOutPanel:1561 - setPackage(No Configuration,No Configuration)
2024-09-16 16:41:58,759 [INFO] CADModel:165 - CPN selected for project level
2024-09-16 16:41:58,759 [INFO] CADModel:114 - Register for checkConnection events
2024-09-16 16:41:58,798 [INFO] IPUIPlugin:80 - create IPUIPlugin
2024-09-16 16:41:58,798 [INFO] PluginManager:220 - loadIPPluginJar : add adc
2024-09-16 16:41:58,850 [INFO] IPUIPlugin:80 - create IPUIPlugin
2024-09-16 16:41:58,850 [INFO] PluginManager:220 - loadIPPluginJar : add aes
2024-09-16 16:41:58,909 [INFO] IPUIPlugin:80 - create IPUIPlugin
2024-09-16 16:41:58,909 [INFO] PluginManager:220 - loadIPPluginJar : add can
2024-09-16 16:41:58,942 [INFO] IPUIPlugin:80 - create IPUIPlugin
2024-09-16 16:41:58,942 [INFO] PluginManager:220 - loadIPPluginJar : add comp
2024-09-16 16:41:58,990 [INFO] IPUIPlugin:80 - create IPUIPlugin
2024-09-16 16:41:58,990 [INFO] PluginManager:220 - loadIPPluginJar : add cryp
2024-09-16 16:41:59,040 [INFO] IPUIPlugin:80 - create IPUIPlugin
2024-09-16 16:41:59,041 [INFO] PluginManager:220 - loadIPPluginJar : add dfsdm
2024-09-16 16:41:59,061 [INFO] IPUIPlugin:80 - create IPUIPlugin
2024-09-16 16:41:59,062 [INFO] PluginManager:220 - loadIPPluginJar : add dma
2024-09-16 16:41:59,123 [INFO] IPUIPlugin:80 - create IPUIPlugin
2024-09-16 16:41:59,123 [INFO] PluginManager:220 - loadIPPluginJar : add dma3
2024-09-16 16:41:59,185 [INFO] IPUIPlugin:80 - create IPUIPlugin
2024-09-16 16:41:59,185 [INFO] PluginManager:220 - loadIPPluginJar : add extmemmanager
2024-09-16 16:41:59,218 [INFO] IPUIPlugin:80 - create IPUIPlugin
2024-09-16 16:41:59,219 [INFO] PluginManager:220 - loadIPPluginJar : add fatfs
2024-09-16 16:41:59,376 [INFO] IPUIPlugin:80 - create IPUIPlugin
2024-09-16 16:41:59,377 [INFO] PluginManager:220 - loadIPPluginJar : add fmc
2024-09-16 16:41:59,401 [INFO] IPUIPlugin:80 - create IPUIPlugin
2024-09-16 16:41:59,402 [INFO] PluginManager:220 - loadIPPluginJar : add freertos
2024-09-16 16:41:59,432 [INFO] IPUIPlugin:80 - create IPUIPlugin
2024-09-16 16:41:59,432 [INFO] PluginManager:220 - loadIPPluginJar : add genericplugin
2024-09-16 16:41:59,638 [INFO] IPUIPlugin:80 - create IPUIPlugin
2024-09-16 16:41:59,638 [INFO] PluginManager:220 - loadIPPluginJar : add gfxmmu
2024-09-16 16:41:59,821 [INFO] IPUIPlugin:80 - create IPUIPlugin
2024-09-16 16:41:59,821 [INFO] PluginManager:220 - loadIPPluginJar : add gic
2024-09-16 16:41:59,841 [INFO] IPUIPlugin:80 - create IPUIPlugin
2024-09-16 16:41:59,841 [INFO] PluginManager:220 - loadIPPluginJar : add gpio
2024-09-16 16:41:59,967 [INFO] IPUIPlugin:80 - create IPUIPlugin
2024-09-16 16:41:59,967 [INFO] PluginManager:220 - loadIPPluginJar : add gtzc
2024-09-16 16:42:00,011 [INFO] IPUIPlugin:80 - create IPUIPlugin
2024-09-16 16:42:00,011 [INFO] PluginManager:220 - loadIPPluginJar : add hash
2024-09-16 16:42:00,081 [INFO] IPUIPlugin:80 - create IPUIPlugin
2024-09-16 16:42:00,081 [INFO] PluginManager:220 - loadIPPluginJar : add i2c
2024-09-16 16:42:00,134 [INFO] IPUIPlugin:80 - create IPUIPlugin
2024-09-16 16:42:00,135 [INFO] PluginManager:220 - loadIPPluginJar : add i2s
2024-09-16 16:42:00,187 [INFO] IPUIPlugin:80 - create IPUIPlugin
2024-09-16 16:42:00,187 [INFO] PluginManager:220 - loadIPPluginJar : add i3c
2024-09-16 16:42:00,324 [INFO] IPUIPlugin:80 - create IPUIPlugin
2024-09-16 16:42:00,324 [INFO] PluginManager:220 - loadIPPluginJar : add ipddr
2024-09-16 16:42:00,438 [INFO] IPUIPlugin:80 - create IPUIPlugin
2024-09-16 16:42:00,438 [INFO] PluginManager:220 - loadIPPluginJar : add linkedlist
2024-09-16 16:42:00,546 [INFO] IPUIPlugin:80 - create IPUIPlugin
2024-09-16 16:42:00,546 [INFO] PluginManager:220 - loadIPPluginJar : add lorawan
2024-09-16 16:42:00,593 [INFO] ThirdPartyUpdaterWithRetryManager:70 - Updater plugin not ready yet. [2/15]
2024-09-16 16:42:00,606 [INFO] IPUIPlugin:80 - create IPUIPlugin
2024-09-16 16:42:00,607 [INFO] PluginManager:220 - loadIPPluginJar : add ltdc
2024-09-16 16:42:00,627 [INFO] IPUIPlugin:80 - create IPUIPlugin
2024-09-16 16:42:00,627 [INFO] PluginManager:220 - loadIPPluginJar : add mdma
2024-09-16 16:42:00,645 [INFO] IPUIPlugin:80 - create IPUIPlugin
2024-09-16 16:42:00,645 [INFO] PluginManager:220 - loadIPPluginJar : add nvic
2024-09-16 16:42:00,698 [INFO] IPUIPlugin:80 - create IPUIPlugin
2024-09-16 16:42:00,698 [INFO] PluginManager:220 - loadIPPluginJar : add opamp
2024-09-16 16:42:00,852 [INFO] IPUIPlugin:80 - create IPUIPlugin
2024-09-16 16:42:00,853 [INFO] PluginManager:220 - loadIPPluginJar : add openamp
2024-09-16 16:42:00,983 [INFO] IPUIPlugin:80 - create IPUIPlugin
2024-09-16 16:42:00,983 [INFO] PluginManager:220 - loadIPPluginJar : add pdm2pcm
2024-09-16 16:42:01,012 [INFO] IPUIPlugin:80 - create IPUIPlugin
2024-09-16 16:42:01,015 [INFO] PluginManager:220 - loadIPPluginJar : add plateformsettings
2024-09-16 16:42:01,058 [INFO] IPUIPlugin:80 - create IPUIPlugin
2024-09-16 16:42:01,058 [INFO] PluginManager:220 - loadIPPluginJar : add quadspi
2024-09-16 16:42:01,081 [INFO] IPUIPlugin:80 - create IPUIPlugin
2024-09-16 16:42:01,081 [INFO] PluginManager:220 - loadIPPluginJar : add resmgrutility
2024-09-16 16:42:01,146 [INFO] IPUIPlugin:80 - create IPUIPlugin
2024-09-16 16:42:01,146 [INFO] PluginManager:220 - loadIPPluginJar : add sai
2024-09-16 16:42:01,197 [INFO] IPUIPlugin:80 - create IPUIPlugin
2024-09-16 16:42:01,198 [INFO] PluginManager:220 - loadIPPluginJar : add spi
2024-09-16 16:42:01,290 [INFO] IPUIPlugin:80 - create IPUIPlugin
2024-09-16 16:42:01,291 [INFO] PluginManager:220 - loadIPPluginJar : add stm32_wpan
2024-09-16 16:42:01,330 [INFO] IPUIPlugin:80 - create IPUIPlugin
2024-09-16 16:42:01,330 [INFO] PluginManager:220 - loadIPPluginJar : add tim
2024-09-16 16:42:01,448 [INFO] IPUIPlugin:80 - create IPUIPlugin
2024-09-16 16:42:01,448 [INFO] PluginManager:220 - loadIPPluginJar : add touchsensing
2024-09-16 16:42:01,484 [INFO] IPUIPlugin:80 - create IPUIPlugin
2024-09-16 16:42:01,484 [INFO] PluginManager:220 - loadIPPluginJar : add tracer_emb
2024-09-16 16:42:01,527 [INFO] IPUIPlugin:80 - create IPUIPlugin
2024-09-16 16:42:01,528 [INFO] PluginManager:220 - loadIPPluginJar : add ts
2024-09-16 16:42:01,576 [INFO] IPUIPlugin:80 - create IPUIPlugin
2024-09-16 16:42:01,577 [INFO] PluginManager:220 - loadIPPluginJar : add tsc
2024-09-16 16:42:01,612 [INFO] IPUIPlugin:80 - create IPUIPlugin
2024-09-16 16:42:01,612 [INFO] PluginManager:220 - loadIPPluginJar : add ucpd
2024-09-16 16:42:01,678 [INFO] IPUIPlugin:80 - create IPUIPlugin
2024-09-16 16:42:01,678 [INFO] PluginManager:220 - loadIPPluginJar : add usart
2024-09-16 16:42:01,748 [INFO] IPUIPlugin:80 - create IPUIPlugin
2024-09-16 16:42:01,748 [INFO] PluginManager:220 - loadIPPluginJar : add usbx
2024-09-16 16:42:02,019 [INFO] CADModel:165 - CPN selected for project level
2024-09-16 16:42:02,019 [INFO] CADModel:114 - Register for checkConnection events
2024-09-16 16:42:02,019 [FATAL] Updater:308 - Updater called before beeing initialized
2024-09-16 16:42:02,020 [ERROR] CADModel:125 - Updater not yet initialized, retry later 
2024-09-16 16:42:02,294 [INFO] CADModel:165 - CPN selected for project level
2024-09-16 16:42:02,294 [INFO] CADModel:114 - Register for checkConnection events
2024-09-16 16:42:02,294 [FATAL] Updater:308 - Updater called before beeing initialized
2024-09-16 16:42:02,295 [ERROR] CADModel:125 - Updater not yet initialized, retry later 
2024-09-16 16:42:02,298 [FATAL] Updater:308 - Updater called before beeing initialized
2024-09-16 16:42:02,568 [FATAL] Updater:308 - Updater called before beeing initialized
2024-09-16 16:42:02,596 [INFO] DbMcusAds:53 - JSON generation date=Thu May 16 06:22:01 BRT 2024 (1715851321109)
2024-09-16 16:42:02,596 [FATAL] Updater:308 - Updater called before beeing initialized
2024-09-16 16:42:02,722 [WARN] DetailPanel:346 - Failed to get advertising image, set to default
2024-09-16 16:42:02,845 [FATAL] Updater:308 - Updater called before beeing initialized
2024-09-16 16:42:02,848 [FATAL] Updater:308 - Updater called before beeing initialized
2024-09-16 16:42:02,849 [FATAL] Updater:308 - Updater called before beeing initialized
2024-09-16 16:42:02,849 [WARN] DetailPanel:346 - Failed to get advertising image, set to default
2024-09-16 16:42:02,850 [FATAL] Updater:308 - Updater called before beeing initialized
2024-09-16 16:42:02,943 [ERROR] Updater:1120 - MainUpdater not yet initialized. External WinMGr cannot be set.
2024-09-16 16:42:02,957 [INFO] Updater:1056 - Updater Version found : 6.11.1
2024-09-16 16:42:02,993 [INFO] ApplicationProperties:184 - Using Application install path: C:\ST\STM32CubeIDE_1.15.1\STM32CubeIDE\plugins\com.st.stm32cube.common.mx_6.11.1.202404110753
2024-09-16 16:42:03,594 [INFO] ThirdPartyUpdaterWithRetryManager:70 - Updater plugin not ready yet. [3/15]
2024-09-16 16:42:04,741 [ERROR] LogOutputStream:75 - [STDERR_REDIRECT] Sep 16, 2024 4:42:04 PM java.util.prefs.WindowsPreferences <init>
2024-09-16 16:42:04,744 [ERROR] LogOutputStream:75 - [STDERR_REDIRECT] WARNING: Could not open/create prefs root node Software\JavaSoft\Prefs at root 0xffffffff80000002. Windows RegCreateKeyEx(...) returned error code 5.
2024-09-16 16:42:04,744 [ERROR] LogOutputStream:75 - [STDERR_REDIRECT] 
2024-09-16 16:42:05,260 [INFO] MainUpdater:2873 - connection check result : 10
2024-09-16 16:42:05,261 [INFO] MainUpdater:3567 - Updater definition file requires update
2024-09-16 16:42:05,263 [INFO] MainUpdater:290 - Updater Check For Update Now.
2024-09-16 16:42:05,263 [INFO] MicroXplorer:498 - Change Database Version : DB.6.0.111
2024-09-16 16:42:05,315 [INFO] McuFinderGlobals:63 - Set McuFinder mode to 2 (CubeIDE integrated)
2024-09-16 16:42:05,332 [INFO] UserAuth:415 - Internet connection configuration mode: 1
2024-09-16 16:42:05,360 [INFO] ServerAccessManage:473 - Download File updaters.zip
2024-09-16 16:42:05,394 [INFO] JxBrowserEngine:152 - Initiate JxBrowser Engine with user profile folder
2024-09-16 16:42:05,465 [INFO] FileExtend:240 - Unzip File : updaters.zip
2024-09-16 16:42:05,465 [INFO] FileExtend:255 - Standard Zip Deflate
2024-09-16 16:42:06,608 [WARN] MainUpdater:1194 - Updater busy. Cannot search thirdparties
2024-09-16 16:42:06,608 [INFO] ThirdPartyUpdaterWithRetryManager:96 - Updater plugin is busy. [1/15]
2024-09-16 16:42:06,759 [INFO] ServerAccessManage:473 - Download File PacksControlFlags.xml
2024-09-16 16:42:07,356 [INFO] ServerAccessManage:473 - Download File cubemx.pidx
2024-09-16 16:42:09,067 [INFO] ServerAccessManage:473 - Download File STMicroelectronics.X-CUBE-GNSS1.pdsc
2024-09-16 16:42:09,610 [WARN] MainUpdater:1194 - Updater busy. Cannot search thirdparties
2024-09-16 16:42:09,610 [INFO] ThirdPartyUpdaterWithRetryManager:96 - Updater plugin is busy. [2/15]
2024-09-16 16:42:10,219 [ERROR] ServerAccessManage:1089 - Problem, file not found on Server
2024-09-16 16:42:11,095 [ERROR] ServerAccessManage:1089 - Problem, file not found on Server
2024-09-16 16:42:11,849 [ERROR] ServerAccessManage:1089 - Problem, file not found on Server
2024-09-16 16:42:12,594 [ERROR] ServerAccessManage:1089 - Problem, file not found on Server
2024-09-16 16:42:12,611 [WARN] MainUpdater:1194 - Updater busy. Cannot search thirdparties
2024-09-16 16:42:12,611 [INFO] ThirdPartyUpdaterWithRetryManager:96 - Updater plugin is busy. [3/15]
2024-09-16 16:42:13,353 [ERROR] ServerAccessManage:1089 - Problem, file not found on Server
2024-09-16 16:42:14,106 [ERROR] ServerAccessManage:1089 - Problem, file not found on Server
2024-09-16 16:42:14,190 [INFO] ServerAccessManage:473 - Download File STMicroelectronics.X-CUBE-ISPU.pdsc
2024-09-16 16:42:15,648 [WARN] MainUpdater:1194 - Updater busy. Cannot search thirdparties
2024-09-16 16:42:15,649 [INFO] ThirdPartyUpdaterWithRetryManager:96 - Updater plugin is busy. [4/15]
2024-09-16 16:42:18,653 [WARN] MainUpdater:1194 - Updater busy. Cannot search thirdparties
2024-09-16 16:42:18,653 [INFO] ThirdPartyUpdaterWithRetryManager:96 - Updater plugin is busy. [5/15]
2024-09-16 16:42:21,654 [WARN] MainUpdater:1194 - Updater busy. Cannot search thirdparties
2024-09-16 16:42:21,654 [INFO] ThirdPartyUpdaterWithRetryManager:96 - Updater plugin is busy. [6/15]
2024-09-16 16:42:24,657 [WARN] MainUpdater:1194 - Updater busy. Cannot search thirdparties
2024-09-16 16:42:24,657 [INFO] ThirdPartyUpdaterWithRetryManager:96 - Updater plugin is busy. [7/15]
2024-09-16 16:42:26,907 [WARN] PackLoader:240 - Cannot read IP mode file for STMicroelectronics.X-CUBE-GNSS1.7.0.0
2024-09-16 16:42:26,929 [WARN] PackLoader:240 - Cannot read IP mode file for STMicroelectronics.X-CUBE-ISPU.2.1.0
2024-09-16 16:42:26,931 [INFO] PopulateThirdPartyThread:66 - Ending populate Thread
2024-09-16 16:42:26,933 [INFO] ThirdParty:1030 - CMSIS Pack Vendor :STMicroelectronics X-CUBE-GNSS1 7.0.0
2024-09-16 16:42:26,933 [INFO] ThirdParty:1030 - CMSIS Pack Vendor :STMicroelectronics X-CUBE-ISPU 2.1.0
2024-09-16 16:42:26,933 [INFO] LoadServerUpdatesThread:375 - End of LoadServerUpdate Thread
2024-09-16 16:42:27,121 [INFO] WebApp:161 - Instantiating new browser for Auth
2024-09-16 16:42:27,349 [INFO] CheckServerUpdateThread:120 - End of CheckServer Thread
2024-09-16 16:42:28,893 [WARN] PackLoader:240 - Cannot read IP mode file for STMicroelectronics.FP-SNS-MOTENVWB1.1.4.0
2024-09-16 16:42:29,072 [WARN] PackLoader:240 - Cannot read IP mode file for STMicroelectronics.X-CUBE-SMBUS.2.1.0
2024-09-16 16:42:29,091 [WARN] PackLoader:240 - Cannot read IP mode file for STMicroelectronics.X-CUBE-TOUCHGFX.4.23.2
2024-09-16 16:42:29,165 [WARN] PackLoader:240 - Cannot read IP mode file for STMicroelectronics.X-CUBE-AZRTOS-F7.1.1.0
2024-09-16 16:42:29,466 [WARN] PackLoader:240 - Cannot read IP mode file for STMicroelectronics.X-CUBE-MEMS1.11.0.0
2024-09-16 16:42:29,879 [WARN] PackLoader:240 - Cannot read IP mode file for STMicroelectronics.FP-SNS-FLIGHT1.5.0.2
2024-09-16 16:42:29,907 [INFO] WebApp:779 - Register for checkConnection events
2024-09-16 16:42:29,908 [INFO] WebApp:414 - Apply proxy settings
2024-09-16 16:42:29,908 [INFO] WebApp:499 - Chromium requires no authentication
2024-09-16 16:42:29,938 [INFO] WebApp:442 - Direct internet connection detected
2024-09-16 16:42:29,988 [WARN] PackLoader:240 - Cannot read IP mode file for STMicroelectronics.X-CUBE-DISPLAY.3.0.0
2024-09-16 16:42:30,037 [WARN] PackLoader:240 - Cannot read IP mode file for STMicroelectronics.X-CUBE-BLE1.7.0.0
2024-09-16 16:42:30,058 [WARN] PackLoader:240 - Cannot read IP mode file for emotas.I-CUBE-CANOPEN.1.3.0
2024-09-16 16:42:30,082 [WARN] PackLoader:240 - Cannot read IP mode file for STMicroelectronics.X-CUBE-BLEMGR.3.1.0
2024-09-16 16:42:30,132 [WARN] PackLoader:240 - Cannot read IP mode file for STMicroelectronics.FP-SNS-SMARTAG2.1.2.0
2024-09-16 16:42:30,186 [INFO] LogOutputStream:77 - [STDOUT_REDIRECT] 1 : Invalid condition id : UX_CORESTACK_Condition cause : null
2024-09-16 16:42:30,187 [INFO] LogOutputStream:77 - [STDOUT_REDIRECT] 1 : Invalid condition id : UX_CORESTACK_Condition cause : null
2024-09-16 16:42:30,190 [INFO] LogOutputStream:77 - [STDOUT_REDIRECT] 1 : Invalid condition id : UX_CORESTACK_Condition cause : null
2024-09-16 16:42:30,191 [INFO] LogOutputStream:77 - [STDOUT_REDIRECT] 1 : Invalid condition id : UX_CORESTACK_Condition cause : null
2024-09-16 16:42:30,193 [INFO] LogOutputStream:77 - [STDOUT_REDIRECT] 1 : Invalid condition id : UX_CORESTACK_Condition cause : null
2024-09-16 16:42:30,196 [WARN] PackLoader:240 - Cannot read IP mode file for STMicroelectronics.X-CUBE-AZRTOS-WL.2.0.0
2024-09-16 16:42:30,271 [WARN] PackLoader:240 - Cannot read IP mode file for STMicroelectronics.FP-SNS-MOTENV1.5.0.0
2024-09-16 16:42:30,287 [WARN] PackLoader:240 - Cannot read IP mode file for wolfSSL.I-CUBE-wolfMQTT.1.19.0
2024-09-16 16:42:30,350 [WARN] PackLoader:240 - Cannot read IP mode file for WES.I-CUBE-Cesium.1.3.0
2024-09-16 16:42:30,369 [WARN] PackLoader:240 - Cannot read IP mode file for STMicroelectronics.X-CUBE-BLE2.3.3.0
2024-09-16 16:42:30,386 [WARN] PackLoader:240 - Cannot read IP mode file for STMicroelectronics.X-CUBE-TCPP.4.1.0
2024-09-16 16:42:30,508 [WARN] PackLoader:240 - Cannot read IP mode file for STMicroelectronics.X-CUBE-AZRTOS-G0.1.1.0
2024-09-16 16:42:30,565 [WARN] PackLoader:240 - Cannot read IP mode file for STMicroelectronics.X-CUBE-SAFEA1.1.2.2
2024-09-16 16:42:30,635 [INFO] WebApp:192 - Starting web application
2024-09-16 16:42:30,636 [INFO] WebApp:544 - Web application path used C:\ST\STM32CubeIDE_1.15.1\STM32CubeIDE\plugins\com.st.stm32cube.common.mx_6.11.1.202404110753\db\plugins\mcufinder\reactClient1\index.html
2024-09-16 16:42:30,709 [WARN] PackLoader:240 - Cannot read IP mode file for STMicroelectronics.X-CUBE-NFC4.3.0.0
2024-09-16 16:42:30,798 [WARN] PackLoader:240 - Cannot read IP mode file for wolfSSL.I-CUBE-wolfMQTT.1.18.0
2024-09-16 16:42:30,833 [WARN] PackLoader:240 - Cannot read IP mode file for EmbeddedOffice.I-CUBE-FS-RTOS.1.0.1
2024-09-16 16:42:30,833 [ERROR] ConditionMgr:805 - Attr not supported : Dmpu
2024-09-16 16:42:30,833 [ERROR] ConditionMgr:805 - Attr not supported : Dmpu
2024-09-16 16:42:30,833 [ERROR] ConditionMgr:805 - Attr not supported : Dmpu
2024-09-16 16:42:30,833 [ERROR] ConditionMgr:805 - Attr not supported : Dmpu
2024-09-16 16:42:30,834 [ERROR] ConditionMgr:805 - Attr not supported : Dmpu
2024-09-16 16:42:30,834 [ERROR] ConditionMgr:805 - Attr not supported : Dmpu
2024-09-16 16:42:30,834 [ERROR] ConditionMgr:805 - Attr not supported : Dmpu
2024-09-16 16:42:30,834 [ERROR] ConditionMgr:805 - Attr not supported : Dmpu
2024-09-16 16:42:30,834 [ERROR] ConditionMgr:805 - Attr not supported : Dmpu
2024-09-16 16:42:30,834 [ERROR] ConditionMgr:805 - Attr not supported : Dmpu
2024-09-16 16:42:30,834 [ERROR] ConditionMgr:805 - Attr not supported : Dmpu
2024-09-16 16:42:30,834 [ERROR] ConditionMgr:805 - Attr not supported : Dmpu
2024-09-16 16:42:30,834 [ERROR] ConditionMgr:805 - Attr not supported : Dmpu
2024-09-16 16:42:30,834 [ERROR] ConditionMgr:805 - Attr not supported : Dmpu
2024-09-16 16:42:30,834 [ERROR] ConditionMgr:805 - Attr not supported : Dmpu
2024-09-16 16:42:30,834 [ERROR] ConditionMgr:805 - Attr not supported : Dmpu
2024-09-16 16:42:30,834 [ERROR] ConditionMgr:805 - Attr not supported : Dmpu
2024-09-16 16:42:30,835 [ERROR] ConditionMgr:805 - Attr not supported : Dmpu
2024-09-16 16:42:30,835 [ERROR] ConditionMgr:805 - Attr not supported : Dmpu
2024-09-16 16:42:30,835 [ERROR] ConditionMgr:805 - Attr not supported : Dmpu
2024-09-16 16:42:30,835 [ERROR] ConditionMgr:805 - Attr not supported : Dmpu
2024-09-16 16:42:30,835 [ERROR] ConditionMgr:805 - Attr not supported : Dmpu
2024-09-16 16:42:30,835 [ERROR] ConditionMgr:805 - Attr not supported : Dmpu
2024-09-16 16:42:30,835 [ERROR] ConditionMgr:805 - Attr not supported : Dmpu
2024-09-16 16:42:30,836 [ERROR] ConditionMgr:805 - Attr not supported : Dmpu
2024-09-16 16:42:30,836 [ERROR] ConditionMgr:805 - Attr not supported : Dmpu
2024-09-16 16:42:30,836 [ERROR] ConditionMgr:805 - Attr not supported : Dmpu
2024-09-16 16:42:30,836 [ERROR] ConditionMgr:805 - Attr not supported : Dmpu
2024-09-16 16:42:30,836 [ERROR] ConditionMgr:805 - Attr not supported : Dmpu
2024-09-16 16:42:30,836 [ERROR] ConditionMgr:805 - Attr not supported : Dmpu
2024-09-16 16:42:30,836 [ERROR] ConditionMgr:805 - Attr not supported : Dmpu
2024-09-16 16:42:30,836 [ERROR] ConditionMgr:805 - Attr not supported : Dmpu
2024-09-16 16:42:30,836 [ERROR] ConditionMgr:805 - Attr not supported : Dmpu
2024-09-16 16:42:30,836 [ERROR] ConditionMgr:805 - Attr not supported : Dmpu
2024-09-16 16:42:30,836 [ERROR] ConditionMgr:805 - Attr not supported : Dmpu
2024-09-16 16:42:30,836 [ERROR] ConditionMgr:805 - Attr not supported : Dmpu
2024-09-16 16:42:30,836 [ERROR] ConditionMgr:805 - Attr not supported : Dmpu
2024-09-16 16:42:30,837 [ERROR] ConditionMgr:805 - Attr not supported : Dmpu
2024-09-16 16:42:30,837 [ERROR] ConditionMgr:805 - Attr not supported : Dmpu
2024-09-16 16:42:30,837 [ERROR] ConditionMgr:805 - Attr not supported : Dmpu
2024-09-16 16:42:30,837 [ERROR] ConditionMgr:805 - Attr not supported : Dmpu
2024-09-16 16:42:30,837 [ERROR] ConditionMgr:805 - Attr not supported : Dmpu
2024-09-16 16:42:30,837 [ERROR] ConditionMgr:805 - Attr not supported : Dmpu
2024-09-16 16:42:30,837 [ERROR] ConditionMgr:805 - Attr not supported : Dmpu
2024-09-16 16:42:30,837 [ERROR] ConditionMgr:805 - Attr not supported : Dmpu
2024-09-16 16:42:30,837 [ERROR] ConditionMgr:805 - Attr not supported : Dmpu
2024-09-16 16:42:30,837 [ERROR] ConditionMgr:805 - Attr not supported : Dmpu
2024-09-16 16:42:30,837 [ERROR] ConditionMgr:805 - Attr not supported : Dmpu
2024-09-16 16:42:30,837 [ERROR] ConditionMgr:805 - Attr not supported : Dmpu
2024-09-16 16:42:30,838 [ERROR] ConditionMgr:805 - Attr not supported : Dmpu
2024-09-16 16:42:30,838 [ERROR] ConditionMgr:805 - Attr not supported : Dmpu
2024-09-16 16:42:30,838 [ERROR] ConditionMgr:805 - Attr not supported : Dmpu
2024-09-16 16:42:30,838 [ERROR] ConditionMgr:805 - Attr not supported : Dmpu
2024-09-16 16:42:30,838 [ERROR] ConditionMgr:805 - Attr not supported : Dmpu
2024-09-16 16:42:30,838 [ERROR] ConditionMgr:805 - Attr not supported : Dmpu
2024-09-16 16:42:30,838 [ERROR] ConditionMgr:805 - Attr not supported : Dmpu
2024-09-16 16:42:30,838 [ERROR] ConditionMgr:805 - Attr not supported : Dmpu
2024-09-16 16:42:30,838 [ERROR] ConditionMgr:805 - Attr not supported : Dmpu
2024-09-16 16:42:30,838 [ERROR] ConditionMgr:805 - Attr not supported : Dmpu
2024-09-16 16:42:30,838 [ERROR] ConditionMgr:805 - Attr not supported : Dmpu
2024-09-16 16:42:30,838 [ERROR] ConditionMgr:805 - Attr not supported : Dmpu
2024-09-16 16:42:30,839 [ERROR] ConditionMgr:805 - Attr not supported : Dmpu
2024-09-16 16:42:30,839 [ERROR] ConditionMgr:805 - Attr not supported : Dmpu
2024-09-16 16:42:30,839 [ERROR] ConditionMgr:805 - Attr not supported : Dmpu
2024-09-16 16:42:30,856 [WARN] PackLoader:240 - Cannot read IP mode file for RealThread.X-CUBE-RT-Thread_Nano.4.1.1
2024-09-16 16:42:30,874 [WARN] PackLoader:240 - Cannot read IP mode file for wolfSSL.I-CUBE-wolfSSL.5.7.0
2024-09-16 16:42:30,881 [WARN] PackLoader:240 - Cannot read IP mode file for STMicroelectronics.FP-ATR-SIGFOX1.3.2.0
2024-09-16 16:42:30,989 [WARN] PackLoader:240 - Cannot read IP mode file for STMicroelectronics.X-CUBE-EEPRMA1.5.1.0
2024-09-16 16:42:31,225 [WARN] PackLoader:240 - Cannot read IP mode file for ITTIA_DB.I-CUBE-ITTIADB.8.9.0
2024-09-16 16:42:31,624 [WARN] PackLoader:240 - Cannot read IP mode file for SEGGER.I-CUBE-embOS.1.3.1
2024-09-16 16:42:32,025 [WARN] PackLoader:240 - Cannot read IP mode file for STMicroelectronics.X-CUBE-ALGOBUILD.1.4.0
2024-09-16 16:42:32,091 [WARN] PackLoader:240 - Cannot read IP mode file for STMicroelectronics.X-CUBE-GNSS1.6.0.0
2024-09-16 16:42:32,170 [WARN] PackLoader:240 - Cannot read IP mode file for STMicroelectronics.X-CUBE-AZRTOS-F4.1.1.0
2024-09-16 16:42:32,177 [WARN] PackLoader:240 - Cannot read IP mode file for STMicroelectronics.X-CUBE-ISPU.2.1.0
2024-09-16 16:42:32,218 [WARN] PackLoader:240 - Cannot read IP mode file for STMicroelectronics.X-CUBE-FREERTOS.1.2.0
2024-09-16 16:42:32,304 [WARN] PackLoader:240 - Cannot read IP mode file for STMicroelectronics.X-CUBE-AZRTOS-L5.2.0.0
2024-09-16 16:42:32,403 [WARN] PackLoader:240 - Cannot read IP mode file for STMicroelectronics.X-CUBE-NFC6.3.1.0
2024-09-16 16:42:32,455 [WARN] PackLoader:240 - Cannot read IP mode file for STMicroelectronics.X-CUBE-DPower.1.2.0
2024-09-16 16:42:32,477 [WARN] PackLoader:240 - Cannot read IP mode file for STMicroelectronics.X-CUBE-AI.9.0.0
2024-09-16 16:42:32,507 [WARN] PackLoader:240 - Cannot read IP mode file for STMicroelectronics.X-CUBE-NFC7.1.0.1
2024-09-16 16:42:32,518 [WARN] PackLoader:240 - Cannot read IP mode file for wolfSSL.I-CUBE-wolfTPM.3.2.0
2024-09-16 16:42:32,586 [WARN] ConditionMgr:438 - getConditionDescription Invalid condition id : LAN8742 Phy interface Condition cause : null
2024-09-16 16:42:32,586 [WARN] PackLoader:240 - Cannot read IP mode file for STMicroelectronics.X-CUBE-AZRTOS-L4.2.0.0
2024-09-16 16:42:32,589 [WARN] ConditionMgr:1039 - genDependencies : Invalid condition id : LAN8742 Phy interface Condition cause : null
2024-09-16 16:42:32,590 [WARN] ConditionMgr:1039 - genDependencies : Invalid condition id : LAN8742 Phy interface Condition cause : null
2024-09-16 16:42:32,591 [WARN] ConditionMgr:1039 - genDependencies : Invalid condition id : LAN8742 Phy interface Condition cause : null
2024-09-16 16:42:32,746 [WARN] PackLoader:240 - Cannot read IP mode file for STMicroelectronics.X-CUBE-SFXS2LP1.4.0.0
2024-09-16 16:42:32,888 [WARN] PackLoader:240 - Cannot read IP mode file for STMicroelectronics.X-CUBE-AZRTOS-H7.3.3.0
2024-09-16 16:42:32,963 [WARN] ConditionMgr:438 - getConditionDescription Invalid condition id : UX DEVICE CLASS RTOS Condition cause : null
2024-09-16 16:42:32,964 [WARN] ConditionMgr:438 - getConditionDescription Invalid condition id : UX DEVICE CLASS RTOS Condition cause : null
2024-09-16 16:42:32,968 [WARN] PackLoader:240 - Cannot read IP mode file for STMicroelectronics.X-CUBE-AZRTOS-WB.2.0.0
2024-09-16 16:42:32,969 [WARN] ConditionMgr:1039 - genDependencies : Invalid condition id : UX DEVICE CLASS RTOS Condition cause : null
2024-09-16 16:42:32,969 [WARN] ConditionMgr:1039 - genDependencies : Invalid condition id : UX DEVICE CLASS RTOS Condition cause : null
2024-09-16 16:42:32,970 [WARN] ConditionMgr:1039 - genDependencies : Invalid condition id : UX DEVICE CLASS RTOS Condition cause : null
2024-09-16 16:42:32,970 [WARN] ConditionMgr:1039 - genDependencies : Invalid condition id : UX DEVICE CLASS RTOS Condition cause : null
2024-09-16 16:42:32,970 [WARN] ConditionMgr:1039 - genDependencies : Invalid condition id : UX DEVICE CLASS RTOS Condition cause : null
2024-09-16 16:42:32,988 [WARN] PackLoader:240 - Cannot read IP mode file for STMicroelectronics.X-CUBE-GNSS1.7.0.0
2024-09-16 16:42:33,085 [WARN] PackLoader:240 - Cannot read IP mode file for STMicroelectronics.FP-SNS-STBOX1.2.0.0
2024-09-16 16:42:33,126 [WARN] PackLoader:240 - Cannot read IP mode file for STMicroelectronics.X-CUBE-SUBG2.5.0.0
2024-09-16 16:42:33,178 [WARN] PackLoader:240 - Cannot read IP mode file for STMicroelectronics.X-CUBE-AZRTOS-G4.2.0.0
2024-09-16 16:42:33,207 [WARN] PackLoader:240 - Cannot read IP mode file for STMicroelectronics.X-CUBE-ISPU.2.0.0
2024-09-16 16:42:33,247 [WARN] PackLoader:240 - Cannot read IP mode file for STMicroelectronics.X-CUBE-ALS.1.0.2
2024-09-16 16:42:33,337 [WARN] PackLoader:240 - Cannot read IP mode file for STMicroelectronics.X-CUBE-MEMS1.10.0.0
2024-09-16 16:42:33,716 [WARN] PackLoader:240 - Cannot read IP mode file for STMicroelectronics.X-CUBE-TOUCHGFX.4.24.0
2024-09-16 16:42:33,854 [WARN] PackLoader:240 - Cannot read IP mode file for portGmbH.I-Cube-SoM-uGOAL.1.1.0
2024-09-16 16:42:33,902 [WARN] PackLoader:240 - Cannot read IP mode file for STMicroelectronics.X-CUBE-ALS.1.0.1
2024-09-16 16:42:34,026 [WARN] PackLoader:240 - Cannot read IP mode file for STMicroelectronics.X-CUBE-AZRTOS-H7RS.1.0.0
2024-09-16 16:42:34,040 [WARN] PackLoader:240 - Cannot read IP mode file for STMicroelectronics.FP-ATR-ASTRA1.2.0.0
2024-09-16 16:42:34,094 [WARN] PackLoader:240 - Cannot read IP mode file for STMicroelectronics.X-CUBE-TOF1.3.4.2
2024-09-16 16:42:34,223 [WARN] PackLoader:240 - Cannot read IP mode file for STMicroelectronics.X-CUBE-TOF1.3.4.1
2024-09-16 16:42:34,339 [WARN] PackLoader:240 - Cannot read IP mode file for STMicroelectronics.X-CUBE-AZRTOS-H7.3.2.0
2024-09-16 16:42:34,566 [WARN] PackLoader:240 - Cannot read IP mode file for Infineon.AIROC-Wi-Fi-Bluetooth-STM32.1.6.0
2024-09-16 16:42:34,576 [WARN] PackLoader:240 - Cannot read IP mode file for wolfSSL.I-CUBE-wolfSSH.1.4.17
2024-09-16 16:42:34,577 [INFO] ThirdParty:978 - Integrity check success = true
2024-09-16 16:42:34,577 [INFO] IntegrityCheckThread:100 - exiting critical section [integrity check]
2024-09-16 16:42:34,577 [INFO] IntegrityCheckThread:103 - End integrity checks thread
2024-09-16 17:34:53,458 [ERROR] LogOutputStream:75 - [STDERR_REDIRECT] 
2024-09-16 17:34:53,459 [ERROR] LogOutputStream:75 - [STDERR_REDIRECT] 
