2024-07-19 13:06:08,533 [INFO] Activator:176 - 


2024-07-19 13:06:08,542 [INFO] Activator:177 - !SESSION log4j initialized
2024-07-19 13:06:19,679 [INFO] LogOutputStream:77 - [STDOUT_REDIRECT] 
2024-07-19 13:06:24,866 [INFO] ApplicationProperties:184 - Using Application install path: C:\ST\STM32CubeIDE_1.15.1\STM32CubeIDE\plugins\com.st.stm32cube.common.mx_6.11.1.202404110753
2024-07-19 13:06:24,901 [INFO] DbMcusXml:78 - Set database path to: C:\ST\STM32CubeIDE_1.15.1\STM32CubeIDE\plugins\com.st.stm32cube.common.mx_6.11.1.202404110753\\db\/mcu/
2024-07-19 13:06:24,902 [INFO] ApiDb:274 - Set plugin database path to: C:\ST\STM32CubeIDE_1.15.1\STM32CubeIDE\plugins\com.st.stm32cube.common.mx_6.11.1.202404110753\\db\/plugins/boardmanager/
2024-07-19 13:06:24,902 [WARN] ApiDb:259 - Overriding images path with different value:  => C:\ST\STM32CubeIDE_1.15.1\STM32CubeIDE\plugins\com.st.stm32cube.common.mx_6.11.1.202404110753\\db\/plugins/mcufinder/images/
2024-07-19 13:06:24,914 [INFO] ApiDb:250 - Set database path to: C:\Users\Matheus Markies\.stmcufinder\plugins\mcufinder//mcu/
2024-07-19 13:06:24,916 [INFO] DbMcusAds:125 - Set database path to: C:\Users\Matheus Markies\.stmcufinder\plugins\mcufinder//mcu/
2024-07-19 13:06:24,918 [INFO] CrossReferenceDbSqlite:203 - Set database path to: C:\Users\Matheus Markies\.stmcufinder\plugins\mcufinder//mcu/cs/
2024-07-19 13:06:25,101 [INFO] RulesReader:64 - Compatibility file has been processed (297 Rules)
2024-07-19 13:06:25,344 [INFO] DbMcusXml:78 - Set database path to: C:\ST\STM32CubeIDE_1.15.1\STM32CubeIDE\plugins\com.st.stm32cube.common.mx_6.11.1.202404110753\\db\/mcu/
2024-07-19 13:06:25,344 [INFO] ApiDb:274 - Set plugin database path to: C:\ST\STM32CubeIDE_1.15.1\STM32CubeIDE\plugins\com.st.stm32cube.common.mx_6.11.1.202404110753\\db\/plugins/boardmanager/
2024-07-19 13:06:25,344 [INFO] ApiDb:261 - Set plugin images path to: C:\ST\STM32CubeIDE_1.15.1\STM32CubeIDE\plugins\com.st.stm32cube.common.mx_6.11.1.202404110753\\db\/plugins/mcufinder/images/
2024-07-19 13:06:25,344 [WARN] DbFile:41 - Overriding database path with different value: C:\Users\Matheus Markies\.stmcufinder\plugins\mcufinder/ => C:\Users\Matheus Markies\.stmcufinder\plugins\mcufinder
2024-07-19 13:06:25,344 [INFO] ApiDb:250 - Set database path to: C:\Users\Matheus Markies\.stmcufinder\plugins\mcufinder//mcu/
2024-07-19 13:06:25,344 [WARN] DbFile:41 - Overriding database path with different value: C:\Users\Matheus Markies\.stmcufinder\plugins\mcufinder/ => C:\Users\Matheus Markies\.stmcufinder\plugins\mcufinder
2024-07-19 13:06:25,344 [INFO] DbMcusAds:125 - Set database path to: C:\Users\Matheus Markies\.stmcufinder\plugins\mcufinder//mcu/
2024-07-19 13:06:25,345 [WARN] DbFile:41 - Overriding database path with different value: C:\Users\Matheus Markies\.stmcufinder\plugins\mcufinder/ => C:\Users\Matheus Markies\.stmcufinder\plugins\mcufinder
2024-07-19 13:06:25,345 [WARN] DbFile:41 - Overriding database path with different value: C:\Users\Matheus Markies\.stmcufinder\plugins\mcufinder/ => C:\Users\Matheus Markies\.stmcufinder\plugins\mcufinder
2024-07-19 13:06:25,345 [INFO] CrossReferenceDbSqlite:203 - Set database path to: C:\Users\Matheus Markies\.stmcufinder\plugins\mcufinder//mcu/cs/
2024-07-19 13:06:25,480 [INFO] MainPanel:264 - HeapMemory: 268435456
2024-07-19 13:06:25,703 [INFO] DbMcusXml:78 - Set database path to: C:\ST\STM32CubeIDE_1.15.1\STM32CubeIDE\plugins\com.st.stm32cube.common.mx_6.11.1.202404110753\\db\/mcu/
2024-07-19 13:06:25,704 [INFO] ApiDb:274 - Set plugin database path to: C:\ST\STM32CubeIDE_1.15.1\STM32CubeIDE\plugins\com.st.stm32cube.common.mx_6.11.1.202404110753\\db\/plugins/boardmanager/
2024-07-19 13:06:25,704 [INFO] ApiDb:261 - Set plugin images path to: C:\ST\STM32CubeIDE_1.15.1\STM32CubeIDE\plugins\com.st.stm32cube.common.mx_6.11.1.202404110753\\db\/plugins/mcufinder/images/
2024-07-19 13:06:25,704 [WARN] DbFile:41 - Overriding database path with different value: C:\Users\Matheus Markies\.stmcufinder\plugins\mcufinder/ => C:\Users\Matheus Markies\.stmcufinder\plugins\mcufinder
2024-07-19 13:06:25,704 [INFO] ApiDb:250 - Set database path to: C:\Users\Matheus Markies\.stmcufinder\plugins\mcufinder//mcu/
2024-07-19 13:06:25,704 [WARN] DbFile:41 - Overriding database path with different value: C:\Users\Matheus Markies\.stmcufinder\plugins\mcufinder/ => C:\Users\Matheus Markies\.stmcufinder\plugins\mcufinder
2024-07-19 13:06:25,705 [INFO] DbMcusAds:125 - Set database path to: C:\Users\Matheus Markies\.stmcufinder\plugins\mcufinder//mcu/
2024-07-19 13:06:25,705 [WARN] DbFile:41 - Overriding database path with different value: C:\Users\Matheus Markies\.stmcufinder\plugins\mcufinder/ => C:\Users\Matheus Markies\.stmcufinder\plugins\mcufinder
2024-07-19 13:06:25,705 [WARN] DbFile:41 - Overriding database path with different value: C:\Users\Matheus Markies\.stmcufinder\plugins\mcufinder/ => C:\Users\Matheus Markies\.stmcufinder\plugins\mcufinder
2024-07-19 13:06:25,705 [INFO] CrossReferenceDbSqlite:203 - Set database path to: C:\Users\Matheus Markies\.stmcufinder\plugins\mcufinder//mcu/cs/
2024-07-19 13:06:25,731 [INFO] ApplicationProperties:184 - Using Application install path: C:\ST\STM32CubeIDE_1.15.1\STM32CubeIDE\plugins\com.st.stm32cube.common.mx_6.11.1.202404110753
2024-07-19 13:06:25,733 [INFO] PluginManage:196 - Search for loadable plugins [exclusion list=, ]
2024-07-19 13:06:25,735 [INFO] PluginManage:310 - Check plugin analytics
2024-07-19 13:06:26,007 [INFO] AnalyticsPlugin:253 - Accepted Software Licenses: 
2024-07-19 13:06:26,007 [INFO] AnalyticsPlugin:255 - Accepted CMSIS Pack Licenses: 
2024-07-19 13:06:26,007 [INFO] AnalyticsPlugin:257 - Accepted Firmware Licenses: FW.F4.1.28.0
2024-07-19 13:06:26,021 [INFO] PluginManage:359 - Loaded plugin analytics (category:tool,tabindex:-1)
2024-07-19 13:06:26,021 [INFO] PluginManage:310 - Check plugin cadmodel
2024-07-19 13:06:26,054 [INFO] CADModel:105 - Init CAD model plugin
2024-07-19 13:06:26,054 [INFO] PluginManage:359 - Loaded plugin cadmodel (category:power,tabindex:5)
2024-07-19 13:06:26,054 [INFO] PluginManage:310 - Check plugin clock
2024-07-19 13:06:26,093 [INFO] PluginManage:359 - Loaded plugin clock (category:base,tabindex:2)
2024-07-19 13:06:26,094 [INFO] PluginManage:310 - Check plugin ddr
2024-07-19 13:06:26,101 [INFO] PluginManage:359 - Loaded plugin ddr (category:tool,tabindex:6)
2024-07-19 13:06:26,101 [INFO] PluginManage:310 - Check plugin filemanager
2024-07-19 13:06:26,487 [INFO] PluginManage:359 - Loaded plugin filemanager (category:base,tabindex:10)
2024-07-19 13:06:26,487 [INFO] PluginManage:310 - Check plugin ipmanager
2024-07-19 13:06:26,497 [INFO] PluginManage:359 - Loaded plugin ipmanager (category:base,tabindex:5)
2024-07-19 13:06:26,497 [INFO] PluginManage:310 - Check plugin lpbam
2024-07-19 13:06:26,550 [INFO] PluginManage:359 - Loaded plugin lpbam (category:base,tabindex:0)
2024-07-19 13:06:26,550 [INFO] PluginManage:310 - Check plugin memorymap
2024-07-19 13:06:26,592 [INFO] PluginManage:359 - Loaded plugin memorymap (category:base,tabindex:4)
2024-07-19 13:06:26,592 [INFO] PluginManage:310 - Check plugin pinoutandconfiguration
2024-07-19 13:06:26,634 [INFO] PluginManage:359 - Loaded plugin pinoutandconfiguration (category:base,tabindex:1)
2024-07-19 13:06:26,634 [INFO] PluginManage:310 - Check plugin pinoutconfig
2024-07-19 13:06:26,827 [WARN] SupportedApi:132 - Cannot load RTOS API schema: s4s-elt-must-match.1: The content of 'definitions' must match (annotation?, (simpleType | complexType)?, (unique | key | keyref)*)). A problem was found starting at: attribute.
2024-07-19 13:06:27,037 [INFO] PluginManage:359 - Loaded plugin pinoutconfig (category:base,tabindex:0)
2024-07-19 13:06:27,037 [INFO] PluginManage:310 - Check plugin power
2024-07-19 13:06:27,138 [INFO] PluginManage:359 - Loaded plugin power (category:power,tabindex:4)
2024-07-19 13:06:27,138 [INFO] PluginManage:310 - Check plugin projectmanager
2024-07-19 13:06:27,167 [INFO] PluginManage:359 - Loaded plugin projectmanager (category:projectmanager,tabindex:3)
2024-07-19 13:06:27,168 [INFO] PluginManage:310 - Check plugin thirdparty
2024-07-19 13:06:27,775 [INFO] PluginManage:359 - Loaded plugin thirdparty (category:base,tabindex:-1)
2024-07-19 13:06:27,776 [INFO] PluginManage:310 - Check plugin tools
2024-07-19 13:06:27,775 [WARN] IntegrityCheckThread:84 - waiting for thirdparty lock release [integrity check]
2024-07-19 13:06:27,776 [INFO] IntegrityCheckThread:86 - entering critical section [integrity check]
2024-07-19 13:06:27,776 [INFO] ThirdPartyUpdaterWithRetryManager:70 - Updater plugin not ready yet. [1/15]
2024-07-19 13:06:27,842 [INFO] PluginManage:359 - Loaded plugin tools (category:base,tabindex:7)
2024-07-19 13:06:27,842 [INFO] PluginManage:310 - Check plugin tutovideos
2024-07-19 13:06:28,162 [INFO] PluginManage:359 - Loaded plugin tutovideos (category:base,tabindex:-1)
2024-07-19 13:06:28,162 [INFO] PluginManage:310 - Check plugin updater
2024-07-19 13:06:28,191 [INFO] PluginManage:359 - Loaded plugin updater (category:base,tabindex:12)
2024-07-19 13:06:28,191 [INFO] PluginManage:310 - Check plugin userauth
2024-07-19 13:06:28,200 [INFO] UserAuth:114 - Init User Auth plugin
2024-07-19 13:06:28,200 [INFO] PluginManage:359 - Loaded plugin userauth (category:base,tabindex:14)
2024-07-19 13:06:28,201 [INFO] PluginManage:283 - PluginManage : Loaded plugins [17]
2024-07-19 13:06:28,565 [INFO] PinOutPanel:1561 - setPackage(No Configuration,No Configuration)
2024-07-19 13:06:28,707 [INFO] CADModel:165 - CPN selected for project level
2024-07-19 13:06:28,707 [INFO] CADModel:114 - Register for checkConnection events
2024-07-19 13:06:28,760 [INFO] IPUIPlugin:80 - create IPUIPlugin
2024-07-19 13:06:28,760 [INFO] PluginManager:220 - loadIPPluginJar : add adc
2024-07-19 13:06:28,812 [INFO] IPUIPlugin:80 - create IPUIPlugin
2024-07-19 13:06:28,812 [INFO] PluginManager:220 - loadIPPluginJar : add aes
2024-07-19 13:06:28,869 [INFO] IPUIPlugin:80 - create IPUIPlugin
2024-07-19 13:06:28,869 [INFO] PluginManager:220 - loadIPPluginJar : add can
2024-07-19 13:06:28,907 [INFO] IPUIPlugin:80 - create IPUIPlugin
2024-07-19 13:06:28,907 [INFO] PluginManager:220 - loadIPPluginJar : add comp
2024-07-19 13:06:28,981 [INFO] IPUIPlugin:80 - create IPUIPlugin
2024-07-19 13:06:28,981 [INFO] PluginManager:220 - loadIPPluginJar : add cryp
2024-07-19 13:06:29,097 [INFO] IPUIPlugin:80 - create IPUIPlugin
2024-07-19 13:06:29,097 [INFO] PluginManager:220 - loadIPPluginJar : add dfsdm
2024-07-19 13:06:29,119 [INFO] IPUIPlugin:80 - create IPUIPlugin
2024-07-19 13:06:29,119 [INFO] PluginManager:220 - loadIPPluginJar : add dma
2024-07-19 13:06:29,179 [INFO] IPUIPlugin:80 - create IPUIPlugin
2024-07-19 13:06:29,179 [INFO] PluginManager:220 - loadIPPluginJar : add dma3
2024-07-19 13:06:29,236 [INFO] IPUIPlugin:80 - create IPUIPlugin
2024-07-19 13:06:29,237 [INFO] PluginManager:220 - loadIPPluginJar : add extmemmanager
2024-07-19 13:06:29,263 [INFO] IPUIPlugin:80 - create IPUIPlugin
2024-07-19 13:06:29,263 [INFO] PluginManager:220 - loadIPPluginJar : add fatfs
2024-07-19 13:06:29,337 [INFO] IPUIPlugin:80 - create IPUIPlugin
2024-07-19 13:06:29,338 [INFO] PluginManager:220 - loadIPPluginJar : add fmc
2024-07-19 13:06:29,359 [INFO] IPUIPlugin:80 - create IPUIPlugin
2024-07-19 13:06:29,359 [INFO] PluginManager:220 - loadIPPluginJar : add freertos
2024-07-19 13:06:29,403 [INFO] IPUIPlugin:80 - create IPUIPlugin
2024-07-19 13:06:29,403 [INFO] PluginManager:220 - loadIPPluginJar : add genericplugin
2024-07-19 13:06:29,531 [INFO] IPUIPlugin:80 - create IPUIPlugin
2024-07-19 13:06:29,531 [INFO] PluginManager:220 - loadIPPluginJar : add gfxmmu
2024-07-19 13:06:29,764 [INFO] IPUIPlugin:80 - create IPUIPlugin
2024-07-19 13:06:29,764 [INFO] PluginManager:220 - loadIPPluginJar : add gic
2024-07-19 13:06:29,786 [INFO] IPUIPlugin:80 - create IPUIPlugin
2024-07-19 13:06:29,786 [INFO] PluginManager:220 - loadIPPluginJar : add gpio
2024-07-19 13:06:29,923 [INFO] IPUIPlugin:80 - create IPUIPlugin
2024-07-19 13:06:29,923 [INFO] PluginManager:220 - loadIPPluginJar : add gtzc
2024-07-19 13:06:29,980 [INFO] IPUIPlugin:80 - create IPUIPlugin
2024-07-19 13:06:29,980 [INFO] PluginManager:220 - loadIPPluginJar : add hash
2024-07-19 13:06:30,080 [INFO] IPUIPlugin:80 - create IPUIPlugin
2024-07-19 13:06:30,081 [INFO] PluginManager:220 - loadIPPluginJar : add i2c
2024-07-19 13:06:30,155 [INFO] IPUIPlugin:80 - create IPUIPlugin
2024-07-19 13:06:30,155 [INFO] PluginManager:220 - loadIPPluginJar : add i2s
2024-07-19 13:06:30,239 [INFO] IPUIPlugin:80 - create IPUIPlugin
2024-07-19 13:06:30,239 [INFO] PluginManager:220 - loadIPPluginJar : add i3c
2024-07-19 13:06:30,388 [INFO] IPUIPlugin:80 - create IPUIPlugin
2024-07-19 13:06:30,388 [INFO] PluginManager:220 - loadIPPluginJar : add ipddr
2024-07-19 13:06:30,528 [INFO] IPUIPlugin:80 - create IPUIPlugin
2024-07-19 13:06:30,528 [INFO] PluginManager:220 - loadIPPluginJar : add linkedlist
2024-07-19 13:06:30,576 [INFO] IPUIPlugin:80 - create IPUIPlugin
2024-07-19 13:06:30,577 [INFO] PluginManager:220 - loadIPPluginJar : add lorawan
2024-07-19 13:06:30,711 [INFO] IPUIPlugin:80 - create IPUIPlugin
2024-07-19 13:06:30,711 [INFO] PluginManager:220 - loadIPPluginJar : add ltdc
2024-07-19 13:06:30,730 [INFO] IPUIPlugin:80 - create IPUIPlugin
2024-07-19 13:06:30,730 [INFO] PluginManager:220 - loadIPPluginJar : add mdma
2024-07-19 13:06:30,750 [INFO] IPUIPlugin:80 - create IPUIPlugin
2024-07-19 13:06:30,751 [INFO] PluginManager:220 - loadIPPluginJar : add nvic
2024-07-19 13:06:30,785 [INFO] ThirdPartyUpdaterWithRetryManager:70 - Updater plugin not ready yet. [2/15]
2024-07-19 13:06:30,799 [INFO] IPUIPlugin:80 - create IPUIPlugin
2024-07-19 13:06:30,799 [INFO] PluginManager:220 - loadIPPluginJar : add opamp
2024-07-19 13:06:30,891 [INFO] IPUIPlugin:80 - create IPUIPlugin
2024-07-19 13:06:30,891 [INFO] PluginManager:220 - loadIPPluginJar : add openamp
2024-07-19 13:06:30,948 [INFO] IPUIPlugin:80 - create IPUIPlugin
2024-07-19 13:06:30,948 [INFO] PluginManager:220 - loadIPPluginJar : add pdm2pcm
2024-07-19 13:06:30,970 [INFO] IPUIPlugin:80 - create IPUIPlugin
2024-07-19 13:06:30,973 [INFO] PluginManager:220 - loadIPPluginJar : add plateformsettings
2024-07-19 13:06:31,002 [INFO] IPUIPlugin:80 - create IPUIPlugin
2024-07-19 13:06:31,003 [INFO] PluginManager:220 - loadIPPluginJar : add quadspi
2024-07-19 13:06:31,027 [INFO] IPUIPlugin:80 - create IPUIPlugin
2024-07-19 13:06:31,027 [INFO] PluginManager:220 - loadIPPluginJar : add resmgrutility
2024-07-19 13:06:31,094 [INFO] IPUIPlugin:80 - create IPUIPlugin
2024-07-19 13:06:31,095 [INFO] PluginManager:220 - loadIPPluginJar : add sai
2024-07-19 13:06:31,146 [INFO] IPUIPlugin:80 - create IPUIPlugin
2024-07-19 13:06:31,146 [INFO] PluginManager:220 - loadIPPluginJar : add spi
2024-07-19 13:06:31,257 [INFO] IPUIPlugin:80 - create IPUIPlugin
2024-07-19 13:06:31,257 [INFO] PluginManager:220 - loadIPPluginJar : add stm32_wpan
2024-07-19 13:06:31,293 [INFO] IPUIPlugin:80 - create IPUIPlugin
2024-07-19 13:06:31,293 [INFO] PluginManager:220 - loadIPPluginJar : add tim
2024-07-19 13:06:31,406 [INFO] IPUIPlugin:80 - create IPUIPlugin
2024-07-19 13:06:31,407 [INFO] PluginManager:220 - loadIPPluginJar : add touchsensing
2024-07-19 13:06:31,446 [INFO] IPUIPlugin:80 - create IPUIPlugin
2024-07-19 13:06:31,446 [INFO] PluginManager:220 - loadIPPluginJar : add tracer_emb
2024-07-19 13:06:31,500 [INFO] IPUIPlugin:80 - create IPUIPlugin
2024-07-19 13:06:31,500 [INFO] PluginManager:220 - loadIPPluginJar : add ts
2024-07-19 13:06:31,531 [INFO] IPUIPlugin:80 - create IPUIPlugin
2024-07-19 13:06:31,531 [INFO] PluginManager:220 - loadIPPluginJar : add tsc
2024-07-19 13:06:31,730 [INFO] IPUIPlugin:80 - create IPUIPlugin
2024-07-19 13:06:31,730 [INFO] PluginManager:220 - loadIPPluginJar : add ucpd
2024-07-19 13:06:31,824 [INFO] IPUIPlugin:80 - create IPUIPlugin
2024-07-19 13:06:31,824 [INFO] PluginManager:220 - loadIPPluginJar : add usart
2024-07-19 13:06:31,896 [INFO] IPUIPlugin:80 - create IPUIPlugin
2024-07-19 13:06:31,896 [INFO] PluginManager:220 - loadIPPluginJar : add usbx
2024-07-19 13:06:32,129 [INFO] CADModel:165 - CPN selected for project level
2024-07-19 13:06:32,129 [INFO] CADModel:114 - Register for checkConnection events
2024-07-19 13:06:32,129 [FATAL] Updater:308 - Updater called before beeing initialized
2024-07-19 13:06:32,129 [ERROR] CADModel:125 - Updater not yet initialized, retry later 
2024-07-19 13:06:32,342 [INFO] CADModel:165 - CPN selected for project level
2024-07-19 13:06:32,343 [INFO] CADModel:114 - Register for checkConnection events
2024-07-19 13:06:32,343 [FATAL] Updater:308 - Updater called before beeing initialized
2024-07-19 13:06:32,343 [ERROR] CADModel:125 - Updater not yet initialized, retry later 
2024-07-19 13:06:32,347 [FATAL] Updater:308 - Updater called before beeing initialized
2024-07-19 13:06:32,530 [FATAL] Updater:308 - Updater called before beeing initialized
2024-07-19 13:06:32,547 [INFO] DbMcusAds:53 - JSON generation date=Thu May 16 06:22:01 BRT 2024 (1715851321109)
2024-07-19 13:06:32,547 [FATAL] Updater:308 - Updater called before beeing initialized
2024-07-19 13:06:32,667 [WARN] DetailPanel:346 - Failed to get advertising image, set to default
2024-07-19 13:06:32,826 [FATAL] Updater:308 - Updater called before beeing initialized
2024-07-19 13:06:32,829 [FATAL] Updater:308 - Updater called before beeing initialized
2024-07-19 13:06:32,830 [FATAL] Updater:308 - Updater called before beeing initialized
2024-07-19 13:06:32,830 [WARN] DetailPanel:346 - Failed to get advertising image, set to default
2024-07-19 13:06:32,831 [FATAL] Updater:308 - Updater called before beeing initialized
2024-07-19 13:06:33,028 [ERROR] Updater:1120 - MainUpdater not yet initialized. External WinMGr cannot be set.
2024-07-19 13:06:33,044 [INFO] Updater:1056 - Updater Version found : 6.11.1
2024-07-19 13:06:33,088 [INFO] ApplicationProperties:184 - Using Application install path: C:\ST\STM32CubeIDE_1.15.1\STM32CubeIDE\plugins\com.st.stm32cube.common.mx_6.11.1.202404110753
2024-07-19 13:06:33,787 [INFO] ThirdPartyUpdaterWithRetryManager:70 - Updater plugin not ready yet. [3/15]
2024-07-19 13:06:34,693 [ERROR] LogOutputStream:75 - [STDERR_REDIRECT] Jul 19, 2024 1:06:34 PM java.util.prefs.WindowsPreferences <init>
2024-07-19 13:06:34,695 [ERROR] LogOutputStream:75 - [STDERR_REDIRECT] WARNING: Could not open/create prefs root node Software\JavaSoft\Prefs at root 0xffffffff80000002. Windows RegCreateKeyEx(...) returned error code 5.
2024-07-19 13:06:34,695 [ERROR] LogOutputStream:75 - [STDERR_REDIRECT] 
2024-07-19 13:06:35,294 [INFO] MainUpdater:2873 - connection check result : 10
2024-07-19 13:06:35,294 [INFO] MainUpdater:290 - Updater Check For Update Now.
2024-07-19 13:06:35,295 [INFO] MicroXplorer:498 - Change Database Version : DB.6.0.111
2024-07-19 13:06:35,338 [INFO] McuFinderGlobals:63 - Set McuFinder mode to 2 (CubeIDE integrated)
2024-07-19 13:06:35,407 [INFO] UserAuth:415 - Internet connection configuration mode: 1
2024-07-19 13:06:35,449 [INFO] JxBrowserEngine:152 - Initiate JxBrowser Engine with user profile folder
2024-07-19 13:06:35,593 [INFO] CheckServerUpdateThread:120 - End of CheckServer Thread
2024-07-19 13:06:37,097 [WARN] PackLoader:240 - Cannot read IP mode file for STMicroelectronics.FP-SNS-MOTENVWB1.1.4.0
2024-07-19 13:06:37,135 [WARN] PackLoader:240 - Cannot read IP mode file for STMicroelectronics.X-CUBE-SMBUS.2.1.0
2024-07-19 13:06:37,153 [WARN] PackLoader:240 - Cannot read IP mode file for STMicroelectronics.X-CUBE-TOUCHGFX.4.23.2
2024-07-19 13:06:37,236 [WARN] PackLoader:240 - Cannot read IP mode file for STMicroelectronics.X-CUBE-AZRTOS-F7.1.1.0
2024-07-19 13:06:37,272 [WARN] PackLoader:240 - Cannot read IP mode file for STMicroelectronics.FP-SNS-FLIGHT1.5.0.2
2024-07-19 13:06:37,294 [WARN] PackLoader:240 - Cannot read IP mode file for STMicroelectronics.X-CUBE-DISPLAY.3.0.0
2024-07-19 13:06:37,317 [WARN] PackLoader:240 - Cannot read IP mode file for STMicroelectronics.X-CUBE-BLE1.7.0.0
2024-07-19 13:06:37,333 [WARN] PackLoader:240 - Cannot read IP mode file for emotas.I-CUBE-CANOPEN.1.3.0
2024-07-19 13:06:37,360 [WARN] PackLoader:240 - Cannot read IP mode file for STMicroelectronics.X-CUBE-BLEMGR.3.1.0
2024-07-19 13:06:37,378 [WARN] PackLoader:240 - Cannot read IP mode file for STMicroelectronics.FP-SNS-SMARTAG2.1.2.0
2024-07-19 13:06:37,410 [INFO] LogOutputStream:77 - [STDOUT_REDIRECT] 1 : Invalid condition id : UX_CORESTACK_Condition cause : null
2024-07-19 13:06:37,411 [INFO] LogOutputStream:77 - [STDOUT_REDIRECT] 1 : Invalid condition id : UX_CORESTACK_Condition cause : null
2024-07-19 13:06:37,412 [INFO] LogOutputStream:77 - [STDOUT_REDIRECT] 1 : Invalid condition id : UX_CORESTACK_Condition cause : null
2024-07-19 13:06:37,414 [INFO] LogOutputStream:77 - [STDOUT_REDIRECT] 1 : Invalid condition id : UX_CORESTACK_Condition cause : null
2024-07-19 13:06:37,415 [INFO] LogOutputStream:77 - [STDOUT_REDIRECT] 1 : Invalid condition id : UX_CORESTACK_Condition cause : null
2024-07-19 13:06:37,419 [WARN] PackLoader:240 - Cannot read IP mode file for STMicroelectronics.X-CUBE-AZRTOS-WL.2.0.0
2024-07-19 13:06:37,435 [WARN] PackLoader:240 - Cannot read IP mode file for STMicroelectronics.FP-SNS-MOTENV1.5.0.0
2024-07-19 13:06:37,454 [WARN] PackLoader:240 - Cannot read IP mode file for wolfSSL.I-CUBE-wolfMQTT.1.19.0
2024-07-19 13:06:37,472 [WARN] PackLoader:240 - Cannot read IP mode file for WES.I-CUBE-Cesium.1.3.0
2024-07-19 13:06:37,487 [WARN] PackLoader:240 - Cannot read IP mode file for STMicroelectronics.X-CUBE-BLE2.3.3.0
2024-07-19 13:06:37,503 [WARN] PackLoader:240 - Cannot read IP mode file for STMicroelectronics.X-CUBE-TCPP.4.1.0
2024-07-19 13:06:37,566 [WARN] PackLoader:240 - Cannot read IP mode file for STMicroelectronics.X-CUBE-AZRTOS-G0.1.1.0
2024-07-19 13:06:37,621 [WARN] PackLoader:240 - Cannot read IP mode file for STMicroelectronics.X-CUBE-SAFEA1.1.2.2
2024-07-19 13:06:37,658 [WARN] PackLoader:240 - Cannot read IP mode file for STMicroelectronics.X-CUBE-NFC4.3.0.0
2024-07-19 13:06:37,672 [WARN] PackLoader:240 - Cannot read IP mode file for wolfSSL.I-CUBE-wolfMQTT.1.18.0
2024-07-19 13:06:37,711 [WARN] PackLoader:240 - Cannot read IP mode file for EmbeddedOffice.I-CUBE-FS-RTOS.1.0.1
2024-07-19 13:06:37,711 [ERROR] ConditionMgr:805 - Attr not supported : Dmpu
2024-07-19 13:06:37,712 [ERROR] ConditionMgr:805 - Attr not supported : Dmpu
2024-07-19 13:06:37,712 [ERROR] ConditionMgr:805 - Attr not supported : Dmpu
2024-07-19 13:06:37,712 [ERROR] ConditionMgr:805 - Attr not supported : Dmpu
2024-07-19 13:06:37,712 [ERROR] ConditionMgr:805 - Attr not supported : Dmpu
2024-07-19 13:06:37,712 [ERROR] ConditionMgr:805 - Attr not supported : Dmpu
2024-07-19 13:06:37,712 [ERROR] ConditionMgr:805 - Attr not supported : Dmpu
2024-07-19 13:06:37,712 [ERROR] ConditionMgr:805 - Attr not supported : Dmpu
2024-07-19 13:06:37,712 [ERROR] ConditionMgr:805 - Attr not supported : Dmpu
2024-07-19 13:06:37,712 [ERROR] ConditionMgr:805 - Attr not supported : Dmpu
2024-07-19 13:06:37,712 [ERROR] ConditionMgr:805 - Attr not supported : Dmpu
2024-07-19 13:06:37,712 [ERROR] ConditionMgr:805 - Attr not supported : Dmpu
2024-07-19 13:06:37,712 [ERROR] ConditionMgr:805 - Attr not supported : Dmpu
2024-07-19 13:06:37,713 [ERROR] ConditionMgr:805 - Attr not supported : Dmpu
2024-07-19 13:06:37,713 [ERROR] ConditionMgr:805 - Attr not supported : Dmpu
2024-07-19 13:06:37,713 [ERROR] ConditionMgr:805 - Attr not supported : Dmpu
2024-07-19 13:06:37,713 [ERROR] ConditionMgr:805 - Attr not supported : Dmpu
2024-07-19 13:06:37,713 [ERROR] ConditionMgr:805 - Attr not supported : Dmpu
2024-07-19 13:06:37,713 [ERROR] ConditionMgr:805 - Attr not supported : Dmpu
2024-07-19 13:06:37,713 [ERROR] ConditionMgr:805 - Attr not supported : Dmpu
2024-07-19 13:06:37,713 [ERROR] ConditionMgr:805 - Attr not supported : Dmpu
2024-07-19 13:06:37,713 [ERROR] ConditionMgr:805 - Attr not supported : Dmpu
2024-07-19 13:06:37,714 [ERROR] ConditionMgr:805 - Attr not supported : Dmpu
2024-07-19 13:06:37,714 [ERROR] ConditionMgr:805 - Attr not supported : Dmpu
2024-07-19 13:06:37,714 [ERROR] ConditionMgr:805 - Attr not supported : Dmpu
2024-07-19 13:06:37,714 [ERROR] ConditionMgr:805 - Attr not supported : Dmpu
2024-07-19 13:06:37,714 [ERROR] ConditionMgr:805 - Attr not supported : Dmpu
2024-07-19 13:06:37,714 [ERROR] ConditionMgr:805 - Attr not supported : Dmpu
2024-07-19 13:06:37,714 [ERROR] ConditionMgr:805 - Attr not supported : Dmpu
2024-07-19 13:06:37,715 [ERROR] ConditionMgr:805 - Attr not supported : Dmpu
2024-07-19 13:06:37,715 [ERROR] ConditionMgr:805 - Attr not supported : Dmpu
2024-07-19 13:06:37,715 [ERROR] ConditionMgr:805 - Attr not supported : Dmpu
2024-07-19 13:06:37,715 [ERROR] ConditionMgr:805 - Attr not supported : Dmpu
2024-07-19 13:06:37,715 [ERROR] ConditionMgr:805 - Attr not supported : Dmpu
2024-07-19 13:06:37,715 [ERROR] ConditionMgr:805 - Attr not supported : Dmpu
2024-07-19 13:06:37,715 [ERROR] ConditionMgr:805 - Attr not supported : Dmpu
2024-07-19 13:06:37,715 [ERROR] ConditionMgr:805 - Attr not supported : Dmpu
2024-07-19 13:06:37,715 [ERROR] ConditionMgr:805 - Attr not supported : Dmpu
2024-07-19 13:06:37,718 [ERROR] ConditionMgr:805 - Attr not supported : Dmpu
2024-07-19 13:06:37,720 [ERROR] ConditionMgr:805 - Attr not supported : Dmpu
2024-07-19 13:06:37,720 [ERROR] ConditionMgr:805 - Attr not supported : Dmpu
2024-07-19 13:06:37,721 [ERROR] ConditionMgr:805 - Attr not supported : Dmpu
2024-07-19 13:06:37,721 [ERROR] ConditionMgr:805 - Attr not supported : Dmpu
2024-07-19 13:06:37,721 [ERROR] ConditionMgr:805 - Attr not supported : Dmpu
2024-07-19 13:06:37,721 [ERROR] ConditionMgr:805 - Attr not supported : Dmpu
2024-07-19 13:06:37,721 [ERROR] ConditionMgr:805 - Attr not supported : Dmpu
2024-07-19 13:06:37,721 [ERROR] ConditionMgr:805 - Attr not supported : Dmpu
2024-07-19 13:06:37,721 [ERROR] ConditionMgr:805 - Attr not supported : Dmpu
2024-07-19 13:06:37,721 [ERROR] ConditionMgr:805 - Attr not supported : Dmpu
2024-07-19 13:06:37,721 [ERROR] ConditionMgr:805 - Attr not supported : Dmpu
2024-07-19 13:06:37,722 [ERROR] ConditionMgr:805 - Attr not supported : Dmpu
2024-07-19 13:06:37,722 [ERROR] ConditionMgr:805 - Attr not supported : Dmpu
2024-07-19 13:06:37,722 [ERROR] ConditionMgr:805 - Attr not supported : Dmpu
2024-07-19 13:06:37,722 [ERROR] ConditionMgr:805 - Attr not supported : Dmpu
2024-07-19 13:06:37,722 [ERROR] ConditionMgr:805 - Attr not supported : Dmpu
2024-07-19 13:06:37,722 [ERROR] ConditionMgr:805 - Attr not supported : Dmpu
2024-07-19 13:06:37,722 [ERROR] ConditionMgr:805 - Attr not supported : Dmpu
2024-07-19 13:06:37,722 [ERROR] ConditionMgr:805 - Attr not supported : Dmpu
2024-07-19 13:06:37,722 [ERROR] ConditionMgr:805 - Attr not supported : Dmpu
2024-07-19 13:06:37,725 [ERROR] ConditionMgr:805 - Attr not supported : Dmpu
2024-07-19 13:06:37,725 [ERROR] ConditionMgr:805 - Attr not supported : Dmpu
2024-07-19 13:06:37,725 [ERROR] ConditionMgr:805 - Attr not supported : Dmpu
2024-07-19 13:06:37,725 [ERROR] ConditionMgr:805 - Attr not supported : Dmpu
2024-07-19 13:06:37,725 [ERROR] ConditionMgr:805 - Attr not supported : Dmpu
2024-07-19 13:06:37,820 [WARN] PackLoader:240 - Cannot read IP mode file for RealThread.X-CUBE-RT-Thread_Nano.4.1.1
2024-07-19 13:06:37,839 [WARN] PackLoader:240 - Cannot read IP mode file for wolfSSL.I-CUBE-wolfSSL.5.7.0
2024-07-19 13:06:37,854 [WARN] PackLoader:240 - Cannot read IP mode file for STMicroelectronics.FP-ATR-SIGFOX1.3.2.0
2024-07-19 13:06:37,877 [WARN] PackLoader:240 - Cannot read IP mode file for STMicroelectronics.X-CUBE-EEPRMA1.5.1.0
2024-07-19 13:06:37,926 [WARN] PackLoader:240 - Cannot read IP mode file for ITTIA_DB.I-CUBE-ITTIADB.8.9.0
2024-07-19 13:06:37,992 [WARN] PackLoader:240 - Cannot read IP mode file for SEGGER.I-CUBE-embOS.1.3.1
2024-07-19 13:06:38,049 [WARN] PackLoader:240 - Cannot read IP mode file for STMicroelectronics.X-CUBE-ALGOBUILD.1.4.0
2024-07-19 13:06:38,068 [WARN] PackLoader:240 - Cannot read IP mode file for STMicroelectronics.X-CUBE-GNSS1.6.0.0
2024-07-19 13:06:38,108 [WARN] PackLoader:240 - Cannot read IP mode file for STMicroelectronics.X-CUBE-AZRTOS-F4.1.1.0
2024-07-19 13:06:38,130 [WARN] PackLoader:240 - Cannot read IP mode file for STMicroelectronics.X-CUBE-FREERTOS.1.2.0
2024-07-19 13:06:38,162 [WARN] PackLoader:240 - Cannot read IP mode file for STMicroelectronics.X-CUBE-AZRTOS-L5.2.0.0
2024-07-19 13:06:38,182 [WARN] PackLoader:240 - Cannot read IP mode file for STMicroelectronics.X-CUBE-NFC6.3.1.0
2024-07-19 13:06:38,198 [WARN] PackLoader:240 - Cannot read IP mode file for STMicroelectronics.X-CUBE-DPower.1.2.0
2024-07-19 13:06:38,422 [WARN] PackLoader:240 - Cannot read IP mode file for STMicroelectronics.X-CUBE-AI.9.0.0
2024-07-19 13:06:38,439 [WARN] PackLoader:240 - Cannot read IP mode file for STMicroelectronics.X-CUBE-NFC7.1.0.1
2024-07-19 13:06:38,555 [WARN] PackLoader:240 - Cannot read IP mode file for wolfSSL.I-CUBE-wolfTPM.3.2.0
2024-07-19 13:06:38,626 [WARN] ConditionMgr:438 - getConditionDescription Invalid condition id : LAN8742 Phy interface Condition cause : null
2024-07-19 13:06:38,627 [WARN] PackLoader:240 - Cannot read IP mode file for STMicroelectronics.X-CUBE-AZRTOS-L4.2.0.0
2024-07-19 13:06:38,628 [WARN] ConditionMgr:1039 - genDependencies : Invalid condition id : LAN8742 Phy interface Condition cause : null
2024-07-19 13:06:38,629 [WARN] ConditionMgr:1039 - genDependencies : Invalid condition id : LAN8742 Phy interface Condition cause : null
2024-07-19 13:06:38,631 [WARN] ConditionMgr:1039 - genDependencies : Invalid condition id : LAN8742 Phy interface Condition cause : null
2024-07-19 13:06:38,848 [WARN] PackLoader:240 - Cannot read IP mode file for STMicroelectronics.X-CUBE-SFXS2LP1.4.0.0
2024-07-19 13:06:38,936 [WARN] ConditionMgr:438 - getConditionDescription Invalid condition id : UX DEVICE CLASS RTOS Condition cause : null
2024-07-19 13:06:38,937 [WARN] ConditionMgr:438 - getConditionDescription Invalid condition id : UX DEVICE CLASS RTOS Condition cause : null
2024-07-19 13:06:38,939 [WARN] PackLoader:240 - Cannot read IP mode file for STMicroelectronics.X-CUBE-AZRTOS-WB.2.0.0
2024-07-19 13:06:38,940 [WARN] ConditionMgr:1039 - genDependencies : Invalid condition id : UX DEVICE CLASS RTOS Condition cause : null
2024-07-19 13:06:38,940 [WARN] ConditionMgr:1039 - genDependencies : Invalid condition id : UX DEVICE CLASS RTOS Condition cause : null
2024-07-19 13:06:38,941 [WARN] ConditionMgr:1039 - genDependencies : Invalid condition id : UX DEVICE CLASS RTOS Condition cause : null
2024-07-19 13:06:38,941 [WARN] ConditionMgr:1039 - genDependencies : Invalid condition id : UX DEVICE CLASS RTOS Condition cause : null
2024-07-19 13:06:38,941 [WARN] ConditionMgr:1039 - genDependencies : Invalid condition id : UX DEVICE CLASS RTOS Condition cause : null
2024-07-19 13:06:39,081 [WARN] PackLoader:240 - Cannot read IP mode file for STMicroelectronics.X-CUBE-SUBG2.5.0.0
2024-07-19 13:06:39,149 [WARN] PackLoader:240 - Cannot read IP mode file for STMicroelectronics.X-CUBE-AZRTOS-G4.2.0.0
2024-07-19 13:06:39,173 [WARN] PackLoader:240 - Cannot read IP mode file for STMicroelectronics.X-CUBE-ISPU.2.0.0
2024-07-19 13:06:39,197 [WARN] PackLoader:240 - Cannot read IP mode file for STMicroelectronics.X-CUBE-ALS.1.0.2
2024-07-19 13:06:39,259 [WARN] PackLoader:240 - Cannot read IP mode file for STMicroelectronics.X-CUBE-MEMS1.10.0.0
2024-07-19 13:06:39,458 [WARN] PackLoader:240 - Cannot read IP mode file for STMicroelectronics.X-CUBE-TOUCHGFX.4.24.0
2024-07-19 13:06:39,474 [WARN] PackLoader:240 - Cannot read IP mode file for portGmbH.I-Cube-SoM-uGOAL.1.1.0
2024-07-19 13:06:39,490 [WARN] PackLoader:240 - Cannot read IP mode file for STMicroelectronics.X-CUBE-ALS.1.0.1
2024-07-19 13:06:39,528 [WARN] PackLoader:240 - Cannot read IP mode file for STMicroelectronics.X-CUBE-AZRTOS-H7RS.1.0.0
2024-07-19 13:06:39,550 [WARN] PackLoader:240 - Cannot read IP mode file for STMicroelectronics.FP-ATR-ASTRA1.2.0.0
2024-07-19 13:06:39,579 [WARN] PackLoader:240 - Cannot read IP mode file for STMicroelectronics.X-CUBE-TOF1.3.4.1
2024-07-19 13:06:39,625 [WARN] PackLoader:240 - Cannot read IP mode file for STMicroelectronics.X-CUBE-AZRTOS-H7.3.2.0
2024-07-19 13:06:39,660 [WARN] PackLoader:240 - Cannot read IP mode file for Infineon.AIROC-Wi-Fi-Bluetooth-STM32.1.6.0
2024-07-19 13:06:39,683 [WARN] PackLoader:240 - Cannot read IP mode file for wolfSSL.I-CUBE-wolfSSH.1.4.17
2024-07-19 13:06:39,684 [INFO] ThirdParty:978 - Integrity check success = true
2024-07-19 13:06:39,684 [INFO] IntegrityCheckThread:100 - exiting critical section [integrity check]
2024-07-19 13:06:39,684 [INFO] IntegrityCheckThread:103 - End integrity checks thread
2024-07-19 13:06:45,622 [INFO] WebApp:161 - Instantiating new browser for Auth
2024-07-19 13:06:47,689 [INFO] WebApp:779 - Register for checkConnection events
2024-07-19 13:06:47,689 [INFO] WebApp:414 - Apply proxy settings
2024-07-19 13:06:47,689 [INFO] WebApp:499 - Chromium requires no authentication
2024-07-19 13:06:47,718 [INFO] WebApp:442 - Direct internet connection detected
2024-07-19 13:06:47,979 [INFO] WebApp:192 - Starting web application
2024-07-19 13:06:47,979 [INFO] WebApp:544 - Web application path used C:\ST\STM32CubeIDE_1.15.1\STM32CubeIDE\plugins\com.st.stm32cube.common.mx_6.11.1.202404110753\db\plugins\mcufinder\reactClient1\index.html
