2024-08-04 12:14:44,393 [INFO] Activator:176 - 


2024-08-04 12:14:44,401 [INFO] Activator:177 - !SESSION log4j initialized
2024-08-04 12:14:56,371 [INFO] LogOutputStream:77 - [STDOUT_REDIRECT] 
2024-08-04 12:15:01,079 [INFO] ApplicationProperties:184 - Using Application install path: C:\ST\STM32CubeIDE_1.15.1\STM32CubeIDE\plugins\com.st.stm32cube.common.mx_6.11.1.202404110753
2024-08-04 12:15:01,105 [INFO] DbMcusXml:78 - Set database path to: C:\ST\STM32CubeIDE_1.15.1\STM32CubeIDE\plugins\com.st.stm32cube.common.mx_6.11.1.202404110753\\db\/mcu/
2024-08-04 12:15:01,106 [INFO] ApiDb:274 - Set plugin database path to: C:\ST\STM32CubeIDE_1.15.1\STM32CubeIDE\plugins\com.st.stm32cube.common.mx_6.11.1.202404110753\\db\/plugins/boardmanager/
2024-08-04 12:15:01,106 [WARN] ApiDb:259 - Overriding images path with different value:  => C:\ST\STM32CubeIDE_1.15.1\STM32CubeIDE\plugins\com.st.stm32cube.common.mx_6.11.1.202404110753\\db\/plugins/mcufinder/images/
2024-08-04 12:15:01,124 [INFO] ApiDb:250 - Set database path to: C:\Users\Matheus Markies\.stmcufinder\plugins\mcufinder//mcu/
2024-08-04 12:15:01,126 [INFO] DbMcusAds:125 - Set database path to: C:\Users\Matheus Markies\.stmcufinder\plugins\mcufinder//mcu/
2024-08-04 12:15:01,128 [INFO] CrossReferenceDbSqlite:203 - Set database path to: C:\Users\Matheus Markies\.stmcufinder\plugins\mcufinder//mcu/cs/
2024-08-04 12:15:01,305 [INFO] RulesReader:64 - Compatibility file has been processed (297 Rules)
2024-08-04 12:15:01,509 [INFO] DbMcusXml:78 - Set database path to: C:\ST\STM32CubeIDE_1.15.1\STM32CubeIDE\plugins\com.st.stm32cube.common.mx_6.11.1.202404110753\\db\/mcu/
2024-08-04 12:15:01,509 [INFO] ApiDb:274 - Set plugin database path to: C:\ST\STM32CubeIDE_1.15.1\STM32CubeIDE\plugins\com.st.stm32cube.common.mx_6.11.1.202404110753\\db\/plugins/boardmanager/
2024-08-04 12:15:01,509 [INFO] ApiDb:261 - Set plugin images path to: C:\ST\STM32CubeIDE_1.15.1\STM32CubeIDE\plugins\com.st.stm32cube.common.mx_6.11.1.202404110753\\db\/plugins/mcufinder/images/
2024-08-04 12:15:01,510 [WARN] DbFile:41 - Overriding database path with different value: C:\Users\Matheus Markies\.stmcufinder\plugins\mcufinder/ => C:\Users\Matheus Markies\.stmcufinder\plugins\mcufinder
2024-08-04 12:15:01,510 [INFO] ApiDb:250 - Set database path to: C:\Users\Matheus Markies\.stmcufinder\plugins\mcufinder//mcu/
2024-08-04 12:15:01,510 [WARN] DbFile:41 - Overriding database path with different value: C:\Users\Matheus Markies\.stmcufinder\plugins\mcufinder/ => C:\Users\Matheus Markies\.stmcufinder\plugins\mcufinder
2024-08-04 12:15:01,510 [INFO] DbMcusAds:125 - Set database path to: C:\Users\Matheus Markies\.stmcufinder\plugins\mcufinder//mcu/
2024-08-04 12:15:01,510 [WARN] DbFile:41 - Overriding database path with different value: C:\Users\Matheus Markies\.stmcufinder\plugins\mcufinder/ => C:\Users\Matheus Markies\.stmcufinder\plugins\mcufinder
2024-08-04 12:15:01,510 [WARN] DbFile:41 - Overriding database path with different value: C:\Users\Matheus Markies\.stmcufinder\plugins\mcufinder/ => C:\Users\Matheus Markies\.stmcufinder\plugins\mcufinder
2024-08-04 12:15:01,510 [INFO] CrossReferenceDbSqlite:203 - Set database path to: C:\Users\Matheus Markies\.stmcufinder\plugins\mcufinder//mcu/cs/
2024-08-04 12:15:01,641 [INFO] MainPanel:264 - HeapMemory: 268435456
2024-08-04 12:15:01,840 [INFO] DbMcusXml:78 - Set database path to: C:\ST\STM32CubeIDE_1.15.1\STM32CubeIDE\plugins\com.st.stm32cube.common.mx_6.11.1.202404110753\\db\/mcu/
2024-08-04 12:15:01,840 [INFO] ApiDb:274 - Set plugin database path to: C:\ST\STM32CubeIDE_1.15.1\STM32CubeIDE\plugins\com.st.stm32cube.common.mx_6.11.1.202404110753\\db\/plugins/boardmanager/
2024-08-04 12:15:01,840 [INFO] ApiDb:261 - Set plugin images path to: C:\ST\STM32CubeIDE_1.15.1\STM32CubeIDE\plugins\com.st.stm32cube.common.mx_6.11.1.202404110753\\db\/plugins/mcufinder/images/
2024-08-04 12:15:01,841 [WARN] DbFile:41 - Overriding database path with different value: C:\Users\Matheus Markies\.stmcufinder\plugins\mcufinder/ => C:\Users\Matheus Markies\.stmcufinder\plugins\mcufinder
2024-08-04 12:15:01,842 [INFO] ApiDb:250 - Set database path to: C:\Users\Matheus Markies\.stmcufinder\plugins\mcufinder//mcu/
2024-08-04 12:15:01,842 [WARN] DbFile:41 - Overriding database path with different value: C:\Users\Matheus Markies\.stmcufinder\plugins\mcufinder/ => C:\Users\Matheus Markies\.stmcufinder\plugins\mcufinder
2024-08-04 12:15:01,842 [INFO] DbMcusAds:125 - Set database path to: C:\Users\Matheus Markies\.stmcufinder\plugins\mcufinder//mcu/
2024-08-04 12:15:01,842 [WARN] DbFile:41 - Overriding database path with different value: C:\Users\Matheus Markies\.stmcufinder\plugins\mcufinder/ => C:\Users\Matheus Markies\.stmcufinder\plugins\mcufinder
2024-08-04 12:15:01,842 [WARN] DbFile:41 - Overriding database path with different value: C:\Users\Matheus Markies\.stmcufinder\plugins\mcufinder/ => C:\Users\Matheus Markies\.stmcufinder\plugins\mcufinder
2024-08-04 12:15:01,842 [INFO] CrossReferenceDbSqlite:203 - Set database path to: C:\Users\Matheus Markies\.stmcufinder\plugins\mcufinder//mcu/cs/
2024-08-04 12:15:01,869 [INFO] ApplicationProperties:184 - Using Application install path: C:\ST\STM32CubeIDE_1.15.1\STM32CubeIDE\plugins\com.st.stm32cube.common.mx_6.11.1.202404110753
2024-08-04 12:15:01,871 [INFO] PluginManage:196 - Search for loadable plugins [exclusion list=, ]
2024-08-04 12:15:01,874 [INFO] PluginManage:310 - Check plugin analytics
2024-08-04 12:15:02,187 [INFO] AnalyticsPlugin:253 - Accepted Software Licenses: 
2024-08-04 12:15:02,187 [INFO] AnalyticsPlugin:255 - Accepted CMSIS Pack Licenses: 
2024-08-04 12:15:02,188 [INFO] AnalyticsPlugin:257 - Accepted Firmware Licenses: FW.F4.1.28.0
2024-08-04 12:15:02,200 [INFO] PluginManage:359 - Loaded plugin analytics (category:tool,tabindex:-1)
2024-08-04 12:15:02,201 [INFO] PluginManage:310 - Check plugin cadmodel
2024-08-04 12:15:02,232 [INFO] CADModel:105 - Init CAD model plugin
2024-08-04 12:15:02,232 [INFO] PluginManage:359 - Loaded plugin cadmodel (category:power,tabindex:5)
2024-08-04 12:15:02,232 [INFO] PluginManage:310 - Check plugin clock
2024-08-04 12:15:02,265 [INFO] PluginManage:359 - Loaded plugin clock (category:base,tabindex:2)
2024-08-04 12:15:02,265 [INFO] PluginManage:310 - Check plugin ddr
2024-08-04 12:15:02,269 [INFO] PluginManage:359 - Loaded plugin ddr (category:tool,tabindex:6)
2024-08-04 12:15:02,269 [INFO] PluginManage:310 - Check plugin filemanager
2024-08-04 12:15:02,615 [INFO] PluginManage:359 - Loaded plugin filemanager (category:base,tabindex:10)
2024-08-04 12:15:02,615 [INFO] PluginManage:310 - Check plugin ipmanager
2024-08-04 12:15:02,628 [INFO] PluginManage:359 - Loaded plugin ipmanager (category:base,tabindex:5)
2024-08-04 12:15:02,628 [INFO] PluginManage:310 - Check plugin lpbam
2024-08-04 12:15:02,654 [INFO] PluginManage:359 - Loaded plugin lpbam (category:base,tabindex:0)
2024-08-04 12:15:02,654 [INFO] PluginManage:310 - Check plugin memorymap
2024-08-04 12:15:02,693 [INFO] PluginManage:359 - Loaded plugin memorymap (category:base,tabindex:4)
2024-08-04 12:15:02,693 [INFO] PluginManage:310 - Check plugin pinoutandconfiguration
2024-08-04 12:15:02,716 [INFO] PluginManage:359 - Loaded plugin pinoutandconfiguration (category:base,tabindex:1)
2024-08-04 12:15:02,716 [INFO] PluginManage:310 - Check plugin pinoutconfig
2024-08-04 12:15:02,869 [WARN] SupportedApi:132 - Cannot load RTOS API schema: s4s-elt-must-match.1: The content of 'definitions' must match (annotation?, (simpleType | complexType)?, (unique | key | keyref)*)). A problem was found starting at: attribute.
2024-08-04 12:15:03,064 [INFO] PluginManage:359 - Loaded plugin pinoutconfig (category:base,tabindex:0)
2024-08-04 12:15:03,065 [INFO] PluginManage:310 - Check plugin power
2024-08-04 12:15:03,110 [INFO] PluginManage:359 - Loaded plugin power (category:power,tabindex:4)
2024-08-04 12:15:03,110 [INFO] PluginManage:310 - Check plugin projectmanager
2024-08-04 12:15:03,140 [INFO] PluginManage:359 - Loaded plugin projectmanager (category:projectmanager,tabindex:3)
2024-08-04 12:15:03,140 [INFO] PluginManage:310 - Check plugin thirdparty
2024-08-04 12:15:03,659 [INFO] PluginManage:359 - Loaded plugin thirdparty (category:base,tabindex:-1)
2024-08-04 12:15:03,659 [INFO] PluginManage:310 - Check plugin tools
2024-08-04 12:15:03,670 [WARN] IntegrityCheckThread:84 - waiting for thirdparty lock release [integrity check]
2024-08-04 12:15:03,710 [INFO] IntegrityCheckThread:86 - entering critical section [integrity check]
2024-08-04 12:15:03,711 [INFO] ThirdPartyUpdaterWithRetryManager:70 - Updater plugin not ready yet. [1/15]
2024-08-04 12:15:03,797 [INFO] PluginManage:359 - Loaded plugin tools (category:base,tabindex:7)
2024-08-04 12:15:03,798 [INFO] PluginManage:310 - Check plugin tutovideos
2024-08-04 12:15:04,213 [INFO] PluginManage:359 - Loaded plugin tutovideos (category:base,tabindex:-1)
2024-08-04 12:15:04,214 [INFO] PluginManage:310 - Check plugin updater
2024-08-04 12:15:04,244 [INFO] PluginManage:359 - Loaded plugin updater (category:base,tabindex:12)
2024-08-04 12:15:04,244 [INFO] PluginManage:310 - Check plugin userauth
2024-08-04 12:15:04,256 [INFO] UserAuth:114 - Init User Auth plugin
2024-08-04 12:15:04,257 [INFO] PluginManage:359 - Loaded plugin userauth (category:base,tabindex:14)
2024-08-04 12:15:04,259 [INFO] PluginManage:283 - PluginManage : Loaded plugins [17]
2024-08-04 12:15:04,865 [INFO] PinOutPanel:1561 - setPackage(No Configuration,No Configuration)
2024-08-04 12:15:05,021 [INFO] CADModel:165 - CPN selected for project level
2024-08-04 12:15:05,021 [INFO] CADModel:114 - Register for checkConnection events
2024-08-04 12:15:05,063 [INFO] IPUIPlugin:80 - create IPUIPlugin
2024-08-04 12:15:05,063 [INFO] PluginManager:220 - loadIPPluginJar : add adc
2024-08-04 12:15:05,122 [INFO] IPUIPlugin:80 - create IPUIPlugin
2024-08-04 12:15:05,122 [INFO] PluginManager:220 - loadIPPluginJar : add aes
2024-08-04 12:15:05,177 [INFO] IPUIPlugin:80 - create IPUIPlugin
2024-08-04 12:15:05,177 [INFO] PluginManager:220 - loadIPPluginJar : add can
2024-08-04 12:15:05,207 [INFO] IPUIPlugin:80 - create IPUIPlugin
2024-08-04 12:15:05,209 [INFO] PluginManager:220 - loadIPPluginJar : add comp
2024-08-04 12:15:05,256 [INFO] IPUIPlugin:80 - create IPUIPlugin
2024-08-04 12:15:05,256 [INFO] PluginManager:220 - loadIPPluginJar : add cryp
2024-08-04 12:15:05,295 [INFO] IPUIPlugin:80 - create IPUIPlugin
2024-08-04 12:15:05,295 [INFO] PluginManager:220 - loadIPPluginJar : add dfsdm
2024-08-04 12:15:05,312 [INFO] IPUIPlugin:80 - create IPUIPlugin
2024-08-04 12:15:05,312 [INFO] PluginManager:220 - loadIPPluginJar : add dma
2024-08-04 12:15:05,370 [INFO] IPUIPlugin:80 - create IPUIPlugin
2024-08-04 12:15:05,371 [INFO] PluginManager:220 - loadIPPluginJar : add dma3
2024-08-04 12:15:05,432 [INFO] IPUIPlugin:80 - create IPUIPlugin
2024-08-04 12:15:05,432 [INFO] PluginManager:220 - loadIPPluginJar : add extmemmanager
2024-08-04 12:15:05,458 [INFO] IPUIPlugin:80 - create IPUIPlugin
2024-08-04 12:15:05,459 [INFO] PluginManager:220 - loadIPPluginJar : add fatfs
2024-08-04 12:15:05,518 [INFO] IPUIPlugin:80 - create IPUIPlugin
2024-08-04 12:15:05,518 [INFO] PluginManager:220 - loadIPPluginJar : add fmc
2024-08-04 12:15:05,539 [INFO] IPUIPlugin:80 - create IPUIPlugin
2024-08-04 12:15:05,540 [INFO] PluginManager:220 - loadIPPluginJar : add freertos
2024-08-04 12:15:05,568 [INFO] IPUIPlugin:80 - create IPUIPlugin
2024-08-04 12:15:05,568 [INFO] PluginManager:220 - loadIPPluginJar : add genericplugin
2024-08-04 12:15:05,769 [INFO] IPUIPlugin:80 - create IPUIPlugin
2024-08-04 12:15:05,769 [INFO] PluginManager:220 - loadIPPluginJar : add gfxmmu
2024-08-04 12:15:06,029 [INFO] IPUIPlugin:80 - create IPUIPlugin
2024-08-04 12:15:06,029 [INFO] PluginManager:220 - loadIPPluginJar : add gic
2024-08-04 12:15:06,049 [INFO] IPUIPlugin:80 - create IPUIPlugin
2024-08-04 12:15:06,049 [INFO] PluginManager:220 - loadIPPluginJar : add gpio
2024-08-04 12:15:06,188 [INFO] IPUIPlugin:80 - create IPUIPlugin
2024-08-04 12:15:06,188 [INFO] PluginManager:220 - loadIPPluginJar : add gtzc
2024-08-04 12:15:06,236 [INFO] IPUIPlugin:80 - create IPUIPlugin
2024-08-04 12:15:06,236 [INFO] PluginManager:220 - loadIPPluginJar : add hash
2024-08-04 12:15:06,361 [INFO] IPUIPlugin:80 - create IPUIPlugin
2024-08-04 12:15:06,362 [INFO] PluginManager:220 - loadIPPluginJar : add i2c
2024-08-04 12:15:06,417 [INFO] IPUIPlugin:80 - create IPUIPlugin
2024-08-04 12:15:06,418 [INFO] PluginManager:220 - loadIPPluginJar : add i2s
2024-08-04 12:15:06,477 [INFO] IPUIPlugin:80 - create IPUIPlugin
2024-08-04 12:15:06,477 [INFO] PluginManager:220 - loadIPPluginJar : add i3c
2024-08-04 12:15:06,624 [INFO] IPUIPlugin:80 - create IPUIPlugin
2024-08-04 12:15:06,624 [INFO] PluginManager:220 - loadIPPluginJar : add ipddr
2024-08-04 12:15:06,712 [INFO] ThirdPartyUpdaterWithRetryManager:70 - Updater plugin not ready yet. [2/15]
2024-08-04 12:15:06,752 [INFO] IPUIPlugin:80 - create IPUIPlugin
2024-08-04 12:15:06,753 [INFO] PluginManager:220 - loadIPPluginJar : add linkedlist
2024-08-04 12:15:06,833 [INFO] IPUIPlugin:80 - create IPUIPlugin
2024-08-04 12:15:06,834 [INFO] PluginManager:220 - loadIPPluginJar : add lorawan
2024-08-04 12:15:06,886 [INFO] IPUIPlugin:80 - create IPUIPlugin
2024-08-04 12:15:06,887 [INFO] PluginManager:220 - loadIPPluginJar : add ltdc
2024-08-04 12:15:06,906 [INFO] IPUIPlugin:80 - create IPUIPlugin
2024-08-04 12:15:06,907 [INFO] PluginManager:220 - loadIPPluginJar : add mdma
2024-08-04 12:15:06,923 [INFO] IPUIPlugin:80 - create IPUIPlugin
2024-08-04 12:15:06,924 [INFO] PluginManager:220 - loadIPPluginJar : add nvic
2024-08-04 12:15:07,004 [INFO] IPUIPlugin:80 - create IPUIPlugin
2024-08-04 12:15:07,004 [INFO] PluginManager:220 - loadIPPluginJar : add opamp
2024-08-04 12:15:07,095 [INFO] IPUIPlugin:80 - create IPUIPlugin
2024-08-04 12:15:07,096 [INFO] PluginManager:220 - loadIPPluginJar : add openamp
2024-08-04 12:15:07,163 [INFO] IPUIPlugin:80 - create IPUIPlugin
2024-08-04 12:15:07,164 [INFO] PluginManager:220 - loadIPPluginJar : add pdm2pcm
2024-08-04 12:15:07,184 [INFO] IPUIPlugin:80 - create IPUIPlugin
2024-08-04 12:15:07,187 [INFO] PluginManager:220 - loadIPPluginJar : add plateformsettings
2024-08-04 12:15:07,220 [INFO] IPUIPlugin:80 - create IPUIPlugin
2024-08-04 12:15:07,222 [INFO] PluginManager:220 - loadIPPluginJar : add quadspi
2024-08-04 12:15:07,243 [INFO] IPUIPlugin:80 - create IPUIPlugin
2024-08-04 12:15:07,244 [INFO] PluginManager:220 - loadIPPluginJar : add resmgrutility
2024-08-04 12:15:07,398 [INFO] IPUIPlugin:80 - create IPUIPlugin
2024-08-04 12:15:07,399 [INFO] PluginManager:220 - loadIPPluginJar : add sai
2024-08-04 12:15:07,463 [INFO] IPUIPlugin:80 - create IPUIPlugin
2024-08-04 12:15:07,463 [INFO] PluginManager:220 - loadIPPluginJar : add spi
2024-08-04 12:15:07,580 [INFO] IPUIPlugin:80 - create IPUIPlugin
2024-08-04 12:15:07,581 [INFO] PluginManager:220 - loadIPPluginJar : add stm32_wpan
2024-08-04 12:15:07,612 [INFO] IPUIPlugin:80 - create IPUIPlugin
2024-08-04 12:15:07,613 [INFO] PluginManager:220 - loadIPPluginJar : add tim
2024-08-04 12:15:07,700 [INFO] IPUIPlugin:80 - create IPUIPlugin
2024-08-04 12:15:07,700 [INFO] PluginManager:220 - loadIPPluginJar : add touchsensing
2024-08-04 12:15:07,733 [INFO] IPUIPlugin:80 - create IPUIPlugin
2024-08-04 12:15:07,733 [INFO] PluginManager:220 - loadIPPluginJar : add tracer_emb
2024-08-04 12:15:07,767 [INFO] IPUIPlugin:80 - create IPUIPlugin
2024-08-04 12:15:07,767 [INFO] PluginManager:220 - loadIPPluginJar : add ts
2024-08-04 12:15:07,802 [INFO] IPUIPlugin:80 - create IPUIPlugin
2024-08-04 12:15:07,802 [INFO] PluginManager:220 - loadIPPluginJar : add tsc
2024-08-04 12:15:07,837 [INFO] IPUIPlugin:80 - create IPUIPlugin
2024-08-04 12:15:07,837 [INFO] PluginManager:220 - loadIPPluginJar : add ucpd
2024-08-04 12:15:07,901 [INFO] IPUIPlugin:80 - create IPUIPlugin
2024-08-04 12:15:07,901 [INFO] PluginManager:220 - loadIPPluginJar : add usart
2024-08-04 12:15:07,962 [INFO] IPUIPlugin:80 - create IPUIPlugin
2024-08-04 12:15:07,962 [INFO] PluginManager:220 - loadIPPluginJar : add usbx
2024-08-04 12:15:08,161 [INFO] CADModel:165 - CPN selected for project level
2024-08-04 12:15:08,161 [INFO] CADModel:114 - Register for checkConnection events
2024-08-04 12:15:08,162 [FATAL] Updater:308 - Updater called before beeing initialized
2024-08-04 12:15:08,162 [ERROR] CADModel:125 - Updater not yet initialized, retry later 
2024-08-04 12:15:08,384 [INFO] CADModel:165 - CPN selected for project level
2024-08-04 12:15:08,384 [INFO] CADModel:114 - Register for checkConnection events
2024-08-04 12:15:08,384 [FATAL] Updater:308 - Updater called before beeing initialized
2024-08-04 12:15:08,385 [ERROR] CADModel:125 - Updater not yet initialized, retry later 
2024-08-04 12:15:08,389 [FATAL] Updater:308 - Updater called before beeing initialized
2024-08-04 12:15:08,697 [FATAL] Updater:308 - Updater called before beeing initialized
2024-08-04 12:15:08,708 [INFO] DbMcusAds:53 - JSON generation date=Thu May 16 06:22:01 BRT 2024 (1715851321109)
2024-08-04 12:15:08,708 [FATAL] Updater:308 - Updater called before beeing initialized
2024-08-04 12:15:08,833 [WARN] DetailPanel:346 - Failed to get advertising image, set to default
2024-08-04 12:15:08,960 [FATAL] Updater:308 - Updater called before beeing initialized
2024-08-04 12:15:08,963 [FATAL] Updater:308 - Updater called before beeing initialized
2024-08-04 12:15:08,963 [FATAL] Updater:308 - Updater called before beeing initialized
2024-08-04 12:15:08,963 [WARN] DetailPanel:346 - Failed to get advertising image, set to default
2024-08-04 12:15:08,964 [FATAL] Updater:308 - Updater called before beeing initialized
2024-08-04 12:15:09,059 [ERROR] Updater:1120 - MainUpdater not yet initialized. External WinMGr cannot be set.
2024-08-04 12:15:09,070 [INFO] Updater:1056 - Updater Version found : 6.11.1
2024-08-04 12:15:09,094 [INFO] ApplicationProperties:184 - Using Application install path: C:\ST\STM32CubeIDE_1.15.1\STM32CubeIDE\plugins\com.st.stm32cube.common.mx_6.11.1.202404110753
2024-08-04 12:15:09,714 [INFO] ThirdPartyUpdaterWithRetryManager:70 - Updater plugin not ready yet. [3/15]
2024-08-04 12:15:10,676 [ERROR] LogOutputStream:75 - [STDERR_REDIRECT] Aug 04, 2024 12:15:10 PM java.util.prefs.WindowsPreferences <init>
2024-08-04 12:15:10,679 [ERROR] LogOutputStream:75 - [STDERR_REDIRECT] WARNING: Could not open/create prefs root node Software\JavaSoft\Prefs at root 0xffffffff80000002. Windows RegCreateKeyEx(...) returned error code 5.
2024-08-04 12:15:10,679 [ERROR] LogOutputStream:75 - [STDERR_REDIRECT] 
2024-08-04 12:15:11,175 [INFO] MainUpdater:2873 - connection check result : 10
2024-08-04 12:15:11,176 [INFO] MainUpdater:290 - Updater Check For Update Now.
2024-08-04 12:15:11,176 [INFO] MicroXplorer:498 - Change Database Version : DB.6.0.111
2024-08-04 12:15:11,223 [INFO] McuFinderGlobals:63 - Set McuFinder mode to 2 (CubeIDE integrated)
2024-08-04 12:15:11,245 [INFO] UserAuth:415 - Internet connection configuration mode: 1
2024-08-04 12:15:11,308 [INFO] JxBrowserEngine:152 - Initiate JxBrowser Engine with user profile folder
2024-08-04 12:15:11,688 [INFO] CheckServerUpdateThread:120 - End of CheckServer Thread
2024-08-04 12:15:13,292 [WARN] PackLoader:240 - Cannot read IP mode file for STMicroelectronics.FP-SNS-MOTENVWB1.1.4.0
2024-08-04 12:15:13,350 [WARN] PackLoader:240 - Cannot read IP mode file for STMicroelectronics.X-CUBE-SMBUS.2.1.0
2024-08-04 12:15:13,370 [WARN] PackLoader:240 - Cannot read IP mode file for STMicroelectronics.X-CUBE-TOUCHGFX.4.23.2
2024-08-04 12:15:13,496 [WARN] PackLoader:240 - Cannot read IP mode file for STMicroelectronics.X-CUBE-AZRTOS-F7.1.1.0
2024-08-04 12:15:13,518 [WARN] PackLoader:240 - Cannot read IP mode file for STMicroelectronics.FP-SNS-FLIGHT1.5.0.2
2024-08-04 12:15:13,569 [WARN] PackLoader:240 - Cannot read IP mode file for STMicroelectronics.X-CUBE-DISPLAY.3.0.0
2024-08-04 12:15:13,667 [WARN] PackLoader:240 - Cannot read IP mode file for STMicroelectronics.X-CUBE-BLE1.7.0.0
2024-08-04 12:15:13,682 [WARN] PackLoader:240 - Cannot read IP mode file for emotas.I-CUBE-CANOPEN.1.3.0
2024-08-04 12:15:13,706 [WARN] PackLoader:240 - Cannot read IP mode file for STMicroelectronics.X-CUBE-BLEMGR.3.1.0
2024-08-04 12:15:13,732 [WARN] PackLoader:240 - Cannot read IP mode file for STMicroelectronics.FP-SNS-SMARTAG2.1.2.0
2024-08-04 12:15:13,774 [INFO] LogOutputStream:77 - [STDOUT_REDIRECT] 1 : Invalid condition id : UX_CORESTACK_Condition cause : null
2024-08-04 12:15:13,775 [INFO] LogOutputStream:77 - [STDOUT_REDIRECT] 1 : Invalid condition id : UX_CORESTACK_Condition cause : null
2024-08-04 12:15:13,776 [INFO] LogOutputStream:77 - [STDOUT_REDIRECT] 1 : Invalid condition id : UX_CORESTACK_Condition cause : null
2024-08-04 12:15:13,778 [INFO] LogOutputStream:77 - [STDOUT_REDIRECT] 1 : Invalid condition id : UX_CORESTACK_Condition cause : null
2024-08-04 12:15:13,780 [INFO] LogOutputStream:77 - [STDOUT_REDIRECT] 1 : Invalid condition id : UX_CORESTACK_Condition cause : null
2024-08-04 12:15:13,783 [WARN] PackLoader:240 - Cannot read IP mode file for STMicroelectronics.X-CUBE-AZRTOS-WL.2.0.0
2024-08-04 12:15:13,801 [WARN] PackLoader:240 - Cannot read IP mode file for STMicroelectronics.FP-SNS-MOTENV1.5.0.0
2024-08-04 12:15:13,826 [WARN] PackLoader:240 - Cannot read IP mode file for wolfSSL.I-CUBE-wolfMQTT.1.19.0
2024-08-04 12:15:13,896 [WARN] PackLoader:240 - Cannot read IP mode file for WES.I-CUBE-Cesium.1.3.0
2024-08-04 12:15:13,946 [WARN] PackLoader:240 - Cannot read IP mode file for STMicroelectronics.X-CUBE-BLE2.3.3.0
2024-08-04 12:15:13,998 [WARN] PackLoader:240 - Cannot read IP mode file for STMicroelectronics.X-CUBE-TCPP.4.1.0
2024-08-04 12:15:14,142 [WARN] PackLoader:240 - Cannot read IP mode file for STMicroelectronics.X-CUBE-AZRTOS-G0.1.1.0
2024-08-04 12:15:14,236 [WARN] PackLoader:240 - Cannot read IP mode file for STMicroelectronics.X-CUBE-SAFEA1.1.2.2
2024-08-04 12:15:14,288 [WARN] PackLoader:240 - Cannot read IP mode file for STMicroelectronics.X-CUBE-NFC4.3.0.0
2024-08-04 12:15:14,302 [WARN] PackLoader:240 - Cannot read IP mode file for wolfSSL.I-CUBE-wolfMQTT.1.18.0
2024-08-04 12:15:14,354 [WARN] PackLoader:240 - Cannot read IP mode file for EmbeddedOffice.I-CUBE-FS-RTOS.1.0.1
2024-08-04 12:15:14,354 [ERROR] ConditionMgr:805 - Attr not supported : Dmpu
2024-08-04 12:15:14,354 [ERROR] ConditionMgr:805 - Attr not supported : Dmpu
2024-08-04 12:15:14,354 [ERROR] ConditionMgr:805 - Attr not supported : Dmpu
2024-08-04 12:15:14,354 [ERROR] ConditionMgr:805 - Attr not supported : Dmpu
2024-08-04 12:15:14,354 [ERROR] ConditionMgr:805 - Attr not supported : Dmpu
2024-08-04 12:15:14,354 [ERROR] ConditionMgr:805 - Attr not supported : Dmpu
2024-08-04 12:15:14,355 [ERROR] ConditionMgr:805 - Attr not supported : Dmpu
2024-08-04 12:15:14,355 [ERROR] ConditionMgr:805 - Attr not supported : Dmpu
2024-08-04 12:15:14,356 [ERROR] ConditionMgr:805 - Attr not supported : Dmpu
2024-08-04 12:15:14,356 [ERROR] ConditionMgr:805 - Attr not supported : Dmpu
2024-08-04 12:15:14,356 [ERROR] ConditionMgr:805 - Attr not supported : Dmpu
2024-08-04 12:15:14,357 [ERROR] ConditionMgr:805 - Attr not supported : Dmpu
2024-08-04 12:15:14,357 [ERROR] ConditionMgr:805 - Attr not supported : Dmpu
2024-08-04 12:15:14,357 [ERROR] ConditionMgr:805 - Attr not supported : Dmpu
2024-08-04 12:15:14,357 [ERROR] ConditionMgr:805 - Attr not supported : Dmpu
2024-08-04 12:15:14,357 [ERROR] ConditionMgr:805 - Attr not supported : Dmpu
2024-08-04 12:15:14,357 [ERROR] ConditionMgr:805 - Attr not supported : Dmpu
2024-08-04 12:15:14,357 [ERROR] ConditionMgr:805 - Attr not supported : Dmpu
2024-08-04 12:15:14,357 [ERROR] ConditionMgr:805 - Attr not supported : Dmpu
2024-08-04 12:15:14,357 [ERROR] ConditionMgr:805 - Attr not supported : Dmpu
2024-08-04 12:15:14,357 [ERROR] ConditionMgr:805 - Attr not supported : Dmpu
2024-08-04 12:15:14,357 [ERROR] ConditionMgr:805 - Attr not supported : Dmpu
2024-08-04 12:15:14,359 [ERROR] ConditionMgr:805 - Attr not supported : Dmpu
2024-08-04 12:15:14,359 [ERROR] ConditionMgr:805 - Attr not supported : Dmpu
2024-08-04 12:15:14,359 [ERROR] ConditionMgr:805 - Attr not supported : Dmpu
2024-08-04 12:15:14,359 [ERROR] ConditionMgr:805 - Attr not supported : Dmpu
2024-08-04 12:15:14,359 [ERROR] ConditionMgr:805 - Attr not supported : Dmpu
2024-08-04 12:15:14,359 [ERROR] ConditionMgr:805 - Attr not supported : Dmpu
2024-08-04 12:15:14,359 [ERROR] ConditionMgr:805 - Attr not supported : Dmpu
2024-08-04 12:15:14,359 [ERROR] ConditionMgr:805 - Attr not supported : Dmpu
2024-08-04 12:15:14,360 [ERROR] ConditionMgr:805 - Attr not supported : Dmpu
2024-08-04 12:15:14,360 [ERROR] ConditionMgr:805 - Attr not supported : Dmpu
2024-08-04 12:15:14,360 [ERROR] ConditionMgr:805 - Attr not supported : Dmpu
2024-08-04 12:15:14,360 [ERROR] ConditionMgr:805 - Attr not supported : Dmpu
2024-08-04 12:15:14,360 [ERROR] ConditionMgr:805 - Attr not supported : Dmpu
2024-08-04 12:15:14,360 [ERROR] ConditionMgr:805 - Attr not supported : Dmpu
2024-08-04 12:15:14,360 [ERROR] ConditionMgr:805 - Attr not supported : Dmpu
2024-08-04 12:15:14,360 [ERROR] ConditionMgr:805 - Attr not supported : Dmpu
2024-08-04 12:15:14,360 [ERROR] ConditionMgr:805 - Attr not supported : Dmpu
2024-08-04 12:15:14,360 [ERROR] ConditionMgr:805 - Attr not supported : Dmpu
2024-08-04 12:15:14,361 [ERROR] ConditionMgr:805 - Attr not supported : Dmpu
2024-08-04 12:15:14,361 [ERROR] ConditionMgr:805 - Attr not supported : Dmpu
2024-08-04 12:15:14,361 [ERROR] ConditionMgr:805 - Attr not supported : Dmpu
2024-08-04 12:15:14,361 [ERROR] ConditionMgr:805 - Attr not supported : Dmpu
2024-08-04 12:15:14,361 [ERROR] ConditionMgr:805 - Attr not supported : Dmpu
2024-08-04 12:15:14,361 [ERROR] ConditionMgr:805 - Attr not supported : Dmpu
2024-08-04 12:15:14,361 [ERROR] ConditionMgr:805 - Attr not supported : Dmpu
2024-08-04 12:15:14,362 [ERROR] ConditionMgr:805 - Attr not supported : Dmpu
2024-08-04 12:15:14,362 [ERROR] ConditionMgr:805 - Attr not supported : Dmpu
2024-08-04 12:15:14,362 [ERROR] ConditionMgr:805 - Attr not supported : Dmpu
2024-08-04 12:15:14,362 [ERROR] ConditionMgr:805 - Attr not supported : Dmpu
2024-08-04 12:15:14,362 [ERROR] ConditionMgr:805 - Attr not supported : Dmpu
2024-08-04 12:15:14,362 [ERROR] ConditionMgr:805 - Attr not supported : Dmpu
2024-08-04 12:15:14,362 [ERROR] ConditionMgr:805 - Attr not supported : Dmpu
2024-08-04 12:15:14,362 [ERROR] ConditionMgr:805 - Attr not supported : Dmpu
2024-08-04 12:15:14,362 [ERROR] ConditionMgr:805 - Attr not supported : Dmpu
2024-08-04 12:15:14,362 [ERROR] ConditionMgr:805 - Attr not supported : Dmpu
2024-08-04 12:15:14,362 [ERROR] ConditionMgr:805 - Attr not supported : Dmpu
2024-08-04 12:15:14,363 [ERROR] ConditionMgr:805 - Attr not supported : Dmpu
2024-08-04 12:15:14,363 [ERROR] ConditionMgr:805 - Attr not supported : Dmpu
2024-08-04 12:15:14,363 [ERROR] ConditionMgr:805 - Attr not supported : Dmpu
2024-08-04 12:15:14,363 [ERROR] ConditionMgr:805 - Attr not supported : Dmpu
2024-08-04 12:15:14,363 [ERROR] ConditionMgr:805 - Attr not supported : Dmpu
2024-08-04 12:15:14,363 [ERROR] ConditionMgr:805 - Attr not supported : Dmpu
2024-08-04 12:15:14,404 [WARN] PackLoader:240 - Cannot read IP mode file for RealThread.X-CUBE-RT-Thread_Nano.4.1.1
2024-08-04 12:15:14,416 [WARN] PackLoader:240 - Cannot read IP mode file for wolfSSL.I-CUBE-wolfSSL.5.7.0
2024-08-04 12:15:14,540 [WARN] PackLoader:240 - Cannot read IP mode file for STMicroelectronics.FP-ATR-SIGFOX1.3.2.0
2024-08-04 12:15:14,648 [WARN] PackLoader:240 - Cannot read IP mode file for STMicroelectronics.X-CUBE-EEPRMA1.5.1.0
2024-08-04 12:15:14,695 [WARN] PackLoader:240 - Cannot read IP mode file for ITTIA_DB.I-CUBE-ITTIADB.8.9.0
2024-08-04 12:15:14,768 [WARN] PackLoader:240 - Cannot read IP mode file for SEGGER.I-CUBE-embOS.1.3.1
2024-08-04 12:15:14,956 [WARN] PackLoader:240 - Cannot read IP mode file for STMicroelectronics.X-CUBE-ALGOBUILD.1.4.0
2024-08-04 12:15:14,972 [WARN] PackLoader:240 - Cannot read IP mode file for STMicroelectronics.X-CUBE-GNSS1.6.0.0
2024-08-04 12:15:15,066 [WARN] PackLoader:240 - Cannot read IP mode file for STMicroelectronics.X-CUBE-AZRTOS-F4.1.1.0
2024-08-04 12:15:15,139 [WARN] PackLoader:240 - Cannot read IP mode file for STMicroelectronics.X-CUBE-FREERTOS.1.2.0
2024-08-04 12:15:15,296 [WARN] PackLoader:240 - Cannot read IP mode file for STMicroelectronics.X-CUBE-AZRTOS-L5.2.0.0
2024-08-04 12:15:15,451 [WARN] PackLoader:240 - Cannot read IP mode file for STMicroelectronics.X-CUBE-NFC6.3.1.0
2024-08-04 12:15:15,536 [WARN] PackLoader:240 - Cannot read IP mode file for STMicroelectronics.X-CUBE-DPower.1.2.0
2024-08-04 12:15:15,600 [WARN] PackLoader:240 - Cannot read IP mode file for STMicroelectronics.X-CUBE-AI.9.0.0
2024-08-04 12:15:15,628 [WARN] PackLoader:240 - Cannot read IP mode file for STMicroelectronics.X-CUBE-NFC7.1.0.1
2024-08-04 12:15:15,813 [WARN] PackLoader:240 - Cannot read IP mode file for wolfSSL.I-CUBE-wolfTPM.3.2.0
2024-08-04 12:15:15,950 [WARN] ConditionMgr:438 - getConditionDescription Invalid condition id : LAN8742 Phy interface Condition cause : null
2024-08-04 12:15:15,951 [WARN] PackLoader:240 - Cannot read IP mode file for STMicroelectronics.X-CUBE-AZRTOS-L4.2.0.0
2024-08-04 12:15:15,953 [WARN] ConditionMgr:1039 - genDependencies : Invalid condition id : LAN8742 Phy interface Condition cause : null
2024-08-04 12:15:15,953 [WARN] ConditionMgr:1039 - genDependencies : Invalid condition id : LAN8742 Phy interface Condition cause : null
2024-08-04 12:15:15,956 [WARN] ConditionMgr:1039 - genDependencies : Invalid condition id : LAN8742 Phy interface Condition cause : null
2024-08-04 12:15:16,232 [WARN] PackLoader:240 - Cannot read IP mode file for STMicroelectronics.X-CUBE-SFXS2LP1.4.0.0
2024-08-04 12:15:16,503 [WARN] ConditionMgr:438 - getConditionDescription Invalid condition id : UX DEVICE CLASS RTOS Condition cause : null
2024-08-04 12:15:16,503 [WARN] ConditionMgr:438 - getConditionDescription Invalid condition id : UX DEVICE CLASS RTOS Condition cause : null
2024-08-04 12:15:16,505 [WARN] PackLoader:240 - Cannot read IP mode file for STMicroelectronics.X-CUBE-AZRTOS-WB.2.0.0
2024-08-04 12:15:16,506 [WARN] ConditionMgr:1039 - genDependencies : Invalid condition id : UX DEVICE CLASS RTOS Condition cause : null
2024-08-04 12:15:16,506 [WARN] ConditionMgr:1039 - genDependencies : Invalid condition id : UX DEVICE CLASS RTOS Condition cause : null
2024-08-04 12:15:16,507 [WARN] ConditionMgr:1039 - genDependencies : Invalid condition id : UX DEVICE CLASS RTOS Condition cause : null
2024-08-04 12:15:16,507 [WARN] ConditionMgr:1039 - genDependencies : Invalid condition id : UX DEVICE CLASS RTOS Condition cause : null
2024-08-04 12:15:16,507 [WARN] ConditionMgr:1039 - genDependencies : Invalid condition id : UX DEVICE CLASS RTOS Condition cause : null
2024-08-04 12:15:16,658 [WARN] PackLoader:240 - Cannot read IP mode file for STMicroelectronics.FP-SNS-STBOX1.2.0.0
2024-08-04 12:15:16,765 [WARN] PackLoader:240 - Cannot read IP mode file for STMicroelectronics.X-CUBE-SUBG2.5.0.0
2024-08-04 12:15:16,888 [WARN] PackLoader:240 - Cannot read IP mode file for STMicroelectronics.X-CUBE-AZRTOS-G4.2.0.0
2024-08-04 12:15:16,926 [WARN] PackLoader:240 - Cannot read IP mode file for STMicroelectronics.X-CUBE-ISPU.2.0.0
2024-08-04 12:15:16,952 [WARN] PackLoader:240 - Cannot read IP mode file for STMicroelectronics.X-CUBE-ALS.1.0.2
2024-08-04 12:15:17,069 [WARN] PackLoader:240 - Cannot read IP mode file for STMicroelectronics.X-CUBE-MEMS1.10.0.0
2024-08-04 12:15:17,489 [WARN] PackLoader:240 - Cannot read IP mode file for STMicroelectronics.X-CUBE-TOUCHGFX.4.24.0
2024-08-04 12:15:17,636 [WARN] PackLoader:240 - Cannot read IP mode file for portGmbH.I-Cube-SoM-uGOAL.1.1.0
2024-08-04 12:15:17,764 [WARN] PackLoader:240 - Cannot read IP mode file for STMicroelectronics.X-CUBE-ALS.1.0.1
2024-08-04 12:15:17,930 [WARN] PackLoader:240 - Cannot read IP mode file for STMicroelectronics.X-CUBE-AZRTOS-H7RS.1.0.0
2024-08-04 12:15:18,071 [WARN] PackLoader:240 - Cannot read IP mode file for STMicroelectronics.FP-ATR-ASTRA1.2.0.0
2024-08-04 12:15:18,149 [WARN] PackLoader:240 - Cannot read IP mode file for STMicroelectronics.X-CUBE-TOF1.3.4.2
2024-08-04 12:15:18,247 [WARN] PackLoader:240 - Cannot read IP mode file for STMicroelectronics.X-CUBE-TOF1.3.4.1
2024-08-04 12:15:18,545 [WARN] PackLoader:240 - Cannot read IP mode file for STMicroelectronics.X-CUBE-AZRTOS-H7.3.2.0
2024-08-04 12:15:18,584 [WARN] PackLoader:240 - Cannot read IP mode file for Infineon.AIROC-Wi-Fi-Bluetooth-STM32.1.6.0
2024-08-04 12:15:18,707 [WARN] PackLoader:240 - Cannot read IP mode file for wolfSSL.I-CUBE-wolfSSH.1.4.17
2024-08-04 12:15:18,708 [INFO] ThirdParty:978 - Integrity check success = true
2024-08-04 12:15:18,708 [INFO] IntegrityCheckThread:100 - exiting critical section [integrity check]
2024-08-04 12:15:18,708 [INFO] IntegrityCheckThread:103 - End integrity checks thread
2024-08-04 12:15:25,191 [INFO] WebApp:161 - Instantiating new browser for Auth
2024-08-04 12:15:26,679 [INFO] WebApp:779 - Register for checkConnection events
2024-08-04 12:15:26,679 [INFO] WebApp:414 - Apply proxy settings
2024-08-04 12:15:26,679 [INFO] WebApp:499 - Chromium requires no authentication
2024-08-04 12:15:26,690 [INFO] WebApp:442 - Direct internet connection detected
2024-08-04 12:15:26,941 [INFO] WebApp:192 - Starting web application
2024-08-04 12:15:26,941 [INFO] WebApp:544 - Web application path used C:\ST\STM32CubeIDE_1.15.1\STM32CubeIDE\plugins\com.st.stm32cube.common.mx_6.11.1.202404110753\db\plugins\mcufinder\reactClient1\index.html
