2025-06-17 00:02:29,524 [ERROR] LogOutputStream:75 - [STDERR_REDIRECT] 
2025-06-17 11:58:44,014 [INFO] Activator:176 - 


2025-06-17 11:58:44,016 [INFO] Activator:177 - !SESSION log4j initialized
2025-06-17 11:58:57,880 [INFO] LogOutputStream:77 - [STDOUT_REDIRECT] 
2025-06-17 11:59:04,236 [INFO] ApplicationProperties:184 - Using Application install path: C:\ST\STM32CubeIDE_1.16.1\STM32CubeIDE\plugins\com.st.stm32cube.common.mx_6.12.1.202409122256
2025-06-17 11:59:04,302 [INFO] DbMcusXml:78 - Set database path to: C:\ST\STM32CubeIDE_1.16.1\STM32CubeIDE\plugins\com.st.stm32cube.common.mx_6.12.1.202409122256\\db\/mcu/
2025-06-17 11:59:04,303 [INFO] ApiDb:274 - Set plugin database path to: C:\ST\STM32CubeIDE_1.16.1\STM32CubeIDE\plugins\com.st.stm32cube.common.mx_6.12.1.202409122256\\db\/plugins/boardmanager/
2025-06-17 11:59:04,303 [WARN] ApiDb:259 - Overriding images path with different value:  => C:\ST\STM32CubeIDE_1.16.1\STM32CubeIDE\plugins\com.st.stm32cube.common.mx_6.12.1.202409122256\\db\/plugins/mcufinder/images/
2025-06-17 11:59:04,359 [INFO] ApiDb:250 - Set database path to: C:\Users\Matheus Markies\.stmcufinder\plugins\mcufinder//mcu/
2025-06-17 11:59:04,359 [INFO] DbMcusAds:125 - Set database path to: C:\Users\Matheus Markies\.stmcufinder\plugins\mcufinder//mcu/
2025-06-17 11:59:04,363 [INFO] CrossReferenceDbSqlite:203 - Set database path to: C:\Users\Matheus Markies\.stmcufinder\plugins\mcufinder//mcu/cs/
2025-06-17 11:59:04,612 [INFO] RulesReader:64 - Compatibility file has been processed (297 Rules)
2025-06-17 11:59:04,890 [INFO] DbMcusXml:78 - Set database path to: C:\ST\STM32CubeIDE_1.16.1\STM32CubeIDE\plugins\com.st.stm32cube.common.mx_6.12.1.202409122256\\db\/mcu/
2025-06-17 11:59:04,890 [INFO] ApiDb:274 - Set plugin database path to: C:\ST\STM32CubeIDE_1.16.1\STM32CubeIDE\plugins\com.st.stm32cube.common.mx_6.12.1.202409122256\\db\/plugins/boardmanager/
2025-06-17 11:59:04,891 [INFO] ApiDb:261 - Set plugin images path to: C:\ST\STM32CubeIDE_1.16.1\STM32CubeIDE\plugins\com.st.stm32cube.common.mx_6.12.1.202409122256\\db\/plugins/mcufinder/images/
2025-06-17 11:59:04,891 [WARN] DbFile:41 - Overriding database path with different value: C:\Users\Matheus Markies\.stmcufinder\plugins\mcufinder/ => C:\Users\Matheus Markies\.stmcufinder\plugins\mcufinder
2025-06-17 11:59:04,891 [INFO] ApiDb:250 - Set database path to: C:\Users\Matheus Markies\.stmcufinder\plugins\mcufinder//mcu/
2025-06-17 11:59:04,891 [WARN] DbFile:41 - Overriding database path with different value: C:\Users\Matheus Markies\.stmcufinder\plugins\mcufinder/ => C:\Users\Matheus Markies\.stmcufinder\plugins\mcufinder
2025-06-17 11:59:04,891 [INFO] DbMcusAds:125 - Set database path to: C:\Users\Matheus Markies\.stmcufinder\plugins\mcufinder//mcu/
2025-06-17 11:59:04,891 [WARN] DbFile:41 - Overriding database path with different value: C:\Users\Matheus Markies\.stmcufinder\plugins\mcufinder/ => C:\Users\Matheus Markies\.stmcufinder\plugins\mcufinder
2025-06-17 11:59:04,891 [WARN] DbFile:41 - Overriding database path with different value: C:\Users\Matheus Markies\.stmcufinder\plugins\mcufinder/ => C:\Users\Matheus Markies\.stmcufinder\plugins\mcufinder
2025-06-17 11:59:04,891 [INFO] CrossReferenceDbSqlite:203 - Set database path to: C:\Users\Matheus Markies\.stmcufinder\plugins\mcufinder//mcu/cs/
2025-06-17 11:59:05,199 [INFO] MainPanel:268 - HeapMemory: 268435456
2025-06-17 11:59:05,525 [INFO] DbMcusXml:78 - Set database path to: C:\ST\STM32CubeIDE_1.16.1\STM32CubeIDE\plugins\com.st.stm32cube.common.mx_6.12.1.202409122256\\db\/mcu/
2025-06-17 11:59:05,525 [INFO] ApiDb:274 - Set plugin database path to: C:\ST\STM32CubeIDE_1.16.1\STM32CubeIDE\plugins\com.st.stm32cube.common.mx_6.12.1.202409122256\\db\/plugins/boardmanager/
2025-06-17 11:59:05,525 [INFO] ApiDb:261 - Set plugin images path to: C:\ST\STM32CubeIDE_1.16.1\STM32CubeIDE\plugins\com.st.stm32cube.common.mx_6.12.1.202409122256\\db\/plugins/mcufinder/images/
2025-06-17 11:59:05,526 [WARN] DbFile:41 - Overriding database path with different value: C:\Users\Matheus Markies\.stmcufinder\plugins\mcufinder/ => C:\Users\Matheus Markies\.stmcufinder\plugins\mcufinder
2025-06-17 11:59:05,526 [INFO] ApiDb:250 - Set database path to: C:\Users\Matheus Markies\.stmcufinder\plugins\mcufinder//mcu/
2025-06-17 11:59:05,526 [WARN] DbFile:41 - Overriding database path with different value: C:\Users\Matheus Markies\.stmcufinder\plugins\mcufinder/ => C:\Users\Matheus Markies\.stmcufinder\plugins\mcufinder
2025-06-17 11:59:05,526 [INFO] DbMcusAds:125 - Set database path to: C:\Users\Matheus Markies\.stmcufinder\plugins\mcufinder//mcu/
2025-06-17 11:59:05,526 [WARN] DbFile:41 - Overriding database path with different value: C:\Users\Matheus Markies\.stmcufinder\plugins\mcufinder/ => C:\Users\Matheus Markies\.stmcufinder\plugins\mcufinder
2025-06-17 11:59:05,526 [WARN] DbFile:41 - Overriding database path with different value: C:\Users\Matheus Markies\.stmcufinder\plugins\mcufinder/ => C:\Users\Matheus Markies\.stmcufinder\plugins\mcufinder
2025-06-17 11:59:05,526 [INFO] CrossReferenceDbSqlite:203 - Set database path to: C:\Users\Matheus Markies\.stmcufinder\plugins\mcufinder//mcu/cs/
2025-06-17 11:59:05,596 [INFO] ApplicationProperties:184 - Using Application install path: C:\ST\STM32CubeIDE_1.16.1\STM32CubeIDE\plugins\com.st.stm32cube.common.mx_6.12.1.202409122256
2025-06-17 11:59:05,597 [INFO] PluginManage:196 - Search for loadable plugins [exclusion list=, ]
2025-06-17 11:59:05,651 [INFO] PluginManage:310 - Check plugin analytics
2025-06-17 11:59:06,100 [INFO] AnalyticsPlugin:253 - Accepted Software Licenses: 
2025-06-17 11:59:06,100 [INFO] AnalyticsPlugin:255 - Accepted CMSIS Pack Licenses: 
2025-06-17 11:59:06,100 [INFO] AnalyticsPlugin:257 - Accepted Firmware Licenses: 
2025-06-17 11:59:06,102 [INFO] PluginManage:359 - Loaded plugin analytics (category:tool,tabindex:-1)
2025-06-17 11:59:06,102 [INFO] PluginManage:310 - Check plugin cadmodel
2025-06-17 11:59:06,158 [INFO] CADModel:105 - Init CAD model plugin
2025-06-17 11:59:06,158 [INFO] PluginManage:359 - Loaded plugin cadmodel (category:power,tabindex:5)
2025-06-17 11:59:06,158 [INFO] PluginManage:310 - Check plugin clock
2025-06-17 11:59:06,229 [INFO] PluginManage:359 - Loaded plugin clock (category:base,tabindex:2)
2025-06-17 11:59:06,229 [INFO] PluginManage:310 - Check plugin ddr
2025-06-17 11:59:06,231 [INFO] PluginManage:359 - Loaded plugin ddr (category:tool,tabindex:6)
2025-06-17 11:59:06,231 [INFO] PluginManage:310 - Check plugin filemanager
2025-06-17 11:59:06,729 [INFO] PluginManage:359 - Loaded plugin filemanager (category:base,tabindex:10)
2025-06-17 11:59:06,729 [INFO] PluginManage:310 - Check plugin ipmanager
2025-06-17 11:59:06,739 [INFO] PluginManage:359 - Loaded plugin ipmanager (category:base,tabindex:5)
2025-06-17 11:59:06,739 [INFO] PluginManage:310 - Check plugin lpbam
2025-06-17 11:59:06,796 [INFO] PluginManage:359 - Loaded plugin lpbam (category:base,tabindex:0)
2025-06-17 11:59:06,796 [INFO] PluginManage:310 - Check plugin memorymap
2025-06-17 11:59:06,861 [INFO] PluginManage:359 - Loaded plugin memorymap (category:base,tabindex:4)
2025-06-17 11:59:06,861 [INFO] PluginManage:310 - Check plugin pinoutandconfiguration
2025-06-17 11:59:06,881 [INFO] PluginManage:359 - Loaded plugin pinoutandconfiguration (category:base,tabindex:1)
2025-06-17 11:59:06,881 [INFO] PluginManage:310 - Check plugin pinoutconfig
2025-06-17 11:59:07,251 [WARN] SupportedApi:132 - Cannot load RTOS API schema: s4s-elt-must-match.1: The content of 'definitions' must match (annotation?, (simpleType | complexType)?, (unique | key | keyref)*)). A problem was found starting at: attribute.
2025-06-17 11:59:07,820 [INFO] PluginManage:359 - Loaded plugin pinoutconfig (category:base,tabindex:0)
2025-06-17 11:59:07,820 [INFO] PluginManage:310 - Check plugin power
2025-06-17 11:59:07,893 [INFO] PluginManage:359 - Loaded plugin power (category:power,tabindex:4)
2025-06-17 11:59:07,893 [INFO] PluginManage:310 - Check plugin projectmanager
2025-06-17 11:59:07,912 [INFO] PluginManage:359 - Loaded plugin projectmanager (category:projectmanager,tabindex:4)
2025-06-17 11:59:07,912 [INFO] PluginManage:310 - Check plugin rif
2025-06-17 11:59:07,965 [INFO] PluginManage:359 - Loaded plugin rif (category:base,tabindex:3)
2025-06-17 11:59:07,965 [INFO] PluginManage:310 - Check plugin thirdparty
2025-06-17 11:59:08,922 [INFO] PluginManage:359 - Loaded plugin thirdparty (category:base,tabindex:-1)
2025-06-17 11:59:08,922 [INFO] PluginManage:310 - Check plugin tools
2025-06-17 11:59:08,922 [WARN] IntegrityCheckThread:84 - waiting for thirdparty lock release [integrity check]
2025-06-17 11:59:08,924 [INFO] IntegrityCheckThread:86 - entering critical section [integrity check]
2025-06-17 11:59:08,924 [INFO] ThirdPartyUpdaterWithRetryManager:70 - Updater plugin not ready yet. [1/15]
2025-06-17 11:59:09,051 [INFO] PluginManage:359 - Loaded plugin tools (category:base,tabindex:7)
2025-06-17 11:59:09,051 [INFO] PluginManage:310 - Check plugin tutovideos
2025-06-17 11:59:09,743 [INFO] PluginManage:359 - Loaded plugin tutovideos (category:base,tabindex:-1)
2025-06-17 11:59:09,743 [INFO] PluginManage:310 - Check plugin updater
2025-06-17 11:59:09,807 [INFO] PluginManage:359 - Loaded plugin updater (category:base,tabindex:12)
2025-06-17 11:59:09,807 [INFO] PluginManage:310 - Check plugin userauth
2025-06-17 11:59:09,860 [INFO] UserAuth:113 - Init User Auth plugin
2025-06-17 11:59:09,860 [INFO] PluginManage:359 - Loaded plugin userauth (category:base,tabindex:14)
2025-06-17 11:59:09,860 [INFO] PluginManage:283 - PluginManage : Loaded plugins [18]
2025-06-17 11:59:10,520 [INFO] PinOutPanel:1561 - setPackage(No Configuration,No Configuration)
2025-06-17 11:59:10,841 [INFO] CADModel:165 - CPN selected for project level
2025-06-17 11:59:10,841 [INFO] CADModel:114 - Register for checkConnection events
2025-06-17 11:59:10,905 [INFO] IPUIPlugin:80 - create IPUIPlugin
2025-06-17 11:59:10,905 [INFO] PluginManager:220 - loadIPPluginJar : add adc
2025-06-17 11:59:10,988 [INFO] IPUIPlugin:80 - create IPUIPlugin
2025-06-17 11:59:10,988 [INFO] PluginManager:220 - loadIPPluginJar : add aes
2025-06-17 11:59:11,063 [INFO] IPUIPlugin:80 - create IPUIPlugin
2025-06-17 11:59:11,064 [INFO] PluginManager:220 - loadIPPluginJar : add can
2025-06-17 11:59:11,111 [INFO] IPUIPlugin:80 - create IPUIPlugin
2025-06-17 11:59:11,111 [INFO] PluginManager:220 - loadIPPluginJar : add comp
2025-06-17 11:59:11,222 [INFO] IPUIPlugin:80 - create IPUIPlugin
2025-06-17 11:59:11,223 [INFO] PluginManager:220 - loadIPPluginJar : add cryp
2025-06-17 11:59:11,279 [INFO] IPUIPlugin:80 - create IPUIPlugin
2025-06-17 11:59:11,279 [INFO] PluginManager:220 - loadIPPluginJar : add ddr_ctrl_phy
2025-06-17 11:59:11,361 [INFO] IPUIPlugin:80 - create IPUIPlugin
2025-06-17 11:59:11,361 [INFO] PluginManager:220 - loadIPPluginJar : add dfsdm
2025-06-17 11:59:11,418 [INFO] IPUIPlugin:80 - create IPUIPlugin
2025-06-17 11:59:11,419 [INFO] PluginManager:220 - loadIPPluginJar : add dma
2025-06-17 11:59:11,509 [INFO] IPUIPlugin:80 - create IPUIPlugin
2025-06-17 11:59:11,509 [INFO] PluginManager:220 - loadIPPluginJar : add dma3
2025-06-17 11:59:11,574 [INFO] IPUIPlugin:80 - create IPUIPlugin
2025-06-17 11:59:11,574 [INFO] PluginManager:220 - loadIPPluginJar : add extmemmanager
2025-06-17 11:59:11,615 [INFO] IPUIPlugin:80 - create IPUIPlugin
2025-06-17 11:59:11,615 [INFO] PluginManager:220 - loadIPPluginJar : add fatfs
2025-06-17 11:59:11,737 [INFO] IPUIPlugin:80 - create IPUIPlugin
2025-06-17 11:59:11,738 [INFO] PluginManager:220 - loadIPPluginJar : add fmc
2025-06-17 11:59:11,795 [INFO] IPUIPlugin:80 - create IPUIPlugin
2025-06-17 11:59:11,795 [INFO] PluginManager:220 - loadIPPluginJar : add freertos
2025-06-17 11:59:11,819 [INFO] IPUIPlugin:80 - create IPUIPlugin
2025-06-17 11:59:11,820 [INFO] PluginManager:220 - loadIPPluginJar : add genericplugin
2025-06-17 11:59:11,926 [INFO] ThirdPartyUpdaterWithRetryManager:70 - Updater plugin not ready yet. [2/15]
2025-06-17 11:59:11,971 [INFO] IPUIPlugin:80 - create IPUIPlugin
2025-06-17 11:59:11,972 [INFO] PluginManager:220 - loadIPPluginJar : add gfxmmu
2025-06-17 11:59:12,174 [INFO] IPUIPlugin:80 - create IPUIPlugin
2025-06-17 11:59:12,174 [INFO] PluginManager:220 - loadIPPluginJar : add gic
2025-06-17 11:59:12,187 [INFO] IPUIPlugin:80 - create IPUIPlugin
2025-06-17 11:59:12,187 [INFO] PluginManager:220 - loadIPPluginJar : add gpio
2025-06-17 11:59:12,311 [INFO] IPUIPlugin:80 - create IPUIPlugin
2025-06-17 11:59:12,311 [INFO] PluginManager:220 - loadIPPluginJar : add gtzc
2025-06-17 11:59:12,348 [INFO] IPUIPlugin:80 - create IPUIPlugin
2025-06-17 11:59:12,348 [INFO] PluginManager:220 - loadIPPluginJar : add hash
2025-06-17 11:59:12,415 [INFO] IPUIPlugin:80 - create IPUIPlugin
2025-06-17 11:59:12,415 [INFO] PluginManager:220 - loadIPPluginJar : add i2c
2025-06-17 11:59:12,464 [INFO] IPUIPlugin:80 - create IPUIPlugin
2025-06-17 11:59:12,464 [INFO] PluginManager:220 - loadIPPluginJar : add i2s
2025-06-17 11:59:12,552 [INFO] IPUIPlugin:80 - create IPUIPlugin
2025-06-17 11:59:12,552 [INFO] PluginManager:220 - loadIPPluginJar : add i3c
2025-06-17 11:59:12,690 [INFO] IPUIPlugin:80 - create IPUIPlugin
2025-06-17 11:59:12,690 [INFO] PluginManager:220 - loadIPPluginJar : add ipddr
2025-06-17 11:59:12,816 [INFO] IPUIPlugin:80 - create IPUIPlugin
2025-06-17 11:59:12,816 [INFO] PluginManager:220 - loadIPPluginJar : add linkedlist
2025-06-17 11:59:12,895 [INFO] IPUIPlugin:80 - create IPUIPlugin
2025-06-17 11:59:12,895 [INFO] PluginManager:220 - loadIPPluginJar : add lorawan
2025-06-17 11:59:13,006 [INFO] IPUIPlugin:80 - create IPUIPlugin
2025-06-17 11:59:13,006 [INFO] PluginManager:220 - loadIPPluginJar : add ltdc
2025-06-17 11:59:13,021 [INFO] IPUIPlugin:80 - create IPUIPlugin
2025-06-17 11:59:13,022 [INFO] PluginManager:220 - loadIPPluginJar : add mdma
2025-06-17 11:59:13,072 [INFO] IPUIPlugin:80 - create IPUIPlugin
2025-06-17 11:59:13,072 [INFO] PluginManager:220 - loadIPPluginJar : add nvic
2025-06-17 11:59:13,162 [INFO] IPUIPlugin:80 - create IPUIPlugin
2025-06-17 11:59:13,162 [INFO] PluginManager:220 - loadIPPluginJar : add opamp
2025-06-17 11:59:13,259 [INFO] IPUIPlugin:80 - create IPUIPlugin
2025-06-17 11:59:13,259 [INFO] PluginManager:220 - loadIPPluginJar : add openamp
2025-06-17 11:59:13,325 [INFO] IPUIPlugin:80 - create IPUIPlugin
2025-06-17 11:59:13,325 [INFO] PluginManager:220 - loadIPPluginJar : add pdm2pcm
2025-06-17 11:59:13,342 [INFO] IPUIPlugin:80 - create IPUIPlugin
2025-06-17 11:59:13,344 [INFO] PluginManager:220 - loadIPPluginJar : add plateformsettings
2025-06-17 11:59:13,411 [INFO] IPUIPlugin:80 - create IPUIPlugin
2025-06-17 11:59:13,411 [INFO] PluginManager:220 - loadIPPluginJar : add quadspi
2025-06-17 11:59:13,474 [INFO] IPUIPlugin:80 - create IPUIPlugin
2025-06-17 11:59:13,474 [INFO] PluginManager:220 - loadIPPluginJar : add radio
2025-06-17 11:59:13,519 [INFO] IPUIPlugin:80 - create IPUIPlugin
2025-06-17 11:59:13,519 [INFO] PluginManager:220 - loadIPPluginJar : add resmgrutility
2025-06-17 11:59:13,601 [INFO] IPUIPlugin:80 - create IPUIPlugin
2025-06-17 11:59:13,601 [INFO] PluginManager:220 - loadIPPluginJar : add sai
2025-06-17 11:59:13,729 [INFO] IPUIPlugin:80 - create IPUIPlugin
2025-06-17 11:59:13,729 [INFO] PluginManager:220 - loadIPPluginJar : add spi
2025-06-17 11:59:13,850 [INFO] IPUIPlugin:80 - create IPUIPlugin
2025-06-17 11:59:13,850 [INFO] PluginManager:220 - loadIPPluginJar : add stm32_wpan
2025-06-17 11:59:13,920 [INFO] IPUIPlugin:80 - create IPUIPlugin
2025-06-17 11:59:13,920 [INFO] PluginManager:220 - loadIPPluginJar : add tim
2025-06-17 11:59:14,014 [INFO] IPUIPlugin:80 - create IPUIPlugin
2025-06-17 11:59:14,014 [INFO] PluginManager:220 - loadIPPluginJar : add touchsensing
2025-06-17 11:59:14,057 [INFO] IPUIPlugin:80 - create IPUIPlugin
2025-06-17 11:59:14,057 [INFO] PluginManager:220 - loadIPPluginJar : add tracer_emb
2025-06-17 11:59:14,120 [INFO] IPUIPlugin:80 - create IPUIPlugin
2025-06-17 11:59:14,120 [INFO] PluginManager:220 - loadIPPluginJar : add ts
2025-06-17 11:59:14,181 [INFO] IPUIPlugin:80 - create IPUIPlugin
2025-06-17 11:59:14,181 [INFO] PluginManager:220 - loadIPPluginJar : add tsc
2025-06-17 11:59:14,241 [INFO] IPUIPlugin:80 - create IPUIPlugin
2025-06-17 11:59:14,242 [INFO] PluginManager:220 - loadIPPluginJar : add ucpd
2025-06-17 11:59:14,356 [INFO] IPUIPlugin:80 - create IPUIPlugin
2025-06-17 11:59:14,356 [INFO] PluginManager:220 - loadIPPluginJar : add usart
2025-06-17 11:59:14,451 [INFO] IPUIPlugin:80 - create IPUIPlugin
2025-06-17 11:59:14,451 [INFO] PluginManager:220 - loadIPPluginJar : add usbx
2025-06-17 11:59:14,609 [INFO] CADModel:165 - CPN selected for project level
2025-06-17 11:59:14,610 [INFO] CADModel:114 - Register for checkConnection events
2025-06-17 11:59:14,610 [FATAL] Updater:334 - Updater called before beeing initialized
2025-06-17 11:59:14,610 [ERROR] CADModel:125 - Updater not yet initialized, retry later 
2025-06-17 11:59:14,926 [INFO] ThirdPartyUpdaterWithRetryManager:70 - Updater plugin not ready yet. [3/15]
2025-06-17 11:59:15,045 [INFO] CADModel:165 - CPN selected for project level
2025-06-17 11:59:15,045 [INFO] CADModel:114 - Register for checkConnection events
2025-06-17 11:59:15,045 [FATAL] Updater:334 - Updater called before beeing initialized
2025-06-17 11:59:15,045 [ERROR] CADModel:125 - Updater not yet initialized, retry later 
2025-06-17 11:59:15,049 [FATAL] Updater:334 - Updater called before beeing initialized
2025-06-17 11:59:15,310 [FATAL] Updater:334 - Updater called before beeing initialized
2025-06-17 11:59:15,321 [INFO] DbMcusAds:53 - JSON generation date=Tue Dec 17 13:01:15 BRT 2024 (1734451275222)
2025-06-17 11:59:15,322 [FATAL] Updater:334 - Updater called before beeing initialized
2025-06-17 11:59:15,447 [WARN] DetailPanel:346 - Failed to get advertising image, set to default
2025-06-17 11:59:15,699 [FATAL] Updater:334 - Updater called before beeing initialized
2025-06-17 11:59:15,701 [FATAL] Updater:334 - Updater called before beeing initialized
2025-06-17 11:59:15,701 [FATAL] Updater:334 - Updater called before beeing initialized
2025-06-17 11:59:15,701 [WARN] DetailPanel:346 - Failed to get advertising image, set to default
2025-06-17 11:59:15,702 [FATAL] Updater:334 - Updater called before beeing initialized
2025-06-17 11:59:15,843 [ERROR] Updater:1164 - MainUpdater not yet initialized. External WinMGr cannot be set.
2025-06-17 11:59:15,893 [INFO] Updater:1100 - Updater Version found : 6.12.1
2025-06-17 11:59:15,955 [INFO] ApplicationProperties:184 - Using Application install path: C:\ST\STM32CubeIDE_1.16.1\STM32CubeIDE\plugins\com.st.stm32cube.common.mx_6.12.1.202409122256
2025-06-17 11:59:17,613 [ERROR] LogOutputStream:75 - [STDERR_REDIRECT] Jun 17, 2025 11:59:17 AM java.util.prefs.WindowsPreferences <init>
2025-06-17 11:59:17,614 [ERROR] LogOutputStream:75 - [STDERR_REDIRECT] WARNING: Could not open/create prefs root node Software\JavaSoft\Prefs at root 0xffffffff80000002. Windows RegCreateKeyEx(...) returned error code 5.
2025-06-17 11:59:17,614 [ERROR] LogOutputStream:75 - [STDERR_REDIRECT] 
2025-06-17 11:59:17,927 [FATAL] Updater:334 - Updater called before beeing initialized
2025-06-17 11:59:17,927 [ERROR] IntegrityCheckThread:130 - Cannot retrieve database content from updater: error 21
2025-06-17 11:59:17,927 [INFO] ThirdParty:978 - Integrity check success = false
2025-06-17 11:59:17,927 [INFO] IntegrityCheckThread:100 - exiting critical section [integrity check]
2025-06-17 11:59:17,927 [INFO] IntegrityCheckThread:103 - End integrity checks thread
2025-06-17 11:59:18,238 [INFO] MainUpdater:2873 - connection check result : 10
2025-06-17 11:59:18,239 [INFO] MainUpdater:290 - Updater Check For Update Now.
2025-06-17 11:59:18,239 [INFO] MicroXplorer:498 - Change Database Version : DB.6.0.121
2025-06-17 11:59:18,258 [INFO] McuFinderGlobals:63 - Set McuFinder mode to 2 (CubeIDE integrated)
2025-06-17 11:59:18,258 [INFO] UserAuth:179 - activating auth plugin
2025-06-17 11:59:18,261 [INFO] UserAuth:417 - Internet connection configuration mode: 1
2025-06-17 11:59:18,334 [INFO] JxBrowserEngine:152 - Initiate JxBrowser Engine with user profile folder
2025-06-17 11:59:18,633 [INFO] CheckServerUpdateThread:120 - End of CheckServer Thread
2025-06-17 11:59:28,174 [INFO] WebApp:167 - Instantiating new browser for Auth
2025-06-17 11:59:29,893 [INFO] WebApp:448 - Apply proxy settings
2025-06-17 11:59:29,894 [INFO] WebApp:533 - Chromium requires no authentication
2025-06-17 11:59:29,904 [INFO] WebApp:476 - Direct internet connection detected
2025-06-17 11:59:29,975 [INFO] WebApp:869 - Register for checkConnection events
2025-06-17 11:59:29,975 [INFO] WebApp:448 - Apply proxy settings
2025-06-17 11:59:29,975 [INFO] WebApp:533 - Chromium requires no authentication
2025-06-17 11:59:29,975 [INFO] WebApp:476 - Direct internet connection detected
2025-06-17 11:59:30,216 [INFO] WebApp:186 - Connection restablished
2025-06-17 11:59:30,613 [INFO] WebApp:220 - Starting web application
2025-06-17 11:59:30,613 [INFO] WebApp:578 - Web application path used C:\ST\STM32CubeIDE_1.16.1\STM32CubeIDE\plugins\com.st.stm32cube.common.mx_6.12.1.202409122256\db\plugins\mcufinder\reactClient1\index.html
2025-06-17 23:42:22,666 [INFO] WebApp:189 - Connection lost
2025-06-17 23:42:30,230 [INFO] WebApp:186 - Connection restablished
2025-06-17 23:42:32,114 [INFO] WebApp:189 - Connection lost
2025-06-17 23:42:32,272 [INFO] WebApp:186 - Connection restablished
