2024-08-14 09:58:31,348 [INFO] Activator:176 - 


2024-08-14 09:58:31,356 [INFO] Activator:177 - !SESSION log4j initialized
2024-08-14 09:58:43,604 [INFO] LogOutputStream:77 - [STDOUT_REDIRECT] 
2024-08-14 09:58:47,477 [INFO] ApplicationProperties:184 - Using Application install path: C:\ST\STM32CubeIDE_1.15.1\STM32CubeIDE\plugins\com.st.stm32cube.common.mx_6.11.1.202404110753
2024-08-14 09:58:47,515 [INFO] DbMcusXml:78 - Set database path to: C:\ST\STM32CubeIDE_1.15.1\STM32CubeIDE\plugins\com.st.stm32cube.common.mx_6.11.1.202404110753\\db\/mcu/
2024-08-14 09:58:47,515 [INFO] ApiDb:274 - Set plugin database path to: C:\ST\STM32CubeIDE_1.15.1\STM32CubeIDE\plugins\com.st.stm32cube.common.mx_6.11.1.202404110753\\db\/plugins/boardmanager/
2024-08-14 09:58:47,516 [WARN] ApiDb:259 - Overriding images path with different value:  => C:\ST\STM32CubeIDE_1.15.1\STM32CubeIDE\plugins\com.st.stm32cube.common.mx_6.11.1.202404110753\\db\/plugins/mcufinder/images/
2024-08-14 09:58:47,545 [INFO] ApiDb:250 - Set database path to: C:\Users\Matheus Markies\.stmcufinder\plugins\mcufinder//mcu/
2024-08-14 09:58:47,546 [INFO] DbMcusAds:125 - Set database path to: C:\Users\Matheus Markies\.stmcufinder\plugins\mcufinder//mcu/
2024-08-14 09:58:47,548 [INFO] CrossReferenceDbSqlite:203 - Set database path to: C:\Users\Matheus Markies\.stmcufinder\plugins\mcufinder//mcu/cs/
2024-08-14 09:58:47,736 [INFO] RulesReader:64 - Compatibility file has been processed (297 Rules)
2024-08-14 09:58:47,903 [INFO] DbMcusXml:78 - Set database path to: C:\ST\STM32CubeIDE_1.15.1\STM32CubeIDE\plugins\com.st.stm32cube.common.mx_6.11.1.202404110753\\db\/mcu/
2024-08-14 09:58:47,903 [INFO] ApiDb:274 - Set plugin database path to: C:\ST\STM32CubeIDE_1.15.1\STM32CubeIDE\plugins\com.st.stm32cube.common.mx_6.11.1.202404110753\\db\/plugins/boardmanager/
2024-08-14 09:58:47,903 [INFO] ApiDb:261 - Set plugin images path to: C:\ST\STM32CubeIDE_1.15.1\STM32CubeIDE\plugins\com.st.stm32cube.common.mx_6.11.1.202404110753\\db\/plugins/mcufinder/images/
2024-08-14 09:58:47,904 [WARN] DbFile:41 - Overriding database path with different value: C:\Users\Matheus Markies\.stmcufinder\plugins\mcufinder/ => C:\Users\Matheus Markies\.stmcufinder\plugins\mcufinder
2024-08-14 09:58:47,904 [INFO] ApiDb:250 - Set database path to: C:\Users\Matheus Markies\.stmcufinder\plugins\mcufinder//mcu/
2024-08-14 09:58:47,904 [WARN] DbFile:41 - Overriding database path with different value: C:\Users\Matheus Markies\.stmcufinder\plugins\mcufinder/ => C:\Users\Matheus Markies\.stmcufinder\plugins\mcufinder
2024-08-14 09:58:47,904 [INFO] DbMcusAds:125 - Set database path to: C:\Users\Matheus Markies\.stmcufinder\plugins\mcufinder//mcu/
2024-08-14 09:58:47,904 [WARN] DbFile:41 - Overriding database path with different value: C:\Users\Matheus Markies\.stmcufinder\plugins\mcufinder/ => C:\Users\Matheus Markies\.stmcufinder\plugins\mcufinder
2024-08-14 09:58:47,904 [WARN] DbFile:41 - Overriding database path with different value: C:\Users\Matheus Markies\.stmcufinder\plugins\mcufinder/ => C:\Users\Matheus Markies\.stmcufinder\plugins\mcufinder
2024-08-14 09:58:47,904 [INFO] CrossReferenceDbSqlite:203 - Set database path to: C:\Users\Matheus Markies\.stmcufinder\plugins\mcufinder//mcu/cs/
2024-08-14 09:58:48,046 [INFO] MainPanel:264 - HeapMemory: 268435456
2024-08-14 09:58:48,253 [INFO] DbMcusXml:78 - Set database path to: C:\ST\STM32CubeIDE_1.15.1\STM32CubeIDE\plugins\com.st.stm32cube.common.mx_6.11.1.202404110753\\db\/mcu/
2024-08-14 09:58:48,253 [INFO] ApiDb:274 - Set plugin database path to: C:\ST\STM32CubeIDE_1.15.1\STM32CubeIDE\plugins\com.st.stm32cube.common.mx_6.11.1.202404110753\\db\/plugins/boardmanager/
2024-08-14 09:58:48,253 [INFO] ApiDb:261 - Set plugin images path to: C:\ST\STM32CubeIDE_1.15.1\STM32CubeIDE\plugins\com.st.stm32cube.common.mx_6.11.1.202404110753\\db\/plugins/mcufinder/images/
2024-08-14 09:58:48,254 [WARN] DbFile:41 - Overriding database path with different value: C:\Users\Matheus Markies\.stmcufinder\plugins\mcufinder/ => C:\Users\Matheus Markies\.stmcufinder\plugins\mcufinder
2024-08-14 09:58:48,254 [INFO] ApiDb:250 - Set database path to: C:\Users\Matheus Markies\.stmcufinder\plugins\mcufinder//mcu/
2024-08-14 09:58:48,254 [WARN] DbFile:41 - Overriding database path with different value: C:\Users\Matheus Markies\.stmcufinder\plugins\mcufinder/ => C:\Users\Matheus Markies\.stmcufinder\plugins\mcufinder
2024-08-14 09:58:48,254 [INFO] DbMcusAds:125 - Set database path to: C:\Users\Matheus Markies\.stmcufinder\plugins\mcufinder//mcu/
2024-08-14 09:58:48,254 [WARN] DbFile:41 - Overriding database path with different value: C:\Users\Matheus Markies\.stmcufinder\plugins\mcufinder/ => C:\Users\Matheus Markies\.stmcufinder\plugins\mcufinder
2024-08-14 09:58:48,254 [WARN] DbFile:41 - Overriding database path with different value: C:\Users\Matheus Markies\.stmcufinder\plugins\mcufinder/ => C:\Users\Matheus Markies\.stmcufinder\plugins\mcufinder
2024-08-14 09:58:48,255 [INFO] CrossReferenceDbSqlite:203 - Set database path to: C:\Users\Matheus Markies\.stmcufinder\plugins\mcufinder//mcu/cs/
2024-08-14 09:58:48,303 [INFO] ApplicationProperties:184 - Using Application install path: C:\ST\STM32CubeIDE_1.15.1\STM32CubeIDE\plugins\com.st.stm32cube.common.mx_6.11.1.202404110753
2024-08-14 09:58:48,305 [INFO] PluginManage:196 - Search for loadable plugins [exclusion list=, ]
2024-08-14 09:58:48,310 [INFO] PluginManage:310 - Check plugin analytics
2024-08-14 09:58:48,649 [INFO] AnalyticsPlugin:253 - Accepted Software Licenses: 
2024-08-14 09:58:48,650 [INFO] AnalyticsPlugin:255 - Accepted CMSIS Pack Licenses: 
2024-08-14 09:58:48,650 [INFO] AnalyticsPlugin:257 - Accepted Firmware Licenses: FW.F4.1.28.0
2024-08-14 09:58:48,653 [INFO] PluginManage:359 - Loaded plugin analytics (category:tool,tabindex:-1)
2024-08-14 09:58:48,653 [INFO] PluginManage:310 - Check plugin cadmodel
2024-08-14 09:58:48,691 [INFO] CADModel:105 - Init CAD model plugin
2024-08-14 09:58:48,691 [INFO] PluginManage:359 - Loaded plugin cadmodel (category:power,tabindex:5)
2024-08-14 09:58:48,691 [INFO] PluginManage:310 - Check plugin clock
2024-08-14 09:58:48,724 [INFO] PluginManage:359 - Loaded plugin clock (category:base,tabindex:2)
2024-08-14 09:58:48,724 [INFO] PluginManage:310 - Check plugin ddr
2024-08-14 09:58:48,727 [INFO] PluginManage:359 - Loaded plugin ddr (category:tool,tabindex:6)
2024-08-14 09:58:48,727 [INFO] PluginManage:310 - Check plugin filemanager
2024-08-14 09:58:48,926 [INFO] PluginManage:359 - Loaded plugin filemanager (category:base,tabindex:10)
2024-08-14 09:58:48,926 [INFO] PluginManage:310 - Check plugin ipmanager
2024-08-14 09:58:48,939 [INFO] PluginManage:359 - Loaded plugin ipmanager (category:base,tabindex:5)
2024-08-14 09:58:48,939 [INFO] PluginManage:310 - Check plugin lpbam
2024-08-14 09:58:48,966 [INFO] PluginManage:359 - Loaded plugin lpbam (category:base,tabindex:0)
2024-08-14 09:58:48,966 [INFO] PluginManage:310 - Check plugin memorymap
2024-08-14 09:58:49,008 [INFO] PluginManage:359 - Loaded plugin memorymap (category:base,tabindex:4)
2024-08-14 09:58:49,008 [INFO] PluginManage:310 - Check plugin pinoutandconfiguration
2024-08-14 09:58:49,033 [INFO] PluginManage:359 - Loaded plugin pinoutandconfiguration (category:base,tabindex:1)
2024-08-14 09:58:49,033 [INFO] PluginManage:310 - Check plugin pinoutconfig
2024-08-14 09:58:49,167 [WARN] SupportedApi:132 - Cannot load RTOS API schema: s4s-elt-must-match.1: The content of 'definitions' must match (annotation?, (simpleType | complexType)?, (unique | key | keyref)*)). A problem was found starting at: attribute.
2024-08-14 09:58:49,386 [INFO] PluginManage:359 - Loaded plugin pinoutconfig (category:base,tabindex:0)
2024-08-14 09:58:49,386 [INFO] PluginManage:310 - Check plugin power
2024-08-14 09:58:49,439 [INFO] PluginManage:359 - Loaded plugin power (category:power,tabindex:4)
2024-08-14 09:58:49,439 [INFO] PluginManage:310 - Check plugin projectmanager
2024-08-14 09:58:49,463 [INFO] PluginManage:359 - Loaded plugin projectmanager (category:projectmanager,tabindex:3)
2024-08-14 09:58:49,463 [INFO] PluginManage:310 - Check plugin thirdparty
2024-08-14 09:58:49,901 [INFO] PluginManage:359 - Loaded plugin thirdparty (category:base,tabindex:-1)
2024-08-14 09:58:49,901 [WARN] IntegrityCheckThread:84 - waiting for thirdparty lock release [integrity check]
2024-08-14 09:58:49,902 [INFO] IntegrityCheckThread:86 - entering critical section [integrity check]
2024-08-14 09:58:49,902 [INFO] PluginManage:310 - Check plugin tools
2024-08-14 09:58:49,902 [INFO] ThirdPartyUpdaterWithRetryManager:70 - Updater plugin not ready yet. [1/15]
2024-08-14 09:58:49,953 [INFO] PluginManage:359 - Loaded plugin tools (category:base,tabindex:7)
2024-08-14 09:58:49,953 [INFO] PluginManage:310 - Check plugin tutovideos
2024-08-14 09:58:50,207 [INFO] PluginManage:359 - Loaded plugin tutovideos (category:base,tabindex:-1)
2024-08-14 09:58:50,207 [INFO] PluginManage:310 - Check plugin updater
2024-08-14 09:58:50,223 [INFO] PluginManage:359 - Loaded plugin updater (category:base,tabindex:12)
2024-08-14 09:58:50,223 [INFO] PluginManage:310 - Check plugin userauth
2024-08-14 09:58:50,231 [INFO] UserAuth:114 - Init User Auth plugin
2024-08-14 09:58:50,231 [INFO] PluginManage:359 - Loaded plugin userauth (category:base,tabindex:14)
2024-08-14 09:58:50,232 [INFO] PluginManage:283 - PluginManage : Loaded plugins [17]
2024-08-14 09:58:50,571 [INFO] PinOutPanel:1561 - setPackage(No Configuration,No Configuration)
2024-08-14 09:58:50,719 [INFO] CADModel:165 - CPN selected for project level
2024-08-14 09:58:50,719 [INFO] CADModel:114 - Register for checkConnection events
2024-08-14 09:58:50,764 [INFO] IPUIPlugin:80 - create IPUIPlugin
2024-08-14 09:58:50,765 [INFO] PluginManager:220 - loadIPPluginJar : add adc
2024-08-14 09:58:50,815 [INFO] IPUIPlugin:80 - create IPUIPlugin
2024-08-14 09:58:50,815 [INFO] PluginManager:220 - loadIPPluginJar : add aes
2024-08-14 09:58:50,873 [INFO] IPUIPlugin:80 - create IPUIPlugin
2024-08-14 09:58:50,873 [INFO] PluginManager:220 - loadIPPluginJar : add can
2024-08-14 09:58:50,908 [INFO] IPUIPlugin:80 - create IPUIPlugin
2024-08-14 09:58:50,909 [INFO] PluginManager:220 - loadIPPluginJar : add comp
2024-08-14 09:58:50,956 [INFO] IPUIPlugin:80 - create IPUIPlugin
2024-08-14 09:58:50,956 [INFO] PluginManager:220 - loadIPPluginJar : add cryp
2024-08-14 09:58:51,002 [INFO] IPUIPlugin:80 - create IPUIPlugin
2024-08-14 09:58:51,002 [INFO] PluginManager:220 - loadIPPluginJar : add dfsdm
2024-08-14 09:58:51,025 [INFO] IPUIPlugin:80 - create IPUIPlugin
2024-08-14 09:58:51,026 [INFO] PluginManager:220 - loadIPPluginJar : add dma
2024-08-14 09:58:51,092 [INFO] IPUIPlugin:80 - create IPUIPlugin
2024-08-14 09:58:51,093 [INFO] PluginManager:220 - loadIPPluginJar : add dma3
2024-08-14 09:58:51,155 [INFO] IPUIPlugin:80 - create IPUIPlugin
2024-08-14 09:58:51,155 [INFO] PluginManager:220 - loadIPPluginJar : add extmemmanager
2024-08-14 09:58:51,183 [INFO] IPUIPlugin:80 - create IPUIPlugin
2024-08-14 09:58:51,183 [INFO] PluginManager:220 - loadIPPluginJar : add fatfs
2024-08-14 09:58:51,245 [INFO] IPUIPlugin:80 - create IPUIPlugin
2024-08-14 09:58:51,245 [INFO] PluginManager:220 - loadIPPluginJar : add fmc
2024-08-14 09:58:51,272 [INFO] IPUIPlugin:80 - create IPUIPlugin
2024-08-14 09:58:51,273 [INFO] PluginManager:220 - loadIPPluginJar : add freertos
2024-08-14 09:58:51,304 [INFO] IPUIPlugin:80 - create IPUIPlugin
2024-08-14 09:58:51,305 [INFO] PluginManager:220 - loadIPPluginJar : add genericplugin
2024-08-14 09:58:51,435 [INFO] IPUIPlugin:80 - create IPUIPlugin
2024-08-14 09:58:51,435 [INFO] PluginManager:220 - loadIPPluginJar : add gfxmmu
2024-08-14 09:58:51,794 [INFO] IPUIPlugin:80 - create IPUIPlugin
2024-08-14 09:58:51,794 [INFO] PluginManager:220 - loadIPPluginJar : add gic
2024-08-14 09:58:51,841 [INFO] IPUIPlugin:80 - create IPUIPlugin
2024-08-14 09:58:51,841 [INFO] PluginManager:220 - loadIPPluginJar : add gpio
2024-08-14 09:58:51,959 [INFO] IPUIPlugin:80 - create IPUIPlugin
2024-08-14 09:58:51,960 [INFO] PluginManager:220 - loadIPPluginJar : add gtzc
2024-08-14 09:58:52,002 [INFO] IPUIPlugin:80 - create IPUIPlugin
2024-08-14 09:58:52,002 [INFO] PluginManager:220 - loadIPPluginJar : add hash
2024-08-14 09:58:52,077 [INFO] IPUIPlugin:80 - create IPUIPlugin
2024-08-14 09:58:52,077 [INFO] PluginManager:220 - loadIPPluginJar : add i2c
2024-08-14 09:58:52,138 [INFO] IPUIPlugin:80 - create IPUIPlugin
2024-08-14 09:58:52,138 [INFO] PluginManager:220 - loadIPPluginJar : add i2s
2024-08-14 09:58:52,209 [INFO] IPUIPlugin:80 - create IPUIPlugin
2024-08-14 09:58:52,209 [INFO] PluginManager:220 - loadIPPluginJar : add i3c
2024-08-14 09:58:52,371 [INFO] IPUIPlugin:80 - create IPUIPlugin
2024-08-14 09:58:52,371 [INFO] PluginManager:220 - loadIPPluginJar : add ipddr
2024-08-14 09:58:52,495 [INFO] IPUIPlugin:80 - create IPUIPlugin
2024-08-14 09:58:52,495 [INFO] PluginManager:220 - loadIPPluginJar : add linkedlist
2024-08-14 09:58:52,540 [INFO] IPUIPlugin:80 - create IPUIPlugin
2024-08-14 09:58:52,540 [INFO] PluginManager:220 - loadIPPluginJar : add lorawan
2024-08-14 09:58:52,588 [INFO] IPUIPlugin:80 - create IPUIPlugin
2024-08-14 09:58:52,588 [INFO] PluginManager:220 - loadIPPluginJar : add ltdc
2024-08-14 09:58:52,608 [INFO] IPUIPlugin:80 - create IPUIPlugin
2024-08-14 09:58:52,608 [INFO] PluginManager:220 - loadIPPluginJar : add mdma
2024-08-14 09:58:52,645 [INFO] IPUIPlugin:80 - create IPUIPlugin
2024-08-14 09:58:52,645 [INFO] PluginManager:220 - loadIPPluginJar : add nvic
2024-08-14 09:58:52,709 [INFO] IPUIPlugin:80 - create IPUIPlugin
2024-08-14 09:58:52,709 [INFO] PluginManager:220 - loadIPPluginJar : add opamp
2024-08-14 09:58:52,804 [INFO] IPUIPlugin:80 - create IPUIPlugin
2024-08-14 09:58:52,804 [INFO] PluginManager:220 - loadIPPluginJar : add openamp
2024-08-14 09:58:52,862 [INFO] IPUIPlugin:80 - create IPUIPlugin
2024-08-14 09:58:52,862 [INFO] PluginManager:220 - loadIPPluginJar : add pdm2pcm
2024-08-14 09:58:52,881 [INFO] IPUIPlugin:80 - create IPUIPlugin
2024-08-14 09:58:52,884 [INFO] PluginManager:220 - loadIPPluginJar : add plateformsettings
2024-08-14 09:58:52,905 [INFO] ThirdPartyUpdaterWithRetryManager:70 - Updater plugin not ready yet. [2/15]
2024-08-14 09:58:52,911 [INFO] IPUIPlugin:80 - create IPUIPlugin
2024-08-14 09:58:52,911 [INFO] PluginManager:220 - loadIPPluginJar : add quadspi
2024-08-14 09:58:52,927 [INFO] IPUIPlugin:80 - create IPUIPlugin
2024-08-14 09:58:52,927 [INFO] PluginManager:220 - loadIPPluginJar : add resmgrutility
2024-08-14 09:58:52,988 [INFO] IPUIPlugin:80 - create IPUIPlugin
2024-08-14 09:58:52,988 [INFO] PluginManager:220 - loadIPPluginJar : add sai
2024-08-14 09:58:53,041 [INFO] IPUIPlugin:80 - create IPUIPlugin
2024-08-14 09:58:53,041 [INFO] PluginManager:220 - loadIPPluginJar : add spi
2024-08-14 09:58:53,134 [INFO] IPUIPlugin:80 - create IPUIPlugin
2024-08-14 09:58:53,134 [INFO] PluginManager:220 - loadIPPluginJar : add stm32_wpan
2024-08-14 09:58:53,170 [INFO] IPUIPlugin:80 - create IPUIPlugin
2024-08-14 09:58:53,171 [INFO] PluginManager:220 - loadIPPluginJar : add tim
2024-08-14 09:58:53,256 [INFO] IPUIPlugin:80 - create IPUIPlugin
2024-08-14 09:58:53,256 [INFO] PluginManager:220 - loadIPPluginJar : add touchsensing
2024-08-14 09:58:53,286 [INFO] IPUIPlugin:80 - create IPUIPlugin
2024-08-14 09:58:53,286 [INFO] PluginManager:220 - loadIPPluginJar : add tracer_emb
2024-08-14 09:58:53,318 [INFO] IPUIPlugin:80 - create IPUIPlugin
2024-08-14 09:58:53,318 [INFO] PluginManager:220 - loadIPPluginJar : add ts
2024-08-14 09:58:53,352 [INFO] IPUIPlugin:80 - create IPUIPlugin
2024-08-14 09:58:53,353 [INFO] PluginManager:220 - loadIPPluginJar : add tsc
2024-08-14 09:58:53,387 [INFO] IPUIPlugin:80 - create IPUIPlugin
2024-08-14 09:58:53,387 [INFO] PluginManager:220 - loadIPPluginJar : add ucpd
2024-08-14 09:58:53,449 [INFO] IPUIPlugin:80 - create IPUIPlugin
2024-08-14 09:58:53,449 [INFO] PluginManager:220 - loadIPPluginJar : add usart
2024-08-14 09:58:53,507 [INFO] IPUIPlugin:80 - create IPUIPlugin
2024-08-14 09:58:53,507 [INFO] PluginManager:220 - loadIPPluginJar : add usbx
2024-08-14 09:58:53,667 [INFO] CADModel:165 - CPN selected for project level
2024-08-14 09:58:53,668 [INFO] CADModel:114 - Register for checkConnection events
2024-08-14 09:58:53,668 [FATAL] Updater:308 - Updater called before beeing initialized
2024-08-14 09:58:53,668 [ERROR] CADModel:125 - Updater not yet initialized, retry later 
2024-08-14 09:58:53,866 [INFO] CADModel:165 - CPN selected for project level
2024-08-14 09:58:53,866 [INFO] CADModel:114 - Register for checkConnection events
2024-08-14 09:58:53,866 [FATAL] Updater:308 - Updater called before beeing initialized
2024-08-14 09:58:53,866 [ERROR] CADModel:125 - Updater not yet initialized, retry later 
2024-08-14 09:58:53,870 [FATAL] Updater:308 - Updater called before beeing initialized
2024-08-14 09:58:54,014 [FATAL] Updater:308 - Updater called before beeing initialized
2024-08-14 09:58:54,026 [INFO] DbMcusAds:53 - JSON generation date=Thu May 16 06:22:01 BRT 2024 (1715851321109)
2024-08-14 09:58:54,027 [FATAL] Updater:308 - Updater called before beeing initialized
2024-08-14 09:58:54,150 [WARN] DetailPanel:346 - Failed to get advertising image, set to default
2024-08-14 09:58:54,287 [FATAL] Updater:308 - Updater called before beeing initialized
2024-08-14 09:58:54,291 [FATAL] Updater:308 - Updater called before beeing initialized
2024-08-14 09:58:54,291 [FATAL] Updater:308 - Updater called before beeing initialized
2024-08-14 09:58:54,291 [WARN] DetailPanel:346 - Failed to get advertising image, set to default
2024-08-14 09:58:54,292 [FATAL] Updater:308 - Updater called before beeing initialized
2024-08-14 09:58:54,372 [ERROR] Updater:1120 - MainUpdater not yet initialized. External WinMGr cannot be set.
2024-08-14 09:58:54,384 [INFO] Updater:1056 - Updater Version found : 6.11.1
2024-08-14 09:58:54,420 [INFO] ApplicationProperties:184 - Using Application install path: C:\ST\STM32CubeIDE_1.15.1\STM32CubeIDE\plugins\com.st.stm32cube.common.mx_6.11.1.202404110753
2024-08-14 09:58:55,908 [INFO] ThirdPartyUpdaterWithRetryManager:70 - Updater plugin not ready yet. [3/15]
2024-08-14 09:58:56,004 [ERROR] LogOutputStream:75 - [STDERR_REDIRECT] Aug 14, 2024 9:58:55 AM java.util.prefs.WindowsPreferences <init>
2024-08-14 09:58:56,006 [ERROR] LogOutputStream:75 - [STDERR_REDIRECT] WARNING: Could not open/create prefs root node Software\JavaSoft\Prefs at root 0xffffffff80000002. Windows RegCreateKeyEx(...) returned error code 5.
2024-08-14 09:58:56,006 [ERROR] LogOutputStream:75 - [STDERR_REDIRECT] 
2024-08-14 09:58:56,450 [INFO] MainUpdater:2873 - connection check result : 10
2024-08-14 09:58:56,451 [INFO] MainUpdater:290 - Updater Check For Update Now.
2024-08-14 09:58:56,451 [INFO] MicroXplorer:498 - Change Database Version : DB.6.0.111
2024-08-14 09:58:56,475 [INFO] McuFinderGlobals:63 - Set McuFinder mode to 2 (CubeIDE integrated)
2024-08-14 09:58:56,492 [INFO] UserAuth:415 - Internet connection configuration mode: 1
2024-08-14 09:58:56,549 [INFO] JxBrowserEngine:152 - Initiate JxBrowser Engine with user profile folder
2024-08-14 09:58:56,717 [INFO] CheckServerUpdateThread:120 - End of CheckServer Thread
2024-08-14 09:58:59,236 [WARN] PackLoader:240 - Cannot read IP mode file for STMicroelectronics.FP-SNS-MOTENVWB1.1.4.0
2024-08-14 09:58:59,261 [WARN] PackLoader:240 - Cannot read IP mode file for STMicroelectronics.X-CUBE-SMBUS.2.1.0
2024-08-14 09:58:59,279 [WARN] PackLoader:240 - Cannot read IP mode file for STMicroelectronics.X-CUBE-TOUCHGFX.4.23.2
2024-08-14 09:58:59,349 [WARN] PackLoader:240 - Cannot read IP mode file for STMicroelectronics.X-CUBE-AZRTOS-F7.1.1.0
2024-08-14 09:58:59,379 [WARN] PackLoader:240 - Cannot read IP mode file for STMicroelectronics.FP-SNS-FLIGHT1.5.0.2
2024-08-14 09:58:59,407 [WARN] PackLoader:240 - Cannot read IP mode file for STMicroelectronics.X-CUBE-DISPLAY.3.0.0
2024-08-14 09:58:59,453 [WARN] PackLoader:240 - Cannot read IP mode file for STMicroelectronics.X-CUBE-BLE1.7.0.0
2024-08-14 09:58:59,490 [WARN] PackLoader:240 - Cannot read IP mode file for emotas.I-CUBE-CANOPEN.1.3.0
2024-08-14 09:58:59,541 [WARN] PackLoader:240 - Cannot read IP mode file for STMicroelectronics.X-CUBE-BLEMGR.3.1.0
2024-08-14 09:58:59,572 [WARN] PackLoader:240 - Cannot read IP mode file for STMicroelectronics.FP-SNS-SMARTAG2.1.2.0
2024-08-14 09:58:59,602 [INFO] LogOutputStream:77 - [STDOUT_REDIRECT] 1 : Invalid condition id : UX_CORESTACK_Condition cause : null
2024-08-14 09:58:59,603 [INFO] LogOutputStream:77 - [STDOUT_REDIRECT] 1 : Invalid condition id : UX_CORESTACK_Condition cause : null
2024-08-14 09:58:59,604 [INFO] LogOutputStream:77 - [STDOUT_REDIRECT] 1 : Invalid condition id : UX_CORESTACK_Condition cause : null
2024-08-14 09:58:59,606 [INFO] LogOutputStream:77 - [STDOUT_REDIRECT] 1 : Invalid condition id : UX_CORESTACK_Condition cause : null
2024-08-14 09:58:59,607 [INFO] LogOutputStream:77 - [STDOUT_REDIRECT] 1 : Invalid condition id : UX_CORESTACK_Condition cause : null
2024-08-14 09:58:59,611 [WARN] PackLoader:240 - Cannot read IP mode file for STMicroelectronics.X-CUBE-AZRTOS-WL.2.0.0
2024-08-14 09:58:59,647 [WARN] PackLoader:240 - Cannot read IP mode file for STMicroelectronics.FP-SNS-MOTENV1.5.0.0
2024-08-14 09:58:59,667 [WARN] PackLoader:240 - Cannot read IP mode file for wolfSSL.I-CUBE-wolfMQTT.1.19.0
2024-08-14 09:58:59,685 [WARN] PackLoader:240 - Cannot read IP mode file for WES.I-CUBE-Cesium.1.3.0
2024-08-14 09:58:59,701 [WARN] PackLoader:240 - Cannot read IP mode file for STMicroelectronics.X-CUBE-BLE2.3.3.0
2024-08-14 09:58:59,721 [WARN] PackLoader:240 - Cannot read IP mode file for STMicroelectronics.X-CUBE-TCPP.4.1.0
2024-08-14 09:58:59,774 [WARN] PackLoader:240 - Cannot read IP mode file for STMicroelectronics.X-CUBE-AZRTOS-G0.1.1.0
2024-08-14 09:58:59,799 [WARN] PackLoader:240 - Cannot read IP mode file for STMicroelectronics.X-CUBE-SAFEA1.1.2.2
2024-08-14 09:58:59,818 [WARN] PackLoader:240 - Cannot read IP mode file for STMicroelectronics.X-CUBE-NFC4.3.0.0
2024-08-14 09:58:59,835 [WARN] PackLoader:240 - Cannot read IP mode file for wolfSSL.I-CUBE-wolfMQTT.1.18.0
2024-08-14 09:58:59,856 [WARN] PackLoader:240 - Cannot read IP mode file for EmbeddedOffice.I-CUBE-FS-RTOS.1.0.1
2024-08-14 09:58:59,857 [ERROR] ConditionMgr:805 - Attr not supported : Dmpu
2024-08-14 09:58:59,857 [ERROR] ConditionMgr:805 - Attr not supported : Dmpu
2024-08-14 09:58:59,857 [ERROR] ConditionMgr:805 - Attr not supported : Dmpu
2024-08-14 09:58:59,857 [ERROR] ConditionMgr:805 - Attr not supported : Dmpu
2024-08-14 09:58:59,857 [ERROR] ConditionMgr:805 - Attr not supported : Dmpu
2024-08-14 09:58:59,857 [ERROR] ConditionMgr:805 - Attr not supported : Dmpu
2024-08-14 09:58:59,857 [ERROR] ConditionMgr:805 - Attr not supported : Dmpu
2024-08-14 09:58:59,857 [ERROR] ConditionMgr:805 - Attr not supported : Dmpu
2024-08-14 09:58:59,857 [ERROR] ConditionMgr:805 - Attr not supported : Dmpu
2024-08-14 09:58:59,857 [ERROR] ConditionMgr:805 - Attr not supported : Dmpu
2024-08-14 09:58:59,857 [ERROR] ConditionMgr:805 - Attr not supported : Dmpu
2024-08-14 09:58:59,857 [ERROR] ConditionMgr:805 - Attr not supported : Dmpu
2024-08-14 09:58:59,858 [ERROR] ConditionMgr:805 - Attr not supported : Dmpu
2024-08-14 09:58:59,858 [ERROR] ConditionMgr:805 - Attr not supported : Dmpu
2024-08-14 09:58:59,858 [ERROR] ConditionMgr:805 - Attr not supported : Dmpu
2024-08-14 09:58:59,858 [ERROR] ConditionMgr:805 - Attr not supported : Dmpu
2024-08-14 09:58:59,858 [ERROR] ConditionMgr:805 - Attr not supported : Dmpu
2024-08-14 09:58:59,858 [ERROR] ConditionMgr:805 - Attr not supported : Dmpu
2024-08-14 09:58:59,858 [ERROR] ConditionMgr:805 - Attr not supported : Dmpu
2024-08-14 09:58:59,858 [ERROR] ConditionMgr:805 - Attr not supported : Dmpu
2024-08-14 09:58:59,858 [ERROR] ConditionMgr:805 - Attr not supported : Dmpu
2024-08-14 09:58:59,858 [ERROR] ConditionMgr:805 - Attr not supported : Dmpu
2024-08-14 09:58:59,858 [ERROR] ConditionMgr:805 - Attr not supported : Dmpu
2024-08-14 09:58:59,858 [ERROR] ConditionMgr:805 - Attr not supported : Dmpu
2024-08-14 09:58:59,858 [ERROR] ConditionMgr:805 - Attr not supported : Dmpu
2024-08-14 09:58:59,859 [ERROR] ConditionMgr:805 - Attr not supported : Dmpu
2024-08-14 09:58:59,859 [ERROR] ConditionMgr:805 - Attr not supported : Dmpu
2024-08-14 09:58:59,859 [ERROR] ConditionMgr:805 - Attr not supported : Dmpu
2024-08-14 09:58:59,859 [ERROR] ConditionMgr:805 - Attr not supported : Dmpu
2024-08-14 09:58:59,859 [ERROR] ConditionMgr:805 - Attr not supported : Dmpu
2024-08-14 09:58:59,859 [ERROR] ConditionMgr:805 - Attr not supported : Dmpu
2024-08-14 09:58:59,859 [ERROR] ConditionMgr:805 - Attr not supported : Dmpu
2024-08-14 09:58:59,859 [ERROR] ConditionMgr:805 - Attr not supported : Dmpu
2024-08-14 09:58:59,859 [ERROR] ConditionMgr:805 - Attr not supported : Dmpu
2024-08-14 09:58:59,859 [ERROR] ConditionMgr:805 - Attr not supported : Dmpu
2024-08-14 09:58:59,859 [ERROR] ConditionMgr:805 - Attr not supported : Dmpu
2024-08-14 09:58:59,859 [ERROR] ConditionMgr:805 - Attr not supported : Dmpu
2024-08-14 09:58:59,862 [ERROR] ConditionMgr:805 - Attr not supported : Dmpu
2024-08-14 09:58:59,862 [ERROR] ConditionMgr:805 - Attr not supported : Dmpu
2024-08-14 09:58:59,862 [ERROR] ConditionMgr:805 - Attr not supported : Dmpu
2024-08-14 09:58:59,862 [ERROR] ConditionMgr:805 - Attr not supported : Dmpu
2024-08-14 09:58:59,862 [ERROR] ConditionMgr:805 - Attr not supported : Dmpu
2024-08-14 09:58:59,862 [ERROR] ConditionMgr:805 - Attr not supported : Dmpu
2024-08-14 09:58:59,862 [ERROR] ConditionMgr:805 - Attr not supported : Dmpu
2024-08-14 09:58:59,862 [ERROR] ConditionMgr:805 - Attr not supported : Dmpu
2024-08-14 09:58:59,862 [ERROR] ConditionMgr:805 - Attr not supported : Dmpu
2024-08-14 09:58:59,863 [ERROR] ConditionMgr:805 - Attr not supported : Dmpu
2024-08-14 09:58:59,863 [ERROR] ConditionMgr:805 - Attr not supported : Dmpu
2024-08-14 09:58:59,863 [ERROR] ConditionMgr:805 - Attr not supported : Dmpu
2024-08-14 09:58:59,863 [ERROR] ConditionMgr:805 - Attr not supported : Dmpu
2024-08-14 09:58:59,863 [ERROR] ConditionMgr:805 - Attr not supported : Dmpu
2024-08-14 09:58:59,863 [ERROR] ConditionMgr:805 - Attr not supported : Dmpu
2024-08-14 09:58:59,863 [ERROR] ConditionMgr:805 - Attr not supported : Dmpu
2024-08-14 09:58:59,863 [ERROR] ConditionMgr:805 - Attr not supported : Dmpu
2024-08-14 09:58:59,863 [ERROR] ConditionMgr:805 - Attr not supported : Dmpu
2024-08-14 09:58:59,863 [ERROR] ConditionMgr:805 - Attr not supported : Dmpu
2024-08-14 09:58:59,863 [ERROR] ConditionMgr:805 - Attr not supported : Dmpu
2024-08-14 09:58:59,863 [ERROR] ConditionMgr:805 - Attr not supported : Dmpu
2024-08-14 09:58:59,864 [ERROR] ConditionMgr:805 - Attr not supported : Dmpu
2024-08-14 09:58:59,864 [ERROR] ConditionMgr:805 - Attr not supported : Dmpu
2024-08-14 09:58:59,864 [ERROR] ConditionMgr:805 - Attr not supported : Dmpu
2024-08-14 09:58:59,864 [ERROR] ConditionMgr:805 - Attr not supported : Dmpu
2024-08-14 09:58:59,864 [ERROR] ConditionMgr:805 - Attr not supported : Dmpu
2024-08-14 09:58:59,864 [ERROR] ConditionMgr:805 - Attr not supported : Dmpu
2024-08-14 09:58:59,883 [WARN] PackLoader:240 - Cannot read IP mode file for RealThread.X-CUBE-RT-Thread_Nano.4.1.1
2024-08-14 09:58:59,913 [WARN] PackLoader:240 - Cannot read IP mode file for wolfSSL.I-CUBE-wolfSSL.5.7.0
2024-08-14 09:58:59,930 [WARN] PackLoader:240 - Cannot read IP mode file for STMicroelectronics.FP-ATR-SIGFOX1.3.2.0
2024-08-14 09:58:59,949 [WARN] PackLoader:240 - Cannot read IP mode file for STMicroelectronics.X-CUBE-EEPRMA1.5.1.0
2024-08-14 09:58:59,971 [WARN] PackLoader:240 - Cannot read IP mode file for ITTIA_DB.I-CUBE-ITTIADB.8.9.0
2024-08-14 09:59:00,028 [WARN] PackLoader:240 - Cannot read IP mode file for SEGGER.I-CUBE-embOS.1.3.1
2024-08-14 09:59:00,145 [WARN] PackLoader:240 - Cannot read IP mode file for STMicroelectronics.X-CUBE-ALGOBUILD.1.4.0
2024-08-14 09:59:00,198 [WARN] PackLoader:240 - Cannot read IP mode file for STMicroelectronics.X-CUBE-GNSS1.6.0.0
2024-08-14 09:59:00,241 [WARN] PackLoader:240 - Cannot read IP mode file for STMicroelectronics.X-CUBE-AZRTOS-F4.1.1.0
2024-08-14 09:59:00,266 [WARN] PackLoader:240 - Cannot read IP mode file for STMicroelectronics.X-CUBE-FREERTOS.1.2.0
2024-08-14 09:59:00,309 [WARN] PackLoader:240 - Cannot read IP mode file for STMicroelectronics.X-CUBE-AZRTOS-L5.2.0.0
2024-08-14 09:59:00,340 [WARN] PackLoader:240 - Cannot read IP mode file for STMicroelectronics.X-CUBE-NFC6.3.1.0
2024-08-14 09:59:00,367 [WARN] PackLoader:240 - Cannot read IP mode file for STMicroelectronics.X-CUBE-DPower.1.2.0
2024-08-14 09:59:00,423 [WARN] PackLoader:240 - Cannot read IP mode file for STMicroelectronics.X-CUBE-AI.9.0.0
2024-08-14 09:59:00,450 [WARN] PackLoader:240 - Cannot read IP mode file for STMicroelectronics.X-CUBE-NFC7.1.0.1
2024-08-14 09:59:00,486 [WARN] PackLoader:240 - Cannot read IP mode file for wolfSSL.I-CUBE-wolfTPM.3.2.0
2024-08-14 09:59:00,556 [WARN] ConditionMgr:438 - getConditionDescription Invalid condition id : LAN8742 Phy interface Condition cause : null
2024-08-14 09:59:00,557 [WARN] PackLoader:240 - Cannot read IP mode file for STMicroelectronics.X-CUBE-AZRTOS-L4.2.0.0
2024-08-14 09:59:00,559 [WARN] ConditionMgr:1039 - genDependencies : Invalid condition id : LAN8742 Phy interface Condition cause : null
2024-08-14 09:59:00,559 [WARN] ConditionMgr:1039 - genDependencies : Invalid condition id : LAN8742 Phy interface Condition cause : null
2024-08-14 09:59:00,560 [WARN] ConditionMgr:1039 - genDependencies : Invalid condition id : LAN8742 Phy interface Condition cause : null
2024-08-14 09:59:00,828 [WARN] PackLoader:240 - Cannot read IP mode file for STMicroelectronics.X-CUBE-SFXS2LP1.4.0.0
2024-08-14 09:59:00,875 [WARN] ConditionMgr:438 - getConditionDescription Invalid condition id : UX DEVICE CLASS RTOS Condition cause : null
2024-08-14 09:59:00,875 [WARN] ConditionMgr:438 - getConditionDescription Invalid condition id : UX DEVICE CLASS RTOS Condition cause : null
2024-08-14 09:59:00,877 [WARN] PackLoader:240 - Cannot read IP mode file for STMicroelectronics.X-CUBE-AZRTOS-WB.2.0.0
2024-08-14 09:59:00,878 [WARN] ConditionMgr:1039 - genDependencies : Invalid condition id : UX DEVICE CLASS RTOS Condition cause : null
2024-08-14 09:59:00,878 [WARN] ConditionMgr:1039 - genDependencies : Invalid condition id : UX DEVICE CLASS RTOS Condition cause : null
2024-08-14 09:59:00,878 [WARN] ConditionMgr:1039 - genDependencies : Invalid condition id : UX DEVICE CLASS RTOS Condition cause : null
2024-08-14 09:59:00,879 [WARN] ConditionMgr:1039 - genDependencies : Invalid condition id : UX DEVICE CLASS RTOS Condition cause : null
2024-08-14 09:59:00,879 [WARN] ConditionMgr:1039 - genDependencies : Invalid condition id : UX DEVICE CLASS RTOS Condition cause : null
2024-08-14 09:59:00,899 [WARN] PackLoader:240 - Cannot read IP mode file for STMicroelectronics.FP-SNS-STBOX1.2.0.0
2024-08-14 09:59:00,964 [WARN] PackLoader:240 - Cannot read IP mode file for STMicroelectronics.X-CUBE-SUBG2.5.0.0
2024-08-14 09:59:01,012 [WARN] PackLoader:240 - Cannot read IP mode file for STMicroelectronics.X-CUBE-AZRTOS-G4.2.0.0
2024-08-14 09:59:01,043 [WARN] PackLoader:240 - Cannot read IP mode file for STMicroelectronics.X-CUBE-ISPU.2.0.0
2024-08-14 09:59:01,066 [WARN] PackLoader:240 - Cannot read IP mode file for STMicroelectronics.X-CUBE-ALS.1.0.2
2024-08-14 09:59:01,142 [WARN] PackLoader:240 - Cannot read IP mode file for STMicroelectronics.X-CUBE-MEMS1.10.0.0
2024-08-14 09:59:01,412 [WARN] PackLoader:240 - Cannot read IP mode file for STMicroelectronics.X-CUBE-TOUCHGFX.4.24.0
2024-08-14 09:59:01,499 [WARN] PackLoader:240 - Cannot read IP mode file for portGmbH.I-Cube-SoM-uGOAL.1.1.0
2024-08-14 09:59:01,514 [WARN] PackLoader:240 - Cannot read IP mode file for STMicroelectronics.X-CUBE-ALS.1.0.1
2024-08-14 09:59:01,562 [WARN] PackLoader:240 - Cannot read IP mode file for STMicroelectronics.X-CUBE-AZRTOS-H7RS.1.0.0
2024-08-14 09:59:01,578 [WARN] PackLoader:240 - Cannot read IP mode file for STMicroelectronics.FP-ATR-ASTRA1.2.0.0
2024-08-14 09:59:01,604 [WARN] PackLoader:240 - Cannot read IP mode file for STMicroelectronics.X-CUBE-TOF1.3.4.2
2024-08-14 09:59:01,638 [WARN] PackLoader:240 - Cannot read IP mode file for STMicroelectronics.X-CUBE-TOF1.3.4.1
2024-08-14 09:59:01,717 [WARN] PackLoader:240 - Cannot read IP mode file for STMicroelectronics.X-CUBE-AZRTOS-H7.3.2.0
2024-08-14 09:59:01,777 [WARN] PackLoader:240 - Cannot read IP mode file for Infineon.AIROC-Wi-Fi-Bluetooth-STM32.1.6.0
2024-08-14 09:59:01,922 [WARN] PackLoader:240 - Cannot read IP mode file for wolfSSL.I-CUBE-wolfSSH.1.4.17
2024-08-14 09:59:01,941 [INFO] ThirdParty:978 - Integrity check success = true
2024-08-14 09:59:01,941 [INFO] IntegrityCheckThread:100 - exiting critical section [integrity check]
2024-08-14 09:59:01,941 [INFO] IntegrityCheckThread:103 - End integrity checks thread
2024-08-14 09:59:05,555 [INFO] WebApp:161 - Instantiating new browser for Auth
2024-08-14 09:59:06,899 [INFO] WebApp:779 - Register for checkConnection events
2024-08-14 09:59:06,900 [INFO] WebApp:414 - Apply proxy settings
2024-08-14 09:59:06,900 [INFO] WebApp:499 - Chromium requires no authentication
2024-08-14 09:59:06,912 [INFO] WebApp:442 - Direct internet connection detected
2024-08-14 09:59:07,163 [INFO] WebApp:192 - Starting web application
2024-08-14 09:59:07,163 [INFO] WebApp:544 - Web application path used C:\ST\STM32CubeIDE_1.15.1\STM32CubeIDE\plugins\com.st.stm32cube.common.mx_6.11.1.202404110753\db\plugins\mcufinder\reactClient1\index.html
