2024-08-11 17:06:43,380 [INFO] Activator:176 - 


2024-08-11 17:06:43,475 [INFO] Activator:177 - !SESSION log4j initialized
2024-08-11 17:07:03,933 [INFO] LogOutputStream:77 - [STDOUT_REDIRECT] 
2024-08-11 17:07:07,643 [INFO] ApplicationProperties:184 - Using Application install path: C:\ST\STM32CubeIDE_1.15.1\STM32CubeIDE\plugins\com.st.stm32cube.common.mx_6.11.1.202404110753
2024-08-11 17:07:07,671 [INFO] DbMcusXml:78 - Set database path to: C:\ST\STM32CubeIDE_1.15.1\STM32CubeIDE\plugins\com.st.stm32cube.common.mx_6.11.1.202404110753\\db\/mcu/
2024-08-11 17:07:07,671 [INFO] ApiDb:274 - Set plugin database path to: C:\ST\STM32CubeIDE_1.15.1\STM32CubeIDE\plugins\com.st.stm32cube.common.mx_6.11.1.202404110753\\db\/plugins/boardmanager/
2024-08-11 17:07:07,672 [WARN] ApiDb:259 - Overriding images path with different value:  => C:\ST\STM32CubeIDE_1.15.1\STM32CubeIDE\plugins\com.st.stm32cube.common.mx_6.11.1.202404110753\\db\/plugins/mcufinder/images/
2024-08-11 17:07:07,686 [INFO] ApiDb:250 - Set database path to: C:\Users\Matheus Markies\.stmcufinder\plugins\mcufinder//mcu/
2024-08-11 17:07:07,687 [INFO] DbMcusAds:125 - Set database path to: C:\Users\Matheus Markies\.stmcufinder\plugins\mcufinder//mcu/
2024-08-11 17:07:07,689 [INFO] CrossReferenceDbSqlite:203 - Set database path to: C:\Users\Matheus Markies\.stmcufinder\plugins\mcufinder//mcu/cs/
2024-08-11 17:07:07,858 [INFO] RulesReader:64 - Compatibility file has been processed (297 Rules)
2024-08-11 17:07:08,002 [INFO] DbMcusXml:78 - Set database path to: C:\ST\STM32CubeIDE_1.15.1\STM32CubeIDE\plugins\com.st.stm32cube.common.mx_6.11.1.202404110753\\db\/mcu/
2024-08-11 17:07:08,002 [INFO] ApiDb:274 - Set plugin database path to: C:\ST\STM32CubeIDE_1.15.1\STM32CubeIDE\plugins\com.st.stm32cube.common.mx_6.11.1.202404110753\\db\/plugins/boardmanager/
2024-08-11 17:07:08,003 [INFO] ApiDb:261 - Set plugin images path to: C:\ST\STM32CubeIDE_1.15.1\STM32CubeIDE\plugins\com.st.stm32cube.common.mx_6.11.1.202404110753\\db\/plugins/mcufinder/images/
2024-08-11 17:07:08,003 [WARN] DbFile:41 - Overriding database path with different value: C:\Users\Matheus Markies\.stmcufinder\plugins\mcufinder/ => C:\Users\Matheus Markies\.stmcufinder\plugins\mcufinder
2024-08-11 17:07:08,003 [INFO] ApiDb:250 - Set database path to: C:\Users\Matheus Markies\.stmcufinder\plugins\mcufinder//mcu/
2024-08-11 17:07:08,003 [WARN] DbFile:41 - Overriding database path with different value: C:\Users\Matheus Markies\.stmcufinder\plugins\mcufinder/ => C:\Users\Matheus Markies\.stmcufinder\plugins\mcufinder
2024-08-11 17:07:08,003 [INFO] DbMcusAds:125 - Set database path to: C:\Users\Matheus Markies\.stmcufinder\plugins\mcufinder//mcu/
2024-08-11 17:07:08,003 [WARN] DbFile:41 - Overriding database path with different value: C:\Users\Matheus Markies\.stmcufinder\plugins\mcufinder/ => C:\Users\Matheus Markies\.stmcufinder\plugins\mcufinder
2024-08-11 17:07:08,003 [WARN] DbFile:41 - Overriding database path with different value: C:\Users\Matheus Markies\.stmcufinder\plugins\mcufinder/ => C:\Users\Matheus Markies\.stmcufinder\plugins\mcufinder
2024-08-11 17:07:08,004 [INFO] CrossReferenceDbSqlite:203 - Set database path to: C:\Users\Matheus Markies\.stmcufinder\plugins\mcufinder//mcu/cs/
2024-08-11 17:07:08,132 [INFO] MainPanel:264 - HeapMemory: 268435456
2024-08-11 17:07:08,306 [INFO] DbMcusXml:78 - Set database path to: C:\ST\STM32CubeIDE_1.15.1\STM32CubeIDE\plugins\com.st.stm32cube.common.mx_6.11.1.202404110753\\db\/mcu/
2024-08-11 17:07:08,306 [INFO] ApiDb:274 - Set plugin database path to: C:\ST\STM32CubeIDE_1.15.1\STM32CubeIDE\plugins\com.st.stm32cube.common.mx_6.11.1.202404110753\\db\/plugins/boardmanager/
2024-08-11 17:07:08,307 [INFO] ApiDb:261 - Set plugin images path to: C:\ST\STM32CubeIDE_1.15.1\STM32CubeIDE\plugins\com.st.stm32cube.common.mx_6.11.1.202404110753\\db\/plugins/mcufinder/images/
2024-08-11 17:07:08,308 [WARN] DbFile:41 - Overriding database path with different value: C:\Users\Matheus Markies\.stmcufinder\plugins\mcufinder/ => C:\Users\Matheus Markies\.stmcufinder\plugins\mcufinder
2024-08-11 17:07:08,308 [INFO] ApiDb:250 - Set database path to: C:\Users\Matheus Markies\.stmcufinder\plugins\mcufinder//mcu/
2024-08-11 17:07:08,308 [WARN] DbFile:41 - Overriding database path with different value: C:\Users\Matheus Markies\.stmcufinder\plugins\mcufinder/ => C:\Users\Matheus Markies\.stmcufinder\plugins\mcufinder
2024-08-11 17:07:08,308 [INFO] DbMcusAds:125 - Set database path to: C:\Users\Matheus Markies\.stmcufinder\plugins\mcufinder//mcu/
2024-08-11 17:07:08,308 [WARN] DbFile:41 - Overriding database path with different value: C:\Users\Matheus Markies\.stmcufinder\plugins\mcufinder/ => C:\Users\Matheus Markies\.stmcufinder\plugins\mcufinder
2024-08-11 17:07:08,308 [WARN] DbFile:41 - Overriding database path with different value: C:\Users\Matheus Markies\.stmcufinder\plugins\mcufinder/ => C:\Users\Matheus Markies\.stmcufinder\plugins\mcufinder
2024-08-11 17:07:08,308 [INFO] CrossReferenceDbSqlite:203 - Set database path to: C:\Users\Matheus Markies\.stmcufinder\plugins\mcufinder//mcu/cs/
2024-08-11 17:07:08,335 [INFO] ApplicationProperties:184 - Using Application install path: C:\ST\STM32CubeIDE_1.15.1\STM32CubeIDE\plugins\com.st.stm32cube.common.mx_6.11.1.202404110753
2024-08-11 17:07:08,338 [INFO] PluginManage:196 - Search for loadable plugins [exclusion list=, ]
2024-08-11 17:07:08,340 [INFO] PluginManage:310 - Check plugin analytics
2024-08-11 17:07:08,609 [INFO] AnalyticsPlugin:253 - Accepted Software Licenses: 
2024-08-11 17:07:08,609 [INFO] AnalyticsPlugin:255 - Accepted CMSIS Pack Licenses: 
2024-08-11 17:07:08,610 [INFO] AnalyticsPlugin:257 - Accepted Firmware Licenses: FW.F4.1.28.0
2024-08-11 17:07:08,613 [INFO] PluginManage:359 - Loaded plugin analytics (category:tool,tabindex:-1)
2024-08-11 17:07:08,613 [INFO] PluginManage:310 - Check plugin cadmodel
2024-08-11 17:07:08,636 [INFO] CADModel:105 - Init CAD model plugin
2024-08-11 17:07:08,637 [INFO] PluginManage:359 - Loaded plugin cadmodel (category:power,tabindex:5)
2024-08-11 17:07:08,637 [INFO] PluginManage:310 - Check plugin clock
2024-08-11 17:07:08,670 [INFO] PluginManage:359 - Loaded plugin clock (category:base,tabindex:2)
2024-08-11 17:07:08,670 [INFO] PluginManage:310 - Check plugin ddr
2024-08-11 17:07:08,674 [INFO] PluginManage:359 - Loaded plugin ddr (category:tool,tabindex:6)
2024-08-11 17:07:08,674 [INFO] PluginManage:310 - Check plugin filemanager
2024-08-11 17:07:08,894 [INFO] PluginManage:359 - Loaded plugin filemanager (category:base,tabindex:10)
2024-08-11 17:07:08,894 [INFO] PluginManage:310 - Check plugin ipmanager
2024-08-11 17:07:08,908 [INFO] PluginManage:359 - Loaded plugin ipmanager (category:base,tabindex:5)
2024-08-11 17:07:08,908 [INFO] PluginManage:310 - Check plugin lpbam
2024-08-11 17:07:08,942 [INFO] PluginManage:359 - Loaded plugin lpbam (category:base,tabindex:0)
2024-08-11 17:07:08,942 [INFO] PluginManage:310 - Check plugin memorymap
2024-08-11 17:07:08,981 [INFO] PluginManage:359 - Loaded plugin memorymap (category:base,tabindex:4)
2024-08-11 17:07:08,981 [INFO] PluginManage:310 - Check plugin pinoutandconfiguration
2024-08-11 17:07:09,003 [INFO] PluginManage:359 - Loaded plugin pinoutandconfiguration (category:base,tabindex:1)
2024-08-11 17:07:09,003 [INFO] PluginManage:310 - Check plugin pinoutconfig
2024-08-11 17:07:09,135 [WARN] SupportedApi:132 - Cannot load RTOS API schema: s4s-elt-must-match.1: The content of 'definitions' must match (annotation?, (simpleType | complexType)?, (unique | key | keyref)*)). A problem was found starting at: attribute.
2024-08-11 17:07:09,322 [INFO] PluginManage:359 - Loaded plugin pinoutconfig (category:base,tabindex:0)
2024-08-11 17:07:09,323 [INFO] PluginManage:310 - Check plugin power
2024-08-11 17:07:09,362 [INFO] PluginManage:359 - Loaded plugin power (category:power,tabindex:4)
2024-08-11 17:07:09,362 [INFO] PluginManage:310 - Check plugin projectmanager
2024-08-11 17:07:09,385 [INFO] PluginManage:359 - Loaded plugin projectmanager (category:projectmanager,tabindex:3)
2024-08-11 17:07:09,385 [INFO] PluginManage:310 - Check plugin thirdparty
2024-08-11 17:07:09,786 [INFO] PluginManage:359 - Loaded plugin thirdparty (category:base,tabindex:-1)
2024-08-11 17:07:09,786 [INFO] PluginManage:310 - Check plugin tools
2024-08-11 17:07:09,786 [WARN] IntegrityCheckThread:84 - waiting for thirdparty lock release [integrity check]
2024-08-11 17:07:09,786 [INFO] IntegrityCheckThread:86 - entering critical section [integrity check]
2024-08-11 17:07:09,787 [INFO] ThirdPartyUpdaterWithRetryManager:70 - Updater plugin not ready yet. [1/15]
2024-08-11 17:07:09,828 [INFO] PluginManage:359 - Loaded plugin tools (category:base,tabindex:7)
2024-08-11 17:07:09,828 [INFO] PluginManage:310 - Check plugin tutovideos
2024-08-11 17:07:10,153 [INFO] PluginManage:359 - Loaded plugin tutovideos (category:base,tabindex:-1)
2024-08-11 17:07:10,153 [INFO] PluginManage:310 - Check plugin updater
2024-08-11 17:07:10,186 [INFO] PluginManage:359 - Loaded plugin updater (category:base,tabindex:12)
2024-08-11 17:07:10,187 [INFO] PluginManage:310 - Check plugin userauth
2024-08-11 17:07:10,196 [INFO] UserAuth:114 - Init User Auth plugin
2024-08-11 17:07:10,196 [INFO] PluginManage:359 - Loaded plugin userauth (category:base,tabindex:14)
2024-08-11 17:07:10,196 [INFO] PluginManage:283 - PluginManage : Loaded plugins [17]
2024-08-11 17:07:10,555 [INFO] PinOutPanel:1561 - setPackage(No Configuration,No Configuration)
2024-08-11 17:07:10,675 [INFO] CADModel:165 - CPN selected for project level
2024-08-11 17:07:10,676 [INFO] CADModel:114 - Register for checkConnection events
2024-08-11 17:07:10,711 [INFO] IPUIPlugin:80 - create IPUIPlugin
2024-08-11 17:07:10,712 [INFO] PluginManager:220 - loadIPPluginJar : add adc
2024-08-11 17:07:10,756 [INFO] IPUIPlugin:80 - create IPUIPlugin
2024-08-11 17:07:10,757 [INFO] PluginManager:220 - loadIPPluginJar : add aes
2024-08-11 17:07:10,808 [INFO] IPUIPlugin:80 - create IPUIPlugin
2024-08-11 17:07:10,808 [INFO] PluginManager:220 - loadIPPluginJar : add can
2024-08-11 17:07:10,837 [INFO] IPUIPlugin:80 - create IPUIPlugin
2024-08-11 17:07:10,837 [INFO] PluginManager:220 - loadIPPluginJar : add comp
2024-08-11 17:07:10,884 [INFO] IPUIPlugin:80 - create IPUIPlugin
2024-08-11 17:07:10,884 [INFO] PluginManager:220 - loadIPPluginJar : add cryp
2024-08-11 17:07:10,924 [INFO] IPUIPlugin:80 - create IPUIPlugin
2024-08-11 17:07:10,924 [INFO] PluginManager:220 - loadIPPluginJar : add dfsdm
2024-08-11 17:07:10,940 [INFO] IPUIPlugin:80 - create IPUIPlugin
2024-08-11 17:07:10,941 [INFO] PluginManager:220 - loadIPPluginJar : add dma
2024-08-11 17:07:11,000 [INFO] IPUIPlugin:80 - create IPUIPlugin
2024-08-11 17:07:11,000 [INFO] PluginManager:220 - loadIPPluginJar : add dma3
2024-08-11 17:07:11,058 [INFO] IPUIPlugin:80 - create IPUIPlugin
2024-08-11 17:07:11,059 [INFO] PluginManager:220 - loadIPPluginJar : add extmemmanager
2024-08-11 17:07:11,085 [INFO] IPUIPlugin:80 - create IPUIPlugin
2024-08-11 17:07:11,086 [INFO] PluginManager:220 - loadIPPluginJar : add fatfs
2024-08-11 17:07:11,154 [INFO] IPUIPlugin:80 - create IPUIPlugin
2024-08-11 17:07:11,154 [INFO] PluginManager:220 - loadIPPluginJar : add fmc
2024-08-11 17:07:11,181 [INFO] IPUIPlugin:80 - create IPUIPlugin
2024-08-11 17:07:11,182 [INFO] PluginManager:220 - loadIPPluginJar : add freertos
2024-08-11 17:07:11,208 [INFO] IPUIPlugin:80 - create IPUIPlugin
2024-08-11 17:07:11,208 [INFO] PluginManager:220 - loadIPPluginJar : add genericplugin
2024-08-11 17:07:11,332 [INFO] IPUIPlugin:80 - create IPUIPlugin
2024-08-11 17:07:11,332 [INFO] PluginManager:220 - loadIPPluginJar : add gfxmmu
2024-08-11 17:07:11,600 [INFO] IPUIPlugin:80 - create IPUIPlugin
2024-08-11 17:07:11,600 [INFO] PluginManager:220 - loadIPPluginJar : add gic
2024-08-11 17:07:11,630 [INFO] IPUIPlugin:80 - create IPUIPlugin
2024-08-11 17:07:11,631 [INFO] PluginManager:220 - loadIPPluginJar : add gpio
2024-08-11 17:07:11,778 [INFO] IPUIPlugin:80 - create IPUIPlugin
2024-08-11 17:07:11,778 [INFO] PluginManager:220 - loadIPPluginJar : add gtzc
2024-08-11 17:07:11,831 [INFO] IPUIPlugin:80 - create IPUIPlugin
2024-08-11 17:07:11,832 [INFO] PluginManager:220 - loadIPPluginJar : add hash
2024-08-11 17:07:11,981 [INFO] IPUIPlugin:80 - create IPUIPlugin
2024-08-11 17:07:11,981 [INFO] PluginManager:220 - loadIPPluginJar : add i2c
2024-08-11 17:07:12,034 [INFO] IPUIPlugin:80 - create IPUIPlugin
2024-08-11 17:07:12,034 [INFO] PluginManager:220 - loadIPPluginJar : add i2s
2024-08-11 17:07:12,089 [INFO] IPUIPlugin:80 - create IPUIPlugin
2024-08-11 17:07:12,089 [INFO] PluginManager:220 - loadIPPluginJar : add i3c
2024-08-11 17:07:12,227 [INFO] IPUIPlugin:80 - create IPUIPlugin
2024-08-11 17:07:12,228 [INFO] PluginManager:220 - loadIPPluginJar : add ipddr
2024-08-11 17:07:12,380 [INFO] IPUIPlugin:80 - create IPUIPlugin
2024-08-11 17:07:12,380 [INFO] PluginManager:220 - loadIPPluginJar : add linkedlist
2024-08-11 17:07:12,427 [INFO] IPUIPlugin:80 - create IPUIPlugin
2024-08-11 17:07:12,428 [INFO] PluginManager:220 - loadIPPluginJar : add lorawan
2024-08-11 17:07:12,475 [INFO] IPUIPlugin:80 - create IPUIPlugin
2024-08-11 17:07:12,476 [INFO] PluginManager:220 - loadIPPluginJar : add ltdc
2024-08-11 17:07:12,496 [INFO] IPUIPlugin:80 - create IPUIPlugin
2024-08-11 17:07:12,496 [INFO] PluginManager:220 - loadIPPluginJar : add mdma
2024-08-11 17:07:12,511 [INFO] IPUIPlugin:80 - create IPUIPlugin
2024-08-11 17:07:12,512 [INFO] PluginManager:220 - loadIPPluginJar : add nvic
2024-08-11 17:07:12,560 [INFO] IPUIPlugin:80 - create IPUIPlugin
2024-08-11 17:07:12,561 [INFO] PluginManager:220 - loadIPPluginJar : add opamp
2024-08-11 17:07:12,662 [INFO] IPUIPlugin:80 - create IPUIPlugin
2024-08-11 17:07:12,662 [INFO] PluginManager:220 - loadIPPluginJar : add openamp
2024-08-11 17:07:12,791 [INFO] ThirdPartyUpdaterWithRetryManager:70 - Updater plugin not ready yet. [2/15]
2024-08-11 17:07:12,798 [INFO] IPUIPlugin:80 - create IPUIPlugin
2024-08-11 17:07:12,798 [INFO] PluginManager:220 - loadIPPluginJar : add pdm2pcm
2024-08-11 17:07:12,818 [INFO] IPUIPlugin:80 - create IPUIPlugin
2024-08-11 17:07:12,821 [INFO] PluginManager:220 - loadIPPluginJar : add plateformsettings
2024-08-11 17:07:12,848 [INFO] IPUIPlugin:80 - create IPUIPlugin
2024-08-11 17:07:12,848 [INFO] PluginManager:220 - loadIPPluginJar : add quadspi
2024-08-11 17:07:12,865 [INFO] IPUIPlugin:80 - create IPUIPlugin
2024-08-11 17:07:12,865 [INFO] PluginManager:220 - loadIPPluginJar : add resmgrutility
2024-08-11 17:07:12,925 [INFO] IPUIPlugin:80 - create IPUIPlugin
2024-08-11 17:07:12,925 [INFO] PluginManager:220 - loadIPPluginJar : add sai
2024-08-11 17:07:12,973 [INFO] IPUIPlugin:80 - create IPUIPlugin
2024-08-11 17:07:12,973 [INFO] PluginManager:220 - loadIPPluginJar : add spi
2024-08-11 17:07:13,066 [INFO] IPUIPlugin:80 - create IPUIPlugin
2024-08-11 17:07:13,066 [INFO] PluginManager:220 - loadIPPluginJar : add stm32_wpan
2024-08-11 17:07:13,097 [INFO] IPUIPlugin:80 - create IPUIPlugin
2024-08-11 17:07:13,097 [INFO] PluginManager:220 - loadIPPluginJar : add tim
2024-08-11 17:07:13,186 [INFO] IPUIPlugin:80 - create IPUIPlugin
2024-08-11 17:07:13,186 [INFO] PluginManager:220 - loadIPPluginJar : add touchsensing
2024-08-11 17:07:13,215 [INFO] IPUIPlugin:80 - create IPUIPlugin
2024-08-11 17:07:13,215 [INFO] PluginManager:220 - loadIPPluginJar : add tracer_emb
2024-08-11 17:07:13,246 [INFO] IPUIPlugin:80 - create IPUIPlugin
2024-08-11 17:07:13,246 [INFO] PluginManager:220 - loadIPPluginJar : add ts
2024-08-11 17:07:13,274 [INFO] IPUIPlugin:80 - create IPUIPlugin
2024-08-11 17:07:13,274 [INFO] PluginManager:220 - loadIPPluginJar : add tsc
2024-08-11 17:07:13,305 [INFO] IPUIPlugin:80 - create IPUIPlugin
2024-08-11 17:07:13,305 [INFO] PluginManager:220 - loadIPPluginJar : add ucpd
2024-08-11 17:07:13,365 [INFO] IPUIPlugin:80 - create IPUIPlugin
2024-08-11 17:07:13,366 [INFO] PluginManager:220 - loadIPPluginJar : add usart
2024-08-11 17:07:13,423 [INFO] IPUIPlugin:80 - create IPUIPlugin
2024-08-11 17:07:13,423 [INFO] PluginManager:220 - loadIPPluginJar : add usbx
2024-08-11 17:07:13,667 [INFO] CADModel:165 - CPN selected for project level
2024-08-11 17:07:13,667 [INFO] CADModel:114 - Register for checkConnection events
2024-08-11 17:07:13,668 [FATAL] Updater:308 - Updater called before beeing initialized
2024-08-11 17:07:13,668 [ERROR] CADModel:125 - Updater not yet initialized, retry later 
2024-08-11 17:07:13,871 [INFO] CADModel:165 - CPN selected for project level
2024-08-11 17:07:13,871 [INFO] CADModel:114 - Register for checkConnection events
2024-08-11 17:07:13,871 [FATAL] Updater:308 - Updater called before beeing initialized
2024-08-11 17:07:13,871 [ERROR] CADModel:125 - Updater not yet initialized, retry later 
2024-08-11 17:07:13,875 [FATAL] Updater:308 - Updater called before beeing initialized
2024-08-11 17:07:14,084 [FATAL] Updater:308 - Updater called before beeing initialized
2024-08-11 17:07:14,098 [INFO] DbMcusAds:53 - JSON generation date=Thu May 16 06:22:01 BRT 2024 (1715851321109)
2024-08-11 17:07:14,098 [FATAL] Updater:308 - Updater called before beeing initialized
2024-08-11 17:07:14,259 [WARN] DetailPanel:346 - Failed to get advertising image, set to default
2024-08-11 17:07:14,524 [FATAL] Updater:308 - Updater called before beeing initialized
2024-08-11 17:07:14,528 [FATAL] Updater:308 - Updater called before beeing initialized
2024-08-11 17:07:14,528 [FATAL] Updater:308 - Updater called before beeing initialized
2024-08-11 17:07:14,528 [WARN] DetailPanel:346 - Failed to get advertising image, set to default
2024-08-11 17:07:14,529 [FATAL] Updater:308 - Updater called before beeing initialized
2024-08-11 17:07:14,624 [ERROR] Updater:1120 - MainUpdater not yet initialized. External WinMGr cannot be set.
2024-08-11 17:07:14,638 [INFO] Updater:1056 - Updater Version found : 6.11.1
2024-08-11 17:07:14,665 [INFO] ApplicationProperties:184 - Using Application install path: C:\ST\STM32CubeIDE_1.15.1\STM32CubeIDE\plugins\com.st.stm32cube.common.mx_6.11.1.202404110753
2024-08-11 17:07:15,792 [INFO] ThirdPartyUpdaterWithRetryManager:70 - Updater plugin not ready yet. [3/15]
2024-08-11 17:07:16,256 [ERROR] LogOutputStream:75 - [STDERR_REDIRECT] Aug 11, 2024 5:07:16 PM java.util.prefs.WindowsPreferences <init>
2024-08-11 17:07:16,259 [ERROR] LogOutputStream:75 - [STDERR_REDIRECT] WARNING: Could not open/create prefs root node Software\JavaSoft\Prefs at root 0xffffffff80000002. Windows RegCreateKeyEx(...) returned error code 5.
2024-08-11 17:07:16,259 [ERROR] LogOutputStream:75 - [STDERR_REDIRECT] 
2024-08-11 17:07:16,767 [INFO] MainUpdater:2873 - connection check result : 10
2024-08-11 17:07:16,767 [INFO] MainUpdater:3567 - Updater definition file requires update
2024-08-11 17:07:16,769 [INFO] MainUpdater:290 - Updater Check For Update Now.
2024-08-11 17:07:16,769 [INFO] MicroXplorer:498 - Change Database Version : DB.6.0.111
2024-08-11 17:07:16,786 [INFO] McuFinderGlobals:63 - Set McuFinder mode to 2 (CubeIDE integrated)
2024-08-11 17:07:16,798 [INFO] UserAuth:415 - Internet connection configuration mode: 1
2024-08-11 17:07:16,830 [INFO] JxBrowserEngine:152 - Initiate JxBrowser Engine with user profile folder
2024-08-11 17:07:16,849 [INFO] ServerAccessManage:473 - Download File updaters.zip
2024-08-11 17:07:16,968 [INFO] FileExtend:240 - Unzip File : updaters.zip
2024-08-11 17:07:16,969 [INFO] FileExtend:255 - Standard Zip Deflate
2024-08-11 17:07:17,762 [INFO] ServerAccessManage:473 - Download File PacksControlFlags.xml
2024-08-11 17:07:17,955 [INFO] ServerAccessManage:473 - Download File cubemx.pidx
2024-08-11 17:07:18,160 [INFO] LoadServerUpdatesThread:375 - End of LoadServerUpdate Thread
2024-08-11 17:07:18,472 [INFO] CheckServerUpdateThread:120 - End of CheckServer Thread
2024-08-11 17:07:19,272 [WARN] PackLoader:240 - Cannot read IP mode file for STMicroelectronics.FP-SNS-MOTENVWB1.1.4.0
2024-08-11 17:07:19,292 [WARN] PackLoader:240 - Cannot read IP mode file for STMicroelectronics.X-CUBE-SMBUS.2.1.0
2024-08-11 17:07:19,323 [WARN] PackLoader:240 - Cannot read IP mode file for STMicroelectronics.X-CUBE-TOUCHGFX.4.23.2
2024-08-11 17:07:19,381 [WARN] PackLoader:240 - Cannot read IP mode file for STMicroelectronics.X-CUBE-AZRTOS-F7.1.1.0
2024-08-11 17:07:19,410 [WARN] PackLoader:240 - Cannot read IP mode file for STMicroelectronics.FP-SNS-FLIGHT1.5.0.2
2024-08-11 17:07:19,465 [WARN] PackLoader:240 - Cannot read IP mode file for STMicroelectronics.X-CUBE-DISPLAY.3.0.0
2024-08-11 17:07:19,509 [WARN] PackLoader:240 - Cannot read IP mode file for STMicroelectronics.X-CUBE-BLE1.7.0.0
2024-08-11 17:07:19,526 [WARN] PackLoader:240 - Cannot read IP mode file for emotas.I-CUBE-CANOPEN.1.3.0
2024-08-11 17:07:19,553 [WARN] PackLoader:240 - Cannot read IP mode file for STMicroelectronics.X-CUBE-BLEMGR.3.1.0
2024-08-11 17:07:19,613 [WARN] PackLoader:240 - Cannot read IP mode file for STMicroelectronics.FP-SNS-SMARTAG2.1.2.0
2024-08-11 17:07:19,649 [INFO] LogOutputStream:77 - [STDOUT_REDIRECT] 1 : Invalid condition id : UX_CORESTACK_Condition cause : null
2024-08-11 17:07:19,651 [INFO] LogOutputStream:77 - [STDOUT_REDIRECT] 1 : Invalid condition id : UX_CORESTACK_Condition cause : null
2024-08-11 17:07:19,653 [INFO] LogOutputStream:77 - [STDOUT_REDIRECT] 1 : Invalid condition id : UX_CORESTACK_Condition cause : null
2024-08-11 17:07:19,655 [INFO] LogOutputStream:77 - [STDOUT_REDIRECT] 1 : Invalid condition id : UX_CORESTACK_Condition cause : null
2024-08-11 17:07:19,657 [INFO] LogOutputStream:77 - [STDOUT_REDIRECT] 1 : Invalid condition id : UX_CORESTACK_Condition cause : null
2024-08-11 17:07:19,661 [WARN] PackLoader:240 - Cannot read IP mode file for STMicroelectronics.X-CUBE-AZRTOS-WL.2.0.0
2024-08-11 17:07:19,679 [WARN] PackLoader:240 - Cannot read IP mode file for STMicroelectronics.FP-SNS-MOTENV1.5.0.0
2024-08-11 17:07:19,703 [WARN] PackLoader:240 - Cannot read IP mode file for wolfSSL.I-CUBE-wolfMQTT.1.19.0
2024-08-11 17:07:19,760 [WARN] PackLoader:240 - Cannot read IP mode file for WES.I-CUBE-Cesium.1.3.0
2024-08-11 17:07:19,785 [WARN] PackLoader:240 - Cannot read IP mode file for STMicroelectronics.X-CUBE-BLE2.3.3.0
2024-08-11 17:07:19,815 [WARN] PackLoader:240 - Cannot read IP mode file for STMicroelectronics.X-CUBE-TCPP.4.1.0
2024-08-11 17:07:19,889 [WARN] PackLoader:240 - Cannot read IP mode file for STMicroelectronics.X-CUBE-AZRTOS-G0.1.1.0
2024-08-11 17:07:19,985 [WARN] PackLoader:240 - Cannot read IP mode file for STMicroelectronics.X-CUBE-SAFEA1.1.2.2
2024-08-11 17:07:20,016 [WARN] PackLoader:240 - Cannot read IP mode file for STMicroelectronics.X-CUBE-NFC4.3.0.0
2024-08-11 17:07:20,037 [WARN] PackLoader:240 - Cannot read IP mode file for wolfSSL.I-CUBE-wolfMQTT.1.18.0
2024-08-11 17:07:20,078 [WARN] PackLoader:240 - Cannot read IP mode file for EmbeddedOffice.I-CUBE-FS-RTOS.1.0.1
2024-08-11 17:07:20,079 [ERROR] ConditionMgr:805 - Attr not supported : Dmpu
2024-08-11 17:07:20,079 [ERROR] ConditionMgr:805 - Attr not supported : Dmpu
2024-08-11 17:07:20,079 [ERROR] ConditionMgr:805 - Attr not supported : Dmpu
2024-08-11 17:07:20,079 [ERROR] ConditionMgr:805 - Attr not supported : Dmpu
2024-08-11 17:07:20,079 [ERROR] ConditionMgr:805 - Attr not supported : Dmpu
2024-08-11 17:07:20,079 [ERROR] ConditionMgr:805 - Attr not supported : Dmpu
2024-08-11 17:07:20,079 [ERROR] ConditionMgr:805 - Attr not supported : Dmpu
2024-08-11 17:07:20,079 [ERROR] ConditionMgr:805 - Attr not supported : Dmpu
2024-08-11 17:07:20,080 [ERROR] ConditionMgr:805 - Attr not supported : Dmpu
2024-08-11 17:07:20,080 [ERROR] ConditionMgr:805 - Attr not supported : Dmpu
2024-08-11 17:07:20,080 [ERROR] ConditionMgr:805 - Attr not supported : Dmpu
2024-08-11 17:07:20,080 [ERROR] ConditionMgr:805 - Attr not supported : Dmpu
2024-08-11 17:07:20,081 [ERROR] ConditionMgr:805 - Attr not supported : Dmpu
2024-08-11 17:07:20,081 [ERROR] ConditionMgr:805 - Attr not supported : Dmpu
2024-08-11 17:07:20,081 [ERROR] ConditionMgr:805 - Attr not supported : Dmpu
2024-08-11 17:07:20,081 [ERROR] ConditionMgr:805 - Attr not supported : Dmpu
2024-08-11 17:07:20,081 [ERROR] ConditionMgr:805 - Attr not supported : Dmpu
2024-08-11 17:07:20,081 [ERROR] ConditionMgr:805 - Attr not supported : Dmpu
2024-08-11 17:07:20,081 [ERROR] ConditionMgr:805 - Attr not supported : Dmpu
2024-08-11 17:07:20,082 [ERROR] ConditionMgr:805 - Attr not supported : Dmpu
2024-08-11 17:07:20,082 [ERROR] ConditionMgr:805 - Attr not supported : Dmpu
2024-08-11 17:07:20,082 [ERROR] ConditionMgr:805 - Attr not supported : Dmpu
2024-08-11 17:07:20,082 [ERROR] ConditionMgr:805 - Attr not supported : Dmpu
2024-08-11 17:07:20,082 [ERROR] ConditionMgr:805 - Attr not supported : Dmpu
2024-08-11 17:07:20,082 [ERROR] ConditionMgr:805 - Attr not supported : Dmpu
2024-08-11 17:07:20,082 [ERROR] ConditionMgr:805 - Attr not supported : Dmpu
2024-08-11 17:07:20,082 [ERROR] ConditionMgr:805 - Attr not supported : Dmpu
2024-08-11 17:07:20,083 [ERROR] ConditionMgr:805 - Attr not supported : Dmpu
2024-08-11 17:07:20,083 [ERROR] ConditionMgr:805 - Attr not supported : Dmpu
2024-08-11 17:07:20,083 [ERROR] ConditionMgr:805 - Attr not supported : Dmpu
2024-08-11 17:07:20,084 [ERROR] ConditionMgr:805 - Attr not supported : Dmpu
2024-08-11 17:07:20,084 [ERROR] ConditionMgr:805 - Attr not supported : Dmpu
2024-08-11 17:07:20,084 [ERROR] ConditionMgr:805 - Attr not supported : Dmpu
2024-08-11 17:07:20,084 [ERROR] ConditionMgr:805 - Attr not supported : Dmpu
2024-08-11 17:07:20,085 [ERROR] ConditionMgr:805 - Attr not supported : Dmpu
2024-08-11 17:07:20,085 [ERROR] ConditionMgr:805 - Attr not supported : Dmpu
2024-08-11 17:07:20,085 [ERROR] ConditionMgr:805 - Attr not supported : Dmpu
2024-08-11 17:07:20,086 [ERROR] ConditionMgr:805 - Attr not supported : Dmpu
2024-08-11 17:07:20,086 [ERROR] ConditionMgr:805 - Attr not supported : Dmpu
2024-08-11 17:07:20,086 [ERROR] ConditionMgr:805 - Attr not supported : Dmpu
2024-08-11 17:07:20,087 [ERROR] ConditionMgr:805 - Attr not supported : Dmpu
2024-08-11 17:07:20,088 [ERROR] ConditionMgr:805 - Attr not supported : Dmpu
2024-08-11 17:07:20,088 [ERROR] ConditionMgr:805 - Attr not supported : Dmpu
2024-08-11 17:07:20,088 [ERROR] ConditionMgr:805 - Attr not supported : Dmpu
2024-08-11 17:07:20,088 [ERROR] ConditionMgr:805 - Attr not supported : Dmpu
2024-08-11 17:07:20,089 [ERROR] ConditionMgr:805 - Attr not supported : Dmpu
2024-08-11 17:07:20,089 [ERROR] ConditionMgr:805 - Attr not supported : Dmpu
2024-08-11 17:07:20,089 [ERROR] ConditionMgr:805 - Attr not supported : Dmpu
2024-08-11 17:07:20,089 [ERROR] ConditionMgr:805 - Attr not supported : Dmpu
2024-08-11 17:07:20,089 [ERROR] ConditionMgr:805 - Attr not supported : Dmpu
2024-08-11 17:07:20,089 [ERROR] ConditionMgr:805 - Attr not supported : Dmpu
2024-08-11 17:07:20,089 [ERROR] ConditionMgr:805 - Attr not supported : Dmpu
2024-08-11 17:07:20,089 [ERROR] ConditionMgr:805 - Attr not supported : Dmpu
2024-08-11 17:07:20,089 [ERROR] ConditionMgr:805 - Attr not supported : Dmpu
2024-08-11 17:07:20,090 [ERROR] ConditionMgr:805 - Attr not supported : Dmpu
2024-08-11 17:07:20,090 [ERROR] ConditionMgr:805 - Attr not supported : Dmpu
2024-08-11 17:07:20,090 [ERROR] ConditionMgr:805 - Attr not supported : Dmpu
2024-08-11 17:07:20,090 [ERROR] ConditionMgr:805 - Attr not supported : Dmpu
2024-08-11 17:07:20,090 [ERROR] ConditionMgr:805 - Attr not supported : Dmpu
2024-08-11 17:07:20,090 [ERROR] ConditionMgr:805 - Attr not supported : Dmpu
2024-08-11 17:07:20,090 [ERROR] ConditionMgr:805 - Attr not supported : Dmpu
2024-08-11 17:07:20,090 [ERROR] ConditionMgr:805 - Attr not supported : Dmpu
2024-08-11 17:07:20,091 [ERROR] ConditionMgr:805 - Attr not supported : Dmpu
2024-08-11 17:07:20,091 [ERROR] ConditionMgr:805 - Attr not supported : Dmpu
2024-08-11 17:07:20,127 [WARN] PackLoader:240 - Cannot read IP mode file for RealThread.X-CUBE-RT-Thread_Nano.4.1.1
2024-08-11 17:07:20,158 [WARN] PackLoader:240 - Cannot read IP mode file for wolfSSL.I-CUBE-wolfSSL.5.7.0
2024-08-11 17:07:20,212 [WARN] PackLoader:240 - Cannot read IP mode file for STMicroelectronics.FP-ATR-SIGFOX1.3.2.0
2024-08-11 17:07:20,229 [WARN] PackLoader:240 - Cannot read IP mode file for STMicroelectronics.X-CUBE-EEPRMA1.5.1.0
2024-08-11 17:07:20,256 [WARN] PackLoader:240 - Cannot read IP mode file for ITTIA_DB.I-CUBE-ITTIADB.8.9.0
2024-08-11 17:07:20,322 [WARN] PackLoader:240 - Cannot read IP mode file for SEGGER.I-CUBE-embOS.1.3.1
2024-08-11 17:07:20,396 [WARN] PackLoader:240 - Cannot read IP mode file for STMicroelectronics.X-CUBE-ALGOBUILD.1.4.0
2024-08-11 17:07:20,413 [WARN] PackLoader:240 - Cannot read IP mode file for STMicroelectronics.X-CUBE-GNSS1.6.0.0
2024-08-11 17:07:20,458 [WARN] PackLoader:240 - Cannot read IP mode file for STMicroelectronics.X-CUBE-AZRTOS-F4.1.1.0
2024-08-11 17:07:20,491 [WARN] PackLoader:240 - Cannot read IP mode file for STMicroelectronics.X-CUBE-FREERTOS.1.2.0
2024-08-11 17:07:20,761 [WARN] PackLoader:240 - Cannot read IP mode file for STMicroelectronics.X-CUBE-AZRTOS-L5.2.0.0
2024-08-11 17:07:20,874 [WARN] PackLoader:240 - Cannot read IP mode file for STMicroelectronics.X-CUBE-NFC6.3.1.0
2024-08-11 17:07:20,920 [WARN] PackLoader:240 - Cannot read IP mode file for STMicroelectronics.X-CUBE-DPower.1.2.0
2024-08-11 17:07:20,936 [WARN] PackLoader:240 - Cannot read IP mode file for STMicroelectronics.X-CUBE-AI.9.0.0
2024-08-11 17:07:20,961 [WARN] PackLoader:240 - Cannot read IP mode file for STMicroelectronics.X-CUBE-NFC7.1.0.1
2024-08-11 17:07:20,979 [WARN] PackLoader:240 - Cannot read IP mode file for wolfSSL.I-CUBE-wolfTPM.3.2.0
2024-08-11 17:07:21,139 [WARN] ConditionMgr:438 - getConditionDescription Invalid condition id : LAN8742 Phy interface Condition cause : null
2024-08-11 17:07:21,140 [WARN] PackLoader:240 - Cannot read IP mode file for STMicroelectronics.X-CUBE-AZRTOS-L4.2.0.0
2024-08-11 17:07:21,142 [WARN] ConditionMgr:1039 - genDependencies : Invalid condition id : LAN8742 Phy interface Condition cause : null
2024-08-11 17:07:21,142 [WARN] ConditionMgr:1039 - genDependencies : Invalid condition id : LAN8742 Phy interface Condition cause : null
2024-08-11 17:07:21,143 [WARN] ConditionMgr:1039 - genDependencies : Invalid condition id : LAN8742 Phy interface Condition cause : null
2024-08-11 17:07:21,173 [WARN] PackLoader:240 - Cannot read IP mode file for STMicroelectronics.X-CUBE-SFXS2LP1.4.0.0
2024-08-11 17:07:21,340 [WARN] ConditionMgr:438 - getConditionDescription Invalid condition id : UX DEVICE CLASS RTOS Condition cause : null
2024-08-11 17:07:21,340 [WARN] ConditionMgr:438 - getConditionDescription Invalid condition id : UX DEVICE CLASS RTOS Condition cause : null
2024-08-11 17:07:21,342 [WARN] PackLoader:240 - Cannot read IP mode file for STMicroelectronics.X-CUBE-AZRTOS-WB.2.0.0
2024-08-11 17:07:21,342 [WARN] ConditionMgr:1039 - genDependencies : Invalid condition id : UX DEVICE CLASS RTOS Condition cause : null
2024-08-11 17:07:21,343 [WARN] ConditionMgr:1039 - genDependencies : Invalid condition id : UX DEVICE CLASS RTOS Condition cause : null
2024-08-11 17:07:21,346 [WARN] ConditionMgr:1039 - genDependencies : Invalid condition id : UX DEVICE CLASS RTOS Condition cause : null
2024-08-11 17:07:21,346 [WARN] ConditionMgr:1039 - genDependencies : Invalid condition id : UX DEVICE CLASS RTOS Condition cause : null
2024-08-11 17:07:21,347 [WARN] ConditionMgr:1039 - genDependencies : Invalid condition id : UX DEVICE CLASS RTOS Condition cause : null
2024-08-11 17:07:21,413 [WARN] PackLoader:240 - Cannot read IP mode file for STMicroelectronics.FP-SNS-STBOX1.2.0.0
2024-08-11 17:07:21,470 [WARN] PackLoader:240 - Cannot read IP mode file for STMicroelectronics.X-CUBE-SUBG2.5.0.0
2024-08-11 17:07:21,545 [WARN] PackLoader:240 - Cannot read IP mode file for STMicroelectronics.X-CUBE-AZRTOS-G4.2.0.0
2024-08-11 17:07:21,589 [WARN] PackLoader:240 - Cannot read IP mode file for STMicroelectronics.X-CUBE-ISPU.2.0.0
2024-08-11 17:07:21,619 [WARN] PackLoader:240 - Cannot read IP mode file for STMicroelectronics.X-CUBE-ALS.1.0.2
2024-08-11 17:07:21,759 [WARN] PackLoader:240 - Cannot read IP mode file for STMicroelectronics.X-CUBE-MEMS1.10.0.0
2024-08-11 17:07:21,945 [WARN] PackLoader:240 - Cannot read IP mode file for STMicroelectronics.X-CUBE-TOUCHGFX.4.24.0
2024-08-11 17:07:21,980 [WARN] PackLoader:240 - Cannot read IP mode file for portGmbH.I-Cube-SoM-uGOAL.1.1.0
2024-08-11 17:07:22,010 [WARN] PackLoader:240 - Cannot read IP mode file for STMicroelectronics.X-CUBE-ALS.1.0.1
2024-08-11 17:07:22,049 [WARN] PackLoader:240 - Cannot read IP mode file for STMicroelectronics.X-CUBE-AZRTOS-H7RS.1.0.0
2024-08-11 17:07:22,075 [WARN] PackLoader:240 - Cannot read IP mode file for STMicroelectronics.FP-ATR-ASTRA1.2.0.0
2024-08-11 17:07:22,103 [WARN] PackLoader:240 - Cannot read IP mode file for STMicroelectronics.X-CUBE-TOF1.3.4.2
2024-08-11 17:07:22,143 [WARN] PackLoader:240 - Cannot read IP mode file for STMicroelectronics.X-CUBE-TOF1.3.4.1
2024-08-11 17:07:22,208 [WARN] PackLoader:240 - Cannot read IP mode file for STMicroelectronics.X-CUBE-AZRTOS-H7.3.2.0
2024-08-11 17:07:22,274 [WARN] PackLoader:240 - Cannot read IP mode file for Infineon.AIROC-Wi-Fi-Bluetooth-STM32.1.6.0
2024-08-11 17:07:22,294 [WARN] PackLoader:240 - Cannot read IP mode file for wolfSSL.I-CUBE-wolfSSH.1.4.17
2024-08-11 17:07:22,295 [INFO] ThirdParty:978 - Integrity check success = true
2024-08-11 17:07:22,295 [INFO] IntegrityCheckThread:100 - exiting critical section [integrity check]
2024-08-11 17:07:22,295 [INFO] IntegrityCheckThread:103 - End integrity checks thread
2024-08-11 17:07:27,023 [INFO] WebApp:161 - Instantiating new browser for Auth
2024-08-11 17:07:28,272 [INFO] WebApp:779 - Register for checkConnection events
2024-08-11 17:07:28,273 [INFO] WebApp:414 - Apply proxy settings
2024-08-11 17:07:28,273 [INFO] WebApp:499 - Chromium requires no authentication
2024-08-11 17:07:28,284 [INFO] WebApp:442 - Direct internet connection detected
2024-08-11 17:07:28,530 [INFO] WebApp:192 - Starting web application
2024-08-11 17:07:28,530 [INFO] WebApp:544 - Web application path used C:\ST\STM32CubeIDE_1.15.1\STM32CubeIDE\plugins\com.st.stm32cube.common.mx_6.11.1.202404110753\db\plugins\mcufinder\reactClient1\index.html
2024-08-11 21:54:05,417 [ERROR] LogOutputStream:75 - [STDERR_REDIRECT] 
