2024-08-06 09:32:31,300 [INFO] Activator:176 - 


2024-08-06 09:32:31,309 [INFO] Activator:177 - !SESSION log4j initialized
2024-08-06 09:32:41,687 [INFO] LogOutputStream:77 - [STDOUT_REDIRECT] 
2024-08-06 09:32:45,353 [INFO] ApplicationProperties:184 - Using Application install path: C:\ST\STM32CubeIDE_1.15.1\STM32CubeIDE\plugins\com.st.stm32cube.common.mx_6.11.1.202404110753
2024-08-06 09:32:45,381 [INFO] DbMcusXml:78 - Set database path to: C:\ST\STM32CubeIDE_1.15.1\STM32CubeIDE\plugins\com.st.stm32cube.common.mx_6.11.1.202404110753\\db\/mcu/
2024-08-06 09:32:45,381 [INFO] ApiDb:274 - Set plugin database path to: C:\ST\STM32CubeIDE_1.15.1\STM32CubeIDE\plugins\com.st.stm32cube.common.mx_6.11.1.202404110753\\db\/plugins/boardmanager/
2024-08-06 09:32:45,382 [WARN] ApiDb:259 - Overriding images path with different value:  => C:\ST\STM32CubeIDE_1.15.1\STM32CubeIDE\plugins\com.st.stm32cube.common.mx_6.11.1.202404110753\\db\/plugins/mcufinder/images/
2024-08-06 09:32:45,402 [INFO] ApiDb:250 - Set database path to: C:\Users\Matheus Markies\.stmcufinder\plugins\mcufinder//mcu/
2024-08-06 09:32:45,403 [INFO] DbMcusAds:125 - Set database path to: C:\Users\Matheus Markies\.stmcufinder\plugins\mcufinder//mcu/
2024-08-06 09:32:45,405 [INFO] CrossReferenceDbSqlite:203 - Set database path to: C:\Users\Matheus Markies\.stmcufinder\plugins\mcufinder//mcu/cs/
2024-08-06 09:32:45,574 [INFO] RulesReader:64 - Compatibility file has been processed (297 Rules)
2024-08-06 09:32:45,710 [INFO] DbMcusXml:78 - Set database path to: C:\ST\STM32CubeIDE_1.15.1\STM32CubeIDE\plugins\com.st.stm32cube.common.mx_6.11.1.202404110753\\db\/mcu/
2024-08-06 09:32:45,710 [INFO] ApiDb:274 - Set plugin database path to: C:\ST\STM32CubeIDE_1.15.1\STM32CubeIDE\plugins\com.st.stm32cube.common.mx_6.11.1.202404110753\\db\/plugins/boardmanager/
2024-08-06 09:32:45,710 [INFO] ApiDb:261 - Set plugin images path to: C:\ST\STM32CubeIDE_1.15.1\STM32CubeIDE\plugins\com.st.stm32cube.common.mx_6.11.1.202404110753\\db\/plugins/mcufinder/images/
2024-08-06 09:32:45,710 [WARN] DbFile:41 - Overriding database path with different value: C:\Users\Matheus Markies\.stmcufinder\plugins\mcufinder/ => C:\Users\Matheus Markies\.stmcufinder\plugins\mcufinder
2024-08-06 09:32:45,710 [INFO] ApiDb:250 - Set database path to: C:\Users\Matheus Markies\.stmcufinder\plugins\mcufinder//mcu/
2024-08-06 09:32:45,710 [WARN] DbFile:41 - Overriding database path with different value: C:\Users\Matheus Markies\.stmcufinder\plugins\mcufinder/ => C:\Users\Matheus Markies\.stmcufinder\plugins\mcufinder
2024-08-06 09:32:45,710 [INFO] DbMcusAds:125 - Set database path to: C:\Users\Matheus Markies\.stmcufinder\plugins\mcufinder//mcu/
2024-08-06 09:32:45,711 [WARN] DbFile:41 - Overriding database path with different value: C:\Users\Matheus Markies\.stmcufinder\plugins\mcufinder/ => C:\Users\Matheus Markies\.stmcufinder\plugins\mcufinder
2024-08-06 09:32:45,711 [WARN] DbFile:41 - Overriding database path with different value: C:\Users\Matheus Markies\.stmcufinder\plugins\mcufinder/ => C:\Users\Matheus Markies\.stmcufinder\plugins\mcufinder
2024-08-06 09:32:45,711 [INFO] CrossReferenceDbSqlite:203 - Set database path to: C:\Users\Matheus Markies\.stmcufinder\plugins\mcufinder//mcu/cs/
2024-08-06 09:32:45,827 [INFO] MainPanel:264 - HeapMemory: 268435456
2024-08-06 09:32:45,982 [INFO] DbMcusXml:78 - Set database path to: C:\ST\STM32CubeIDE_1.15.1\STM32CubeIDE\plugins\com.st.stm32cube.common.mx_6.11.1.202404110753\\db\/mcu/
2024-08-06 09:32:45,982 [INFO] ApiDb:274 - Set plugin database path to: C:\ST\STM32CubeIDE_1.15.1\STM32CubeIDE\plugins\com.st.stm32cube.common.mx_6.11.1.202404110753\\db\/plugins/boardmanager/
2024-08-06 09:32:45,982 [INFO] ApiDb:261 - Set plugin images path to: C:\ST\STM32CubeIDE_1.15.1\STM32CubeIDE\plugins\com.st.stm32cube.common.mx_6.11.1.202404110753\\db\/plugins/mcufinder/images/
2024-08-06 09:32:45,982 [WARN] DbFile:41 - Overriding database path with different value: C:\Users\Matheus Markies\.stmcufinder\plugins\mcufinder/ => C:\Users\Matheus Markies\.stmcufinder\plugins\mcufinder
2024-08-06 09:32:45,983 [INFO] ApiDb:250 - Set database path to: C:\Users\Matheus Markies\.stmcufinder\plugins\mcufinder//mcu/
2024-08-06 09:32:45,983 [WARN] DbFile:41 - Overriding database path with different value: C:\Users\Matheus Markies\.stmcufinder\plugins\mcufinder/ => C:\Users\Matheus Markies\.stmcufinder\plugins\mcufinder
2024-08-06 09:32:45,983 [INFO] DbMcusAds:125 - Set database path to: C:\Users\Matheus Markies\.stmcufinder\plugins\mcufinder//mcu/
2024-08-06 09:32:45,983 [WARN] DbFile:41 - Overriding database path with different value: C:\Users\Matheus Markies\.stmcufinder\plugins\mcufinder/ => C:\Users\Matheus Markies\.stmcufinder\plugins\mcufinder
2024-08-06 09:32:45,983 [WARN] DbFile:41 - Overriding database path with different value: C:\Users\Matheus Markies\.stmcufinder\plugins\mcufinder/ => C:\Users\Matheus Markies\.stmcufinder\plugins\mcufinder
2024-08-06 09:32:45,983 [INFO] CrossReferenceDbSqlite:203 - Set database path to: C:\Users\Matheus Markies\.stmcufinder\plugins\mcufinder//mcu/cs/
2024-08-06 09:32:46,008 [INFO] ApplicationProperties:184 - Using Application install path: C:\ST\STM32CubeIDE_1.15.1\STM32CubeIDE\plugins\com.st.stm32cube.common.mx_6.11.1.202404110753
2024-08-06 09:32:46,011 [INFO] PluginManage:196 - Search for loadable plugins [exclusion list=, ]
2024-08-06 09:32:46,013 [INFO] PluginManage:310 - Check plugin analytics
2024-08-06 09:32:46,250 [INFO] AnalyticsPlugin:253 - Accepted Software Licenses: 
2024-08-06 09:32:46,250 [INFO] AnalyticsPlugin:255 - Accepted CMSIS Pack Licenses: 
2024-08-06 09:32:46,250 [INFO] AnalyticsPlugin:257 - Accepted Firmware Licenses: FW.F4.1.28.0
2024-08-06 09:32:46,254 [INFO] PluginManage:359 - Loaded plugin analytics (category:tool,tabindex:-1)
2024-08-06 09:32:46,254 [INFO] PluginManage:310 - Check plugin cadmodel
2024-08-06 09:32:46,274 [INFO] CADModel:105 - Init CAD model plugin
2024-08-06 09:32:46,275 [INFO] PluginManage:359 - Loaded plugin cadmodel (category:power,tabindex:5)
2024-08-06 09:32:46,275 [INFO] PluginManage:310 - Check plugin clock
2024-08-06 09:32:46,308 [INFO] PluginManage:359 - Loaded plugin clock (category:base,tabindex:2)
2024-08-06 09:32:46,308 [INFO] PluginManage:310 - Check plugin ddr
2024-08-06 09:32:46,311 [INFO] PluginManage:359 - Loaded plugin ddr (category:tool,tabindex:6)
2024-08-06 09:32:46,312 [INFO] PluginManage:310 - Check plugin filemanager
2024-08-06 09:32:46,520 [INFO] PluginManage:359 - Loaded plugin filemanager (category:base,tabindex:10)
2024-08-06 09:32:46,521 [INFO] PluginManage:310 - Check plugin ipmanager
2024-08-06 09:32:46,532 [INFO] PluginManage:359 - Loaded plugin ipmanager (category:base,tabindex:5)
2024-08-06 09:32:46,533 [INFO] PluginManage:310 - Check plugin lpbam
2024-08-06 09:32:46,657 [INFO] PluginManage:359 - Loaded plugin lpbam (category:base,tabindex:0)
2024-08-06 09:32:46,657 [INFO] PluginManage:310 - Check plugin memorymap
2024-08-06 09:32:46,696 [INFO] PluginManage:359 - Loaded plugin memorymap (category:base,tabindex:4)
2024-08-06 09:32:46,696 [INFO] PluginManage:310 - Check plugin pinoutandconfiguration
2024-08-06 09:32:46,721 [INFO] PluginManage:359 - Loaded plugin pinoutandconfiguration (category:base,tabindex:1)
2024-08-06 09:32:46,721 [INFO] PluginManage:310 - Check plugin pinoutconfig
2024-08-06 09:32:46,844 [WARN] SupportedApi:132 - Cannot load RTOS API schema: s4s-elt-must-match.1: The content of 'definitions' must match (annotation?, (simpleType | complexType)?, (unique | key | keyref)*)). A problem was found starting at: attribute.
2024-08-06 09:32:47,053 [INFO] PluginManage:359 - Loaded plugin pinoutconfig (category:base,tabindex:0)
2024-08-06 09:32:47,053 [INFO] PluginManage:310 - Check plugin power
2024-08-06 09:32:47,093 [INFO] PluginManage:359 - Loaded plugin power (category:power,tabindex:4)
2024-08-06 09:32:47,093 [INFO] PluginManage:310 - Check plugin projectmanager
2024-08-06 09:32:47,112 [INFO] PluginManage:359 - Loaded plugin projectmanager (category:projectmanager,tabindex:3)
2024-08-06 09:32:47,113 [INFO] PluginManage:310 - Check plugin thirdparty
2024-08-06 09:32:47,458 [INFO] PluginManage:359 - Loaded plugin thirdparty (category:base,tabindex:-1)
2024-08-06 09:32:47,458 [INFO] PluginManage:310 - Check plugin tools
2024-08-06 09:32:47,458 [WARN] IntegrityCheckThread:84 - waiting for thirdparty lock release [integrity check]
2024-08-06 09:32:47,458 [INFO] IntegrityCheckThread:86 - entering critical section [integrity check]
2024-08-06 09:32:47,459 [INFO] ThirdPartyUpdaterWithRetryManager:70 - Updater plugin not ready yet. [1/15]
2024-08-06 09:32:47,498 [INFO] PluginManage:359 - Loaded plugin tools (category:base,tabindex:7)
2024-08-06 09:32:47,498 [INFO] PluginManage:310 - Check plugin tutovideos
2024-08-06 09:32:47,747 [INFO] PluginManage:359 - Loaded plugin tutovideos (category:base,tabindex:-1)
2024-08-06 09:32:47,748 [INFO] PluginManage:310 - Check plugin updater
2024-08-06 09:32:47,767 [INFO] PluginManage:359 - Loaded plugin updater (category:base,tabindex:12)
2024-08-06 09:32:47,767 [INFO] PluginManage:310 - Check plugin userauth
2024-08-06 09:32:47,782 [INFO] UserAuth:114 - Init User Auth plugin
2024-08-06 09:32:47,782 [INFO] PluginManage:359 - Loaded plugin userauth (category:base,tabindex:14)
2024-08-06 09:32:47,783 [INFO] PluginManage:283 - PluginManage : Loaded plugins [17]
2024-08-06 09:32:48,165 [INFO] PinOutPanel:1561 - setPackage(No Configuration,No Configuration)
2024-08-06 09:32:48,273 [INFO] CADModel:165 - CPN selected for project level
2024-08-06 09:32:48,273 [INFO] CADModel:114 - Register for checkConnection events
2024-08-06 09:32:48,305 [INFO] IPUIPlugin:80 - create IPUIPlugin
2024-08-06 09:32:48,305 [INFO] PluginManager:220 - loadIPPluginJar : add adc
2024-08-06 09:32:48,346 [INFO] IPUIPlugin:80 - create IPUIPlugin
2024-08-06 09:32:48,346 [INFO] PluginManager:220 - loadIPPluginJar : add aes
2024-08-06 09:32:48,391 [INFO] IPUIPlugin:80 - create IPUIPlugin
2024-08-06 09:32:48,391 [INFO] PluginManager:220 - loadIPPluginJar : add can
2024-08-06 09:32:48,426 [INFO] IPUIPlugin:80 - create IPUIPlugin
2024-08-06 09:32:48,427 [INFO] PluginManager:220 - loadIPPluginJar : add comp
2024-08-06 09:32:48,465 [INFO] IPUIPlugin:80 - create IPUIPlugin
2024-08-06 09:32:48,465 [INFO] PluginManager:220 - loadIPPluginJar : add cryp
2024-08-06 09:32:48,499 [INFO] IPUIPlugin:80 - create IPUIPlugin
2024-08-06 09:32:48,499 [INFO] PluginManager:220 - loadIPPluginJar : add dfsdm
2024-08-06 09:32:48,516 [INFO] IPUIPlugin:80 - create IPUIPlugin
2024-08-06 09:32:48,516 [INFO] PluginManager:220 - loadIPPluginJar : add dma
2024-08-06 09:32:48,566 [INFO] IPUIPlugin:80 - create IPUIPlugin
2024-08-06 09:32:48,566 [INFO] PluginManager:220 - loadIPPluginJar : add dma3
2024-08-06 09:32:48,617 [INFO] IPUIPlugin:80 - create IPUIPlugin
2024-08-06 09:32:48,617 [INFO] PluginManager:220 - loadIPPluginJar : add extmemmanager
2024-08-06 09:32:48,640 [INFO] IPUIPlugin:80 - create IPUIPlugin
2024-08-06 09:32:48,641 [INFO] PluginManager:220 - loadIPPluginJar : add fatfs
2024-08-06 09:32:48,693 [INFO] IPUIPlugin:80 - create IPUIPlugin
2024-08-06 09:32:48,694 [INFO] PluginManager:220 - loadIPPluginJar : add fmc
2024-08-06 09:32:48,713 [INFO] IPUIPlugin:80 - create IPUIPlugin
2024-08-06 09:32:48,713 [INFO] PluginManager:220 - loadIPPluginJar : add freertos
2024-08-06 09:32:48,737 [INFO] IPUIPlugin:80 - create IPUIPlugin
2024-08-06 09:32:48,737 [INFO] PluginManager:220 - loadIPPluginJar : add genericplugin
2024-08-06 09:32:48,841 [INFO] IPUIPlugin:80 - create IPUIPlugin
2024-08-06 09:32:48,841 [INFO] PluginManager:220 - loadIPPluginJar : add gfxmmu
2024-08-06 09:32:48,988 [INFO] IPUIPlugin:80 - create IPUIPlugin
2024-08-06 09:32:48,988 [INFO] PluginManager:220 - loadIPPluginJar : add gic
2024-08-06 09:32:49,005 [INFO] IPUIPlugin:80 - create IPUIPlugin
2024-08-06 09:32:49,006 [INFO] PluginManager:220 - loadIPPluginJar : add gpio
2024-08-06 09:32:49,117 [INFO] IPUIPlugin:80 - create IPUIPlugin
2024-08-06 09:32:49,117 [INFO] PluginManager:220 - loadIPPluginJar : add gtzc
2024-08-06 09:32:49,156 [INFO] IPUIPlugin:80 - create IPUIPlugin
2024-08-06 09:32:49,157 [INFO] PluginManager:220 - loadIPPluginJar : add hash
2024-08-06 09:32:49,215 [INFO] IPUIPlugin:80 - create IPUIPlugin
2024-08-06 09:32:49,215 [INFO] PluginManager:220 - loadIPPluginJar : add i2c
2024-08-06 09:32:49,260 [INFO] IPUIPlugin:80 - create IPUIPlugin
2024-08-06 09:32:49,260 [INFO] PluginManager:220 - loadIPPluginJar : add i2s
2024-08-06 09:32:49,310 [INFO] IPUIPlugin:80 - create IPUIPlugin
2024-08-06 09:32:49,310 [INFO] PluginManager:220 - loadIPPluginJar : add i3c
2024-08-06 09:32:49,433 [INFO] IPUIPlugin:80 - create IPUIPlugin
2024-08-06 09:32:49,433 [INFO] PluginManager:220 - loadIPPluginJar : add ipddr
2024-08-06 09:32:49,548 [INFO] IPUIPlugin:80 - create IPUIPlugin
2024-08-06 09:32:49,549 [INFO] PluginManager:220 - loadIPPluginJar : add linkedlist
2024-08-06 09:32:49,588 [INFO] IPUIPlugin:80 - create IPUIPlugin
2024-08-06 09:32:49,589 [INFO] PluginManager:220 - loadIPPluginJar : add lorawan
2024-08-06 09:32:49,629 [INFO] IPUIPlugin:80 - create IPUIPlugin
2024-08-06 09:32:49,629 [INFO] PluginManager:220 - loadIPPluginJar : add ltdc
2024-08-06 09:32:49,648 [INFO] IPUIPlugin:80 - create IPUIPlugin
2024-08-06 09:32:49,648 [INFO] PluginManager:220 - loadIPPluginJar : add mdma
2024-08-06 09:32:49,668 [INFO] IPUIPlugin:80 - create IPUIPlugin
2024-08-06 09:32:49,668 [INFO] PluginManager:220 - loadIPPluginJar : add nvic
2024-08-06 09:32:49,709 [INFO] IPUIPlugin:80 - create IPUIPlugin
2024-08-06 09:32:49,709 [INFO] PluginManager:220 - loadIPPluginJar : add opamp
2024-08-06 09:32:49,777 [INFO] IPUIPlugin:80 - create IPUIPlugin
2024-08-06 09:32:49,777 [INFO] PluginManager:220 - loadIPPluginJar : add openamp
2024-08-06 09:32:49,825 [INFO] IPUIPlugin:80 - create IPUIPlugin
2024-08-06 09:32:49,825 [INFO] PluginManager:220 - loadIPPluginJar : add pdm2pcm
2024-08-06 09:32:49,845 [INFO] IPUIPlugin:80 - create IPUIPlugin
2024-08-06 09:32:49,847 [INFO] PluginManager:220 - loadIPPluginJar : add plateformsettings
2024-08-06 09:32:49,872 [INFO] IPUIPlugin:80 - create IPUIPlugin
2024-08-06 09:32:49,872 [INFO] PluginManager:220 - loadIPPluginJar : add quadspi
2024-08-06 09:32:49,888 [INFO] IPUIPlugin:80 - create IPUIPlugin
2024-08-06 09:32:49,889 [INFO] PluginManager:220 - loadIPPluginJar : add resmgrutility
2024-08-06 09:32:49,942 [INFO] IPUIPlugin:80 - create IPUIPlugin
2024-08-06 09:32:49,942 [INFO] PluginManager:220 - loadIPPluginJar : add sai
2024-08-06 09:32:49,984 [INFO] IPUIPlugin:80 - create IPUIPlugin
2024-08-06 09:32:49,984 [INFO] PluginManager:220 - loadIPPluginJar : add spi
2024-08-06 09:32:50,061 [INFO] IPUIPlugin:80 - create IPUIPlugin
2024-08-06 09:32:50,061 [INFO] PluginManager:220 - loadIPPluginJar : add stm32_wpan
2024-08-06 09:32:50,088 [INFO] IPUIPlugin:80 - create IPUIPlugin
2024-08-06 09:32:50,088 [INFO] PluginManager:220 - loadIPPluginJar : add tim
2024-08-06 09:32:50,155 [INFO] IPUIPlugin:80 - create IPUIPlugin
2024-08-06 09:32:50,156 [INFO] PluginManager:220 - loadIPPluginJar : add touchsensing
2024-08-06 09:32:50,182 [INFO] IPUIPlugin:80 - create IPUIPlugin
2024-08-06 09:32:50,182 [INFO] PluginManager:220 - loadIPPluginJar : add tracer_emb
2024-08-06 09:32:50,209 [INFO] IPUIPlugin:80 - create IPUIPlugin
2024-08-06 09:32:50,209 [INFO] PluginManager:220 - loadIPPluginJar : add ts
2024-08-06 09:32:50,236 [INFO] IPUIPlugin:80 - create IPUIPlugin
2024-08-06 09:32:50,236 [INFO] PluginManager:220 - loadIPPluginJar : add tsc
2024-08-06 09:32:50,265 [INFO] IPUIPlugin:80 - create IPUIPlugin
2024-08-06 09:32:50,266 [INFO] PluginManager:220 - loadIPPluginJar : add ucpd
2024-08-06 09:32:50,315 [INFO] IPUIPlugin:80 - create IPUIPlugin
2024-08-06 09:32:50,315 [INFO] PluginManager:220 - loadIPPluginJar : add usart
2024-08-06 09:32:50,365 [INFO] IPUIPlugin:80 - create IPUIPlugin
2024-08-06 09:32:50,365 [INFO] PluginManager:220 - loadIPPluginJar : add usbx
2024-08-06 09:32:50,459 [INFO] ThirdPartyUpdaterWithRetryManager:70 - Updater plugin not ready yet. [2/15]
2024-08-06 09:32:50,512 [INFO] CADModel:165 - CPN selected for project level
2024-08-06 09:32:50,512 [INFO] CADModel:114 - Register for checkConnection events
2024-08-06 09:32:50,512 [FATAL] Updater:308 - Updater called before beeing initialized
2024-08-06 09:32:50,512 [ERROR] CADModel:125 - Updater not yet initialized, retry later 
2024-08-06 09:32:50,699 [INFO] CADModel:165 - CPN selected for project level
2024-08-06 09:32:50,699 [INFO] CADModel:114 - Register for checkConnection events
2024-08-06 09:32:50,699 [FATAL] Updater:308 - Updater called before beeing initialized
2024-08-06 09:32:50,699 [ERROR] CADModel:125 - Updater not yet initialized, retry later 
2024-08-06 09:32:50,702 [FATAL] Updater:308 - Updater called before beeing initialized
2024-08-06 09:32:50,841 [FATAL] Updater:308 - Updater called before beeing initialized
2024-08-06 09:32:50,854 [INFO] DbMcusAds:53 - JSON generation date=Thu May 16 06:22:01 BRT 2024 (1715851321109)
2024-08-06 09:32:50,854 [FATAL] Updater:308 - Updater called before beeing initialized
2024-08-06 09:32:50,956 [WARN] DetailPanel:346 - Failed to get advertising image, set to default
2024-08-06 09:32:51,085 [FATAL] Updater:308 - Updater called before beeing initialized
2024-08-06 09:32:51,088 [FATAL] Updater:308 - Updater called before beeing initialized
2024-08-06 09:32:51,088 [FATAL] Updater:308 - Updater called before beeing initialized
2024-08-06 09:32:51,088 [WARN] DetailPanel:346 - Failed to get advertising image, set to default
2024-08-06 09:32:51,089 [FATAL] Updater:308 - Updater called before beeing initialized
2024-08-06 09:32:51,166 [ERROR] Updater:1120 - MainUpdater not yet initialized. External WinMGr cannot be set.
2024-08-06 09:32:51,178 [INFO] Updater:1056 - Updater Version found : 6.11.1
2024-08-06 09:32:51,216 [INFO] ApplicationProperties:184 - Using Application install path: C:\ST\STM32CubeIDE_1.15.1\STM32CubeIDE\plugins\com.st.stm32cube.common.mx_6.11.1.202404110753
2024-08-06 09:32:52,800 [ERROR] LogOutputStream:75 - [STDERR_REDIRECT] Aug 06, 2024 9:32:52 AM java.util.prefs.WindowsPreferences <init>
2024-08-06 09:32:52,803 [ERROR] LogOutputStream:75 - [STDERR_REDIRECT] WARNING: Could not open/create prefs root node Software\JavaSoft\Prefs at root 0xffffffff80000002. Windows RegCreateKeyEx(...) returned error code 5.
2024-08-06 09:32:52,803 [ERROR] LogOutputStream:75 - [STDERR_REDIRECT] 
2024-08-06 09:32:53,182 [INFO] MainUpdater:2873 - connection check result : 10
2024-08-06 09:32:53,183 [INFO] MainUpdater:290 - Updater Check For Update Now.
2024-08-06 09:32:53,183 [INFO] MicroXplorer:498 - Change Database Version : DB.6.0.111
2024-08-06 09:32:53,199 [INFO] McuFinderGlobals:63 - Set McuFinder mode to 2 (CubeIDE integrated)
2024-08-06 09:32:53,218 [INFO] UserAuth:415 - Internet connection configuration mode: 1
2024-08-06 09:32:53,268 [INFO] JxBrowserEngine:152 - Initiate JxBrowser Engine with user profile folder
2024-08-06 09:32:53,523 [INFO] CheckServerUpdateThread:120 - End of CheckServer Thread
2024-08-06 09:32:53,868 [WARN] PackLoader:240 - Cannot read IP mode file for STMicroelectronics.FP-SNS-MOTENVWB1.1.4.0
2024-08-06 09:32:53,887 [WARN] PackLoader:240 - Cannot read IP mode file for STMicroelectronics.X-CUBE-SMBUS.2.1.0
2024-08-06 09:32:53,903 [WARN] PackLoader:240 - Cannot read IP mode file for STMicroelectronics.X-CUBE-TOUCHGFX.4.23.2
2024-08-06 09:32:53,957 [WARN] PackLoader:240 - Cannot read IP mode file for STMicroelectronics.X-CUBE-AZRTOS-F7.1.1.0
2024-08-06 09:32:54,004 [WARN] PackLoader:240 - Cannot read IP mode file for STMicroelectronics.FP-SNS-FLIGHT1.5.0.2
2024-08-06 09:32:54,029 [WARN] PackLoader:240 - Cannot read IP mode file for STMicroelectronics.X-CUBE-DISPLAY.3.0.0
2024-08-06 09:32:54,056 [WARN] PackLoader:240 - Cannot read IP mode file for STMicroelectronics.X-CUBE-BLE1.7.0.0
2024-08-06 09:32:54,083 [WARN] PackLoader:240 - Cannot read IP mode file for emotas.I-CUBE-CANOPEN.1.3.0
2024-08-06 09:32:54,114 [WARN] PackLoader:240 - Cannot read IP mode file for STMicroelectronics.X-CUBE-BLEMGR.3.1.0
2024-08-06 09:32:54,138 [WARN] PackLoader:240 - Cannot read IP mode file for STMicroelectronics.FP-SNS-SMARTAG2.1.2.0
2024-08-06 09:32:54,167 [INFO] LogOutputStream:77 - [STDOUT_REDIRECT] 1 : Invalid condition id : UX_CORESTACK_Condition cause : null
2024-08-06 09:32:54,169 [INFO] LogOutputStream:77 - [STDOUT_REDIRECT] 1 : Invalid condition id : UX_CORESTACK_Condition cause : null
2024-08-06 09:32:54,171 [INFO] LogOutputStream:77 - [STDOUT_REDIRECT] 1 : Invalid condition id : UX_CORESTACK_Condition cause : null
2024-08-06 09:32:54,173 [INFO] LogOutputStream:77 - [STDOUT_REDIRECT] 1 : Invalid condition id : UX_CORESTACK_Condition cause : null
2024-08-06 09:32:54,174 [INFO] LogOutputStream:77 - [STDOUT_REDIRECT] 1 : Invalid condition id : UX_CORESTACK_Condition cause : null
2024-08-06 09:32:54,179 [WARN] PackLoader:240 - Cannot read IP mode file for STMicroelectronics.X-CUBE-AZRTOS-WL.2.0.0
2024-08-06 09:32:54,198 [WARN] PackLoader:240 - Cannot read IP mode file for STMicroelectronics.FP-SNS-MOTENV1.5.0.0
2024-08-06 09:32:54,220 [WARN] PackLoader:240 - Cannot read IP mode file for wolfSSL.I-CUBE-wolfMQTT.1.19.0
2024-08-06 09:32:54,239 [WARN] PackLoader:240 - Cannot read IP mode file for WES.I-CUBE-Cesium.1.3.0
2024-08-06 09:32:54,264 [WARN] PackLoader:240 - Cannot read IP mode file for STMicroelectronics.X-CUBE-BLE2.3.3.0
2024-08-06 09:32:54,281 [WARN] PackLoader:240 - Cannot read IP mode file for STMicroelectronics.X-CUBE-TCPP.4.1.0
2024-08-06 09:32:54,325 [WARN] PackLoader:240 - Cannot read IP mode file for STMicroelectronics.X-CUBE-AZRTOS-G0.1.1.0
2024-08-06 09:32:54,351 [WARN] PackLoader:240 - Cannot read IP mode file for STMicroelectronics.X-CUBE-SAFEA1.1.2.2
2024-08-06 09:32:54,369 [WARN] PackLoader:240 - Cannot read IP mode file for STMicroelectronics.X-CUBE-NFC4.3.0.0
2024-08-06 09:32:54,381 [WARN] PackLoader:240 - Cannot read IP mode file for wolfSSL.I-CUBE-wolfMQTT.1.18.0
2024-08-06 09:32:54,404 [WARN] PackLoader:240 - Cannot read IP mode file for EmbeddedOffice.I-CUBE-FS-RTOS.1.0.1
2024-08-06 09:32:54,404 [ERROR] ConditionMgr:805 - Attr not supported : Dmpu
2024-08-06 09:32:54,404 [ERROR] ConditionMgr:805 - Attr not supported : Dmpu
2024-08-06 09:32:54,404 [ERROR] ConditionMgr:805 - Attr not supported : Dmpu
2024-08-06 09:32:54,404 [ERROR] ConditionMgr:805 - Attr not supported : Dmpu
2024-08-06 09:32:54,404 [ERROR] ConditionMgr:805 - Attr not supported : Dmpu
2024-08-06 09:32:54,404 [ERROR] ConditionMgr:805 - Attr not supported : Dmpu
2024-08-06 09:32:54,405 [ERROR] ConditionMgr:805 - Attr not supported : Dmpu
2024-08-06 09:32:54,405 [ERROR] ConditionMgr:805 - Attr not supported : Dmpu
2024-08-06 09:32:54,405 [ERROR] ConditionMgr:805 - Attr not supported : Dmpu
2024-08-06 09:32:54,405 [ERROR] ConditionMgr:805 - Attr not supported : Dmpu
2024-08-06 09:32:54,405 [ERROR] ConditionMgr:805 - Attr not supported : Dmpu
2024-08-06 09:32:54,405 [ERROR] ConditionMgr:805 - Attr not supported : Dmpu
2024-08-06 09:32:54,405 [ERROR] ConditionMgr:805 - Attr not supported : Dmpu
2024-08-06 09:32:54,405 [ERROR] ConditionMgr:805 - Attr not supported : Dmpu
2024-08-06 09:32:54,405 [ERROR] ConditionMgr:805 - Attr not supported : Dmpu
2024-08-06 09:32:54,405 [ERROR] ConditionMgr:805 - Attr not supported : Dmpu
2024-08-06 09:32:54,405 [ERROR] ConditionMgr:805 - Attr not supported : Dmpu
2024-08-06 09:32:54,405 [ERROR] ConditionMgr:805 - Attr not supported : Dmpu
2024-08-06 09:32:54,405 [ERROR] ConditionMgr:805 - Attr not supported : Dmpu
2024-08-06 09:32:54,406 [ERROR] ConditionMgr:805 - Attr not supported : Dmpu
2024-08-06 09:32:54,406 [ERROR] ConditionMgr:805 - Attr not supported : Dmpu
2024-08-06 09:32:54,406 [ERROR] ConditionMgr:805 - Attr not supported : Dmpu
2024-08-06 09:32:54,406 [ERROR] ConditionMgr:805 - Attr not supported : Dmpu
2024-08-06 09:32:54,406 [ERROR] ConditionMgr:805 - Attr not supported : Dmpu
2024-08-06 09:32:54,406 [ERROR] ConditionMgr:805 - Attr not supported : Dmpu
2024-08-06 09:32:54,406 [ERROR] ConditionMgr:805 - Attr not supported : Dmpu
2024-08-06 09:32:54,406 [ERROR] ConditionMgr:805 - Attr not supported : Dmpu
2024-08-06 09:32:54,406 [ERROR] ConditionMgr:805 - Attr not supported : Dmpu
2024-08-06 09:32:54,406 [ERROR] ConditionMgr:805 - Attr not supported : Dmpu
2024-08-06 09:32:54,406 [ERROR] ConditionMgr:805 - Attr not supported : Dmpu
2024-08-06 09:32:54,406 [ERROR] ConditionMgr:805 - Attr not supported : Dmpu
2024-08-06 09:32:54,407 [ERROR] ConditionMgr:805 - Attr not supported : Dmpu
2024-08-06 09:32:54,407 [ERROR] ConditionMgr:805 - Attr not supported : Dmpu
2024-08-06 09:32:54,407 [ERROR] ConditionMgr:805 - Attr not supported : Dmpu
2024-08-06 09:32:54,407 [ERROR] ConditionMgr:805 - Attr not supported : Dmpu
2024-08-06 09:32:54,407 [ERROR] ConditionMgr:805 - Attr not supported : Dmpu
2024-08-06 09:32:54,407 [ERROR] ConditionMgr:805 - Attr not supported : Dmpu
2024-08-06 09:32:54,407 [ERROR] ConditionMgr:805 - Attr not supported : Dmpu
2024-08-06 09:32:54,407 [ERROR] ConditionMgr:805 - Attr not supported : Dmpu
2024-08-06 09:32:54,407 [ERROR] ConditionMgr:805 - Attr not supported : Dmpu
2024-08-06 09:32:54,407 [ERROR] ConditionMgr:805 - Attr not supported : Dmpu
2024-08-06 09:32:54,407 [ERROR] ConditionMgr:805 - Attr not supported : Dmpu
2024-08-06 09:32:54,408 [ERROR] ConditionMgr:805 - Attr not supported : Dmpu
2024-08-06 09:32:54,408 [ERROR] ConditionMgr:805 - Attr not supported : Dmpu
2024-08-06 09:32:54,408 [ERROR] ConditionMgr:805 - Attr not supported : Dmpu
2024-08-06 09:32:54,408 [ERROR] ConditionMgr:805 - Attr not supported : Dmpu
2024-08-06 09:32:54,408 [ERROR] ConditionMgr:805 - Attr not supported : Dmpu
2024-08-06 09:32:54,408 [ERROR] ConditionMgr:805 - Attr not supported : Dmpu
2024-08-06 09:32:54,409 [ERROR] ConditionMgr:805 - Attr not supported : Dmpu
2024-08-06 09:32:54,409 [ERROR] ConditionMgr:805 - Attr not supported : Dmpu
2024-08-06 09:32:54,409 [ERROR] ConditionMgr:805 - Attr not supported : Dmpu
2024-08-06 09:32:54,409 [ERROR] ConditionMgr:805 - Attr not supported : Dmpu
2024-08-06 09:32:54,409 [ERROR] ConditionMgr:805 - Attr not supported : Dmpu
2024-08-06 09:32:54,409 [ERROR] ConditionMgr:805 - Attr not supported : Dmpu
2024-08-06 09:32:54,409 [ERROR] ConditionMgr:805 - Attr not supported : Dmpu
2024-08-06 09:32:54,409 [ERROR] ConditionMgr:805 - Attr not supported : Dmpu
2024-08-06 09:32:54,409 [ERROR] ConditionMgr:805 - Attr not supported : Dmpu
2024-08-06 09:32:54,409 [ERROR] ConditionMgr:805 - Attr not supported : Dmpu
2024-08-06 09:32:54,409 [ERROR] ConditionMgr:805 - Attr not supported : Dmpu
2024-08-06 09:32:54,409 [ERROR] ConditionMgr:805 - Attr not supported : Dmpu
2024-08-06 09:32:54,409 [ERROR] ConditionMgr:805 - Attr not supported : Dmpu
2024-08-06 09:32:54,410 [ERROR] ConditionMgr:805 - Attr not supported : Dmpu
2024-08-06 09:32:54,410 [ERROR] ConditionMgr:805 - Attr not supported : Dmpu
2024-08-06 09:32:54,410 [ERROR] ConditionMgr:805 - Attr not supported : Dmpu
2024-08-06 09:32:54,429 [WARN] PackLoader:240 - Cannot read IP mode file for RealThread.X-CUBE-RT-Thread_Nano.4.1.1
2024-08-06 09:32:54,441 [WARN] PackLoader:240 - Cannot read IP mode file for wolfSSL.I-CUBE-wolfSSL.5.7.0
2024-08-06 09:32:54,454 [WARN] PackLoader:240 - Cannot read IP mode file for STMicroelectronics.FP-ATR-SIGFOX1.3.2.0
2024-08-06 09:32:54,469 [WARN] PackLoader:240 - Cannot read IP mode file for STMicroelectronics.X-CUBE-EEPRMA1.5.1.0
2024-08-06 09:32:54,487 [WARN] PackLoader:240 - Cannot read IP mode file for ITTIA_DB.I-CUBE-ITTIADB.8.9.0
2024-08-06 09:32:54,534 [WARN] PackLoader:240 - Cannot read IP mode file for SEGGER.I-CUBE-embOS.1.3.1
2024-08-06 09:32:54,598 [WARN] PackLoader:240 - Cannot read IP mode file for STMicroelectronics.X-CUBE-ALGOBUILD.1.4.0
2024-08-06 09:32:54,613 [WARN] PackLoader:240 - Cannot read IP mode file for STMicroelectronics.X-CUBE-GNSS1.6.0.0
2024-08-06 09:32:54,648 [WARN] PackLoader:240 - Cannot read IP mode file for STMicroelectronics.X-CUBE-AZRTOS-F4.1.1.0
2024-08-06 09:32:54,669 [WARN] PackLoader:240 - Cannot read IP mode file for STMicroelectronics.X-CUBE-FREERTOS.1.2.0
2024-08-06 09:32:54,707 [WARN] PackLoader:240 - Cannot read IP mode file for STMicroelectronics.X-CUBE-AZRTOS-L5.2.0.0
2024-08-06 09:32:54,730 [WARN] PackLoader:240 - Cannot read IP mode file for STMicroelectronics.X-CUBE-NFC6.3.1.0
2024-08-06 09:32:54,763 [WARN] PackLoader:240 - Cannot read IP mode file for STMicroelectronics.X-CUBE-DPower.1.2.0
2024-08-06 09:32:54,783 [WARN] PackLoader:240 - Cannot read IP mode file for STMicroelectronics.X-CUBE-AI.9.0.0
2024-08-06 09:32:54,799 [WARN] PackLoader:240 - Cannot read IP mode file for STMicroelectronics.X-CUBE-NFC7.1.0.1
2024-08-06 09:32:54,814 [WARN] PackLoader:240 - Cannot read IP mode file for wolfSSL.I-CUBE-wolfTPM.3.2.0
2024-08-06 09:32:54,862 [WARN] ConditionMgr:438 - getConditionDescription Invalid condition id : LAN8742 Phy interface Condition cause : null
2024-08-06 09:32:54,862 [WARN] PackLoader:240 - Cannot read IP mode file for STMicroelectronics.X-CUBE-AZRTOS-L4.2.0.0
2024-08-06 09:32:54,864 [WARN] ConditionMgr:1039 - genDependencies : Invalid condition id : LAN8742 Phy interface Condition cause : null
2024-08-06 09:32:54,864 [WARN] ConditionMgr:1039 - genDependencies : Invalid condition id : LAN8742 Phy interface Condition cause : null
2024-08-06 09:32:54,864 [WARN] ConditionMgr:1039 - genDependencies : Invalid condition id : LAN8742 Phy interface Condition cause : null
2024-08-06 09:32:54,887 [WARN] PackLoader:240 - Cannot read IP mode file for STMicroelectronics.X-CUBE-SFXS2LP1.4.0.0
2024-08-06 09:32:55,152 [WARN] ConditionMgr:438 - getConditionDescription Invalid condition id : UX DEVICE CLASS RTOS Condition cause : null
2024-08-06 09:32:55,153 [WARN] ConditionMgr:438 - getConditionDescription Invalid condition id : UX DEVICE CLASS RTOS Condition cause : null
2024-08-06 09:32:55,155 [WARN] PackLoader:240 - Cannot read IP mode file for STMicroelectronics.X-CUBE-AZRTOS-WB.2.0.0
2024-08-06 09:32:55,157 [WARN] ConditionMgr:1039 - genDependencies : Invalid condition id : UX DEVICE CLASS RTOS Condition cause : null
2024-08-06 09:32:55,157 [WARN] ConditionMgr:1039 - genDependencies : Invalid condition id : UX DEVICE CLASS RTOS Condition cause : null
2024-08-06 09:32:55,159 [WARN] ConditionMgr:1039 - genDependencies : Invalid condition id : UX DEVICE CLASS RTOS Condition cause : null
2024-08-06 09:32:55,160 [WARN] ConditionMgr:1039 - genDependencies : Invalid condition id : UX DEVICE CLASS RTOS Condition cause : null
2024-08-06 09:32:55,160 [WARN] ConditionMgr:1039 - genDependencies : Invalid condition id : UX DEVICE CLASS RTOS Condition cause : null
2024-08-06 09:32:55,186 [WARN] PackLoader:240 - Cannot read IP mode file for STMicroelectronics.FP-SNS-STBOX1.2.0.0
2024-08-06 09:32:55,216 [WARN] PackLoader:240 - Cannot read IP mode file for STMicroelectronics.X-CUBE-SUBG2.5.0.0
2024-08-06 09:32:55,260 [WARN] PackLoader:240 - Cannot read IP mode file for STMicroelectronics.X-CUBE-AZRTOS-G4.2.0.0
2024-08-06 09:32:55,277 [WARN] PackLoader:240 - Cannot read IP mode file for STMicroelectronics.X-CUBE-ISPU.2.0.0
2024-08-06 09:32:55,299 [WARN] PackLoader:240 - Cannot read IP mode file for STMicroelectronics.X-CUBE-ALS.1.0.2
2024-08-06 09:32:55,369 [WARN] PackLoader:240 - Cannot read IP mode file for STMicroelectronics.X-CUBE-MEMS1.10.0.0
2024-08-06 09:32:55,511 [WARN] PackLoader:240 - Cannot read IP mode file for STMicroelectronics.X-CUBE-TOUCHGFX.4.24.0
2024-08-06 09:32:55,528 [WARN] PackLoader:240 - Cannot read IP mode file for portGmbH.I-Cube-SoM-uGOAL.1.1.0
2024-08-06 09:32:55,541 [WARN] PackLoader:240 - Cannot read IP mode file for STMicroelectronics.X-CUBE-ALS.1.0.1
2024-08-06 09:32:55,581 [WARN] PackLoader:240 - Cannot read IP mode file for STMicroelectronics.X-CUBE-AZRTOS-H7RS.1.0.0
2024-08-06 09:32:55,610 [WARN] PackLoader:240 - Cannot read IP mode file for STMicroelectronics.FP-ATR-ASTRA1.2.0.0
2024-08-06 09:32:55,641 [WARN] PackLoader:240 - Cannot read IP mode file for STMicroelectronics.X-CUBE-TOF1.3.4.2
2024-08-06 09:32:55,695 [WARN] PackLoader:240 - Cannot read IP mode file for STMicroelectronics.X-CUBE-TOF1.3.4.1
2024-08-06 09:32:55,741 [WARN] PackLoader:240 - Cannot read IP mode file for STMicroelectronics.X-CUBE-AZRTOS-H7.3.2.0
2024-08-06 09:32:55,772 [WARN] PackLoader:240 - Cannot read IP mode file for Infineon.AIROC-Wi-Fi-Bluetooth-STM32.1.6.0
2024-08-06 09:32:55,790 [WARN] PackLoader:240 - Cannot read IP mode file for wolfSSL.I-CUBE-wolfSSH.1.4.17
2024-08-06 09:32:55,791 [INFO] ThirdParty:978 - Integrity check success = true
2024-08-06 09:32:55,791 [INFO] IntegrityCheckThread:100 - exiting critical section [integrity check]
2024-08-06 09:32:55,791 [INFO] IntegrityCheckThread:103 - End integrity checks thread
2024-08-06 09:33:01,000 [INFO] WebApp:161 - Instantiating new browser for Auth
2024-08-06 09:33:02,253 [INFO] WebApp:779 - Register for checkConnection events
2024-08-06 09:33:02,253 [INFO] WebApp:414 - Apply proxy settings
2024-08-06 09:33:02,253 [INFO] WebApp:499 - Chromium requires no authentication
2024-08-06 09:33:02,263 [INFO] WebApp:442 - Direct internet connection detected
2024-08-06 09:33:02,491 [INFO] WebApp:192 - Starting web application
2024-08-06 09:33:02,491 [INFO] WebApp:544 - Web application path used C:\ST\STM32CubeIDE_1.15.1\STM32CubeIDE\plugins\com.st.stm32cube.common.mx_6.11.1.202404110753\db\plugins\mcufinder\reactClient1\index.html
2024-08-06 10:03:21,130 [ERROR] ConfigurationRetriever:142 - IOException on connection: sw-center.st.com
2024-08-06 10:03:21,131 [ERROR] ConfigurationRetriever:142 - IOException on connection: sw-center.st.com
2024-08-06 10:03:21,131 [ERROR] ConfigurationRetriever:142 - IOException on connection: sw-center.st.com
2024-08-06 11:08:24,599 [ERROR] ConfigurationRetriever:142 - IOException on connection: Read timed out
2024-08-06 11:08:26,620 [ERROR] ConfigurationRetriever:142 - IOException on connection: Read timed out
2024-08-06 11:08:28,636 [ERROR] ConfigurationRetriever:142 - IOException on connection: Read timed out
2024-08-06 11:08:30,689 [ERROR] ConfigurationRetriever:142 - IOException on connection: Read timed out
2024-08-06 11:08:32,705 [ERROR] ConfigurationRetriever:142 - IOException on connection: Read timed out
2024-08-06 11:08:34,721 [ERROR] ConfigurationRetriever:142 - IOException on connection: Read timed out
2024-08-06 21:32:06,416 [ERROR] LogOutputStream:75 - [STDERR_REDIRECT] 
2024-08-06 21:32:06,417 [ERROR] LogOutputStream:75 - [STDERR_REDIRECT] 
