2024-07-31 09:26:18,389 [INFO] Activator:176 - 


2024-07-31 09:26:18,398 [INFO] Activator:177 - !SESSION log4j initialized
2024-07-31 09:26:27,336 [INFO] LogOutputStream:77 - [STDOUT_REDIRECT] 
2024-07-31 09:26:30,677 [INFO] ApplicationProperties:184 - Using Application install path: C:\ST\STM32CubeIDE_1.15.1\STM32CubeIDE\plugins\com.st.stm32cube.common.mx_6.11.1.202404110753
2024-07-31 09:26:30,703 [INFO] DbMcusXml:78 - Set database path to: C:\ST\STM32CubeIDE_1.15.1\STM32CubeIDE\plugins\com.st.stm32cube.common.mx_6.11.1.202404110753\\db\/mcu/
2024-07-31 09:26:30,703 [INFO] ApiDb:274 - Set plugin database path to: C:\ST\STM32CubeIDE_1.15.1\STM32CubeIDE\plugins\com.st.stm32cube.common.mx_6.11.1.202404110753\\db\/plugins/boardmanager/
2024-07-31 09:26:30,704 [WARN] ApiDb:259 - Overriding images path with different value:  => C:\ST\STM32CubeIDE_1.15.1\STM32CubeIDE\plugins\com.st.stm32cube.common.mx_6.11.1.202404110753\\db\/plugins/mcufinder/images/
2024-07-31 09:26:30,715 [INFO] ApiDb:250 - Set database path to: C:\Users\Matheus Markies\.stmcufinder\plugins\mcufinder//mcu/
2024-07-31 09:26:30,716 [INFO] DbMcusAds:125 - Set database path to: C:\Users\Matheus Markies\.stmcufinder\plugins\mcufinder//mcu/
2024-07-31 09:26:30,718 [INFO] CrossReferenceDbSqlite:203 - Set database path to: C:\Users\Matheus Markies\.stmcufinder\plugins\mcufinder//mcu/cs/
2024-07-31 09:26:30,893 [INFO] RulesReader:64 - Compatibility file has been processed (297 Rules)
2024-07-31 09:26:31,263 [INFO] DbMcusXml:78 - Set database path to: C:\ST\STM32CubeIDE_1.15.1\STM32CubeIDE\plugins\com.st.stm32cube.common.mx_6.11.1.202404110753\\db\/mcu/
2024-07-31 09:26:31,263 [INFO] ApiDb:274 - Set plugin database path to: C:\ST\STM32CubeIDE_1.15.1\STM32CubeIDE\plugins\com.st.stm32cube.common.mx_6.11.1.202404110753\\db\/plugins/boardmanager/
2024-07-31 09:26:31,264 [INFO] ApiDb:261 - Set plugin images path to: C:\ST\STM32CubeIDE_1.15.1\STM32CubeIDE\plugins\com.st.stm32cube.common.mx_6.11.1.202404110753\\db\/plugins/mcufinder/images/
2024-07-31 09:26:31,264 [WARN] DbFile:41 - Overriding database path with different value: C:\Users\Matheus Markies\.stmcufinder\plugins\mcufinder/ => C:\Users\Matheus Markies\.stmcufinder\plugins\mcufinder
2024-07-31 09:26:31,264 [INFO] ApiDb:250 - Set database path to: C:\Users\Matheus Markies\.stmcufinder\plugins\mcufinder//mcu/
2024-07-31 09:26:31,264 [WARN] DbFile:41 - Overriding database path with different value: C:\Users\Matheus Markies\.stmcufinder\plugins\mcufinder/ => C:\Users\Matheus Markies\.stmcufinder\plugins\mcufinder
2024-07-31 09:26:31,264 [INFO] DbMcusAds:125 - Set database path to: C:\Users\Matheus Markies\.stmcufinder\plugins\mcufinder//mcu/
2024-07-31 09:26:31,264 [WARN] DbFile:41 - Overriding database path with different value: C:\Users\Matheus Markies\.stmcufinder\plugins\mcufinder/ => C:\Users\Matheus Markies\.stmcufinder\plugins\mcufinder
2024-07-31 09:26:31,264 [WARN] DbFile:41 - Overriding database path with different value: C:\Users\Matheus Markies\.stmcufinder\plugins\mcufinder/ => C:\Users\Matheus Markies\.stmcufinder\plugins\mcufinder
2024-07-31 09:26:31,265 [INFO] CrossReferenceDbSqlite:203 - Set database path to: C:\Users\Matheus Markies\.stmcufinder\plugins\mcufinder//mcu/cs/
2024-07-31 09:26:31,388 [INFO] MainPanel:264 - HeapMemory: 268435456
2024-07-31 09:26:31,547 [INFO] DbMcusXml:78 - Set database path to: C:\ST\STM32CubeIDE_1.15.1\STM32CubeIDE\plugins\com.st.stm32cube.common.mx_6.11.1.202404110753\\db\/mcu/
2024-07-31 09:26:31,547 [INFO] ApiDb:274 - Set plugin database path to: C:\ST\STM32CubeIDE_1.15.1\STM32CubeIDE\plugins\com.st.stm32cube.common.mx_6.11.1.202404110753\\db\/plugins/boardmanager/
2024-07-31 09:26:31,547 [INFO] ApiDb:261 - Set plugin images path to: C:\ST\STM32CubeIDE_1.15.1\STM32CubeIDE\plugins\com.st.stm32cube.common.mx_6.11.1.202404110753\\db\/plugins/mcufinder/images/
2024-07-31 09:26:31,548 [WARN] DbFile:41 - Overriding database path with different value: C:\Users\Matheus Markies\.stmcufinder\plugins\mcufinder/ => C:\Users\Matheus Markies\.stmcufinder\plugins\mcufinder
2024-07-31 09:26:31,548 [INFO] ApiDb:250 - Set database path to: C:\Users\Matheus Markies\.stmcufinder\plugins\mcufinder//mcu/
2024-07-31 09:26:31,548 [WARN] DbFile:41 - Overriding database path with different value: C:\Users\Matheus Markies\.stmcufinder\plugins\mcufinder/ => C:\Users\Matheus Markies\.stmcufinder\plugins\mcufinder
2024-07-31 09:26:31,548 [INFO] DbMcusAds:125 - Set database path to: C:\Users\Matheus Markies\.stmcufinder\plugins\mcufinder//mcu/
2024-07-31 09:26:31,548 [WARN] DbFile:41 - Overriding database path with different value: C:\Users\Matheus Markies\.stmcufinder\plugins\mcufinder/ => C:\Users\Matheus Markies\.stmcufinder\plugins\mcufinder
2024-07-31 09:26:31,549 [WARN] DbFile:41 - Overriding database path with different value: C:\Users\Matheus Markies\.stmcufinder\plugins\mcufinder/ => C:\Users\Matheus Markies\.stmcufinder\plugins\mcufinder
2024-07-31 09:26:31,549 [INFO] CrossReferenceDbSqlite:203 - Set database path to: C:\Users\Matheus Markies\.stmcufinder\plugins\mcufinder//mcu/cs/
2024-07-31 09:26:31,578 [INFO] ApplicationProperties:184 - Using Application install path: C:\ST\STM32CubeIDE_1.15.1\STM32CubeIDE\plugins\com.st.stm32cube.common.mx_6.11.1.202404110753
2024-07-31 09:26:31,581 [INFO] PluginManage:196 - Search for loadable plugins [exclusion list=, ]
2024-07-31 09:26:31,583 [INFO] PluginManage:310 - Check plugin analytics
2024-07-31 09:26:31,835 [INFO] AnalyticsPlugin:253 - Accepted Software Licenses: 
2024-07-31 09:26:31,835 [INFO] AnalyticsPlugin:255 - Accepted CMSIS Pack Licenses: 
2024-07-31 09:26:31,835 [INFO] AnalyticsPlugin:257 - Accepted Firmware Licenses: FW.F4.1.28.0
2024-07-31 09:26:31,837 [INFO] PluginManage:359 - Loaded plugin analytics (category:tool,tabindex:-1)
2024-07-31 09:26:31,838 [INFO] PluginManage:310 - Check plugin cadmodel
2024-07-31 09:26:31,858 [INFO] CADModel:105 - Init CAD model plugin
2024-07-31 09:26:31,858 [INFO] PluginManage:359 - Loaded plugin cadmodel (category:power,tabindex:5)
2024-07-31 09:26:31,858 [INFO] PluginManage:310 - Check plugin clock
2024-07-31 09:26:31,894 [INFO] PluginManage:359 - Loaded plugin clock (category:base,tabindex:2)
2024-07-31 09:26:31,894 [INFO] PluginManage:310 - Check plugin ddr
2024-07-31 09:26:31,898 [INFO] PluginManage:359 - Loaded plugin ddr (category:tool,tabindex:6)
2024-07-31 09:26:31,898 [INFO] PluginManage:310 - Check plugin filemanager
2024-07-31 09:26:32,096 [INFO] PluginManage:359 - Loaded plugin filemanager (category:base,tabindex:10)
2024-07-31 09:26:32,096 [INFO] PluginManage:310 - Check plugin ipmanager
2024-07-31 09:26:32,105 [INFO] PluginManage:359 - Loaded plugin ipmanager (category:base,tabindex:5)
2024-07-31 09:26:32,106 [INFO] PluginManage:310 - Check plugin lpbam
2024-07-31 09:26:32,128 [INFO] PluginManage:359 - Loaded plugin lpbam (category:base,tabindex:0)
2024-07-31 09:26:32,128 [INFO] PluginManage:310 - Check plugin memorymap
2024-07-31 09:26:32,164 [INFO] PluginManage:359 - Loaded plugin memorymap (category:base,tabindex:4)
2024-07-31 09:26:32,164 [INFO] PluginManage:310 - Check plugin pinoutandconfiguration
2024-07-31 09:26:32,187 [INFO] PluginManage:359 - Loaded plugin pinoutandconfiguration (category:base,tabindex:1)
2024-07-31 09:26:32,187 [INFO] PluginManage:310 - Check plugin pinoutconfig
2024-07-31 09:26:32,319 [WARN] SupportedApi:132 - Cannot load RTOS API schema: s4s-elt-must-match.1: The content of 'definitions' must match (annotation?, (simpleType | complexType)?, (unique | key | keyref)*)). A problem was found starting at: attribute.
2024-07-31 09:26:32,499 [INFO] PluginManage:359 - Loaded plugin pinoutconfig (category:base,tabindex:0)
2024-07-31 09:26:32,500 [INFO] PluginManage:310 - Check plugin power
2024-07-31 09:26:32,558 [INFO] PluginManage:359 - Loaded plugin power (category:power,tabindex:4)
2024-07-31 09:26:32,559 [INFO] PluginManage:310 - Check plugin projectmanager
2024-07-31 09:26:32,580 [INFO] PluginManage:359 - Loaded plugin projectmanager (category:projectmanager,tabindex:3)
2024-07-31 09:26:32,580 [INFO] PluginManage:310 - Check plugin thirdparty
2024-07-31 09:26:32,962 [INFO] PluginManage:359 - Loaded plugin thirdparty (category:base,tabindex:-1)
2024-07-31 09:26:32,962 [INFO] PluginManage:310 - Check plugin tools
2024-07-31 09:26:32,962 [WARN] IntegrityCheckThread:84 - waiting for thirdparty lock release [integrity check]
2024-07-31 09:26:32,963 [INFO] IntegrityCheckThread:86 - entering critical section [integrity check]
2024-07-31 09:26:32,964 [INFO] ThirdPartyUpdaterWithRetryManager:70 - Updater plugin not ready yet. [1/15]
2024-07-31 09:26:33,007 [INFO] PluginManage:359 - Loaded plugin tools (category:base,tabindex:7)
2024-07-31 09:26:33,007 [INFO] PluginManage:310 - Check plugin tutovideos
2024-07-31 09:26:33,268 [INFO] PluginManage:359 - Loaded plugin tutovideos (category:base,tabindex:-1)
2024-07-31 09:26:33,268 [INFO] PluginManage:310 - Check plugin updater
2024-07-31 09:26:33,291 [INFO] PluginManage:359 - Loaded plugin updater (category:base,tabindex:12)
2024-07-31 09:26:33,291 [INFO] PluginManage:310 - Check plugin userauth
2024-07-31 09:26:33,300 [INFO] UserAuth:114 - Init User Auth plugin
2024-07-31 09:26:33,300 [INFO] PluginManage:359 - Loaded plugin userauth (category:base,tabindex:14)
2024-07-31 09:26:33,301 [INFO] PluginManage:283 - PluginManage : Loaded plugins [17]
2024-07-31 09:26:33,929 [INFO] PinOutPanel:1561 - setPackage(No Configuration,No Configuration)
2024-07-31 09:26:34,057 [INFO] CADModel:165 - CPN selected for project level
2024-07-31 09:26:34,057 [INFO] CADModel:114 - Register for checkConnection events
2024-07-31 09:26:34,104 [INFO] IPUIPlugin:80 - create IPUIPlugin
2024-07-31 09:26:34,105 [INFO] PluginManager:220 - loadIPPluginJar : add adc
2024-07-31 09:26:34,150 [INFO] IPUIPlugin:80 - create IPUIPlugin
2024-07-31 09:26:34,150 [INFO] PluginManager:220 - loadIPPluginJar : add aes
2024-07-31 09:26:34,197 [INFO] IPUIPlugin:80 - create IPUIPlugin
2024-07-31 09:26:34,197 [INFO] PluginManager:220 - loadIPPluginJar : add can
2024-07-31 09:26:34,232 [INFO] IPUIPlugin:80 - create IPUIPlugin
2024-07-31 09:26:34,233 [INFO] PluginManager:220 - loadIPPluginJar : add comp
2024-07-31 09:26:34,272 [INFO] IPUIPlugin:80 - create IPUIPlugin
2024-07-31 09:26:34,273 [INFO] PluginManager:220 - loadIPPluginJar : add cryp
2024-07-31 09:26:34,309 [INFO] IPUIPlugin:80 - create IPUIPlugin
2024-07-31 09:26:34,309 [INFO] PluginManager:220 - loadIPPluginJar : add dfsdm
2024-07-31 09:26:34,326 [INFO] IPUIPlugin:80 - create IPUIPlugin
2024-07-31 09:26:34,326 [INFO] PluginManager:220 - loadIPPluginJar : add dma
2024-07-31 09:26:34,381 [INFO] IPUIPlugin:80 - create IPUIPlugin
2024-07-31 09:26:34,381 [INFO] PluginManager:220 - loadIPPluginJar : add dma3
2024-07-31 09:26:34,434 [INFO] IPUIPlugin:80 - create IPUIPlugin
2024-07-31 09:26:34,434 [INFO] PluginManager:220 - loadIPPluginJar : add extmemmanager
2024-07-31 09:26:34,458 [INFO] IPUIPlugin:80 - create IPUIPlugin
2024-07-31 09:26:34,458 [INFO] PluginManager:220 - loadIPPluginJar : add fatfs
2024-07-31 09:26:34,513 [INFO] IPUIPlugin:80 - create IPUIPlugin
2024-07-31 09:26:34,513 [INFO] PluginManager:220 - loadIPPluginJar : add fmc
2024-07-31 09:26:34,533 [INFO] IPUIPlugin:80 - create IPUIPlugin
2024-07-31 09:26:34,534 [INFO] PluginManager:220 - loadIPPluginJar : add freertos
2024-07-31 09:26:34,557 [INFO] IPUIPlugin:80 - create IPUIPlugin
2024-07-31 09:26:34,557 [INFO] PluginManager:220 - loadIPPluginJar : add genericplugin
2024-07-31 09:26:34,664 [INFO] IPUIPlugin:80 - create IPUIPlugin
2024-07-31 09:26:34,664 [INFO] PluginManager:220 - loadIPPluginJar : add gfxmmu
2024-07-31 09:26:34,823 [INFO] IPUIPlugin:80 - create IPUIPlugin
2024-07-31 09:26:34,823 [INFO] PluginManager:220 - loadIPPluginJar : add gic
2024-07-31 09:26:34,839 [INFO] IPUIPlugin:80 - create IPUIPlugin
2024-07-31 09:26:34,839 [INFO] PluginManager:220 - loadIPPluginJar : add gpio
2024-07-31 09:26:34,947 [INFO] IPUIPlugin:80 - create IPUIPlugin
2024-07-31 09:26:34,947 [INFO] PluginManager:220 - loadIPPluginJar : add gtzc
2024-07-31 09:26:34,984 [INFO] IPUIPlugin:80 - create IPUIPlugin
2024-07-31 09:26:34,984 [INFO] PluginManager:220 - loadIPPluginJar : add hash
2024-07-31 09:26:35,045 [INFO] IPUIPlugin:80 - create IPUIPlugin
2024-07-31 09:26:35,045 [INFO] PluginManager:220 - loadIPPluginJar : add i2c
2024-07-31 09:26:35,090 [INFO] IPUIPlugin:80 - create IPUIPlugin
2024-07-31 09:26:35,090 [INFO] PluginManager:220 - loadIPPluginJar : add i2s
2024-07-31 09:26:35,138 [INFO] IPUIPlugin:80 - create IPUIPlugin
2024-07-31 09:26:35,138 [INFO] PluginManager:220 - loadIPPluginJar : add i3c
2024-07-31 09:26:35,269 [INFO] IPUIPlugin:80 - create IPUIPlugin
2024-07-31 09:26:35,269 [INFO] PluginManager:220 - loadIPPluginJar : add ipddr
2024-07-31 09:26:35,468 [INFO] IPUIPlugin:80 - create IPUIPlugin
2024-07-31 09:26:35,468 [INFO] PluginManager:220 - loadIPPluginJar : add linkedlist
2024-07-31 09:26:35,670 [INFO] IPUIPlugin:80 - create IPUIPlugin
2024-07-31 09:26:35,670 [INFO] PluginManager:220 - loadIPPluginJar : add lorawan
2024-07-31 09:26:35,723 [INFO] IPUIPlugin:80 - create IPUIPlugin
2024-07-31 09:26:35,724 [INFO] PluginManager:220 - loadIPPluginJar : add ltdc
2024-07-31 09:26:35,743 [INFO] IPUIPlugin:80 - create IPUIPlugin
2024-07-31 09:26:35,743 [INFO] PluginManager:220 - loadIPPluginJar : add mdma
2024-07-31 09:26:35,760 [INFO] IPUIPlugin:80 - create IPUIPlugin
2024-07-31 09:26:35,760 [INFO] PluginManager:220 - loadIPPluginJar : add nvic
2024-07-31 09:26:35,805 [INFO] IPUIPlugin:80 - create IPUIPlugin
2024-07-31 09:26:35,806 [INFO] PluginManager:220 - loadIPPluginJar : add opamp
2024-07-31 09:26:35,875 [INFO] IPUIPlugin:80 - create IPUIPlugin
2024-07-31 09:26:35,876 [INFO] PluginManager:220 - loadIPPluginJar : add openamp
2024-07-31 09:26:35,925 [INFO] IPUIPlugin:80 - create IPUIPlugin
2024-07-31 09:26:35,925 [INFO] PluginManager:220 - loadIPPluginJar : add pdm2pcm
2024-07-31 09:26:35,944 [INFO] IPUIPlugin:80 - create IPUIPlugin
2024-07-31 09:26:35,947 [INFO] PluginManager:220 - loadIPPluginJar : add plateformsettings
2024-07-31 09:26:35,965 [INFO] ThirdPartyUpdaterWithRetryManager:70 - Updater plugin not ready yet. [2/15]
2024-07-31 09:26:35,974 [INFO] IPUIPlugin:80 - create IPUIPlugin
2024-07-31 09:26:35,974 [INFO] PluginManager:220 - loadIPPluginJar : add quadspi
2024-07-31 09:26:35,990 [INFO] IPUIPlugin:80 - create IPUIPlugin
2024-07-31 09:26:35,990 [INFO] PluginManager:220 - loadIPPluginJar : add resmgrutility
2024-07-31 09:26:36,047 [INFO] IPUIPlugin:80 - create IPUIPlugin
2024-07-31 09:26:36,047 [INFO] PluginManager:220 - loadIPPluginJar : add sai
2024-07-31 09:26:36,090 [INFO] IPUIPlugin:80 - create IPUIPlugin
2024-07-31 09:26:36,090 [INFO] PluginManager:220 - loadIPPluginJar : add spi
2024-07-31 09:26:36,172 [INFO] IPUIPlugin:80 - create IPUIPlugin
2024-07-31 09:26:36,173 [INFO] PluginManager:220 - loadIPPluginJar : add stm32_wpan
2024-07-31 09:26:36,200 [INFO] IPUIPlugin:80 - create IPUIPlugin
2024-07-31 09:26:36,200 [INFO] PluginManager:220 - loadIPPluginJar : add tim
2024-07-31 09:26:36,269 [INFO] IPUIPlugin:80 - create IPUIPlugin
2024-07-31 09:26:36,270 [INFO] PluginManager:220 - loadIPPluginJar : add touchsensing
2024-07-31 09:26:36,296 [INFO] IPUIPlugin:80 - create IPUIPlugin
2024-07-31 09:26:36,296 [INFO] PluginManager:220 - loadIPPluginJar : add tracer_emb
2024-07-31 09:26:36,324 [INFO] IPUIPlugin:80 - create IPUIPlugin
2024-07-31 09:26:36,325 [INFO] PluginManager:220 - loadIPPluginJar : add ts
2024-07-31 09:26:36,351 [INFO] IPUIPlugin:80 - create IPUIPlugin
2024-07-31 09:26:36,351 [INFO] PluginManager:220 - loadIPPluginJar : add tsc
2024-07-31 09:26:36,379 [INFO] IPUIPlugin:80 - create IPUIPlugin
2024-07-31 09:26:36,379 [INFO] PluginManager:220 - loadIPPluginJar : add ucpd
2024-07-31 09:26:36,437 [INFO] IPUIPlugin:80 - create IPUIPlugin
2024-07-31 09:26:36,438 [INFO] PluginManager:220 - loadIPPluginJar : add usart
2024-07-31 09:26:36,496 [INFO] IPUIPlugin:80 - create IPUIPlugin
2024-07-31 09:26:36,496 [INFO] PluginManager:220 - loadIPPluginJar : add usbx
2024-07-31 09:26:36,650 [INFO] CADModel:165 - CPN selected for project level
2024-07-31 09:26:36,650 [INFO] CADModel:114 - Register for checkConnection events
2024-07-31 09:26:36,651 [FATAL] Updater:308 - Updater called before beeing initialized
2024-07-31 09:26:36,651 [ERROR] CADModel:125 - Updater not yet initialized, retry later 
2024-07-31 09:26:36,963 [INFO] CADModel:165 - CPN selected for project level
2024-07-31 09:26:36,963 [INFO] CADModel:114 - Register for checkConnection events
2024-07-31 09:26:36,963 [FATAL] Updater:308 - Updater called before beeing initialized
2024-07-31 09:26:36,963 [ERROR] CADModel:125 - Updater not yet initialized, retry later 
2024-07-31 09:26:36,966 [FATAL] Updater:308 - Updater called before beeing initialized
2024-07-31 09:26:37,420 [FATAL] Updater:308 - Updater called before beeing initialized
2024-07-31 09:26:37,433 [INFO] DbMcusAds:53 - JSON generation date=Thu May 16 06:22:01 BRT 2024 (1715851321109)
2024-07-31 09:26:37,433 [FATAL] Updater:308 - Updater called before beeing initialized
2024-07-31 09:26:37,536 [WARN] DetailPanel:346 - Failed to get advertising image, set to default
2024-07-31 09:26:37,658 [FATAL] Updater:308 - Updater called before beeing initialized
2024-07-31 09:26:37,662 [FATAL] Updater:308 - Updater called before beeing initialized
2024-07-31 09:26:37,662 [FATAL] Updater:308 - Updater called before beeing initialized
2024-07-31 09:26:37,662 [WARN] DetailPanel:346 - Failed to get advertising image, set to default
2024-07-31 09:26:37,663 [FATAL] Updater:308 - Updater called before beeing initialized
2024-07-31 09:26:37,741 [ERROR] Updater:1120 - MainUpdater not yet initialized. External WinMGr cannot be set.
2024-07-31 09:26:37,753 [INFO] Updater:1056 - Updater Version found : 6.11.1
2024-07-31 09:26:37,784 [INFO] ApplicationProperties:184 - Using Application install path: C:\ST\STM32CubeIDE_1.15.1\STM32CubeIDE\plugins\com.st.stm32cube.common.mx_6.11.1.202404110753
2024-07-31 09:26:38,966 [INFO] ThirdPartyUpdaterWithRetryManager:70 - Updater plugin not ready yet. [3/15]
2024-07-31 09:26:39,785 [ERROR] LogOutputStream:75 - [STDERR_REDIRECT] Jul 31, 2024 9:26:39 AM java.util.prefs.WindowsPreferences <init>
2024-07-31 09:26:39,787 [ERROR] LogOutputStream:75 - [STDERR_REDIRECT] WARNING: Could not open/create prefs root node Software\JavaSoft\Prefs at root 0xffffffff80000002. Windows RegCreateKeyEx(...) returned error code 5.
2024-07-31 09:26:39,787 [ERROR] LogOutputStream:75 - [STDERR_REDIRECT] 
2024-07-31 09:26:40,467 [INFO] MainUpdater:2873 - connection check result : 10
2024-07-31 09:26:40,467 [INFO] MainUpdater:290 - Updater Check For Update Now.
2024-07-31 09:26:40,468 [INFO] MicroXplorer:498 - Change Database Version : DB.6.0.111
2024-07-31 09:26:40,500 [INFO] McuFinderGlobals:63 - Set McuFinder mode to 2 (CubeIDE integrated)
2024-07-31 09:26:40,513 [INFO] UserAuth:415 - Internet connection configuration mode: 1
2024-07-31 09:26:40,561 [INFO] JxBrowserEngine:152 - Initiate JxBrowser Engine with user profile folder
2024-07-31 09:26:40,725 [INFO] CheckServerUpdateThread:120 - End of CheckServer Thread
2024-07-31 09:26:42,311 [WARN] PackLoader:240 - Cannot read IP mode file for STMicroelectronics.FP-SNS-MOTENVWB1.1.4.0
2024-07-31 09:26:42,338 [WARN] PackLoader:240 - Cannot read IP mode file for STMicroelectronics.X-CUBE-SMBUS.2.1.0
2024-07-31 09:26:42,352 [WARN] PackLoader:240 - Cannot read IP mode file for STMicroelectronics.X-CUBE-TOUCHGFX.4.23.2
2024-07-31 09:26:42,407 [WARN] PackLoader:240 - Cannot read IP mode file for STMicroelectronics.X-CUBE-AZRTOS-F7.1.1.0
2024-07-31 09:26:42,430 [WARN] PackLoader:240 - Cannot read IP mode file for STMicroelectronics.FP-SNS-FLIGHT1.5.0.2
2024-07-31 09:26:42,450 [WARN] PackLoader:240 - Cannot read IP mode file for STMicroelectronics.X-CUBE-DISPLAY.3.0.0
2024-07-31 09:26:42,475 [WARN] PackLoader:240 - Cannot read IP mode file for STMicroelectronics.X-CUBE-BLE1.7.0.0
2024-07-31 09:26:42,501 [WARN] PackLoader:240 - Cannot read IP mode file for emotas.I-CUBE-CANOPEN.1.3.0
2024-07-31 09:26:42,535 [WARN] PackLoader:240 - Cannot read IP mode file for STMicroelectronics.X-CUBE-BLEMGR.3.1.0
2024-07-31 09:26:42,558 [WARN] PackLoader:240 - Cannot read IP mode file for STMicroelectronics.FP-SNS-SMARTAG2.1.2.0
2024-07-31 09:26:42,585 [INFO] LogOutputStream:77 - [STDOUT_REDIRECT] 1 : Invalid condition id : UX_CORESTACK_Condition cause : null
2024-07-31 09:26:42,586 [INFO] LogOutputStream:77 - [STDOUT_REDIRECT] 1 : Invalid condition id : UX_CORESTACK_Condition cause : null
2024-07-31 09:26:42,588 [INFO] LogOutputStream:77 - [STDOUT_REDIRECT] 1 : Invalid condition id : UX_CORESTACK_Condition cause : null
2024-07-31 09:26:42,590 [INFO] LogOutputStream:77 - [STDOUT_REDIRECT] 1 : Invalid condition id : UX_CORESTACK_Condition cause : null
2024-07-31 09:26:42,591 [INFO] LogOutputStream:77 - [STDOUT_REDIRECT] 1 : Invalid condition id : UX_CORESTACK_Condition cause : null
2024-07-31 09:26:42,596 [WARN] PackLoader:240 - Cannot read IP mode file for STMicroelectronics.X-CUBE-AZRTOS-WL.2.0.0
2024-07-31 09:26:42,617 [WARN] PackLoader:240 - Cannot read IP mode file for STMicroelectronics.FP-SNS-MOTENV1.5.0.0
2024-07-31 09:26:42,634 [WARN] PackLoader:240 - Cannot read IP mode file for wolfSSL.I-CUBE-wolfMQTT.1.19.0
2024-07-31 09:26:42,653 [WARN] PackLoader:240 - Cannot read IP mode file for WES.I-CUBE-Cesium.1.3.0
2024-07-31 09:26:42,670 [WARN] PackLoader:240 - Cannot read IP mode file for STMicroelectronics.X-CUBE-BLE2.3.3.0
2024-07-31 09:26:42,687 [WARN] PackLoader:240 - Cannot read IP mode file for STMicroelectronics.X-CUBE-TCPP.4.1.0
2024-07-31 09:26:42,732 [WARN] PackLoader:240 - Cannot read IP mode file for STMicroelectronics.X-CUBE-AZRTOS-G0.1.1.0
2024-07-31 09:26:42,754 [WARN] PackLoader:240 - Cannot read IP mode file for STMicroelectronics.X-CUBE-SAFEA1.1.2.2
2024-07-31 09:26:42,786 [WARN] PackLoader:240 - Cannot read IP mode file for STMicroelectronics.X-CUBE-NFC4.3.0.0
2024-07-31 09:26:42,816 [WARN] PackLoader:240 - Cannot read IP mode file for wolfSSL.I-CUBE-wolfMQTT.1.18.0
2024-07-31 09:26:42,843 [WARN] PackLoader:240 - Cannot read IP mode file for EmbeddedOffice.I-CUBE-FS-RTOS.1.0.1
2024-07-31 09:26:42,843 [ERROR] ConditionMgr:805 - Attr not supported : Dmpu
2024-07-31 09:26:42,844 [ERROR] ConditionMgr:805 - Attr not supported : Dmpu
2024-07-31 09:26:42,844 [ERROR] ConditionMgr:805 - Attr not supported : Dmpu
2024-07-31 09:26:42,844 [ERROR] ConditionMgr:805 - Attr not supported : Dmpu
2024-07-31 09:26:42,844 [ERROR] ConditionMgr:805 - Attr not supported : Dmpu
2024-07-31 09:26:42,844 [ERROR] ConditionMgr:805 - Attr not supported : Dmpu
2024-07-31 09:26:42,844 [ERROR] ConditionMgr:805 - Attr not supported : Dmpu
2024-07-31 09:26:42,844 [ERROR] ConditionMgr:805 - Attr not supported : Dmpu
2024-07-31 09:26:42,844 [ERROR] ConditionMgr:805 - Attr not supported : Dmpu
2024-07-31 09:26:42,844 [ERROR] ConditionMgr:805 - Attr not supported : Dmpu
2024-07-31 09:26:42,844 [ERROR] ConditionMgr:805 - Attr not supported : Dmpu
2024-07-31 09:26:42,844 [ERROR] ConditionMgr:805 - Attr not supported : Dmpu
2024-07-31 09:26:42,844 [ERROR] ConditionMgr:805 - Attr not supported : Dmpu
2024-07-31 09:26:42,845 [ERROR] ConditionMgr:805 - Attr not supported : Dmpu
2024-07-31 09:26:42,845 [ERROR] ConditionMgr:805 - Attr not supported : Dmpu
2024-07-31 09:26:42,845 [ERROR] ConditionMgr:805 - Attr not supported : Dmpu
2024-07-31 09:26:42,845 [ERROR] ConditionMgr:805 - Attr not supported : Dmpu
2024-07-31 09:26:42,845 [ERROR] ConditionMgr:805 - Attr not supported : Dmpu
2024-07-31 09:26:42,845 [ERROR] ConditionMgr:805 - Attr not supported : Dmpu
2024-07-31 09:26:42,845 [ERROR] ConditionMgr:805 - Attr not supported : Dmpu
2024-07-31 09:26:42,845 [ERROR] ConditionMgr:805 - Attr not supported : Dmpu
2024-07-31 09:26:42,845 [ERROR] ConditionMgr:805 - Attr not supported : Dmpu
2024-07-31 09:26:42,845 [ERROR] ConditionMgr:805 - Attr not supported : Dmpu
2024-07-31 09:26:42,845 [ERROR] ConditionMgr:805 - Attr not supported : Dmpu
2024-07-31 09:26:42,845 [ERROR] ConditionMgr:805 - Attr not supported : Dmpu
2024-07-31 09:26:42,845 [ERROR] ConditionMgr:805 - Attr not supported : Dmpu
2024-07-31 09:26:42,846 [ERROR] ConditionMgr:805 - Attr not supported : Dmpu
2024-07-31 09:26:42,846 [ERROR] ConditionMgr:805 - Attr not supported : Dmpu
2024-07-31 09:26:42,846 [ERROR] ConditionMgr:805 - Attr not supported : Dmpu
2024-07-31 09:26:42,846 [ERROR] ConditionMgr:805 - Attr not supported : Dmpu
2024-07-31 09:26:42,846 [ERROR] ConditionMgr:805 - Attr not supported : Dmpu
2024-07-31 09:26:42,846 [ERROR] ConditionMgr:805 - Attr not supported : Dmpu
2024-07-31 09:26:42,846 [ERROR] ConditionMgr:805 - Attr not supported : Dmpu
2024-07-31 09:26:42,846 [ERROR] ConditionMgr:805 - Attr not supported : Dmpu
2024-07-31 09:26:42,846 [ERROR] ConditionMgr:805 - Attr not supported : Dmpu
2024-07-31 09:26:42,846 [ERROR] ConditionMgr:805 - Attr not supported : Dmpu
2024-07-31 09:26:42,846 [ERROR] ConditionMgr:805 - Attr not supported : Dmpu
2024-07-31 09:26:42,847 [ERROR] ConditionMgr:805 - Attr not supported : Dmpu
2024-07-31 09:26:42,847 [ERROR] ConditionMgr:805 - Attr not supported : Dmpu
2024-07-31 09:26:42,847 [ERROR] ConditionMgr:805 - Attr not supported : Dmpu
2024-07-31 09:26:42,847 [ERROR] ConditionMgr:805 - Attr not supported : Dmpu
2024-07-31 09:26:42,847 [ERROR] ConditionMgr:805 - Attr not supported : Dmpu
2024-07-31 09:26:42,847 [ERROR] ConditionMgr:805 - Attr not supported : Dmpu
2024-07-31 09:26:42,847 [ERROR] ConditionMgr:805 - Attr not supported : Dmpu
2024-07-31 09:26:42,847 [ERROR] ConditionMgr:805 - Attr not supported : Dmpu
2024-07-31 09:26:42,847 [ERROR] ConditionMgr:805 - Attr not supported : Dmpu
2024-07-31 09:26:42,847 [ERROR] ConditionMgr:805 - Attr not supported : Dmpu
2024-07-31 09:26:42,847 [ERROR] ConditionMgr:805 - Attr not supported : Dmpu
2024-07-31 09:26:42,848 [ERROR] ConditionMgr:805 - Attr not supported : Dmpu
2024-07-31 09:26:42,848 [ERROR] ConditionMgr:805 - Attr not supported : Dmpu
2024-07-31 09:26:42,848 [ERROR] ConditionMgr:805 - Attr not supported : Dmpu
2024-07-31 09:26:42,848 [ERROR] ConditionMgr:805 - Attr not supported : Dmpu
2024-07-31 09:26:42,848 [ERROR] ConditionMgr:805 - Attr not supported : Dmpu
2024-07-31 09:26:42,848 [ERROR] ConditionMgr:805 - Attr not supported : Dmpu
2024-07-31 09:26:42,848 [ERROR] ConditionMgr:805 - Attr not supported : Dmpu
2024-07-31 09:26:42,848 [ERROR] ConditionMgr:805 - Attr not supported : Dmpu
2024-07-31 09:26:42,848 [ERROR] ConditionMgr:805 - Attr not supported : Dmpu
2024-07-31 09:26:42,848 [ERROR] ConditionMgr:805 - Attr not supported : Dmpu
2024-07-31 09:26:42,848 [ERROR] ConditionMgr:805 - Attr not supported : Dmpu
2024-07-31 09:26:42,849 [ERROR] ConditionMgr:805 - Attr not supported : Dmpu
2024-07-31 09:26:42,849 [ERROR] ConditionMgr:805 - Attr not supported : Dmpu
2024-07-31 09:26:42,849 [ERROR] ConditionMgr:805 - Attr not supported : Dmpu
2024-07-31 09:26:42,849 [ERROR] ConditionMgr:805 - Attr not supported : Dmpu
2024-07-31 09:26:42,849 [ERROR] ConditionMgr:805 - Attr not supported : Dmpu
2024-07-31 09:26:43,100 [WARN] PackLoader:240 - Cannot read IP mode file for RealThread.X-CUBE-RT-Thread_Nano.4.1.1
2024-07-31 09:26:43,114 [WARN] PackLoader:240 - Cannot read IP mode file for wolfSSL.I-CUBE-wolfSSL.5.7.0
2024-07-31 09:26:43,132 [WARN] PackLoader:240 - Cannot read IP mode file for STMicroelectronics.FP-ATR-SIGFOX1.3.2.0
2024-07-31 09:26:43,150 [WARN] PackLoader:240 - Cannot read IP mode file for STMicroelectronics.X-CUBE-EEPRMA1.5.1.0
2024-07-31 09:26:43,202 [WARN] PackLoader:240 - Cannot read IP mode file for ITTIA_DB.I-CUBE-ITTIADB.8.9.0
2024-07-31 09:26:43,272 [WARN] PackLoader:240 - Cannot read IP mode file for SEGGER.I-CUBE-embOS.1.3.1
2024-07-31 09:26:43,360 [WARN] PackLoader:240 - Cannot read IP mode file for STMicroelectronics.X-CUBE-ALGOBUILD.1.4.0
2024-07-31 09:26:43,379 [WARN] PackLoader:240 - Cannot read IP mode file for STMicroelectronics.X-CUBE-GNSS1.6.0.0
2024-07-31 09:26:43,523 [WARN] PackLoader:240 - Cannot read IP mode file for STMicroelectronics.X-CUBE-AZRTOS-F4.1.1.0
2024-07-31 09:26:43,544 [WARN] PackLoader:240 - Cannot read IP mode file for STMicroelectronics.X-CUBE-FREERTOS.1.2.0
2024-07-31 09:26:43,607 [WARN] PackLoader:240 - Cannot read IP mode file for STMicroelectronics.X-CUBE-AZRTOS-L5.2.0.0
2024-07-31 09:26:43,632 [WARN] PackLoader:240 - Cannot read IP mode file for STMicroelectronics.X-CUBE-NFC6.3.1.0
2024-07-31 09:26:43,658 [WARN] PackLoader:240 - Cannot read IP mode file for STMicroelectronics.X-CUBE-DPower.1.2.0
2024-07-31 09:26:43,679 [WARN] PackLoader:240 - Cannot read IP mode file for STMicroelectronics.X-CUBE-AI.9.0.0
2024-07-31 09:26:43,697 [WARN] PackLoader:240 - Cannot read IP mode file for STMicroelectronics.X-CUBE-NFC7.1.0.1
2024-07-31 09:26:43,724 [WARN] PackLoader:240 - Cannot read IP mode file for wolfSSL.I-CUBE-wolfTPM.3.2.0
2024-07-31 09:26:43,769 [WARN] ConditionMgr:438 - getConditionDescription Invalid condition id : LAN8742 Phy interface Condition cause : null
2024-07-31 09:26:43,770 [WARN] PackLoader:240 - Cannot read IP mode file for STMicroelectronics.X-CUBE-AZRTOS-L4.2.0.0
2024-07-31 09:26:43,771 [WARN] ConditionMgr:1039 - genDependencies : Invalid condition id : LAN8742 Phy interface Condition cause : null
2024-07-31 09:26:43,771 [WARN] ConditionMgr:1039 - genDependencies : Invalid condition id : LAN8742 Phy interface Condition cause : null
2024-07-31 09:26:43,772 [WARN] ConditionMgr:1039 - genDependencies : Invalid condition id : LAN8742 Phy interface Condition cause : null
2024-07-31 09:26:43,796 [WARN] PackLoader:240 - Cannot read IP mode file for STMicroelectronics.X-CUBE-SFXS2LP1.4.0.0
2024-07-31 09:26:43,830 [WARN] ConditionMgr:438 - getConditionDescription Invalid condition id : UX DEVICE CLASS RTOS Condition cause : null
2024-07-31 09:26:43,830 [WARN] ConditionMgr:438 - getConditionDescription Invalid condition id : UX DEVICE CLASS RTOS Condition cause : null
2024-07-31 09:26:43,832 [WARN] PackLoader:240 - Cannot read IP mode file for STMicroelectronics.X-CUBE-AZRTOS-WB.2.0.0
2024-07-31 09:26:43,833 [WARN] ConditionMgr:1039 - genDependencies : Invalid condition id : UX DEVICE CLASS RTOS Condition cause : null
2024-07-31 09:26:43,833 [WARN] ConditionMgr:1039 - genDependencies : Invalid condition id : UX DEVICE CLASS RTOS Condition cause : null
2024-07-31 09:26:43,833 [WARN] ConditionMgr:1039 - genDependencies : Invalid condition id : UX DEVICE CLASS RTOS Condition cause : null
2024-07-31 09:26:43,834 [WARN] ConditionMgr:1039 - genDependencies : Invalid condition id : UX DEVICE CLASS RTOS Condition cause : null
2024-07-31 09:26:43,834 [WARN] ConditionMgr:1039 - genDependencies : Invalid condition id : UX DEVICE CLASS RTOS Condition cause : null
2024-07-31 09:26:43,863 [WARN] PackLoader:240 - Cannot read IP mode file for STMicroelectronics.FP-SNS-STBOX1.2.0.0
2024-07-31 09:26:43,890 [WARN] PackLoader:240 - Cannot read IP mode file for STMicroelectronics.X-CUBE-SUBG2.5.0.0
2024-07-31 09:26:43,930 [WARN] PackLoader:240 - Cannot read IP mode file for STMicroelectronics.X-CUBE-AZRTOS-G4.2.0.0
2024-07-31 09:26:43,957 [WARN] PackLoader:240 - Cannot read IP mode file for STMicroelectronics.X-CUBE-ISPU.2.0.0
2024-07-31 09:26:43,971 [WARN] PackLoader:240 - Cannot read IP mode file for STMicroelectronics.X-CUBE-ALS.1.0.2
2024-07-31 09:26:44,052 [WARN] PackLoader:240 - Cannot read IP mode file for STMicroelectronics.X-CUBE-MEMS1.10.0.0
2024-07-31 09:26:44,288 [WARN] PackLoader:240 - Cannot read IP mode file for STMicroelectronics.X-CUBE-TOUCHGFX.4.24.0
2024-07-31 09:26:44,304 [WARN] PackLoader:240 - Cannot read IP mode file for portGmbH.I-Cube-SoM-uGOAL.1.1.0
2024-07-31 09:26:44,318 [WARN] PackLoader:240 - Cannot read IP mode file for STMicroelectronics.X-CUBE-ALS.1.0.1
2024-07-31 09:26:44,385 [WARN] PackLoader:240 - Cannot read IP mode file for STMicroelectronics.X-CUBE-AZRTOS-H7RS.1.0.0
2024-07-31 09:26:44,401 [WARN] PackLoader:240 - Cannot read IP mode file for STMicroelectronics.FP-ATR-ASTRA1.2.0.0
2024-07-31 09:26:44,432 [WARN] PackLoader:240 - Cannot read IP mode file for STMicroelectronics.X-CUBE-TOF1.3.4.2
2024-07-31 09:26:44,468 [WARN] PackLoader:240 - Cannot read IP mode file for STMicroelectronics.X-CUBE-TOF1.3.4.1
2024-07-31 09:26:44,522 [WARN] PackLoader:240 - Cannot read IP mode file for STMicroelectronics.X-CUBE-AZRTOS-H7.3.2.0
2024-07-31 09:26:44,554 [WARN] PackLoader:240 - Cannot read IP mode file for Infineon.AIROC-Wi-Fi-Bluetooth-STM32.1.6.0
2024-07-31 09:26:44,571 [WARN] PackLoader:240 - Cannot read IP mode file for wolfSSL.I-CUBE-wolfSSH.1.4.17
2024-07-31 09:26:44,572 [INFO] ThirdParty:978 - Integrity check success = true
2024-07-31 09:26:44,572 [INFO] IntegrityCheckThread:100 - exiting critical section [integrity check]
2024-07-31 09:26:44,572 [INFO] IntegrityCheckThread:103 - End integrity checks thread
2024-07-31 09:26:50,585 [INFO] WebApp:161 - Instantiating new browser for Auth
2024-07-31 09:26:52,812 [INFO] WebApp:779 - Register for checkConnection events
2024-07-31 09:26:52,813 [INFO] WebApp:414 - Apply proxy settings
2024-07-31 09:26:52,813 [INFO] WebApp:499 - Chromium requires no authentication
2024-07-31 09:26:52,824 [INFO] WebApp:442 - Direct internet connection detected
2024-07-31 09:26:53,054 [INFO] WebApp:192 - Starting web application
2024-07-31 09:26:53,055 [INFO] WebApp:544 - Web application path used C:\ST\STM32CubeIDE_1.15.1\STM32CubeIDE\plugins\com.st.stm32cube.common.mx_6.11.1.202404110753\db\plugins\mcufinder\reactClient1\index.html
