2024-09-23 09:17:42,346 [INFO] Activator:176 - 


2024-09-23 09:17:42,356 [INFO] Activator:177 - !SESSION log4j initialized
2024-09-23 09:17:57,071 [INFO] LogOutputStream:77 - [STDOUT_REDIRECT] 
2024-09-23 09:18:03,722 [INFO] ApplicationProperties:184 - Using Application install path: C:\ST\STM32CubeIDE_1.15.1\STM32CubeIDE\plugins\com.st.stm32cube.common.mx_6.11.1.202404110753
2024-09-23 09:18:03,774 [INFO] DbMcusXml:78 - Set database path to: C:\ST\STM32CubeIDE_1.15.1\STM32CubeIDE\plugins\com.st.stm32cube.common.mx_6.11.1.202404110753\\db\/mcu/
2024-09-23 09:18:03,774 [INFO] ApiDb:274 - Set plugin database path to: C:\ST\STM32CubeIDE_1.15.1\STM32CubeIDE\plugins\com.st.stm32cube.common.mx_6.11.1.202404110753\\db\/plugins/boardmanager/
2024-09-23 09:18:03,775 [WARN] ApiDb:259 - Overriding images path with different value:  => C:\ST\STM32CubeIDE_1.15.1\STM32CubeIDE\plugins\com.st.stm32cube.common.mx_6.11.1.202404110753\\db\/plugins/mcufinder/images/
2024-09-23 09:18:03,800 [INFO] ApiDb:250 - Set database path to: C:\Users\Matheus Markies\.stmcufinder\plugins\mcufinder//mcu/
2024-09-23 09:18:03,802 [INFO] DbMcusAds:125 - Set database path to: C:\Users\Matheus Markies\.stmcufinder\plugins\mcufinder//mcu/
2024-09-23 09:18:03,806 [INFO] CrossReferenceDbSqlite:203 - Set database path to: C:\Users\Matheus Markies\.stmcufinder\plugins\mcufinder//mcu/cs/
2024-09-23 09:18:04,066 [INFO] RulesReader:64 - Compatibility file has been processed (297 Rules)
2024-09-23 09:18:04,219 [INFO] DbMcusXml:78 - Set database path to: C:\ST\STM32CubeIDE_1.15.1\STM32CubeIDE\plugins\com.st.stm32cube.common.mx_6.11.1.202404110753\\db\/mcu/
2024-09-23 09:18:04,219 [INFO] ApiDb:274 - Set plugin database path to: C:\ST\STM32CubeIDE_1.15.1\STM32CubeIDE\plugins\com.st.stm32cube.common.mx_6.11.1.202404110753\\db\/plugins/boardmanager/
2024-09-23 09:18:04,219 [INFO] ApiDb:261 - Set plugin images path to: C:\ST\STM32CubeIDE_1.15.1\STM32CubeIDE\plugins\com.st.stm32cube.common.mx_6.11.1.202404110753\\db\/plugins/mcufinder/images/
2024-09-23 09:18:04,219 [WARN] DbFile:41 - Overriding database path with different value: C:\Users\Matheus Markies\.stmcufinder\plugins\mcufinder/ => C:\Users\Matheus Markies\.stmcufinder\plugins\mcufinder
2024-09-23 09:18:04,219 [INFO] ApiDb:250 - Set database path to: C:\Users\Matheus Markies\.stmcufinder\plugins\mcufinder//mcu/
2024-09-23 09:18:04,220 [WARN] DbFile:41 - Overriding database path with different value: C:\Users\Matheus Markies\.stmcufinder\plugins\mcufinder/ => C:\Users\Matheus Markies\.stmcufinder\plugins\mcufinder
2024-09-23 09:18:04,220 [INFO] DbMcusAds:125 - Set database path to: C:\Users\Matheus Markies\.stmcufinder\plugins\mcufinder//mcu/
2024-09-23 09:18:04,220 [WARN] DbFile:41 - Overriding database path with different value: C:\Users\Matheus Markies\.stmcufinder\plugins\mcufinder/ => C:\Users\Matheus Markies\.stmcufinder\plugins\mcufinder
2024-09-23 09:18:04,220 [WARN] DbFile:41 - Overriding database path with different value: C:\Users\Matheus Markies\.stmcufinder\plugins\mcufinder/ => C:\Users\Matheus Markies\.stmcufinder\plugins\mcufinder
2024-09-23 09:18:04,220 [INFO] CrossReferenceDbSqlite:203 - Set database path to: C:\Users\Matheus Markies\.stmcufinder\plugins\mcufinder//mcu/cs/
2024-09-23 09:18:04,349 [INFO] MainPanel:264 - HeapMemory: 268435456
2024-09-23 09:18:04,524 [INFO] DbMcusXml:78 - Set database path to: C:\ST\STM32CubeIDE_1.15.1\STM32CubeIDE\plugins\com.st.stm32cube.common.mx_6.11.1.202404110753\\db\/mcu/
2024-09-23 09:18:04,524 [INFO] ApiDb:274 - Set plugin database path to: C:\ST\STM32CubeIDE_1.15.1\STM32CubeIDE\plugins\com.st.stm32cube.common.mx_6.11.1.202404110753\\db\/plugins/boardmanager/
2024-09-23 09:18:04,524 [INFO] ApiDb:261 - Set plugin images path to: C:\ST\STM32CubeIDE_1.15.1\STM32CubeIDE\plugins\com.st.stm32cube.common.mx_6.11.1.202404110753\\db\/plugins/mcufinder/images/
2024-09-23 09:18:04,525 [WARN] DbFile:41 - Overriding database path with different value: C:\Users\Matheus Markies\.stmcufinder\plugins\mcufinder/ => C:\Users\Matheus Markies\.stmcufinder\plugins\mcufinder
2024-09-23 09:18:04,525 [INFO] ApiDb:250 - Set database path to: C:\Users\Matheus Markies\.stmcufinder\plugins\mcufinder//mcu/
2024-09-23 09:18:04,525 [WARN] DbFile:41 - Overriding database path with different value: C:\Users\Matheus Markies\.stmcufinder\plugins\mcufinder/ => C:\Users\Matheus Markies\.stmcufinder\plugins\mcufinder
2024-09-23 09:18:04,525 [INFO] DbMcusAds:125 - Set database path to: C:\Users\Matheus Markies\.stmcufinder\plugins\mcufinder//mcu/
2024-09-23 09:18:04,525 [WARN] DbFile:41 - Overriding database path with different value: C:\Users\Matheus Markies\.stmcufinder\plugins\mcufinder/ => C:\Users\Matheus Markies\.stmcufinder\plugins\mcufinder
2024-09-23 09:18:04,525 [WARN] DbFile:41 - Overriding database path with different value: C:\Users\Matheus Markies\.stmcufinder\plugins\mcufinder/ => C:\Users\Matheus Markies\.stmcufinder\plugins\mcufinder
2024-09-23 09:18:04,526 [INFO] CrossReferenceDbSqlite:203 - Set database path to: C:\Users\Matheus Markies\.stmcufinder\plugins\mcufinder//mcu/cs/
2024-09-23 09:18:04,555 [INFO] ApplicationProperties:184 - Using Application install path: C:\ST\STM32CubeIDE_1.15.1\STM32CubeIDE\plugins\com.st.stm32cube.common.mx_6.11.1.202404110753
2024-09-23 09:18:04,558 [INFO] PluginManage:196 - Search for loadable plugins [exclusion list=, ]
2024-09-23 09:18:04,561 [INFO] PluginManage:310 - Check plugin analytics
2024-09-23 09:18:04,823 [INFO] AnalyticsPlugin:253 - Accepted Software Licenses: 
2024-09-23 09:18:04,823 [INFO] AnalyticsPlugin:255 - Accepted CMSIS Pack Licenses: 
2024-09-23 09:18:04,823 [INFO] AnalyticsPlugin:257 - Accepted Firmware Licenses: FW.F4.1.28.0
2024-09-23 09:18:04,828 [INFO] PluginManage:359 - Loaded plugin analytics (category:tool,tabindex:-1)
2024-09-23 09:18:04,829 [INFO] PluginManage:310 - Check plugin cadmodel
2024-09-23 09:18:04,854 [INFO] CADModel:105 - Init CAD model plugin
2024-09-23 09:18:04,855 [INFO] PluginManage:359 - Loaded plugin cadmodel (category:power,tabindex:5)
2024-09-23 09:18:04,855 [INFO] PluginManage:310 - Check plugin clock
2024-09-23 09:18:04,887 [INFO] PluginManage:359 - Loaded plugin clock (category:base,tabindex:2)
2024-09-23 09:18:04,887 [INFO] PluginManage:310 - Check plugin ddr
2024-09-23 09:18:04,891 [INFO] PluginManage:359 - Loaded plugin ddr (category:tool,tabindex:6)
2024-09-23 09:18:04,891 [INFO] PluginManage:310 - Check plugin filemanager
2024-09-23 09:18:05,085 [INFO] PluginManage:359 - Loaded plugin filemanager (category:base,tabindex:10)
2024-09-23 09:18:05,086 [INFO] PluginManage:310 - Check plugin ipmanager
2024-09-23 09:18:05,097 [INFO] PluginManage:359 - Loaded plugin ipmanager (category:base,tabindex:5)
2024-09-23 09:18:05,097 [INFO] PluginManage:310 - Check plugin lpbam
2024-09-23 09:18:05,121 [INFO] PluginManage:359 - Loaded plugin lpbam (category:base,tabindex:0)
2024-09-23 09:18:05,121 [INFO] PluginManage:310 - Check plugin memorymap
2024-09-23 09:18:05,164 [INFO] PluginManage:359 - Loaded plugin memorymap (category:base,tabindex:4)
2024-09-23 09:18:05,165 [INFO] PluginManage:310 - Check plugin pinoutandconfiguration
2024-09-23 09:18:05,190 [INFO] PluginManage:359 - Loaded plugin pinoutandconfiguration (category:base,tabindex:1)
2024-09-23 09:18:05,191 [INFO] PluginManage:310 - Check plugin pinoutconfig
2024-09-23 09:18:05,408 [WARN] SupportedApi:132 - Cannot load RTOS API schema: s4s-elt-must-match.1: The content of 'definitions' must match (annotation?, (simpleType | complexType)?, (unique | key | keyref)*)). A problem was found starting at: attribute.
2024-09-23 09:18:05,715 [INFO] PluginManage:359 - Loaded plugin pinoutconfig (category:base,tabindex:0)
2024-09-23 09:18:05,715 [INFO] PluginManage:310 - Check plugin power
2024-09-23 09:18:05,751 [INFO] PluginManage:359 - Loaded plugin power (category:power,tabindex:4)
2024-09-23 09:18:05,752 [INFO] PluginManage:310 - Check plugin projectmanager
2024-09-23 09:18:05,774 [INFO] PluginManage:359 - Loaded plugin projectmanager (category:projectmanager,tabindex:3)
2024-09-23 09:18:05,774 [INFO] PluginManage:310 - Check plugin thirdparty
2024-09-23 09:18:06,197 [INFO] PluginManage:359 - Loaded plugin thirdparty (category:base,tabindex:-1)
2024-09-23 09:18:06,197 [INFO] PluginManage:310 - Check plugin tools
2024-09-23 09:18:06,197 [WARN] IntegrityCheckThread:84 - waiting for thirdparty lock release [integrity check]
2024-09-23 09:18:06,197 [INFO] IntegrityCheckThread:86 - entering critical section [integrity check]
2024-09-23 09:18:06,198 [INFO] ThirdPartyUpdaterWithRetryManager:70 - Updater plugin not ready yet. [1/15]
2024-09-23 09:18:06,239 [INFO] PluginManage:359 - Loaded plugin tools (category:base,tabindex:7)
2024-09-23 09:18:06,239 [INFO] PluginManage:310 - Check plugin tutovideos
2024-09-23 09:18:06,729 [INFO] PluginManage:359 - Loaded plugin tutovideos (category:base,tabindex:-1)
2024-09-23 09:18:06,730 [INFO] PluginManage:310 - Check plugin updater
2024-09-23 09:18:06,749 [INFO] PluginManage:359 - Loaded plugin updater (category:base,tabindex:12)
2024-09-23 09:18:06,749 [INFO] PluginManage:310 - Check plugin userauth
2024-09-23 09:18:06,762 [INFO] UserAuth:114 - Init User Auth plugin
2024-09-23 09:18:06,762 [INFO] PluginManage:359 - Loaded plugin userauth (category:base,tabindex:14)
2024-09-23 09:18:06,763 [INFO] PluginManage:283 - PluginManage : Loaded plugins [17]
2024-09-23 09:18:07,211 [INFO] PinOutPanel:1561 - setPackage(No Configuration,No Configuration)
2024-09-23 09:18:07,370 [INFO] CADModel:165 - CPN selected for project level
2024-09-23 09:18:07,371 [INFO] CADModel:114 - Register for checkConnection events
2024-09-23 09:18:07,647 [INFO] IPUIPlugin:80 - create IPUIPlugin
2024-09-23 09:18:07,647 [INFO] PluginManager:220 - loadIPPluginJar : add adc
2024-09-23 09:18:07,698 [INFO] IPUIPlugin:80 - create IPUIPlugin
2024-09-23 09:18:07,698 [INFO] PluginManager:220 - loadIPPluginJar : add aes
2024-09-23 09:18:07,757 [INFO] IPUIPlugin:80 - create IPUIPlugin
2024-09-23 09:18:07,758 [INFO] PluginManager:220 - loadIPPluginJar : add can
2024-09-23 09:18:07,794 [INFO] IPUIPlugin:80 - create IPUIPlugin
2024-09-23 09:18:07,794 [INFO] PluginManager:220 - loadIPPluginJar : add comp
2024-09-23 09:18:07,848 [INFO] IPUIPlugin:80 - create IPUIPlugin
2024-09-23 09:18:07,849 [INFO] PluginManager:220 - loadIPPluginJar : add cryp
2024-09-23 09:18:07,889 [INFO] IPUIPlugin:80 - create IPUIPlugin
2024-09-23 09:18:07,889 [INFO] PluginManager:220 - loadIPPluginJar : add dfsdm
2024-09-23 09:18:07,909 [INFO] IPUIPlugin:80 - create IPUIPlugin
2024-09-23 09:18:07,909 [INFO] PluginManager:220 - loadIPPluginJar : add dma
2024-09-23 09:18:07,969 [INFO] IPUIPlugin:80 - create IPUIPlugin
2024-09-23 09:18:07,969 [INFO] PluginManager:220 - loadIPPluginJar : add dma3
2024-09-23 09:18:08,037 [INFO] IPUIPlugin:80 - create IPUIPlugin
2024-09-23 09:18:08,037 [INFO] PluginManager:220 - loadIPPluginJar : add extmemmanager
2024-09-23 09:18:08,071 [INFO] IPUIPlugin:80 - create IPUIPlugin
2024-09-23 09:18:08,071 [INFO] PluginManager:220 - loadIPPluginJar : add fatfs
2024-09-23 09:18:08,178 [INFO] IPUIPlugin:80 - create IPUIPlugin
2024-09-23 09:18:08,178 [INFO] PluginManager:220 - loadIPPluginJar : add fmc
2024-09-23 09:18:08,657 [INFO] IPUIPlugin:80 - create IPUIPlugin
2024-09-23 09:18:08,657 [INFO] PluginManager:220 - loadIPPluginJar : add freertos
2024-09-23 09:18:08,685 [INFO] IPUIPlugin:80 - create IPUIPlugin
2024-09-23 09:18:08,685 [INFO] PluginManager:220 - loadIPPluginJar : add genericplugin
2024-09-23 09:18:08,824 [INFO] IPUIPlugin:80 - create IPUIPlugin
2024-09-23 09:18:08,825 [INFO] PluginManager:220 - loadIPPluginJar : add gfxmmu
2024-09-23 09:18:09,199 [INFO] ThirdPartyUpdaterWithRetryManager:70 - Updater plugin not ready yet. [2/15]
2024-09-23 09:18:09,497 [INFO] IPUIPlugin:80 - create IPUIPlugin
2024-09-23 09:18:09,497 [INFO] PluginManager:220 - loadIPPluginJar : add gic
2024-09-23 09:18:09,683 [INFO] IPUIPlugin:80 - create IPUIPlugin
2024-09-23 09:18:09,683 [INFO] PluginManager:220 - loadIPPluginJar : add gpio
2024-09-23 09:18:09,828 [INFO] IPUIPlugin:80 - create IPUIPlugin
2024-09-23 09:18:09,828 [INFO] PluginManager:220 - loadIPPluginJar : add gtzc
2024-09-23 09:18:09,997 [INFO] IPUIPlugin:80 - create IPUIPlugin
2024-09-23 09:18:09,998 [INFO] PluginManager:220 - loadIPPluginJar : add hash
2024-09-23 09:18:10,082 [INFO] IPUIPlugin:80 - create IPUIPlugin
2024-09-23 09:18:10,082 [INFO] PluginManager:220 - loadIPPluginJar : add i2c
2024-09-23 09:18:10,135 [INFO] IPUIPlugin:80 - create IPUIPlugin
2024-09-23 09:18:10,136 [INFO] PluginManager:220 - loadIPPluginJar : add i2s
2024-09-23 09:18:10,192 [INFO] IPUIPlugin:80 - create IPUIPlugin
2024-09-23 09:18:10,192 [INFO] PluginManager:220 - loadIPPluginJar : add i3c
2024-09-23 09:18:10,362 [INFO] IPUIPlugin:80 - create IPUIPlugin
2024-09-23 09:18:10,362 [INFO] PluginManager:220 - loadIPPluginJar : add ipddr
2024-09-23 09:18:10,480 [INFO] IPUIPlugin:80 - create IPUIPlugin
2024-09-23 09:18:10,480 [INFO] PluginManager:220 - loadIPPluginJar : add linkedlist
2024-09-23 09:18:10,526 [INFO] IPUIPlugin:80 - create IPUIPlugin
2024-09-23 09:18:10,526 [INFO] PluginManager:220 - loadIPPluginJar : add lorawan
2024-09-23 09:18:10,572 [INFO] IPUIPlugin:80 - create IPUIPlugin
2024-09-23 09:18:10,572 [INFO] PluginManager:220 - loadIPPluginJar : add ltdc
2024-09-23 09:18:10,691 [INFO] IPUIPlugin:80 - create IPUIPlugin
2024-09-23 09:18:10,691 [INFO] PluginManager:220 - loadIPPluginJar : add mdma
2024-09-23 09:18:10,706 [INFO] IPUIPlugin:80 - create IPUIPlugin
2024-09-23 09:18:10,706 [INFO] PluginManager:220 - loadIPPluginJar : add nvic
2024-09-23 09:18:10,752 [INFO] IPUIPlugin:80 - create IPUIPlugin
2024-09-23 09:18:10,752 [INFO] PluginManager:220 - loadIPPluginJar : add opamp
2024-09-23 09:18:10,836 [INFO] IPUIPlugin:80 - create IPUIPlugin
2024-09-23 09:18:10,836 [INFO] PluginManager:220 - loadIPPluginJar : add openamp
2024-09-23 09:18:10,896 [INFO] IPUIPlugin:80 - create IPUIPlugin
2024-09-23 09:18:10,896 [INFO] PluginManager:220 - loadIPPluginJar : add pdm2pcm
2024-09-23 09:18:10,920 [INFO] IPUIPlugin:80 - create IPUIPlugin
2024-09-23 09:18:10,922 [INFO] PluginManager:220 - loadIPPluginJar : add plateformsettings
2024-09-23 09:18:10,958 [INFO] IPUIPlugin:80 - create IPUIPlugin
2024-09-23 09:18:10,958 [INFO] PluginManager:220 - loadIPPluginJar : add quadspi
2024-09-23 09:18:11,115 [INFO] IPUIPlugin:80 - create IPUIPlugin
2024-09-23 09:18:11,115 [INFO] PluginManager:220 - loadIPPluginJar : add resmgrutility
2024-09-23 09:18:11,197 [INFO] IPUIPlugin:80 - create IPUIPlugin
2024-09-23 09:18:11,197 [INFO] PluginManager:220 - loadIPPluginJar : add sai
2024-09-23 09:18:11,244 [INFO] IPUIPlugin:80 - create IPUIPlugin
2024-09-23 09:18:11,244 [INFO] PluginManager:220 - loadIPPluginJar : add spi
2024-09-23 09:18:11,336 [INFO] IPUIPlugin:80 - create IPUIPlugin
2024-09-23 09:18:11,336 [INFO] PluginManager:220 - loadIPPluginJar : add stm32_wpan
2024-09-23 09:18:11,365 [INFO] IPUIPlugin:80 - create IPUIPlugin
2024-09-23 09:18:11,366 [INFO] PluginManager:220 - loadIPPluginJar : add tim
2024-09-23 09:18:11,443 [INFO] IPUIPlugin:80 - create IPUIPlugin
2024-09-23 09:18:11,443 [INFO] PluginManager:220 - loadIPPluginJar : add touchsensing
2024-09-23 09:18:11,471 [INFO] IPUIPlugin:80 - create IPUIPlugin
2024-09-23 09:18:11,478 [INFO] PluginManager:220 - loadIPPluginJar : add tracer_emb
2024-09-23 09:18:11,510 [INFO] IPUIPlugin:80 - create IPUIPlugin
2024-09-23 09:18:11,510 [INFO] PluginManager:220 - loadIPPluginJar : add ts
2024-09-23 09:18:11,539 [INFO] IPUIPlugin:80 - create IPUIPlugin
2024-09-23 09:18:11,539 [INFO] PluginManager:220 - loadIPPluginJar : add tsc
2024-09-23 09:18:11,570 [INFO] IPUIPlugin:80 - create IPUIPlugin
2024-09-23 09:18:11,570 [INFO] PluginManager:220 - loadIPPluginJar : add ucpd
2024-09-23 09:18:11,626 [INFO] IPUIPlugin:80 - create IPUIPlugin
2024-09-23 09:18:11,627 [INFO] PluginManager:220 - loadIPPluginJar : add usart
2024-09-23 09:18:11,682 [INFO] IPUIPlugin:80 - create IPUIPlugin
2024-09-23 09:18:11,683 [INFO] PluginManager:220 - loadIPPluginJar : add usbx
2024-09-23 09:18:12,146 [INFO] CADModel:165 - CPN selected for project level
2024-09-23 09:18:12,146 [INFO] CADModel:114 - Register for checkConnection events
2024-09-23 09:18:12,146 [FATAL] Updater:308 - Updater called before beeing initialized
2024-09-23 09:18:12,147 [ERROR] CADModel:125 - Updater not yet initialized, retry later 
2024-09-23 09:18:12,202 [INFO] ThirdPartyUpdaterWithRetryManager:70 - Updater plugin not ready yet. [3/15]
2024-09-23 09:18:12,696 [INFO] CADModel:165 - CPN selected for project level
2024-09-23 09:18:12,696 [INFO] CADModel:114 - Register for checkConnection events
2024-09-23 09:18:12,696 [FATAL] Updater:308 - Updater called before beeing initialized
2024-09-23 09:18:12,696 [ERROR] CADModel:125 - Updater not yet initialized, retry later 
2024-09-23 09:18:12,700 [FATAL] Updater:308 - Updater called before beeing initialized
2024-09-23 09:18:12,862 [FATAL] Updater:308 - Updater called before beeing initialized
2024-09-23 09:18:12,875 [INFO] DbMcusAds:53 - JSON generation date=Thu May 16 06:22:01 BRT 2024 (1715851321109)
2024-09-23 09:18:12,875 [FATAL] Updater:308 - Updater called before beeing initialized
2024-09-23 09:18:12,985 [WARN] DetailPanel:346 - Failed to get advertising image, set to default
2024-09-23 09:18:13,102 [FATAL] Updater:308 - Updater called before beeing initialized
2024-09-23 09:18:13,105 [FATAL] Updater:308 - Updater called before beeing initialized
2024-09-23 09:18:13,105 [FATAL] Updater:308 - Updater called before beeing initialized
2024-09-23 09:18:13,105 [WARN] DetailPanel:346 - Failed to get advertising image, set to default
2024-09-23 09:18:13,107 [FATAL] Updater:308 - Updater called before beeing initialized
2024-09-23 09:18:13,210 [ERROR] Updater:1120 - MainUpdater not yet initialized. External WinMGr cannot be set.
2024-09-23 09:18:13,224 [INFO] Updater:1056 - Updater Version found : 6.11.1
2024-09-23 09:18:13,255 [INFO] ApplicationProperties:184 - Using Application install path: C:\ST\STM32CubeIDE_1.15.1\STM32CubeIDE\plugins\com.st.stm32cube.common.mx_6.11.1.202404110753
2024-09-23 09:18:14,877 [ERROR] LogOutputStream:75 - [STDERR_REDIRECT] Sep 23, 2024 9:18:14 AM java.util.prefs.WindowsPreferences <init>
2024-09-23 09:18:14,880 [ERROR] LogOutputStream:75 - [STDERR_REDIRECT] WARNING: Could not open/create prefs root node Software\JavaSoft\Prefs at root 0xffffffff80000002. Windows RegCreateKeyEx(...) returned error code 5.
2024-09-23 09:18:14,880 [ERROR] LogOutputStream:75 - [STDERR_REDIRECT] 
2024-09-23 09:18:15,203 [FATAL] Updater:308 - Updater called before beeing initialized
2024-09-23 09:18:15,203 [ERROR] IntegrityCheckThread:130 - Cannot retrieve database content from updater: error 21
2024-09-23 09:18:15,203 [INFO] ThirdParty:978 - Integrity check success = false
2024-09-23 09:18:15,204 [INFO] IntegrityCheckThread:100 - exiting critical section [integrity check]
2024-09-23 09:18:15,204 [INFO] IntegrityCheckThread:103 - End integrity checks thread
2024-09-23 09:18:15,327 [INFO] MainUpdater:2873 - connection check result : 10
2024-09-23 09:18:15,328 [INFO] MainUpdater:3567 - Updater definition file requires update
2024-09-23 09:18:15,330 [INFO] MainUpdater:290 - Updater Check For Update Now.
2024-09-23 09:18:15,330 [INFO] MicroXplorer:498 - Change Database Version : DB.6.0.111
2024-09-23 09:18:15,357 [INFO] McuFinderGlobals:63 - Set McuFinder mode to 2 (CubeIDE integrated)
2024-09-23 09:18:15,370 [INFO] UserAuth:415 - Internet connection configuration mode: 1
2024-09-23 09:18:15,404 [INFO] JxBrowserEngine:152 - Initiate JxBrowser Engine with user profile folder
2024-09-23 09:18:15,432 [INFO] ServerAccessManage:473 - Download File updaters.zip
2024-09-23 09:18:15,519 [INFO] FileExtend:240 - Unzip File : updaters.zip
2024-09-23 09:18:15,519 [INFO] FileExtend:255 - Standard Zip Deflate
2024-09-23 09:18:16,111 [INFO] ServerAccessManage:473 - Download File PacksControlFlags.xml
2024-09-23 09:18:16,336 [INFO] ServerAccessManage:473 - Download File cubemx.pidx
2024-09-23 09:18:23,661 [INFO] ServerAccessManage:473 - Download File STMicroelectronics.X-CUBE-TOUCHGFX.pdsc
2024-09-23 09:18:26,232 [WARN] PackLoader:240 - Cannot read IP mode file for STMicroelectronics.X-CUBE-TOUCHGFX.4.24.1
2024-09-23 09:18:26,233 [INFO] PopulateThirdPartyThread:66 - Ending populate Thread
2024-09-23 09:18:26,250 [INFO] ThirdParty:1030 - CMSIS Pack Vendor :STMicroelectronics X-CUBE-TOUCHGFX 4.24.1
2024-09-23 09:18:26,250 [INFO] LoadServerUpdatesThread:375 - End of LoadServerUpdate Thread
2024-09-23 09:18:26,457 [INFO] CheckServerUpdateThread:120 - End of CheckServer Thread
2024-09-23 09:18:32,279 [INFO] WebApp:161 - Instantiating new browser for Auth
2024-09-23 09:18:37,274 [INFO] WebApp:779 - Register for checkConnection events
2024-09-23 09:18:37,274 [INFO] WebApp:414 - Apply proxy settings
2024-09-23 09:18:37,275 [INFO] WebApp:499 - Chromium requires no authentication
2024-09-23 09:18:37,499 [INFO] WebApp:442 - Direct internet connection detected
2024-09-23 09:18:37,830 [INFO] WebApp:192 - Starting web application
2024-09-23 09:18:37,831 [INFO] WebApp:544 - Web application path used C:\ST\STM32CubeIDE_1.15.1\STM32CubeIDE\plugins\com.st.stm32cube.common.mx_6.11.1.202404110753\db\plugins\mcufinder\reactClient1\index.html
