2024-07-26 15:16:47,348 [INFO] Activator:176 - 


2024-07-26 15:16:47,356 [INFO] Activator:177 - !SESSION log4j initialized
2024-07-26 15:16:55,436 [INFO] LogOutputStream:77 - [STDOUT_REDIRECT] 
2024-07-26 15:16:58,777 [INFO] ApplicationProperties:184 - Using Application install path: C:\ST\STM32CubeIDE_1.15.1\STM32CubeIDE\plugins\com.st.stm32cube.common.mx_6.11.1.202404110753
2024-07-26 15:16:58,804 [INFO] DbMcusXml:78 - Set database path to: C:\ST\STM32CubeIDE_1.15.1\STM32CubeIDE\plugins\com.st.stm32cube.common.mx_6.11.1.202404110753\\db\/mcu/
2024-07-26 15:16:58,804 [INFO] ApiDb:274 - Set plugin database path to: C:\ST\STM32CubeIDE_1.15.1\STM32CubeIDE\plugins\com.st.stm32cube.common.mx_6.11.1.202404110753\\db\/plugins/boardmanager/
2024-07-26 15:16:58,804 [WARN] ApiDb:259 - Overriding images path with different value:  => C:\ST\STM32CubeIDE_1.15.1\STM32CubeIDE\plugins\com.st.stm32cube.common.mx_6.11.1.202404110753\\db\/plugins/mcufinder/images/
2024-07-26 15:16:58,819 [INFO] ApiDb:250 - Set database path to: C:\Users\Matheus Markies\.stmcufinder\plugins\mcufinder//mcu/
2024-07-26 15:16:58,820 [INFO] DbMcusAds:125 - Set database path to: C:\Users\Matheus Markies\.stmcufinder\plugins\mcufinder//mcu/
2024-07-26 15:16:58,822 [INFO] CrossReferenceDbSqlite:203 - Set database path to: C:\Users\Matheus Markies\.stmcufinder\plugins\mcufinder//mcu/cs/
2024-07-26 15:16:58,970 [INFO] RulesReader:64 - Compatibility file has been processed (297 Rules)
2024-07-26 15:16:59,099 [INFO] DbMcusXml:78 - Set database path to: C:\ST\STM32CubeIDE_1.15.1\STM32CubeIDE\plugins\com.st.stm32cube.common.mx_6.11.1.202404110753\\db\/mcu/
2024-07-26 15:16:59,100 [INFO] ApiDb:274 - Set plugin database path to: C:\ST\STM32CubeIDE_1.15.1\STM32CubeIDE\plugins\com.st.stm32cube.common.mx_6.11.1.202404110753\\db\/plugins/boardmanager/
2024-07-26 15:16:59,100 [INFO] ApiDb:261 - Set plugin images path to: C:\ST\STM32CubeIDE_1.15.1\STM32CubeIDE\plugins\com.st.stm32cube.common.mx_6.11.1.202404110753\\db\/plugins/mcufinder/images/
2024-07-26 15:16:59,100 [WARN] DbFile:41 - Overriding database path with different value: C:\Users\Matheus Markies\.stmcufinder\plugins\mcufinder/ => C:\Users\Matheus Markies\.stmcufinder\plugins\mcufinder
2024-07-26 15:16:59,100 [INFO] ApiDb:250 - Set database path to: C:\Users\Matheus Markies\.stmcufinder\plugins\mcufinder//mcu/
2024-07-26 15:16:59,100 [WARN] DbFile:41 - Overriding database path with different value: C:\Users\Matheus Markies\.stmcufinder\plugins\mcufinder/ => C:\Users\Matheus Markies\.stmcufinder\plugins\mcufinder
2024-07-26 15:16:59,100 [INFO] DbMcusAds:125 - Set database path to: C:\Users\Matheus Markies\.stmcufinder\plugins\mcufinder//mcu/
2024-07-26 15:16:59,101 [WARN] DbFile:41 - Overriding database path with different value: C:\Users\Matheus Markies\.stmcufinder\plugins\mcufinder/ => C:\Users\Matheus Markies\.stmcufinder\plugins\mcufinder
2024-07-26 15:16:59,101 [WARN] DbFile:41 - Overriding database path with different value: C:\Users\Matheus Markies\.stmcufinder\plugins\mcufinder/ => C:\Users\Matheus Markies\.stmcufinder\plugins\mcufinder
2024-07-26 15:16:59,101 [INFO] CrossReferenceDbSqlite:203 - Set database path to: C:\Users\Matheus Markies\.stmcufinder\plugins\mcufinder//mcu/cs/
2024-07-26 15:16:59,215 [INFO] MainPanel:264 - HeapMemory: 268435456
2024-07-26 15:16:59,366 [INFO] DbMcusXml:78 - Set database path to: C:\ST\STM32CubeIDE_1.15.1\STM32CubeIDE\plugins\com.st.stm32cube.common.mx_6.11.1.202404110753\\db\/mcu/
2024-07-26 15:16:59,366 [INFO] ApiDb:274 - Set plugin database path to: C:\ST\STM32CubeIDE_1.15.1\STM32CubeIDE\plugins\com.st.stm32cube.common.mx_6.11.1.202404110753\\db\/plugins/boardmanager/
2024-07-26 15:16:59,366 [INFO] ApiDb:261 - Set plugin images path to: C:\ST\STM32CubeIDE_1.15.1\STM32CubeIDE\plugins\com.st.stm32cube.common.mx_6.11.1.202404110753\\db\/plugins/mcufinder/images/
2024-07-26 15:16:59,366 [WARN] DbFile:41 - Overriding database path with different value: C:\Users\Matheus Markies\.stmcufinder\plugins\mcufinder/ => C:\Users\Matheus Markies\.stmcufinder\plugins\mcufinder
2024-07-26 15:16:59,367 [INFO] ApiDb:250 - Set database path to: C:\Users\Matheus Markies\.stmcufinder\plugins\mcufinder//mcu/
2024-07-26 15:16:59,367 [WARN] DbFile:41 - Overriding database path with different value: C:\Users\Matheus Markies\.stmcufinder\plugins\mcufinder/ => C:\Users\Matheus Markies\.stmcufinder\plugins\mcufinder
2024-07-26 15:16:59,367 [INFO] DbMcusAds:125 - Set database path to: C:\Users\Matheus Markies\.stmcufinder\plugins\mcufinder//mcu/
2024-07-26 15:16:59,367 [WARN] DbFile:41 - Overriding database path with different value: C:\Users\Matheus Markies\.stmcufinder\plugins\mcufinder/ => C:\Users\Matheus Markies\.stmcufinder\plugins\mcufinder
2024-07-26 15:16:59,367 [WARN] DbFile:41 - Overriding database path with different value: C:\Users\Matheus Markies\.stmcufinder\plugins\mcufinder/ => C:\Users\Matheus Markies\.stmcufinder\plugins\mcufinder
2024-07-26 15:16:59,367 [INFO] CrossReferenceDbSqlite:203 - Set database path to: C:\Users\Matheus Markies\.stmcufinder\plugins\mcufinder//mcu/cs/
2024-07-26 15:16:59,393 [INFO] ApplicationProperties:184 - Using Application install path: C:\ST\STM32CubeIDE_1.15.1\STM32CubeIDE\plugins\com.st.stm32cube.common.mx_6.11.1.202404110753
2024-07-26 15:16:59,395 [INFO] PluginManage:196 - Search for loadable plugins [exclusion list=, ]
2024-07-26 15:16:59,397 [INFO] PluginManage:310 - Check plugin analytics
2024-07-26 15:16:59,615 [INFO] AnalyticsPlugin:253 - Accepted Software Licenses: 
2024-07-26 15:16:59,615 [INFO] AnalyticsPlugin:255 - Accepted CMSIS Pack Licenses: 
2024-07-26 15:16:59,616 [INFO] AnalyticsPlugin:257 - Accepted Firmware Licenses: FW.F4.1.28.0
2024-07-26 15:16:59,618 [INFO] PluginManage:359 - Loaded plugin analytics (category:tool,tabindex:-1)
2024-07-26 15:16:59,618 [INFO] PluginManage:310 - Check plugin cadmodel
2024-07-26 15:16:59,640 [INFO] CADModel:105 - Init CAD model plugin
2024-07-26 15:16:59,640 [INFO] PluginManage:359 - Loaded plugin cadmodel (category:power,tabindex:5)
2024-07-26 15:16:59,640 [INFO] PluginManage:310 - Check plugin clock
2024-07-26 15:16:59,672 [INFO] PluginManage:359 - Loaded plugin clock (category:base,tabindex:2)
2024-07-26 15:16:59,672 [INFO] PluginManage:310 - Check plugin ddr
2024-07-26 15:16:59,675 [INFO] PluginManage:359 - Loaded plugin ddr (category:tool,tabindex:6)
2024-07-26 15:16:59,675 [INFO] PluginManage:310 - Check plugin filemanager
2024-07-26 15:16:59,857 [INFO] PluginManage:359 - Loaded plugin filemanager (category:base,tabindex:10)
2024-07-26 15:16:59,857 [INFO] PluginManage:310 - Check plugin ipmanager
2024-07-26 15:16:59,867 [INFO] PluginManage:359 - Loaded plugin ipmanager (category:base,tabindex:5)
2024-07-26 15:16:59,867 [INFO] PluginManage:310 - Check plugin lpbam
2024-07-26 15:16:59,892 [INFO] PluginManage:359 - Loaded plugin lpbam (category:base,tabindex:0)
2024-07-26 15:16:59,892 [INFO] PluginManage:310 - Check plugin memorymap
2024-07-26 15:16:59,932 [INFO] PluginManage:359 - Loaded plugin memorymap (category:base,tabindex:4)
2024-07-26 15:16:59,933 [INFO] PluginManage:310 - Check plugin pinoutandconfiguration
2024-07-26 15:16:59,956 [INFO] PluginManage:359 - Loaded plugin pinoutandconfiguration (category:base,tabindex:1)
2024-07-26 15:16:59,956 [INFO] PluginManage:310 - Check plugin pinoutconfig
2024-07-26 15:17:00,085 [WARN] SupportedApi:132 - Cannot load RTOS API schema: s4s-elt-must-match.1: The content of 'definitions' must match (annotation?, (simpleType | complexType)?, (unique | key | keyref)*)). A problem was found starting at: attribute.
2024-07-26 15:17:00,271 [INFO] PluginManage:359 - Loaded plugin pinoutconfig (category:base,tabindex:0)
2024-07-26 15:17:00,271 [INFO] PluginManage:310 - Check plugin power
2024-07-26 15:17:00,303 [INFO] PluginManage:359 - Loaded plugin power (category:power,tabindex:4)
2024-07-26 15:17:00,304 [INFO] PluginManage:310 - Check plugin projectmanager
2024-07-26 15:17:00,323 [INFO] PluginManage:359 - Loaded plugin projectmanager (category:projectmanager,tabindex:3)
2024-07-26 15:17:00,324 [INFO] PluginManage:310 - Check plugin thirdparty
2024-07-26 15:17:00,666 [INFO] PluginManage:359 - Loaded plugin thirdparty (category:base,tabindex:-1)
2024-07-26 15:17:00,666 [INFO] PluginManage:310 - Check plugin tools
2024-07-26 15:17:00,666 [WARN] IntegrityCheckThread:84 - waiting for thirdparty lock release [integrity check]
2024-07-26 15:17:00,667 [INFO] IntegrityCheckThread:86 - entering critical section [integrity check]
2024-07-26 15:17:00,668 [INFO] ThirdPartyUpdaterWithRetryManager:70 - Updater plugin not ready yet. [1/15]
2024-07-26 15:17:00,708 [INFO] PluginManage:359 - Loaded plugin tools (category:base,tabindex:7)
2024-07-26 15:17:00,708 [INFO] PluginManage:310 - Check plugin tutovideos
2024-07-26 15:17:00,957 [INFO] PluginManage:359 - Loaded plugin tutovideos (category:base,tabindex:-1)
2024-07-26 15:17:00,957 [INFO] PluginManage:310 - Check plugin updater
2024-07-26 15:17:00,975 [INFO] PluginManage:359 - Loaded plugin updater (category:base,tabindex:12)
2024-07-26 15:17:00,975 [INFO] PluginManage:310 - Check plugin userauth
2024-07-26 15:17:00,984 [INFO] UserAuth:114 - Init User Auth plugin
2024-07-26 15:17:00,984 [INFO] PluginManage:359 - Loaded plugin userauth (category:base,tabindex:14)
2024-07-26 15:17:00,984 [INFO] PluginManage:283 - PluginManage : Loaded plugins [17]
2024-07-26 15:17:01,294 [INFO] PinOutPanel:1561 - setPackage(No Configuration,No Configuration)
2024-07-26 15:17:01,406 [INFO] CADModel:165 - CPN selected for project level
2024-07-26 15:17:01,406 [INFO] CADModel:114 - Register for checkConnection events
2024-07-26 15:17:01,448 [INFO] IPUIPlugin:80 - create IPUIPlugin
2024-07-26 15:17:01,448 [INFO] PluginManager:220 - loadIPPluginJar : add adc
2024-07-26 15:17:01,491 [INFO] IPUIPlugin:80 - create IPUIPlugin
2024-07-26 15:17:01,491 [INFO] PluginManager:220 - loadIPPluginJar : add aes
2024-07-26 15:17:01,538 [INFO] IPUIPlugin:80 - create IPUIPlugin
2024-07-26 15:17:01,539 [INFO] PluginManager:220 - loadIPPluginJar : add can
2024-07-26 15:17:01,565 [INFO] IPUIPlugin:80 - create IPUIPlugin
2024-07-26 15:17:01,566 [INFO] PluginManager:220 - loadIPPluginJar : add comp
2024-07-26 15:17:01,606 [INFO] IPUIPlugin:80 - create IPUIPlugin
2024-07-26 15:17:01,606 [INFO] PluginManager:220 - loadIPPluginJar : add cryp
2024-07-26 15:17:01,642 [INFO] IPUIPlugin:80 - create IPUIPlugin
2024-07-26 15:17:01,642 [INFO] PluginManager:220 - loadIPPluginJar : add dfsdm
2024-07-26 15:17:01,659 [INFO] IPUIPlugin:80 - create IPUIPlugin
2024-07-26 15:17:01,659 [INFO] PluginManager:220 - loadIPPluginJar : add dma
2024-07-26 15:17:01,708 [INFO] IPUIPlugin:80 - create IPUIPlugin
2024-07-26 15:17:01,709 [INFO] PluginManager:220 - loadIPPluginJar : add dma3
2024-07-26 15:17:01,761 [INFO] IPUIPlugin:80 - create IPUIPlugin
2024-07-26 15:17:01,761 [INFO] PluginManager:220 - loadIPPluginJar : add extmemmanager
2024-07-26 15:17:01,785 [INFO] IPUIPlugin:80 - create IPUIPlugin
2024-07-26 15:17:01,786 [INFO] PluginManager:220 - loadIPPluginJar : add fatfs
2024-07-26 15:17:01,838 [INFO] IPUIPlugin:80 - create IPUIPlugin
2024-07-26 15:17:01,838 [INFO] PluginManager:220 - loadIPPluginJar : add fmc
2024-07-26 15:17:01,859 [INFO] IPUIPlugin:80 - create IPUIPlugin
2024-07-26 15:17:01,859 [INFO] PluginManager:220 - loadIPPluginJar : add freertos
2024-07-26 15:17:01,883 [INFO] IPUIPlugin:80 - create IPUIPlugin
2024-07-26 15:17:01,883 [INFO] PluginManager:220 - loadIPPluginJar : add genericplugin
2024-07-26 15:17:01,987 [INFO] IPUIPlugin:80 - create IPUIPlugin
2024-07-26 15:17:01,987 [INFO] PluginManager:220 - loadIPPluginJar : add gfxmmu
2024-07-26 15:17:02,134 [INFO] IPUIPlugin:80 - create IPUIPlugin
2024-07-26 15:17:02,135 [INFO] PluginManager:220 - loadIPPluginJar : add gic
2024-07-26 15:17:02,152 [INFO] IPUIPlugin:80 - create IPUIPlugin
2024-07-26 15:17:02,152 [INFO] PluginManager:220 - loadIPPluginJar : add gpio
2024-07-26 15:17:02,257 [INFO] IPUIPlugin:80 - create IPUIPlugin
2024-07-26 15:17:02,257 [INFO] PluginManager:220 - loadIPPluginJar : add gtzc
2024-07-26 15:17:02,294 [INFO] IPUIPlugin:80 - create IPUIPlugin
2024-07-26 15:17:02,294 [INFO] PluginManager:220 - loadIPPluginJar : add hash
2024-07-26 15:17:02,360 [INFO] IPUIPlugin:80 - create IPUIPlugin
2024-07-26 15:17:02,360 [INFO] PluginManager:220 - loadIPPluginJar : add i2c
2024-07-26 15:17:02,407 [INFO] IPUIPlugin:80 - create IPUIPlugin
2024-07-26 15:17:02,407 [INFO] PluginManager:220 - loadIPPluginJar : add i2s
2024-07-26 15:17:02,456 [INFO] IPUIPlugin:80 - create IPUIPlugin
2024-07-26 15:17:02,456 [INFO] PluginManager:220 - loadIPPluginJar : add i3c
2024-07-26 15:17:02,577 [INFO] IPUIPlugin:80 - create IPUIPlugin
2024-07-26 15:17:02,577 [INFO] PluginManager:220 - loadIPPluginJar : add ipddr
2024-07-26 15:17:02,680 [INFO] IPUIPlugin:80 - create IPUIPlugin
2024-07-26 15:17:02,680 [INFO] PluginManager:220 - loadIPPluginJar : add linkedlist
2024-07-26 15:17:02,723 [INFO] IPUIPlugin:80 - create IPUIPlugin
2024-07-26 15:17:02,723 [INFO] PluginManager:220 - loadIPPluginJar : add lorawan
2024-07-26 15:17:02,765 [INFO] IPUIPlugin:80 - create IPUIPlugin
2024-07-26 15:17:02,765 [INFO] PluginManager:220 - loadIPPluginJar : add ltdc
2024-07-26 15:17:02,784 [INFO] IPUIPlugin:80 - create IPUIPlugin
2024-07-26 15:17:02,784 [INFO] PluginManager:220 - loadIPPluginJar : add mdma
2024-07-26 15:17:02,801 [INFO] IPUIPlugin:80 - create IPUIPlugin
2024-07-26 15:17:02,801 [INFO] PluginManager:220 - loadIPPluginJar : add nvic
2024-07-26 15:17:02,843 [INFO] IPUIPlugin:80 - create IPUIPlugin
2024-07-26 15:17:02,843 [INFO] PluginManager:220 - loadIPPluginJar : add opamp
2024-07-26 15:17:02,911 [INFO] IPUIPlugin:80 - create IPUIPlugin
2024-07-26 15:17:02,911 [INFO] PluginManager:220 - loadIPPluginJar : add openamp
2024-07-26 15:17:02,961 [INFO] IPUIPlugin:80 - create IPUIPlugin
2024-07-26 15:17:02,961 [INFO] PluginManager:220 - loadIPPluginJar : add pdm2pcm
2024-07-26 15:17:02,980 [INFO] IPUIPlugin:80 - create IPUIPlugin
2024-07-26 15:17:02,982 [INFO] PluginManager:220 - loadIPPluginJar : add plateformsettings
2024-07-26 15:17:03,008 [INFO] IPUIPlugin:80 - create IPUIPlugin
2024-07-26 15:17:03,008 [INFO] PluginManager:220 - loadIPPluginJar : add quadspi
2024-07-26 15:17:03,025 [INFO] IPUIPlugin:80 - create IPUIPlugin
2024-07-26 15:17:03,025 [INFO] PluginManager:220 - loadIPPluginJar : add resmgrutility
2024-07-26 15:17:03,081 [INFO] IPUIPlugin:80 - create IPUIPlugin
2024-07-26 15:17:03,081 [INFO] PluginManager:220 - loadIPPluginJar : add sai
2024-07-26 15:17:03,123 [INFO] IPUIPlugin:80 - create IPUIPlugin
2024-07-26 15:17:03,123 [INFO] PluginManager:220 - loadIPPluginJar : add spi
2024-07-26 15:17:03,202 [INFO] IPUIPlugin:80 - create IPUIPlugin
2024-07-26 15:17:03,202 [INFO] PluginManager:220 - loadIPPluginJar : add stm32_wpan
2024-07-26 15:17:03,229 [INFO] IPUIPlugin:80 - create IPUIPlugin
2024-07-26 15:17:03,229 [INFO] PluginManager:220 - loadIPPluginJar : add tim
2024-07-26 15:17:03,297 [INFO] IPUIPlugin:80 - create IPUIPlugin
2024-07-26 15:17:03,297 [INFO] PluginManager:220 - loadIPPluginJar : add touchsensing
2024-07-26 15:17:03,324 [INFO] IPUIPlugin:80 - create IPUIPlugin
2024-07-26 15:17:03,325 [INFO] PluginManager:220 - loadIPPluginJar : add tracer_emb
2024-07-26 15:17:03,353 [INFO] IPUIPlugin:80 - create IPUIPlugin
2024-07-26 15:17:03,354 [INFO] PluginManager:220 - loadIPPluginJar : add ts
2024-07-26 15:17:03,382 [INFO] IPUIPlugin:80 - create IPUIPlugin
2024-07-26 15:17:03,382 [INFO] PluginManager:220 - loadIPPluginJar : add tsc
2024-07-26 15:17:03,411 [INFO] IPUIPlugin:80 - create IPUIPlugin
2024-07-26 15:17:03,411 [INFO] PluginManager:220 - loadIPPluginJar : add ucpd
2024-07-26 15:17:03,462 [INFO] IPUIPlugin:80 - create IPUIPlugin
2024-07-26 15:17:03,463 [INFO] PluginManager:220 - loadIPPluginJar : add usart
2024-07-26 15:17:03,513 [INFO] IPUIPlugin:80 - create IPUIPlugin
2024-07-26 15:17:03,513 [INFO] PluginManager:220 - loadIPPluginJar : add usbx
2024-07-26 15:17:03,661 [INFO] CADModel:165 - CPN selected for project level
2024-07-26 15:17:03,661 [INFO] CADModel:114 - Register for checkConnection events
2024-07-26 15:17:03,662 [FATAL] Updater:308 - Updater called before beeing initialized
2024-07-26 15:17:03,662 [ERROR] CADModel:125 - Updater not yet initialized, retry later 
2024-07-26 15:17:03,669 [INFO] ThirdPartyUpdaterWithRetryManager:70 - Updater plugin not ready yet. [2/15]
2024-07-26 15:17:03,875 [INFO] CADModel:165 - CPN selected for project level
2024-07-26 15:17:03,875 [INFO] CADModel:114 - Register for checkConnection events
2024-07-26 15:17:03,875 [FATAL] Updater:308 - Updater called before beeing initialized
2024-07-26 15:17:03,875 [ERROR] CADModel:125 - Updater not yet initialized, retry later 
2024-07-26 15:17:03,879 [FATAL] Updater:308 - Updater called before beeing initialized
2024-07-26 15:17:04,063 [FATAL] Updater:308 - Updater called before beeing initialized
2024-07-26 15:17:04,074 [INFO] DbMcusAds:53 - JSON generation date=Thu May 16 06:22:01 BRT 2024 (1715851321109)
2024-07-26 15:17:04,075 [FATAL] Updater:308 - Updater called before beeing initialized
2024-07-26 15:17:04,181 [WARN] DetailPanel:346 - Failed to get advertising image, set to default
2024-07-26 15:17:04,296 [FATAL] Updater:308 - Updater called before beeing initialized
2024-07-26 15:17:04,301 [FATAL] Updater:308 - Updater called before beeing initialized
2024-07-26 15:17:04,301 [FATAL] Updater:308 - Updater called before beeing initialized
2024-07-26 15:17:04,301 [WARN] DetailPanel:346 - Failed to get advertising image, set to default
2024-07-26 15:17:04,302 [FATAL] Updater:308 - Updater called before beeing initialized
2024-07-26 15:17:04,388 [ERROR] Updater:1120 - MainUpdater not yet initialized. External WinMGr cannot be set.
2024-07-26 15:17:04,401 [INFO] Updater:1056 - Updater Version found : 6.11.1
2024-07-26 15:17:04,428 [INFO] ApplicationProperties:184 - Using Application install path: C:\ST\STM32CubeIDE_1.15.1\STM32CubeIDE\plugins\com.st.stm32cube.common.mx_6.11.1.202404110753
2024-07-26 15:17:06,009 [ERROR] LogOutputStream:75 - [STDERR_REDIRECT] Jul 26, 2024 3:17:06 PM java.util.prefs.WindowsPreferences <init>
2024-07-26 15:17:06,012 [ERROR] LogOutputStream:75 - [STDERR_REDIRECT] WARNING: Could not open/create prefs root node Software\JavaSoft\Prefs at root 0xffffffff80000002. Windows RegCreateKeyEx(...) returned error code 5.
2024-07-26 15:17:06,012 [ERROR] LogOutputStream:75 - [STDERR_REDIRECT] 
2024-07-26 15:17:06,398 [INFO] MainUpdater:2873 - connection check result : 10
2024-07-26 15:17:06,399 [INFO] MainUpdater:290 - Updater Check For Update Now.
2024-07-26 15:17:06,399 [INFO] MicroXplorer:498 - Change Database Version : DB.6.0.111
2024-07-26 15:17:06,416 [INFO] McuFinderGlobals:63 - Set McuFinder mode to 2 (CubeIDE integrated)
2024-07-26 15:17:06,430 [INFO] UserAuth:415 - Internet connection configuration mode: 1
2024-07-26 15:17:06,478 [INFO] JxBrowserEngine:152 - Initiate JxBrowser Engine with user profile folder
2024-07-26 15:17:06,660 [INFO] CheckServerUpdateThread:120 - End of CheckServer Thread
2024-07-26 15:17:07,042 [WARN] PackLoader:240 - Cannot read IP mode file for STMicroelectronics.FP-SNS-MOTENVWB1.1.4.0
2024-07-26 15:17:07,061 [WARN] PackLoader:240 - Cannot read IP mode file for STMicroelectronics.X-CUBE-SMBUS.2.1.0
2024-07-26 15:17:07,077 [WARN] PackLoader:240 - Cannot read IP mode file for STMicroelectronics.X-CUBE-TOUCHGFX.4.23.2
2024-07-26 15:17:07,134 [WARN] PackLoader:240 - Cannot read IP mode file for STMicroelectronics.X-CUBE-AZRTOS-F7.1.1.0
2024-07-26 15:17:07,161 [WARN] PackLoader:240 - Cannot read IP mode file for STMicroelectronics.FP-SNS-FLIGHT1.5.0.2
2024-07-26 15:17:07,182 [WARN] PackLoader:240 - Cannot read IP mode file for STMicroelectronics.X-CUBE-DISPLAY.3.0.0
2024-07-26 15:17:07,209 [WARN] PackLoader:240 - Cannot read IP mode file for STMicroelectronics.X-CUBE-BLE1.7.0.0
2024-07-26 15:17:07,231 [WARN] PackLoader:240 - Cannot read IP mode file for emotas.I-CUBE-CANOPEN.1.3.0
2024-07-26 15:17:07,267 [WARN] PackLoader:240 - Cannot read IP mode file for STMicroelectronics.X-CUBE-BLEMGR.3.1.0
2024-07-26 15:17:07,293 [WARN] PackLoader:240 - Cannot read IP mode file for STMicroelectronics.FP-SNS-SMARTAG2.1.2.0
2024-07-26 15:17:07,329 [INFO] LogOutputStream:77 - [STDOUT_REDIRECT] 1 : Invalid condition id : UX_CORESTACK_Condition cause : null
2024-07-26 15:17:07,330 [INFO] LogOutputStream:77 - [STDOUT_REDIRECT] 1 : Invalid condition id : UX_CORESTACK_Condition cause : null
2024-07-26 15:17:07,333 [INFO] LogOutputStream:77 - [STDOUT_REDIRECT] 1 : Invalid condition id : UX_CORESTACK_Condition cause : null
2024-07-26 15:17:07,335 [INFO] LogOutputStream:77 - [STDOUT_REDIRECT] 1 : Invalid condition id : UX_CORESTACK_Condition cause : null
2024-07-26 15:17:07,336 [INFO] LogOutputStream:77 - [STDOUT_REDIRECT] 1 : Invalid condition id : UX_CORESTACK_Condition cause : null
2024-07-26 15:17:07,340 [WARN] PackLoader:240 - Cannot read IP mode file for STMicroelectronics.X-CUBE-AZRTOS-WL.2.0.0
2024-07-26 15:17:07,359 [WARN] PackLoader:240 - Cannot read IP mode file for STMicroelectronics.FP-SNS-MOTENV1.5.0.0
2024-07-26 15:17:07,386 [WARN] PackLoader:240 - Cannot read IP mode file for wolfSSL.I-CUBE-wolfMQTT.1.19.0
2024-07-26 15:17:07,405 [WARN] PackLoader:240 - Cannot read IP mode file for WES.I-CUBE-Cesium.1.3.0
2024-07-26 15:17:07,419 [WARN] PackLoader:240 - Cannot read IP mode file for STMicroelectronics.X-CUBE-BLE2.3.3.0
2024-07-26 15:17:07,435 [WARN] PackLoader:240 - Cannot read IP mode file for STMicroelectronics.X-CUBE-TCPP.4.1.0
2024-07-26 15:17:07,500 [WARN] PackLoader:240 - Cannot read IP mode file for STMicroelectronics.X-CUBE-AZRTOS-G0.1.1.0
2024-07-26 15:17:07,528 [WARN] PackLoader:240 - Cannot read IP mode file for STMicroelectronics.X-CUBE-SAFEA1.1.2.2
2024-07-26 15:17:07,551 [WARN] PackLoader:240 - Cannot read IP mode file for STMicroelectronics.X-CUBE-NFC4.3.0.0
2024-07-26 15:17:07,564 [WARN] PackLoader:240 - Cannot read IP mode file for wolfSSL.I-CUBE-wolfMQTT.1.18.0
2024-07-26 15:17:07,582 [WARN] PackLoader:240 - Cannot read IP mode file for EmbeddedOffice.I-CUBE-FS-RTOS.1.0.1
2024-07-26 15:17:07,582 [ERROR] ConditionMgr:805 - Attr not supported : Dmpu
2024-07-26 15:17:07,583 [ERROR] ConditionMgr:805 - Attr not supported : Dmpu
2024-07-26 15:17:07,583 [ERROR] ConditionMgr:805 - Attr not supported : Dmpu
2024-07-26 15:17:07,583 [ERROR] ConditionMgr:805 - Attr not supported : Dmpu
2024-07-26 15:17:07,583 [ERROR] ConditionMgr:805 - Attr not supported : Dmpu
2024-07-26 15:17:07,583 [ERROR] ConditionMgr:805 - Attr not supported : Dmpu
2024-07-26 15:17:07,583 [ERROR] ConditionMgr:805 - Attr not supported : Dmpu
2024-07-26 15:17:07,583 [ERROR] ConditionMgr:805 - Attr not supported : Dmpu
2024-07-26 15:17:07,583 [ERROR] ConditionMgr:805 - Attr not supported : Dmpu
2024-07-26 15:17:07,583 [ERROR] ConditionMgr:805 - Attr not supported : Dmpu
2024-07-26 15:17:07,583 [ERROR] ConditionMgr:805 - Attr not supported : Dmpu
2024-07-26 15:17:07,583 [ERROR] ConditionMgr:805 - Attr not supported : Dmpu
2024-07-26 15:17:07,583 [ERROR] ConditionMgr:805 - Attr not supported : Dmpu
2024-07-26 15:17:07,584 [ERROR] ConditionMgr:805 - Attr not supported : Dmpu
2024-07-26 15:17:07,584 [ERROR] ConditionMgr:805 - Attr not supported : Dmpu
2024-07-26 15:17:07,584 [ERROR] ConditionMgr:805 - Attr not supported : Dmpu
2024-07-26 15:17:07,584 [ERROR] ConditionMgr:805 - Attr not supported : Dmpu
2024-07-26 15:17:07,584 [ERROR] ConditionMgr:805 - Attr not supported : Dmpu
2024-07-26 15:17:07,584 [ERROR] ConditionMgr:805 - Attr not supported : Dmpu
2024-07-26 15:17:07,584 [ERROR] ConditionMgr:805 - Attr not supported : Dmpu
2024-07-26 15:17:07,584 [ERROR] ConditionMgr:805 - Attr not supported : Dmpu
2024-07-26 15:17:07,584 [ERROR] ConditionMgr:805 - Attr not supported : Dmpu
2024-07-26 15:17:07,584 [ERROR] ConditionMgr:805 - Attr not supported : Dmpu
2024-07-26 15:17:07,584 [ERROR] ConditionMgr:805 - Attr not supported : Dmpu
2024-07-26 15:17:07,584 [ERROR] ConditionMgr:805 - Attr not supported : Dmpu
2024-07-26 15:17:07,584 [ERROR] ConditionMgr:805 - Attr not supported : Dmpu
2024-07-26 15:17:07,585 [ERROR] ConditionMgr:805 - Attr not supported : Dmpu
2024-07-26 15:17:07,585 [ERROR] ConditionMgr:805 - Attr not supported : Dmpu
2024-07-26 15:17:07,585 [ERROR] ConditionMgr:805 - Attr not supported : Dmpu
2024-07-26 15:17:07,585 [ERROR] ConditionMgr:805 - Attr not supported : Dmpu
2024-07-26 15:17:07,585 [ERROR] ConditionMgr:805 - Attr not supported : Dmpu
2024-07-26 15:17:07,585 [ERROR] ConditionMgr:805 - Attr not supported : Dmpu
2024-07-26 15:17:07,585 [ERROR] ConditionMgr:805 - Attr not supported : Dmpu
2024-07-26 15:17:07,585 [ERROR] ConditionMgr:805 - Attr not supported : Dmpu
2024-07-26 15:17:07,585 [ERROR] ConditionMgr:805 - Attr not supported : Dmpu
2024-07-26 15:17:07,585 [ERROR] ConditionMgr:805 - Attr not supported : Dmpu
2024-07-26 15:17:07,585 [ERROR] ConditionMgr:805 - Attr not supported : Dmpu
2024-07-26 15:17:07,586 [ERROR] ConditionMgr:805 - Attr not supported : Dmpu
2024-07-26 15:17:07,586 [ERROR] ConditionMgr:805 - Attr not supported : Dmpu
2024-07-26 15:17:07,586 [ERROR] ConditionMgr:805 - Attr not supported : Dmpu
2024-07-26 15:17:07,586 [ERROR] ConditionMgr:805 - Attr not supported : Dmpu
2024-07-26 15:17:07,586 [ERROR] ConditionMgr:805 - Attr not supported : Dmpu
2024-07-26 15:17:07,586 [ERROR] ConditionMgr:805 - Attr not supported : Dmpu
2024-07-26 15:17:07,586 [ERROR] ConditionMgr:805 - Attr not supported : Dmpu
2024-07-26 15:17:07,586 [ERROR] ConditionMgr:805 - Attr not supported : Dmpu
2024-07-26 15:17:07,586 [ERROR] ConditionMgr:805 - Attr not supported : Dmpu
2024-07-26 15:17:07,586 [ERROR] ConditionMgr:805 - Attr not supported : Dmpu
2024-07-26 15:17:07,587 [ERROR] ConditionMgr:805 - Attr not supported : Dmpu
2024-07-26 15:17:07,587 [ERROR] ConditionMgr:805 - Attr not supported : Dmpu
2024-07-26 15:17:07,587 [ERROR] ConditionMgr:805 - Attr not supported : Dmpu
2024-07-26 15:17:07,587 [ERROR] ConditionMgr:805 - Attr not supported : Dmpu
2024-07-26 15:17:07,587 [ERROR] ConditionMgr:805 - Attr not supported : Dmpu
2024-07-26 15:17:07,587 [ERROR] ConditionMgr:805 - Attr not supported : Dmpu
2024-07-26 15:17:07,587 [ERROR] ConditionMgr:805 - Attr not supported : Dmpu
2024-07-26 15:17:07,587 [ERROR] ConditionMgr:805 - Attr not supported : Dmpu
2024-07-26 15:17:07,587 [ERROR] ConditionMgr:805 - Attr not supported : Dmpu
2024-07-26 15:17:07,587 [ERROR] ConditionMgr:805 - Attr not supported : Dmpu
2024-07-26 15:17:07,587 [ERROR] ConditionMgr:805 - Attr not supported : Dmpu
2024-07-26 15:17:07,587 [ERROR] ConditionMgr:805 - Attr not supported : Dmpu
2024-07-26 15:17:07,588 [ERROR] ConditionMgr:805 - Attr not supported : Dmpu
2024-07-26 15:17:07,588 [ERROR] ConditionMgr:805 - Attr not supported : Dmpu
2024-07-26 15:17:07,588 [ERROR] ConditionMgr:805 - Attr not supported : Dmpu
2024-07-26 15:17:07,588 [ERROR] ConditionMgr:805 - Attr not supported : Dmpu
2024-07-26 15:17:07,588 [ERROR] ConditionMgr:805 - Attr not supported : Dmpu
2024-07-26 15:17:07,603 [WARN] PackLoader:240 - Cannot read IP mode file for RealThread.X-CUBE-RT-Thread_Nano.4.1.1
2024-07-26 15:17:07,620 [WARN] PackLoader:240 - Cannot read IP mode file for wolfSSL.I-CUBE-wolfSSL.5.7.0
2024-07-26 15:17:07,634 [WARN] PackLoader:240 - Cannot read IP mode file for STMicroelectronics.FP-ATR-SIGFOX1.3.2.0
2024-07-26 15:17:07,653 [WARN] PackLoader:240 - Cannot read IP mode file for STMicroelectronics.X-CUBE-EEPRMA1.5.1.0
2024-07-26 15:17:07,683 [WARN] PackLoader:240 - Cannot read IP mode file for ITTIA_DB.I-CUBE-ITTIADB.8.9.0
2024-07-26 15:17:07,729 [WARN] PackLoader:240 - Cannot read IP mode file for SEGGER.I-CUBE-embOS.1.3.1
2024-07-26 15:17:07,788 [WARN] PackLoader:240 - Cannot read IP mode file for STMicroelectronics.X-CUBE-ALGOBUILD.1.4.0
2024-07-26 15:17:07,804 [WARN] PackLoader:240 - Cannot read IP mode file for STMicroelectronics.X-CUBE-GNSS1.6.0.0
2024-07-26 15:17:07,852 [WARN] PackLoader:240 - Cannot read IP mode file for STMicroelectronics.X-CUBE-AZRTOS-F4.1.1.0
2024-07-26 15:17:07,869 [WARN] PackLoader:240 - Cannot read IP mode file for STMicroelectronics.X-CUBE-FREERTOS.1.2.0
2024-07-26 15:17:07,905 [WARN] PackLoader:240 - Cannot read IP mode file for STMicroelectronics.X-CUBE-AZRTOS-L5.2.0.0
2024-07-26 15:17:07,932 [WARN] PackLoader:240 - Cannot read IP mode file for STMicroelectronics.X-CUBE-NFC6.3.1.0
2024-07-26 15:17:07,955 [WARN] PackLoader:240 - Cannot read IP mode file for STMicroelectronics.X-CUBE-DPower.1.2.0
2024-07-26 15:17:07,970 [WARN] PackLoader:240 - Cannot read IP mode file for STMicroelectronics.X-CUBE-AI.9.0.0
2024-07-26 15:17:07,985 [WARN] PackLoader:240 - Cannot read IP mode file for STMicroelectronics.X-CUBE-NFC7.1.0.1
2024-07-26 15:17:07,999 [WARN] PackLoader:240 - Cannot read IP mode file for wolfSSL.I-CUBE-wolfTPM.3.2.0
2024-07-26 15:17:08,037 [WARN] ConditionMgr:438 - getConditionDescription Invalid condition id : LAN8742 Phy interface Condition cause : null
2024-07-26 15:17:08,037 [WARN] PackLoader:240 - Cannot read IP mode file for STMicroelectronics.X-CUBE-AZRTOS-L4.2.0.0
2024-07-26 15:17:08,093 [WARN] ConditionMgr:1039 - genDependencies : Invalid condition id : LAN8742 Phy interface Condition cause : null
2024-07-26 15:17:08,093 [WARN] ConditionMgr:1039 - genDependencies : Invalid condition id : LAN8742 Phy interface Condition cause : null
2024-07-26 15:17:08,094 [WARN] ConditionMgr:1039 - genDependencies : Invalid condition id : LAN8742 Phy interface Condition cause : null
2024-07-26 15:17:08,281 [WARN] PackLoader:240 - Cannot read IP mode file for STMicroelectronics.X-CUBE-SFXS2LP1.4.0.0
2024-07-26 15:17:08,312 [WARN] ConditionMgr:438 - getConditionDescription Invalid condition id : UX DEVICE CLASS RTOS Condition cause : null
2024-07-26 15:17:08,312 [WARN] ConditionMgr:438 - getConditionDescription Invalid condition id : UX DEVICE CLASS RTOS Condition cause : null
2024-07-26 15:17:08,314 [WARN] PackLoader:240 - Cannot read IP mode file for STMicroelectronics.X-CUBE-AZRTOS-WB.2.0.0
2024-07-26 15:17:08,315 [WARN] ConditionMgr:1039 - genDependencies : Invalid condition id : UX DEVICE CLASS RTOS Condition cause : null
2024-07-26 15:17:08,315 [WARN] ConditionMgr:1039 - genDependencies : Invalid condition id : UX DEVICE CLASS RTOS Condition cause : null
2024-07-26 15:17:08,315 [WARN] ConditionMgr:1039 - genDependencies : Invalid condition id : UX DEVICE CLASS RTOS Condition cause : null
2024-07-26 15:17:08,315 [WARN] ConditionMgr:1039 - genDependencies : Invalid condition id : UX DEVICE CLASS RTOS Condition cause : null
2024-07-26 15:17:08,315 [WARN] ConditionMgr:1039 - genDependencies : Invalid condition id : UX DEVICE CLASS RTOS Condition cause : null
2024-07-26 15:17:08,332 [WARN] PackLoader:240 - Cannot read IP mode file for STMicroelectronics.FP-SNS-STBOX1.2.0.0
2024-07-26 15:17:08,358 [WARN] PackLoader:240 - Cannot read IP mode file for STMicroelectronics.X-CUBE-SUBG2.5.0.0
2024-07-26 15:17:08,398 [WARN] PackLoader:240 - Cannot read IP mode file for STMicroelectronics.X-CUBE-AZRTOS-G4.2.0.0
2024-07-26 15:17:08,415 [WARN] PackLoader:240 - Cannot read IP mode file for STMicroelectronics.X-CUBE-ISPU.2.0.0
2024-07-26 15:17:08,430 [WARN] PackLoader:240 - Cannot read IP mode file for STMicroelectronics.X-CUBE-ALS.1.0.2
2024-07-26 15:17:08,493 [WARN] PackLoader:240 - Cannot read IP mode file for STMicroelectronics.X-CUBE-MEMS1.10.0.0
2024-07-26 15:17:08,622 [WARN] PackLoader:240 - Cannot read IP mode file for STMicroelectronics.X-CUBE-TOUCHGFX.4.24.0
2024-07-26 15:17:08,638 [WARN] PackLoader:240 - Cannot read IP mode file for portGmbH.I-Cube-SoM-uGOAL.1.1.0
2024-07-26 15:17:08,652 [WARN] PackLoader:240 - Cannot read IP mode file for STMicroelectronics.X-CUBE-ALS.1.0.1
2024-07-26 15:17:08,690 [WARN] PackLoader:240 - Cannot read IP mode file for STMicroelectronics.X-CUBE-AZRTOS-H7RS.1.0.0
2024-07-26 15:17:08,706 [WARN] PackLoader:240 - Cannot read IP mode file for STMicroelectronics.FP-ATR-ASTRA1.2.0.0
2024-07-26 15:17:08,733 [WARN] PackLoader:240 - Cannot read IP mode file for STMicroelectronics.X-CUBE-TOF1.3.4.1
2024-07-26 15:17:08,779 [WARN] PackLoader:240 - Cannot read IP mode file for STMicroelectronics.X-CUBE-AZRTOS-H7.3.2.0
2024-07-26 15:17:08,812 [WARN] PackLoader:240 - Cannot read IP mode file for Infineon.AIROC-Wi-Fi-Bluetooth-STM32.1.6.0
2024-07-26 15:17:08,829 [WARN] PackLoader:240 - Cannot read IP mode file for wolfSSL.I-CUBE-wolfSSH.1.4.17
2024-07-26 15:17:08,829 [INFO] ThirdParty:978 - Integrity check success = true
2024-07-26 15:17:08,830 [INFO] IntegrityCheckThread:100 - exiting critical section [integrity check]
2024-07-26 15:17:08,830 [INFO] IntegrityCheckThread:103 - End integrity checks thread
2024-07-26 15:17:14,217 [INFO] WebApp:161 - Instantiating new browser for Auth
2024-07-26 15:17:15,434 [INFO] WebApp:779 - Register for checkConnection events
2024-07-26 15:17:15,434 [INFO] WebApp:414 - Apply proxy settings
2024-07-26 15:17:15,434 [INFO] WebApp:499 - Chromium requires no authentication
2024-07-26 15:17:15,445 [INFO] WebApp:442 - Direct internet connection detected
2024-07-26 15:17:15,675 [INFO] WebApp:192 - Starting web application
2024-07-26 15:17:15,675 [INFO] WebApp:544 - Web application path used C:\ST\STM32CubeIDE_1.15.1\STM32CubeIDE\plugins\com.st.stm32cube.common.mx_6.11.1.202404110753\db\plugins\mcufinder\reactClient1\index.html
