2024-09-07 21:53:05,848 [INFO] Activator:176 - 


2024-09-07 21:53:05,873 [INFO] Activator:177 - !SESSION log4j initialized
2024-09-07 21:53:15,042 [INFO] LogOutputStream:77 - [STDOUT_REDIRECT] 
2024-09-07 21:53:18,577 [INFO] ApplicationProperties:184 - Using Application install path: C:\ST\STM32CubeIDE_1.15.1\STM32CubeIDE\plugins\com.st.stm32cube.common.mx_6.11.1.202404110753
2024-09-07 21:53:18,604 [INFO] DbMcusXml:78 - Set database path to: C:\ST\STM32CubeIDE_1.15.1\STM32CubeIDE\plugins\com.st.stm32cube.common.mx_6.11.1.202404110753\\db\/mcu/
2024-09-07 21:53:18,605 [INFO] ApiDb:274 - Set plugin database path to: C:\ST\STM32CubeIDE_1.15.1\STM32CubeIDE\plugins\com.st.stm32cube.common.mx_6.11.1.202404110753\\db\/plugins/boardmanager/
2024-09-07 21:53:18,605 [WARN] ApiDb:259 - Overriding images path with different value:  => C:\ST\STM32CubeIDE_1.15.1\STM32CubeIDE\plugins\com.st.stm32cube.common.mx_6.11.1.202404110753\\db\/plugins/mcufinder/images/
2024-09-07 21:53:18,621 [INFO] ApiDb:250 - Set database path to: C:\Users\Matheus Markies\.stmcufinder\plugins\mcufinder//mcu/
2024-09-07 21:53:18,622 [INFO] DbMcusAds:125 - Set database path to: C:\Users\Matheus Markies\.stmcufinder\plugins\mcufinder//mcu/
2024-09-07 21:53:18,625 [INFO] CrossReferenceDbSqlite:203 - Set database path to: C:\Users\Matheus Markies\.stmcufinder\plugins\mcufinder//mcu/cs/
2024-09-07 21:53:18,780 [INFO] RulesReader:64 - Compatibility file has been processed (297 Rules)
2024-09-07 21:53:18,920 [INFO] DbMcusXml:78 - Set database path to: C:\ST\STM32CubeIDE_1.15.1\STM32CubeIDE\plugins\com.st.stm32cube.common.mx_6.11.1.202404110753\\db\/mcu/
2024-09-07 21:53:18,921 [INFO] ApiDb:274 - Set plugin database path to: C:\ST\STM32CubeIDE_1.15.1\STM32CubeIDE\plugins\com.st.stm32cube.common.mx_6.11.1.202404110753\\db\/plugins/boardmanager/
2024-09-07 21:53:18,921 [INFO] ApiDb:261 - Set plugin images path to: C:\ST\STM32CubeIDE_1.15.1\STM32CubeIDE\plugins\com.st.stm32cube.common.mx_6.11.1.202404110753\\db\/plugins/mcufinder/images/
2024-09-07 21:53:18,921 [WARN] DbFile:41 - Overriding database path with different value: C:\Users\Matheus Markies\.stmcufinder\plugins\mcufinder/ => C:\Users\Matheus Markies\.stmcufinder\plugins\mcufinder
2024-09-07 21:53:18,921 [INFO] ApiDb:250 - Set database path to: C:\Users\Matheus Markies\.stmcufinder\plugins\mcufinder//mcu/
2024-09-07 21:53:18,921 [WARN] DbFile:41 - Overriding database path with different value: C:\Users\Matheus Markies\.stmcufinder\plugins\mcufinder/ => C:\Users\Matheus Markies\.stmcufinder\plugins\mcufinder
2024-09-07 21:53:18,921 [INFO] DbMcusAds:125 - Set database path to: C:\Users\Matheus Markies\.stmcufinder\plugins\mcufinder//mcu/
2024-09-07 21:53:18,921 [WARN] DbFile:41 - Overriding database path with different value: C:\Users\Matheus Markies\.stmcufinder\plugins\mcufinder/ => C:\Users\Matheus Markies\.stmcufinder\plugins\mcufinder
2024-09-07 21:53:18,922 [WARN] DbFile:41 - Overriding database path with different value: C:\Users\Matheus Markies\.stmcufinder\plugins\mcufinder/ => C:\Users\Matheus Markies\.stmcufinder\plugins\mcufinder
2024-09-07 21:53:18,922 [INFO] CrossReferenceDbSqlite:203 - Set database path to: C:\Users\Matheus Markies\.stmcufinder\plugins\mcufinder//mcu/cs/
2024-09-07 21:53:19,046 [INFO] MainPanel:264 - HeapMemory: 268435456
2024-09-07 21:53:19,206 [INFO] DbMcusXml:78 - Set database path to: C:\ST\STM32CubeIDE_1.15.1\STM32CubeIDE\plugins\com.st.stm32cube.common.mx_6.11.1.202404110753\\db\/mcu/
2024-09-07 21:53:19,206 [INFO] ApiDb:274 - Set plugin database path to: C:\ST\STM32CubeIDE_1.15.1\STM32CubeIDE\plugins\com.st.stm32cube.common.mx_6.11.1.202404110753\\db\/plugins/boardmanager/
2024-09-07 21:53:19,206 [INFO] ApiDb:261 - Set plugin images path to: C:\ST\STM32CubeIDE_1.15.1\STM32CubeIDE\plugins\com.st.stm32cube.common.mx_6.11.1.202404110753\\db\/plugins/mcufinder/images/
2024-09-07 21:53:19,206 [WARN] DbFile:41 - Overriding database path with different value: C:\Users\Matheus Markies\.stmcufinder\plugins\mcufinder/ => C:\Users\Matheus Markies\.stmcufinder\plugins\mcufinder
2024-09-07 21:53:19,206 [INFO] ApiDb:250 - Set database path to: C:\Users\Matheus Markies\.stmcufinder\plugins\mcufinder//mcu/
2024-09-07 21:53:19,206 [WARN] DbFile:41 - Overriding database path with different value: C:\Users\Matheus Markies\.stmcufinder\plugins\mcufinder/ => C:\Users\Matheus Markies\.stmcufinder\plugins\mcufinder
2024-09-07 21:53:19,207 [INFO] DbMcusAds:125 - Set database path to: C:\Users\Matheus Markies\.stmcufinder\plugins\mcufinder//mcu/
2024-09-07 21:53:19,207 [WARN] DbFile:41 - Overriding database path with different value: C:\Users\Matheus Markies\.stmcufinder\plugins\mcufinder/ => C:\Users\Matheus Markies\.stmcufinder\plugins\mcufinder
2024-09-07 21:53:19,207 [WARN] DbFile:41 - Overriding database path with different value: C:\Users\Matheus Markies\.stmcufinder\plugins\mcufinder/ => C:\Users\Matheus Markies\.stmcufinder\plugins\mcufinder
2024-09-07 21:53:19,207 [INFO] CrossReferenceDbSqlite:203 - Set database path to: C:\Users\Matheus Markies\.stmcufinder\plugins\mcufinder//mcu/cs/
2024-09-07 21:53:19,233 [INFO] ApplicationProperties:184 - Using Application install path: C:\ST\STM32CubeIDE_1.15.1\STM32CubeIDE\plugins\com.st.stm32cube.common.mx_6.11.1.202404110753
2024-09-07 21:53:19,236 [INFO] PluginManage:196 - Search for loadable plugins [exclusion list=, ]
2024-09-07 21:53:19,238 [INFO] PluginManage:310 - Check plugin analytics
2024-09-07 21:53:19,487 [INFO] AnalyticsPlugin:253 - Accepted Software Licenses: 
2024-09-07 21:53:19,487 [INFO] AnalyticsPlugin:255 - Accepted CMSIS Pack Licenses: 
2024-09-07 21:53:19,487 [INFO] AnalyticsPlugin:257 - Accepted Firmware Licenses: FW.F4.1.28.0
2024-09-07 21:53:19,490 [INFO] PluginManage:359 - Loaded plugin analytics (category:tool,tabindex:-1)
2024-09-07 21:53:19,490 [INFO] PluginManage:310 - Check plugin cadmodel
2024-09-07 21:53:19,516 [INFO] CADModel:105 - Init CAD model plugin
2024-09-07 21:53:19,516 [INFO] PluginManage:359 - Loaded plugin cadmodel (category:power,tabindex:5)
2024-09-07 21:53:19,516 [INFO] PluginManage:310 - Check plugin clock
2024-09-07 21:53:19,548 [INFO] PluginManage:359 - Loaded plugin clock (category:base,tabindex:2)
2024-09-07 21:53:19,548 [INFO] PluginManage:310 - Check plugin ddr
2024-09-07 21:53:19,551 [INFO] PluginManage:359 - Loaded plugin ddr (category:tool,tabindex:6)
2024-09-07 21:53:19,552 [INFO] PluginManage:310 - Check plugin filemanager
2024-09-07 21:53:19,752 [INFO] PluginManage:359 - Loaded plugin filemanager (category:base,tabindex:10)
2024-09-07 21:53:19,752 [INFO] PluginManage:310 - Check plugin ipmanager
2024-09-07 21:53:19,763 [INFO] PluginManage:359 - Loaded plugin ipmanager (category:base,tabindex:5)
2024-09-07 21:53:19,764 [INFO] PluginManage:310 - Check plugin lpbam
2024-09-07 21:53:19,787 [INFO] PluginManage:359 - Loaded plugin lpbam (category:base,tabindex:0)
2024-09-07 21:53:19,788 [INFO] PluginManage:310 - Check plugin memorymap
2024-09-07 21:53:19,822 [INFO] PluginManage:359 - Loaded plugin memorymap (category:base,tabindex:4)
2024-09-07 21:53:19,822 [INFO] PluginManage:310 - Check plugin pinoutandconfiguration
2024-09-07 21:53:19,845 [INFO] PluginManage:359 - Loaded plugin pinoutandconfiguration (category:base,tabindex:1)
2024-09-07 21:53:19,845 [INFO] PluginManage:310 - Check plugin pinoutconfig
2024-09-07 21:53:19,975 [WARN] SupportedApi:132 - Cannot load RTOS API schema: s4s-elt-must-match.1: The content of 'definitions' must match (annotation?, (simpleType | complexType)?, (unique | key | keyref)*)). A problem was found starting at: attribute.
2024-09-07 21:53:20,166 [INFO] PluginManage:359 - Loaded plugin pinoutconfig (category:base,tabindex:0)
2024-09-07 21:53:20,167 [INFO] PluginManage:310 - Check plugin power
2024-09-07 21:53:20,201 [INFO] PluginManage:359 - Loaded plugin power (category:power,tabindex:4)
2024-09-07 21:53:20,201 [INFO] PluginManage:310 - Check plugin projectmanager
2024-09-07 21:53:20,222 [INFO] PluginManage:359 - Loaded plugin projectmanager (category:projectmanager,tabindex:3)
2024-09-07 21:53:20,222 [INFO] PluginManage:310 - Check plugin thirdparty
2024-09-07 21:53:20,590 [INFO] PluginManage:359 - Loaded plugin thirdparty (category:base,tabindex:-1)
2024-09-07 21:53:20,590 [INFO] PluginManage:310 - Check plugin tools
2024-09-07 21:53:20,590 [WARN] IntegrityCheckThread:84 - waiting for thirdparty lock release [integrity check]
2024-09-07 21:53:20,590 [INFO] IntegrityCheckThread:86 - entering critical section [integrity check]
2024-09-07 21:53:20,591 [INFO] ThirdPartyUpdaterWithRetryManager:70 - Updater plugin not ready yet. [1/15]
2024-09-07 21:53:20,634 [INFO] PluginManage:359 - Loaded plugin tools (category:base,tabindex:7)
2024-09-07 21:53:20,634 [INFO] PluginManage:310 - Check plugin tutovideos
2024-09-07 21:53:20,906 [INFO] PluginManage:359 - Loaded plugin tutovideos (category:base,tabindex:-1)
2024-09-07 21:53:20,906 [INFO] PluginManage:310 - Check plugin updater
2024-09-07 21:53:20,926 [INFO] PluginManage:359 - Loaded plugin updater (category:base,tabindex:12)
2024-09-07 21:53:20,926 [INFO] PluginManage:310 - Check plugin userauth
2024-09-07 21:53:20,936 [INFO] UserAuth:114 - Init User Auth plugin
2024-09-07 21:53:20,936 [INFO] PluginManage:359 - Loaded plugin userauth (category:base,tabindex:14)
2024-09-07 21:53:20,936 [INFO] PluginManage:283 - PluginManage : Loaded plugins [17]
2024-09-07 21:53:21,306 [INFO] PinOutPanel:1561 - setPackage(No Configuration,No Configuration)
2024-09-07 21:53:21,463 [INFO] CADModel:165 - CPN selected for project level
2024-09-07 21:53:21,463 [INFO] CADModel:114 - Register for checkConnection events
2024-09-07 21:53:21,499 [INFO] IPUIPlugin:80 - create IPUIPlugin
2024-09-07 21:53:21,500 [INFO] PluginManager:220 - loadIPPluginJar : add adc
2024-09-07 21:53:21,543 [INFO] IPUIPlugin:80 - create IPUIPlugin
2024-09-07 21:53:21,544 [INFO] PluginManager:220 - loadIPPluginJar : add aes
2024-09-07 21:53:21,596 [INFO] IPUIPlugin:80 - create IPUIPlugin
2024-09-07 21:53:21,596 [INFO] PluginManager:220 - loadIPPluginJar : add can
2024-09-07 21:53:21,628 [INFO] IPUIPlugin:80 - create IPUIPlugin
2024-09-07 21:53:21,628 [INFO] PluginManager:220 - loadIPPluginJar : add comp
2024-09-07 21:53:21,679 [INFO] IPUIPlugin:80 - create IPUIPlugin
2024-09-07 21:53:21,679 [INFO] PluginManager:220 - loadIPPluginJar : add cryp
2024-09-07 21:53:21,718 [INFO] IPUIPlugin:80 - create IPUIPlugin
2024-09-07 21:53:21,718 [INFO] PluginManager:220 - loadIPPluginJar : add dfsdm
2024-09-07 21:53:21,736 [INFO] IPUIPlugin:80 - create IPUIPlugin
2024-09-07 21:53:21,737 [INFO] PluginManager:220 - loadIPPluginJar : add dma
2024-09-07 21:53:21,791 [INFO] IPUIPlugin:80 - create IPUIPlugin
2024-09-07 21:53:21,791 [INFO] PluginManager:220 - loadIPPluginJar : add dma3
2024-09-07 21:53:21,850 [INFO] IPUIPlugin:80 - create IPUIPlugin
2024-09-07 21:53:21,850 [INFO] PluginManager:220 - loadIPPluginJar : add extmemmanager
2024-09-07 21:53:21,876 [INFO] IPUIPlugin:80 - create IPUIPlugin
2024-09-07 21:53:21,876 [INFO] PluginManager:220 - loadIPPluginJar : add fatfs
2024-09-07 21:53:21,935 [INFO] IPUIPlugin:80 - create IPUIPlugin
2024-09-07 21:53:21,935 [INFO] PluginManager:220 - loadIPPluginJar : add fmc
2024-09-07 21:53:21,957 [INFO] IPUIPlugin:80 - create IPUIPlugin
2024-09-07 21:53:21,957 [INFO] PluginManager:220 - loadIPPluginJar : add freertos
2024-09-07 21:53:21,983 [INFO] IPUIPlugin:80 - create IPUIPlugin
2024-09-07 21:53:21,983 [INFO] PluginManager:220 - loadIPPluginJar : add genericplugin
2024-09-07 21:53:22,104 [INFO] IPUIPlugin:80 - create IPUIPlugin
2024-09-07 21:53:22,105 [INFO] PluginManager:220 - loadIPPluginJar : add gfxmmu
2024-09-07 21:53:22,280 [INFO] IPUIPlugin:80 - create IPUIPlugin
2024-09-07 21:53:22,280 [INFO] PluginManager:220 - loadIPPluginJar : add gic
2024-09-07 21:53:22,299 [INFO] IPUIPlugin:80 - create IPUIPlugin
2024-09-07 21:53:22,300 [INFO] PluginManager:220 - loadIPPluginJar : add gpio
2024-09-07 21:53:22,418 [INFO] IPUIPlugin:80 - create IPUIPlugin
2024-09-07 21:53:22,418 [INFO] PluginManager:220 - loadIPPluginJar : add gtzc
2024-09-07 21:53:22,461 [INFO] IPUIPlugin:80 - create IPUIPlugin
2024-09-07 21:53:22,461 [INFO] PluginManager:220 - loadIPPluginJar : add hash
2024-09-07 21:53:22,529 [INFO] IPUIPlugin:80 - create IPUIPlugin
2024-09-07 21:53:22,529 [INFO] PluginManager:220 - loadIPPluginJar : add i2c
2024-09-07 21:53:22,580 [INFO] IPUIPlugin:80 - create IPUIPlugin
2024-09-07 21:53:22,580 [INFO] PluginManager:220 - loadIPPluginJar : add i2s
2024-09-07 21:53:22,634 [INFO] IPUIPlugin:80 - create IPUIPlugin
2024-09-07 21:53:22,634 [INFO] PluginManager:220 - loadIPPluginJar : add i3c
2024-09-07 21:53:22,773 [INFO] IPUIPlugin:80 - create IPUIPlugin
2024-09-07 21:53:22,773 [INFO] PluginManager:220 - loadIPPluginJar : add ipddr
2024-09-07 21:53:22,891 [INFO] IPUIPlugin:80 - create IPUIPlugin
2024-09-07 21:53:22,891 [INFO] PluginManager:220 - loadIPPluginJar : add linkedlist
2024-09-07 21:53:22,938 [INFO] IPUIPlugin:80 - create IPUIPlugin
2024-09-07 21:53:22,938 [INFO] PluginManager:220 - loadIPPluginJar : add lorawan
2024-09-07 21:53:22,983 [INFO] IPUIPlugin:80 - create IPUIPlugin
2024-09-07 21:53:22,983 [INFO] PluginManager:220 - loadIPPluginJar : add ltdc
2024-09-07 21:53:23,002 [INFO] IPUIPlugin:80 - create IPUIPlugin
2024-09-07 21:53:23,002 [INFO] PluginManager:220 - loadIPPluginJar : add mdma
2024-09-07 21:53:23,019 [INFO] IPUIPlugin:80 - create IPUIPlugin
2024-09-07 21:53:23,020 [INFO] PluginManager:220 - loadIPPluginJar : add nvic
2024-09-07 21:53:23,066 [INFO] IPUIPlugin:80 - create IPUIPlugin
2024-09-07 21:53:23,066 [INFO] PluginManager:220 - loadIPPluginJar : add opamp
2024-09-07 21:53:23,142 [INFO] IPUIPlugin:80 - create IPUIPlugin
2024-09-07 21:53:23,142 [INFO] PluginManager:220 - loadIPPluginJar : add openamp
2024-09-07 21:53:23,197 [INFO] IPUIPlugin:80 - create IPUIPlugin
2024-09-07 21:53:23,197 [INFO] PluginManager:220 - loadIPPluginJar : add pdm2pcm
2024-09-07 21:53:23,215 [INFO] IPUIPlugin:80 - create IPUIPlugin
2024-09-07 21:53:23,217 [INFO] PluginManager:220 - loadIPPluginJar : add plateformsettings
2024-09-07 21:53:23,245 [INFO] IPUIPlugin:80 - create IPUIPlugin
2024-09-07 21:53:23,245 [INFO] PluginManager:220 - loadIPPluginJar : add quadspi
2024-09-07 21:53:23,262 [INFO] IPUIPlugin:80 - create IPUIPlugin
2024-09-07 21:53:23,262 [INFO] PluginManager:220 - loadIPPluginJar : add resmgrutility
2024-09-07 21:53:23,321 [INFO] IPUIPlugin:80 - create IPUIPlugin
2024-09-07 21:53:23,321 [INFO] PluginManager:220 - loadIPPluginJar : add sai
2024-09-07 21:53:23,369 [INFO] IPUIPlugin:80 - create IPUIPlugin
2024-09-07 21:53:23,369 [INFO] PluginManager:220 - loadIPPluginJar : add spi
2024-09-07 21:53:23,456 [INFO] IPUIPlugin:80 - create IPUIPlugin
2024-09-07 21:53:23,456 [INFO] PluginManager:220 - loadIPPluginJar : add stm32_wpan
2024-09-07 21:53:23,485 [INFO] IPUIPlugin:80 - create IPUIPlugin
2024-09-07 21:53:23,485 [INFO] PluginManager:220 - loadIPPluginJar : add tim
2024-09-07 21:53:23,582 [INFO] IPUIPlugin:80 - create IPUIPlugin
2024-09-07 21:53:23,582 [INFO] PluginManager:220 - loadIPPluginJar : add touchsensing
2024-09-07 21:53:23,593 [INFO] ThirdPartyUpdaterWithRetryManager:70 - Updater plugin not ready yet. [2/15]
2024-09-07 21:53:23,611 [INFO] IPUIPlugin:80 - create IPUIPlugin
2024-09-07 21:53:23,611 [INFO] PluginManager:220 - loadIPPluginJar : add tracer_emb
2024-09-07 21:53:23,640 [INFO] IPUIPlugin:80 - create IPUIPlugin
2024-09-07 21:53:23,640 [INFO] PluginManager:220 - loadIPPluginJar : add ts
2024-09-07 21:53:23,670 [INFO] IPUIPlugin:80 - create IPUIPlugin
2024-09-07 21:53:23,670 [INFO] PluginManager:220 - loadIPPluginJar : add tsc
2024-09-07 21:53:23,700 [INFO] IPUIPlugin:80 - create IPUIPlugin
2024-09-07 21:53:23,700 [INFO] PluginManager:220 - loadIPPluginJar : add ucpd
2024-09-07 21:53:23,757 [INFO] IPUIPlugin:80 - create IPUIPlugin
2024-09-07 21:53:23,757 [INFO] PluginManager:220 - loadIPPluginJar : add usart
2024-09-07 21:53:23,810 [INFO] IPUIPlugin:80 - create IPUIPlugin
2024-09-07 21:53:23,810 [INFO] PluginManager:220 - loadIPPluginJar : add usbx
2024-09-07 21:53:23,984 [INFO] CADModel:165 - CPN selected for project level
2024-09-07 21:53:23,984 [INFO] CADModel:114 - Register for checkConnection events
2024-09-07 21:53:23,984 [FATAL] Updater:308 - Updater called before beeing initialized
2024-09-07 21:53:23,985 [ERROR] CADModel:125 - Updater not yet initialized, retry later 
2024-09-07 21:53:24,176 [INFO] CADModel:165 - CPN selected for project level
2024-09-07 21:53:24,176 [INFO] CADModel:114 - Register for checkConnection events
2024-09-07 21:53:24,176 [FATAL] Updater:308 - Updater called before beeing initialized
2024-09-07 21:53:24,176 [ERROR] CADModel:125 - Updater not yet initialized, retry later 
2024-09-07 21:53:24,181 [FATAL] Updater:308 - Updater called before beeing initialized
2024-09-07 21:53:24,360 [FATAL] Updater:308 - Updater called before beeing initialized
2024-09-07 21:53:24,372 [INFO] DbMcusAds:53 - JSON generation date=Thu May 16 06:22:01 BRT 2024 (1715851321109)
2024-09-07 21:53:24,372 [FATAL] Updater:308 - Updater called before beeing initialized
2024-09-07 21:53:24,486 [WARN] DetailPanel:346 - Failed to get advertising image, set to default
2024-09-07 21:53:24,612 [FATAL] Updater:308 - Updater called before beeing initialized
2024-09-07 21:53:24,616 [FATAL] Updater:308 - Updater called before beeing initialized
2024-09-07 21:53:24,616 [FATAL] Updater:308 - Updater called before beeing initialized
2024-09-07 21:53:24,616 [WARN] DetailPanel:346 - Failed to get advertising image, set to default
2024-09-07 21:53:24,617 [FATAL] Updater:308 - Updater called before beeing initialized
2024-09-07 21:53:24,702 [ERROR] Updater:1120 - MainUpdater not yet initialized. External WinMGr cannot be set.
2024-09-07 21:53:24,714 [INFO] Updater:1056 - Updater Version found : 6.11.1
2024-09-07 21:53:24,741 [INFO] ApplicationProperties:184 - Using Application install path: C:\ST\STM32CubeIDE_1.15.1\STM32CubeIDE\plugins\com.st.stm32cube.common.mx_6.11.1.202404110753
2024-09-07 21:53:26,326 [ERROR] LogOutputStream:75 - [STDERR_REDIRECT] Sep 07, 2024 9:53:26 PM java.util.prefs.WindowsPreferences <init>
2024-09-07 21:53:26,329 [ERROR] LogOutputStream:75 - [STDERR_REDIRECT] WARNING: Could not open/create prefs root node Software\JavaSoft\Prefs at root 0xffffffff80000002. Windows RegCreateKeyEx(...) returned error code 5.
2024-09-07 21:53:26,329 [ERROR] LogOutputStream:75 - [STDERR_REDIRECT] 
2024-09-07 21:53:26,594 [INFO] ThirdPartyUpdaterWithRetryManager:70 - Updater plugin not ready yet. [3/15]
2024-09-07 21:53:26,761 [INFO] MainUpdater:2873 - connection check result : 10
2024-09-07 21:53:26,761 [INFO] MainUpdater:3567 - Updater definition file requires update
2024-09-07 21:53:26,763 [INFO] MainUpdater:290 - Updater Check For Update Now.
2024-09-07 21:53:26,763 [INFO] MicroXplorer:498 - Change Database Version : DB.6.0.111
2024-09-07 21:53:26,779 [INFO] McuFinderGlobals:63 - Set McuFinder mode to 2 (CubeIDE integrated)
2024-09-07 21:53:26,791 [INFO] UserAuth:415 - Internet connection configuration mode: 1
2024-09-07 21:53:26,823 [INFO] JxBrowserEngine:152 - Initiate JxBrowser Engine with user profile folder
2024-09-07 21:53:26,873 [INFO] ServerAccessManage:473 - Download File updaters.zip
2024-09-07 21:53:27,003 [INFO] FileExtend:240 - Unzip File : updaters.zip
2024-09-07 21:53:27,003 [INFO] FileExtend:255 - Standard Zip Deflate
2024-09-07 21:53:28,200 [INFO] ServerAccessManage:473 - Download File PacksControlFlags.xml
2024-09-07 21:53:28,327 [INFO] ServerAccessManage:473 - Download File cubemx.pidx
2024-09-07 21:53:28,516 [INFO] LoadServerUpdatesThread:375 - End of LoadServerUpdate Thread
2024-09-07 21:53:28,786 [INFO] CheckServerUpdateThread:120 - End of CheckServer Thread
2024-09-07 21:53:30,063 [WARN] PackLoader:240 - Cannot read IP mode file for STMicroelectronics.FP-SNS-MOTENVWB1.1.4.0
2024-09-07 21:53:30,083 [WARN] PackLoader:240 - Cannot read IP mode file for STMicroelectronics.X-CUBE-SMBUS.2.1.0
2024-09-07 21:53:30,098 [WARN] PackLoader:240 - Cannot read IP mode file for STMicroelectronics.X-CUBE-TOUCHGFX.4.23.2
2024-09-07 21:53:30,145 [WARN] PackLoader:240 - Cannot read IP mode file for STMicroelectronics.X-CUBE-AZRTOS-F7.1.1.0
2024-09-07 21:53:30,257 [WARN] PackLoader:240 - Cannot read IP mode file for STMicroelectronics.X-CUBE-MEMS1.11.0.0
2024-09-07 21:53:30,448 [WARN] PackLoader:240 - Cannot read IP mode file for STMicroelectronics.FP-SNS-FLIGHT1.5.0.2
2024-09-07 21:53:30,470 [WARN] PackLoader:240 - Cannot read IP mode file for STMicroelectronics.X-CUBE-DISPLAY.3.0.0
2024-09-07 21:53:30,492 [WARN] PackLoader:240 - Cannot read IP mode file for STMicroelectronics.X-CUBE-BLE1.7.0.0
2024-09-07 21:53:30,509 [WARN] PackLoader:240 - Cannot read IP mode file for emotas.I-CUBE-CANOPEN.1.3.0
2024-09-07 21:53:30,533 [WARN] PackLoader:240 - Cannot read IP mode file for STMicroelectronics.X-CUBE-BLEMGR.3.1.0
2024-09-07 21:53:30,554 [WARN] PackLoader:240 - Cannot read IP mode file for STMicroelectronics.FP-SNS-SMARTAG2.1.2.0
2024-09-07 21:53:30,581 [INFO] LogOutputStream:77 - [STDOUT_REDIRECT] 1 : Invalid condition id : UX_CORESTACK_Condition cause : null
2024-09-07 21:53:30,582 [INFO] LogOutputStream:77 - [STDOUT_REDIRECT] 1 : Invalid condition id : UX_CORESTACK_Condition cause : null
2024-09-07 21:53:30,583 [INFO] LogOutputStream:77 - [STDOUT_REDIRECT] 1 : Invalid condition id : UX_CORESTACK_Condition cause : null
2024-09-07 21:53:30,585 [INFO] LogOutputStream:77 - [STDOUT_REDIRECT] 1 : Invalid condition id : UX_CORESTACK_Condition cause : null
2024-09-07 21:53:30,587 [INFO] LogOutputStream:77 - [STDOUT_REDIRECT] 1 : Invalid condition id : UX_CORESTACK_Condition cause : null
2024-09-07 21:53:30,590 [WARN] PackLoader:240 - Cannot read IP mode file for STMicroelectronics.X-CUBE-AZRTOS-WL.2.0.0
2024-09-07 21:53:30,607 [WARN] PackLoader:240 - Cannot read IP mode file for STMicroelectronics.FP-SNS-MOTENV1.5.0.0
2024-09-07 21:53:30,817 [WARN] PackLoader:240 - Cannot read IP mode file for wolfSSL.I-CUBE-wolfMQTT.1.19.0
2024-09-07 21:53:30,843 [WARN] PackLoader:240 - Cannot read IP mode file for WES.I-CUBE-Cesium.1.3.0
2024-09-07 21:53:30,859 [WARN] PackLoader:240 - Cannot read IP mode file for STMicroelectronics.X-CUBE-BLE2.3.3.0
2024-09-07 21:53:30,897 [WARN] PackLoader:240 - Cannot read IP mode file for STMicroelectronics.X-CUBE-TCPP.4.1.0
2024-09-07 21:53:30,935 [WARN] PackLoader:240 - Cannot read IP mode file for STMicroelectronics.X-CUBE-AZRTOS-G0.1.1.0
2024-09-07 21:53:30,953 [WARN] PackLoader:240 - Cannot read IP mode file for STMicroelectronics.X-CUBE-SAFEA1.1.2.2
2024-09-07 21:53:30,970 [WARN] PackLoader:240 - Cannot read IP mode file for STMicroelectronics.X-CUBE-NFC4.3.0.0
2024-09-07 21:53:30,983 [WARN] PackLoader:240 - Cannot read IP mode file for wolfSSL.I-CUBE-wolfMQTT.1.18.0
2024-09-07 21:53:31,007 [WARN] PackLoader:240 - Cannot read IP mode file for EmbeddedOffice.I-CUBE-FS-RTOS.1.0.1
2024-09-07 21:53:31,008 [ERROR] ConditionMgr:805 - Attr not supported : Dmpu
2024-09-07 21:53:31,008 [ERROR] ConditionMgr:805 - Attr not supported : Dmpu
2024-09-07 21:53:31,008 [ERROR] ConditionMgr:805 - Attr not supported : Dmpu
2024-09-07 21:53:31,008 [ERROR] ConditionMgr:805 - Attr not supported : Dmpu
2024-09-07 21:53:31,008 [ERROR] ConditionMgr:805 - Attr not supported : Dmpu
2024-09-07 21:53:31,008 [ERROR] ConditionMgr:805 - Attr not supported : Dmpu
2024-09-07 21:53:31,008 [ERROR] ConditionMgr:805 - Attr not supported : Dmpu
2024-09-07 21:53:31,008 [ERROR] ConditionMgr:805 - Attr not supported : Dmpu
2024-09-07 21:53:31,008 [ERROR] ConditionMgr:805 - Attr not supported : Dmpu
2024-09-07 21:53:31,008 [ERROR] ConditionMgr:805 - Attr not supported : Dmpu
2024-09-07 21:53:31,008 [ERROR] ConditionMgr:805 - Attr not supported : Dmpu
2024-09-07 21:53:31,009 [ERROR] ConditionMgr:805 - Attr not supported : Dmpu
2024-09-07 21:53:31,009 [ERROR] ConditionMgr:805 - Attr not supported : Dmpu
2024-09-07 21:53:31,009 [ERROR] ConditionMgr:805 - Attr not supported : Dmpu
2024-09-07 21:53:31,009 [ERROR] ConditionMgr:805 - Attr not supported : Dmpu
2024-09-07 21:53:31,009 [ERROR] ConditionMgr:805 - Attr not supported : Dmpu
2024-09-07 21:53:31,009 [ERROR] ConditionMgr:805 - Attr not supported : Dmpu
2024-09-07 21:53:31,009 [ERROR] ConditionMgr:805 - Attr not supported : Dmpu
2024-09-07 21:53:31,009 [ERROR] ConditionMgr:805 - Attr not supported : Dmpu
2024-09-07 21:53:31,009 [ERROR] ConditionMgr:805 - Attr not supported : Dmpu
2024-09-07 21:53:31,009 [ERROR] ConditionMgr:805 - Attr not supported : Dmpu
2024-09-07 21:53:31,010 [ERROR] ConditionMgr:805 - Attr not supported : Dmpu
2024-09-07 21:53:31,011 [ERROR] ConditionMgr:805 - Attr not supported : Dmpu
2024-09-07 21:53:31,011 [ERROR] ConditionMgr:805 - Attr not supported : Dmpu
2024-09-07 21:53:31,011 [ERROR] ConditionMgr:805 - Attr not supported : Dmpu
2024-09-07 21:53:31,011 [ERROR] ConditionMgr:805 - Attr not supported : Dmpu
2024-09-07 21:53:31,012 [ERROR] ConditionMgr:805 - Attr not supported : Dmpu
2024-09-07 21:53:31,012 [ERROR] ConditionMgr:805 - Attr not supported : Dmpu
2024-09-07 21:53:31,012 [ERROR] ConditionMgr:805 - Attr not supported : Dmpu
2024-09-07 21:53:31,013 [ERROR] ConditionMgr:805 - Attr not supported : Dmpu
2024-09-07 21:53:31,013 [ERROR] ConditionMgr:805 - Attr not supported : Dmpu
2024-09-07 21:53:31,013 [ERROR] ConditionMgr:805 - Attr not supported : Dmpu
2024-09-07 21:53:31,014 [ERROR] ConditionMgr:805 - Attr not supported : Dmpu
2024-09-07 21:53:31,014 [ERROR] ConditionMgr:805 - Attr not supported : Dmpu
2024-09-07 21:53:31,014 [ERROR] ConditionMgr:805 - Attr not supported : Dmpu
2024-09-07 21:53:31,014 [ERROR] ConditionMgr:805 - Attr not supported : Dmpu
2024-09-07 21:53:31,014 [ERROR] ConditionMgr:805 - Attr not supported : Dmpu
2024-09-07 21:53:31,014 [ERROR] ConditionMgr:805 - Attr not supported : Dmpu
2024-09-07 21:53:31,014 [ERROR] ConditionMgr:805 - Attr not supported : Dmpu
2024-09-07 21:53:31,014 [ERROR] ConditionMgr:805 - Attr not supported : Dmpu
2024-09-07 21:53:31,015 [ERROR] ConditionMgr:805 - Attr not supported : Dmpu
2024-09-07 21:53:31,015 [ERROR] ConditionMgr:805 - Attr not supported : Dmpu
2024-09-07 21:53:31,015 [ERROR] ConditionMgr:805 - Attr not supported : Dmpu
2024-09-07 21:53:31,015 [ERROR] ConditionMgr:805 - Attr not supported : Dmpu
2024-09-07 21:53:31,015 [ERROR] ConditionMgr:805 - Attr not supported : Dmpu
2024-09-07 21:53:31,015 [ERROR] ConditionMgr:805 - Attr not supported : Dmpu
2024-09-07 21:53:31,015 [ERROR] ConditionMgr:805 - Attr not supported : Dmpu
2024-09-07 21:53:31,015 [ERROR] ConditionMgr:805 - Attr not supported : Dmpu
2024-09-07 21:53:31,015 [ERROR] ConditionMgr:805 - Attr not supported : Dmpu
2024-09-07 21:53:31,015 [ERROR] ConditionMgr:805 - Attr not supported : Dmpu
2024-09-07 21:53:31,015 [ERROR] ConditionMgr:805 - Attr not supported : Dmpu
2024-09-07 21:53:31,015 [ERROR] ConditionMgr:805 - Attr not supported : Dmpu
2024-09-07 21:53:31,016 [ERROR] ConditionMgr:805 - Attr not supported : Dmpu
2024-09-07 21:53:31,016 [ERROR] ConditionMgr:805 - Attr not supported : Dmpu
2024-09-07 21:53:31,016 [ERROR] ConditionMgr:805 - Attr not supported : Dmpu
2024-09-07 21:53:31,016 [ERROR] ConditionMgr:805 - Attr not supported : Dmpu
2024-09-07 21:53:31,016 [ERROR] ConditionMgr:805 - Attr not supported : Dmpu
2024-09-07 21:53:31,016 [ERROR] ConditionMgr:805 - Attr not supported : Dmpu
2024-09-07 21:53:31,016 [ERROR] ConditionMgr:805 - Attr not supported : Dmpu
2024-09-07 21:53:31,016 [ERROR] ConditionMgr:805 - Attr not supported : Dmpu
2024-09-07 21:53:31,016 [ERROR] ConditionMgr:805 - Attr not supported : Dmpu
2024-09-07 21:53:31,016 [ERROR] ConditionMgr:805 - Attr not supported : Dmpu
2024-09-07 21:53:31,016 [ERROR] ConditionMgr:805 - Attr not supported : Dmpu
2024-09-07 21:53:31,017 [ERROR] ConditionMgr:805 - Attr not supported : Dmpu
2024-09-07 21:53:31,034 [WARN] PackLoader:240 - Cannot read IP mode file for RealThread.X-CUBE-RT-Thread_Nano.4.1.1
2024-09-07 21:53:31,054 [WARN] PackLoader:240 - Cannot read IP mode file for wolfSSL.I-CUBE-wolfSSL.5.7.0
2024-09-07 21:53:31,068 [WARN] PackLoader:240 - Cannot read IP mode file for STMicroelectronics.FP-ATR-SIGFOX1.3.2.0
2024-09-07 21:53:31,087 [WARN] PackLoader:240 - Cannot read IP mode file for STMicroelectronics.X-CUBE-EEPRMA1.5.1.0
2024-09-07 21:53:31,106 [WARN] PackLoader:240 - Cannot read IP mode file for ITTIA_DB.I-CUBE-ITTIADB.8.9.0
2024-09-07 21:53:31,154 [WARN] PackLoader:240 - Cannot read IP mode file for SEGGER.I-CUBE-embOS.1.3.1
2024-09-07 21:53:31,228 [WARN] PackLoader:240 - Cannot read IP mode file for STMicroelectronics.X-CUBE-ALGOBUILD.1.4.0
2024-09-07 21:53:31,249 [WARN] PackLoader:240 - Cannot read IP mode file for STMicroelectronics.X-CUBE-GNSS1.6.0.0
2024-09-07 21:53:31,314 [WARN] PackLoader:240 - Cannot read IP mode file for STMicroelectronics.X-CUBE-AZRTOS-F4.1.1.0
2024-09-07 21:53:31,335 [WARN] PackLoader:240 - Cannot read IP mode file for STMicroelectronics.X-CUBE-FREERTOS.1.2.0
2024-09-07 21:53:31,379 [WARN] PackLoader:240 - Cannot read IP mode file for STMicroelectronics.X-CUBE-AZRTOS-L5.2.0.0
2024-09-07 21:53:31,406 [WARN] PackLoader:240 - Cannot read IP mode file for STMicroelectronics.X-CUBE-NFC6.3.1.0
2024-09-07 21:53:31,433 [WARN] PackLoader:240 - Cannot read IP mode file for STMicroelectronics.X-CUBE-DPower.1.2.0
2024-09-07 21:53:31,452 [WARN] PackLoader:240 - Cannot read IP mode file for STMicroelectronics.X-CUBE-AI.9.0.0
2024-09-07 21:53:31,473 [WARN] PackLoader:240 - Cannot read IP mode file for STMicroelectronics.X-CUBE-NFC7.1.0.1
2024-09-07 21:53:31,489 [WARN] PackLoader:240 - Cannot read IP mode file for wolfSSL.I-CUBE-wolfTPM.3.2.0
2024-09-07 21:53:31,528 [WARN] ConditionMgr:438 - getConditionDescription Invalid condition id : LAN8742 Phy interface Condition cause : null
2024-09-07 21:53:31,529 [WARN] PackLoader:240 - Cannot read IP mode file for STMicroelectronics.X-CUBE-AZRTOS-L4.2.0.0
2024-09-07 21:53:31,531 [WARN] ConditionMgr:1039 - genDependencies : Invalid condition id : LAN8742 Phy interface Condition cause : null
2024-09-07 21:53:31,531 [WARN] ConditionMgr:1039 - genDependencies : Invalid condition id : LAN8742 Phy interface Condition cause : null
2024-09-07 21:53:31,532 [WARN] ConditionMgr:1039 - genDependencies : Invalid condition id : LAN8742 Phy interface Condition cause : null
2024-09-07 21:53:31,553 [WARN] PackLoader:240 - Cannot read IP mode file for STMicroelectronics.X-CUBE-SFXS2LP1.4.0.0
2024-09-07 21:53:31,607 [WARN] PackLoader:240 - Cannot read IP mode file for STMicroelectronics.X-CUBE-AZRTOS-H7.3.3.0
2024-09-07 21:53:31,656 [WARN] ConditionMgr:438 - getConditionDescription Invalid condition id : UX DEVICE CLASS RTOS Condition cause : null
2024-09-07 21:53:31,657 [WARN] ConditionMgr:438 - getConditionDescription Invalid condition id : UX DEVICE CLASS RTOS Condition cause : null
2024-09-07 21:53:31,659 [WARN] PackLoader:240 - Cannot read IP mode file for STMicroelectronics.X-CUBE-AZRTOS-WB.2.0.0
2024-09-07 21:53:31,660 [WARN] ConditionMgr:1039 - genDependencies : Invalid condition id : UX DEVICE CLASS RTOS Condition cause : null
2024-09-07 21:53:31,660 [WARN] ConditionMgr:1039 - genDependencies : Invalid condition id : UX DEVICE CLASS RTOS Condition cause : null
2024-09-07 21:53:31,661 [WARN] ConditionMgr:1039 - genDependencies : Invalid condition id : UX DEVICE CLASS RTOS Condition cause : null
2024-09-07 21:53:31,662 [WARN] ConditionMgr:1039 - genDependencies : Invalid condition id : UX DEVICE CLASS RTOS Condition cause : null
2024-09-07 21:53:31,662 [WARN] ConditionMgr:1039 - genDependencies : Invalid condition id : UX DEVICE CLASS RTOS Condition cause : null
2024-09-07 21:53:31,690 [WARN] PackLoader:240 - Cannot read IP mode file for STMicroelectronics.FP-SNS-STBOX1.2.0.0
2024-09-07 21:53:31,758 [WARN] PackLoader:240 - Cannot read IP mode file for STMicroelectronics.X-CUBE-SUBG2.5.0.0
2024-09-07 21:53:31,804 [WARN] PackLoader:240 - Cannot read IP mode file for STMicroelectronics.X-CUBE-AZRTOS-G4.2.0.0
2024-09-07 21:53:31,821 [WARN] PackLoader:240 - Cannot read IP mode file for STMicroelectronics.X-CUBE-ISPU.2.0.0
2024-09-07 21:53:31,839 [WARN] PackLoader:240 - Cannot read IP mode file for STMicroelectronics.X-CUBE-ALS.1.0.2
2024-09-07 21:53:31,906 [WARN] PackLoader:240 - Cannot read IP mode file for STMicroelectronics.X-CUBE-MEMS1.10.0.0
2024-09-07 21:53:32,024 [WARN] PackLoader:240 - Cannot read IP mode file for STMicroelectronics.X-CUBE-TOUCHGFX.4.24.0
2024-09-07 21:53:32,045 [WARN] PackLoader:240 - Cannot read IP mode file for portGmbH.I-Cube-SoM-uGOAL.1.1.0
2024-09-07 21:53:32,061 [WARN] PackLoader:240 - Cannot read IP mode file for STMicroelectronics.X-CUBE-ALS.1.0.1
2024-09-07 21:53:32,100 [WARN] PackLoader:240 - Cannot read IP mode file for STMicroelectronics.X-CUBE-AZRTOS-H7RS.1.0.0
2024-09-07 21:53:32,116 [WARN] PackLoader:240 - Cannot read IP mode file for STMicroelectronics.FP-ATR-ASTRA1.2.0.0
2024-09-07 21:53:32,146 [WARN] PackLoader:240 - Cannot read IP mode file for STMicroelectronics.X-CUBE-TOF1.3.4.2
2024-09-07 21:53:32,182 [WARN] PackLoader:240 - Cannot read IP mode file for STMicroelectronics.X-CUBE-TOF1.3.4.1
2024-09-07 21:53:32,396 [WARN] PackLoader:240 - Cannot read IP mode file for STMicroelectronics.X-CUBE-AZRTOS-H7.3.2.0
2024-09-07 21:53:32,450 [WARN] PackLoader:240 - Cannot read IP mode file for Infineon.AIROC-Wi-Fi-Bluetooth-STM32.1.6.0
2024-09-07 21:53:32,471 [WARN] PackLoader:240 - Cannot read IP mode file for wolfSSL.I-CUBE-wolfSSH.1.4.17
2024-09-07 21:53:32,471 [INFO] ThirdParty:978 - Integrity check success = true
2024-09-07 21:53:32,471 [INFO] IntegrityCheckThread:100 - exiting critical section [integrity check]
2024-09-07 21:53:32,471 [INFO] IntegrityCheckThread:103 - End integrity checks thread
2024-09-07 21:53:36,290 [INFO] WebApp:161 - Instantiating new browser for Auth
2024-09-07 21:53:37,561 [INFO] WebApp:779 - Register for checkConnection events
2024-09-07 21:53:37,562 [INFO] WebApp:414 - Apply proxy settings
2024-09-07 21:53:37,562 [INFO] WebApp:499 - Chromium requires no authentication
2024-09-07 21:53:37,573 [INFO] WebApp:442 - Direct internet connection detected
2024-09-07 21:53:37,835 [INFO] WebApp:192 - Starting web application
2024-09-07 21:53:37,836 [INFO] WebApp:544 - Web application path used C:\ST\STM32CubeIDE_1.15.1\STM32CubeIDE\plugins\com.st.stm32cube.common.mx_6.11.1.202404110753\db\plugins\mcufinder\reactClient1\index.html
2024-09-07 22:36:58,219 [ERROR] LogOutputStream:75 - [STDERR_REDIRECT] 
2024-09-07 23:33:24,699 [INFO] Activator:176 - 


2024-09-07 23:33:24,703 [INFO] Activator:177 - !SESSION log4j initialized
2024-09-07 23:33:31,344 [INFO] LogOutputStream:77 - [STDOUT_REDIRECT] 
2024-09-07 23:33:32,882 [INFO] ApplicationProperties:184 - Using Application install path: C:\ST\STM32CubeIDE_1.15.1\STM32CubeIDE\plugins\com.st.stm32cube.common.mx_6.11.1.202404110753
2024-09-07 23:33:32,915 [INFO] DbMcusXml:78 - Set database path to: C:\ST\STM32CubeIDE_1.15.1\STM32CubeIDE\plugins\com.st.stm32cube.common.mx_6.11.1.202404110753\\db\/mcu/
2024-09-07 23:33:32,915 [INFO] ApiDb:274 - Set plugin database path to: C:\ST\STM32CubeIDE_1.15.1\STM32CubeIDE\plugins\com.st.stm32cube.common.mx_6.11.1.202404110753\\db\/plugins/boardmanager/
2024-09-07 23:33:32,915 [WARN] ApiDb:259 - Overriding images path with different value:  => C:\ST\STM32CubeIDE_1.15.1\STM32CubeIDE\plugins\com.st.stm32cube.common.mx_6.11.1.202404110753\\db\/plugins/mcufinder/images/
2024-09-07 23:33:32,926 [INFO] ApiDb:250 - Set database path to: C:\Users\Matheus Markies\.stmcufinder\plugins\mcufinder//mcu/
2024-09-07 23:33:32,928 [INFO] DbMcusAds:125 - Set database path to: C:\Users\Matheus Markies\.stmcufinder\plugins\mcufinder//mcu/
2024-09-07 23:33:32,932 [INFO] CrossReferenceDbSqlite:203 - Set database path to: C:\Users\Matheus Markies\.stmcufinder\plugins\mcufinder//mcu/cs/
2024-09-07 23:33:33,072 [INFO] RulesReader:64 - Compatibility file has been processed (297 Rules)
2024-09-07 23:33:33,198 [INFO] DbMcusXml:78 - Set database path to: C:\ST\STM32CubeIDE_1.15.1\STM32CubeIDE\plugins\com.st.stm32cube.common.mx_6.11.1.202404110753\\db\/mcu/
2024-09-07 23:33:33,198 [INFO] ApiDb:274 - Set plugin database path to: C:\ST\STM32CubeIDE_1.15.1\STM32CubeIDE\plugins\com.st.stm32cube.common.mx_6.11.1.202404110753\\db\/plugins/boardmanager/
2024-09-07 23:33:33,198 [INFO] ApiDb:261 - Set plugin images path to: C:\ST\STM32CubeIDE_1.15.1\STM32CubeIDE\plugins\com.st.stm32cube.common.mx_6.11.1.202404110753\\db\/plugins/mcufinder/images/
2024-09-07 23:33:33,199 [WARN] DbFile:41 - Overriding database path with different value: C:\Users\Matheus Markies\.stmcufinder\plugins\mcufinder/ => C:\Users\Matheus Markies\.stmcufinder\plugins\mcufinder
2024-09-07 23:33:33,199 [INFO] ApiDb:250 - Set database path to: C:\Users\Matheus Markies\.stmcufinder\plugins\mcufinder//mcu/
2024-09-07 23:33:33,199 [WARN] DbFile:41 - Overriding database path with different value: C:\Users\Matheus Markies\.stmcufinder\plugins\mcufinder/ => C:\Users\Matheus Markies\.stmcufinder\plugins\mcufinder
2024-09-07 23:33:33,199 [INFO] DbMcusAds:125 - Set database path to: C:\Users\Matheus Markies\.stmcufinder\plugins\mcufinder//mcu/
2024-09-07 23:33:33,199 [WARN] DbFile:41 - Overriding database path with different value: C:\Users\Matheus Markies\.stmcufinder\plugins\mcufinder/ => C:\Users\Matheus Markies\.stmcufinder\plugins\mcufinder
2024-09-07 23:33:33,199 [WARN] DbFile:41 - Overriding database path with different value: C:\Users\Matheus Markies\.stmcufinder\plugins\mcufinder/ => C:\Users\Matheus Markies\.stmcufinder\plugins\mcufinder
2024-09-07 23:33:33,199 [INFO] CrossReferenceDbSqlite:203 - Set database path to: C:\Users\Matheus Markies\.stmcufinder\plugins\mcufinder//mcu/cs/
2024-09-07 23:33:33,312 [INFO] MainPanel:264 - HeapMemory: 268435456
2024-09-07 23:33:33,474 [INFO] DbMcusXml:78 - Set database path to: C:\ST\STM32CubeIDE_1.15.1\STM32CubeIDE\plugins\com.st.stm32cube.common.mx_6.11.1.202404110753\\db\/mcu/
2024-09-07 23:33:33,474 [INFO] ApiDb:274 - Set plugin database path to: C:\ST\STM32CubeIDE_1.15.1\STM32CubeIDE\plugins\com.st.stm32cube.common.mx_6.11.1.202404110753\\db\/plugins/boardmanager/
2024-09-07 23:33:33,474 [INFO] ApiDb:261 - Set plugin images path to: C:\ST\STM32CubeIDE_1.15.1\STM32CubeIDE\plugins\com.st.stm32cube.common.mx_6.11.1.202404110753\\db\/plugins/mcufinder/images/
2024-09-07 23:33:33,475 [WARN] DbFile:41 - Overriding database path with different value: C:\Users\Matheus Markies\.stmcufinder\plugins\mcufinder/ => C:\Users\Matheus Markies\.stmcufinder\plugins\mcufinder
2024-09-07 23:33:33,475 [INFO] ApiDb:250 - Set database path to: C:\Users\Matheus Markies\.stmcufinder\plugins\mcufinder//mcu/
2024-09-07 23:33:33,475 [WARN] DbFile:41 - Overriding database path with different value: C:\Users\Matheus Markies\.stmcufinder\plugins\mcufinder/ => C:\Users\Matheus Markies\.stmcufinder\plugins\mcufinder
2024-09-07 23:33:33,475 [INFO] DbMcusAds:125 - Set database path to: C:\Users\Matheus Markies\.stmcufinder\plugins\mcufinder//mcu/
2024-09-07 23:33:33,475 [WARN] DbFile:41 - Overriding database path with different value: C:\Users\Matheus Markies\.stmcufinder\plugins\mcufinder/ => C:\Users\Matheus Markies\.stmcufinder\plugins\mcufinder
2024-09-07 23:33:33,475 [WARN] DbFile:41 - Overriding database path with different value: C:\Users\Matheus Markies\.stmcufinder\plugins\mcufinder/ => C:\Users\Matheus Markies\.stmcufinder\plugins\mcufinder
2024-09-07 23:33:33,475 [INFO] CrossReferenceDbSqlite:203 - Set database path to: C:\Users\Matheus Markies\.stmcufinder\plugins\mcufinder//mcu/cs/
2024-09-07 23:33:33,501 [INFO] ApplicationProperties:184 - Using Application install path: C:\ST\STM32CubeIDE_1.15.1\STM32CubeIDE\plugins\com.st.stm32cube.common.mx_6.11.1.202404110753
2024-09-07 23:33:33,503 [INFO] PluginManage:196 - Search for loadable plugins [exclusion list=, ]
2024-09-07 23:33:33,505 [INFO] PluginManage:310 - Check plugin analytics
2024-09-07 23:33:33,703 [INFO] AnalyticsPlugin:253 - Accepted Software Licenses: 
2024-09-07 23:33:33,704 [INFO] AnalyticsPlugin:255 - Accepted CMSIS Pack Licenses: 
2024-09-07 23:33:33,704 [INFO] AnalyticsPlugin:257 - Accepted Firmware Licenses: FW.F4.1.28.0
2024-09-07 23:33:33,707 [INFO] PluginManage:359 - Loaded plugin analytics (category:tool,tabindex:-1)
2024-09-07 23:33:33,708 [INFO] PluginManage:310 - Check plugin cadmodel
2024-09-07 23:33:33,714 [INFO] CADModel:105 - Init CAD model plugin
2024-09-07 23:33:33,714 [INFO] PluginManage:359 - Loaded plugin cadmodel (category:power,tabindex:5)
2024-09-07 23:33:33,714 [INFO] PluginManage:310 - Check plugin clock
2024-09-07 23:33:33,725 [INFO] PluginManage:359 - Loaded plugin clock (category:base,tabindex:2)
2024-09-07 23:33:33,725 [INFO] PluginManage:310 - Check plugin ddr
2024-09-07 23:33:33,728 [INFO] PluginManage:359 - Loaded plugin ddr (category:tool,tabindex:6)
2024-09-07 23:33:33,729 [INFO] PluginManage:310 - Check plugin filemanager
2024-09-07 23:33:33,920 [INFO] PluginManage:359 - Loaded plugin filemanager (category:base,tabindex:10)
2024-09-07 23:33:33,921 [INFO] PluginManage:310 - Check plugin ipmanager
2024-09-07 23:33:33,932 [INFO] PluginManage:359 - Loaded plugin ipmanager (category:base,tabindex:5)
2024-09-07 23:33:33,932 [INFO] PluginManage:310 - Check plugin lpbam
2024-09-07 23:33:33,943 [INFO] PluginManage:359 - Loaded plugin lpbam (category:base,tabindex:0)
2024-09-07 23:33:33,943 [INFO] PluginManage:310 - Check plugin memorymap
2024-09-07 23:33:33,965 [INFO] PluginManage:359 - Loaded plugin memorymap (category:base,tabindex:4)
2024-09-07 23:33:33,965 [INFO] PluginManage:310 - Check plugin pinoutandconfiguration
2024-09-07 23:33:33,973 [INFO] PluginManage:359 - Loaded plugin pinoutandconfiguration (category:base,tabindex:1)
2024-09-07 23:33:33,973 [INFO] PluginManage:310 - Check plugin pinoutconfig
2024-09-07 23:33:34,082 [WARN] SupportedApi:132 - Cannot load RTOS API schema: s4s-elt-must-match.1: The content of 'definitions' must match (annotation?, (simpleType | complexType)?, (unique | key | keyref)*)). A problem was found starting at: attribute.
2024-09-07 23:33:34,264 [INFO] PluginManage:359 - Loaded plugin pinoutconfig (category:base,tabindex:0)
2024-09-07 23:33:34,264 [INFO] PluginManage:310 - Check plugin power
2024-09-07 23:33:34,280 [INFO] PluginManage:359 - Loaded plugin power (category:power,tabindex:4)
2024-09-07 23:33:34,280 [INFO] PluginManage:310 - Check plugin projectmanager
2024-09-07 23:33:34,299 [INFO] PluginManage:359 - Loaded plugin projectmanager (category:projectmanager,tabindex:3)
2024-09-07 23:33:34,299 [INFO] PluginManage:310 - Check plugin thirdparty
2024-09-07 23:33:34,465 [INFO] PluginManage:359 - Loaded plugin thirdparty (category:base,tabindex:-1)
2024-09-07 23:33:34,465 [INFO] PluginManage:310 - Check plugin tools
2024-09-07 23:33:34,465 [WARN] IntegrityCheckThread:84 - waiting for thirdparty lock release [integrity check]
2024-09-07 23:33:34,466 [INFO] IntegrityCheckThread:86 - entering critical section [integrity check]
2024-09-07 23:33:34,467 [INFO] ThirdPartyUpdaterWithRetryManager:70 - Updater plugin not ready yet. [1/15]
2024-09-07 23:33:34,468 [INFO] PluginManage:359 - Loaded plugin tools (category:base,tabindex:7)
2024-09-07 23:33:34,469 [INFO] PluginManage:310 - Check plugin tutovideos
2024-09-07 23:33:34,746 [INFO] PluginManage:359 - Loaded plugin tutovideos (category:base,tabindex:-1)
2024-09-07 23:33:34,747 [INFO] PluginManage:310 - Check plugin updater
2024-09-07 23:33:34,760 [INFO] PluginManage:359 - Loaded plugin updater (category:base,tabindex:12)
2024-09-07 23:33:34,761 [INFO] PluginManage:310 - Check plugin userauth
2024-09-07 23:33:34,770 [INFO] UserAuth:114 - Init User Auth plugin
2024-09-07 23:33:34,770 [INFO] PluginManage:359 - Loaded plugin userauth (category:base,tabindex:14)
2024-09-07 23:33:34,771 [INFO] PluginManage:283 - PluginManage : Loaded plugins [17]
2024-09-07 23:33:35,101 [INFO] PinOutPanel:1561 - setPackage(No Configuration,No Configuration)
2024-09-07 23:33:35,206 [INFO] CADModel:165 - CPN selected for project level
2024-09-07 23:33:35,206 [INFO] CADModel:114 - Register for checkConnection events
2024-09-07 23:33:35,231 [INFO] IPUIPlugin:80 - create IPUIPlugin
2024-09-07 23:33:35,231 [INFO] PluginManager:220 - loadIPPluginJar : add adc
2024-09-07 23:33:35,235 [INFO] IPUIPlugin:80 - create IPUIPlugin
2024-09-07 23:33:35,235 [INFO] PluginManager:220 - loadIPPluginJar : add aes
2024-09-07 23:33:35,240 [INFO] IPUIPlugin:80 - create IPUIPlugin
2024-09-07 23:33:35,241 [INFO] PluginManager:220 - loadIPPluginJar : add can
2024-09-07 23:33:35,243 [INFO] IPUIPlugin:80 - create IPUIPlugin
2024-09-07 23:33:35,243 [INFO] PluginManager:220 - loadIPPluginJar : add comp
2024-09-07 23:33:35,246 [INFO] IPUIPlugin:80 - create IPUIPlugin
2024-09-07 23:33:35,246 [INFO] PluginManager:220 - loadIPPluginJar : add cryp
2024-09-07 23:33:35,250 [INFO] IPUIPlugin:80 - create IPUIPlugin
2024-09-07 23:33:35,250 [INFO] PluginManager:220 - loadIPPluginJar : add dfsdm
2024-09-07 23:33:35,257 [INFO] IPUIPlugin:80 - create IPUIPlugin
2024-09-07 23:33:35,257 [INFO] PluginManager:220 - loadIPPluginJar : add dma
2024-09-07 23:33:35,261 [INFO] IPUIPlugin:80 - create IPUIPlugin
2024-09-07 23:33:35,261 [INFO] PluginManager:220 - loadIPPluginJar : add dma3
2024-09-07 23:33:35,265 [INFO] IPUIPlugin:80 - create IPUIPlugin
2024-09-07 23:33:35,265 [INFO] PluginManager:220 - loadIPPluginJar : add extmemmanager
2024-09-07 23:33:35,267 [INFO] IPUIPlugin:80 - create IPUIPlugin
2024-09-07 23:33:35,268 [INFO] PluginManager:220 - loadIPPluginJar : add fatfs
2024-09-07 23:33:35,273 [INFO] IPUIPlugin:80 - create IPUIPlugin
2024-09-07 23:33:35,273 [INFO] PluginManager:220 - loadIPPluginJar : add fmc
2024-09-07 23:33:35,279 [INFO] IPUIPlugin:80 - create IPUIPlugin
2024-09-07 23:33:35,279 [INFO] PluginManager:220 - loadIPPluginJar : add freertos
2024-09-07 23:33:35,284 [INFO] IPUIPlugin:80 - create IPUIPlugin
2024-09-07 23:33:35,285 [INFO] PluginManager:220 - loadIPPluginJar : add genericplugin
2024-09-07 23:33:35,292 [INFO] IPUIPlugin:80 - create IPUIPlugin
2024-09-07 23:33:35,292 [INFO] PluginManager:220 - loadIPPluginJar : add gfxmmu
2024-09-07 23:33:35,298 [INFO] IPUIPlugin:80 - create IPUIPlugin
2024-09-07 23:33:35,298 [INFO] PluginManager:220 - loadIPPluginJar : add gic
2024-09-07 23:33:35,305 [INFO] IPUIPlugin:80 - create IPUIPlugin
2024-09-07 23:33:35,305 [INFO] PluginManager:220 - loadIPPluginJar : add gpio
2024-09-07 23:33:35,310 [INFO] IPUIPlugin:80 - create IPUIPlugin
2024-09-07 23:33:35,310 [INFO] PluginManager:220 - loadIPPluginJar : add gtzc
2024-09-07 23:33:35,316 [INFO] IPUIPlugin:80 - create IPUIPlugin
2024-09-07 23:33:35,316 [INFO] PluginManager:220 - loadIPPluginJar : add hash
2024-09-07 23:33:35,321 [INFO] IPUIPlugin:80 - create IPUIPlugin
2024-09-07 23:33:35,321 [INFO] PluginManager:220 - loadIPPluginJar : add i2c
2024-09-07 23:33:35,324 [INFO] IPUIPlugin:80 - create IPUIPlugin
2024-09-07 23:33:35,325 [INFO] PluginManager:220 - loadIPPluginJar : add i2s
2024-09-07 23:33:35,330 [INFO] IPUIPlugin:80 - create IPUIPlugin
2024-09-07 23:33:35,330 [INFO] PluginManager:220 - loadIPPluginJar : add i3c
2024-09-07 23:33:35,336 [INFO] IPUIPlugin:80 - create IPUIPlugin
2024-09-07 23:33:35,336 [INFO] PluginManager:220 - loadIPPluginJar : add ipddr
2024-09-07 23:33:35,356 [INFO] IPUIPlugin:80 - create IPUIPlugin
2024-09-07 23:33:35,357 [INFO] PluginManager:220 - loadIPPluginJar : add linkedlist
2024-09-07 23:33:35,364 [INFO] IPUIPlugin:80 - create IPUIPlugin
2024-09-07 23:33:35,364 [INFO] PluginManager:220 - loadIPPluginJar : add lorawan
2024-09-07 23:33:35,369 [INFO] IPUIPlugin:80 - create IPUIPlugin
2024-09-07 23:33:35,369 [INFO] PluginManager:220 - loadIPPluginJar : add ltdc
2024-09-07 23:33:35,376 [INFO] IPUIPlugin:80 - create IPUIPlugin
2024-09-07 23:33:35,376 [INFO] PluginManager:220 - loadIPPluginJar : add mdma
2024-09-07 23:33:35,380 [INFO] IPUIPlugin:80 - create IPUIPlugin
2024-09-07 23:33:35,381 [INFO] PluginManager:220 - loadIPPluginJar : add nvic
2024-09-07 23:33:35,384 [INFO] IPUIPlugin:80 - create IPUIPlugin
2024-09-07 23:33:35,384 [INFO] PluginManager:220 - loadIPPluginJar : add opamp
2024-09-07 23:33:35,389 [INFO] IPUIPlugin:80 - create IPUIPlugin
2024-09-07 23:33:35,389 [INFO] PluginManager:220 - loadIPPluginJar : add openamp
2024-09-07 23:33:35,394 [INFO] IPUIPlugin:80 - create IPUIPlugin
2024-09-07 23:33:35,394 [INFO] PluginManager:220 - loadIPPluginJar : add pdm2pcm
2024-09-07 23:33:35,406 [INFO] IPUIPlugin:80 - create IPUIPlugin
2024-09-07 23:33:35,409 [INFO] PluginManager:220 - loadIPPluginJar : add plateformsettings
2024-09-07 23:33:35,412 [INFO] IPUIPlugin:80 - create IPUIPlugin
2024-09-07 23:33:35,412 [INFO] PluginManager:220 - loadIPPluginJar : add quadspi
2024-09-07 23:33:35,416 [INFO] IPUIPlugin:80 - create IPUIPlugin
2024-09-07 23:33:35,417 [INFO] PluginManager:220 - loadIPPluginJar : add resmgrutility
2024-09-07 23:33:35,421 [INFO] IPUIPlugin:80 - create IPUIPlugin
2024-09-07 23:33:35,421 [INFO] PluginManager:220 - loadIPPluginJar : add sai
2024-09-07 23:33:35,425 [INFO] IPUIPlugin:80 - create IPUIPlugin
2024-09-07 23:33:35,425 [INFO] PluginManager:220 - loadIPPluginJar : add spi
2024-09-07 23:33:35,435 [INFO] IPUIPlugin:80 - create IPUIPlugin
2024-09-07 23:33:35,435 [INFO] PluginManager:220 - loadIPPluginJar : add stm32_wpan
2024-09-07 23:33:35,439 [INFO] IPUIPlugin:80 - create IPUIPlugin
2024-09-07 23:33:35,439 [INFO] PluginManager:220 - loadIPPluginJar : add tim
2024-09-07 23:33:35,444 [INFO] IPUIPlugin:80 - create IPUIPlugin
2024-09-07 23:33:35,444 [INFO] PluginManager:220 - loadIPPluginJar : add touchsensing
2024-09-07 23:33:35,447 [INFO] IPUIPlugin:80 - create IPUIPlugin
2024-09-07 23:33:35,447 [INFO] PluginManager:220 - loadIPPluginJar : add tracer_emb
2024-09-07 23:33:35,450 [INFO] IPUIPlugin:80 - create IPUIPlugin
2024-09-07 23:33:35,450 [INFO] PluginManager:220 - loadIPPluginJar : add ts
2024-09-07 23:33:35,453 [INFO] IPUIPlugin:80 - create IPUIPlugin
2024-09-07 23:33:35,453 [INFO] PluginManager:220 - loadIPPluginJar : add tsc
2024-09-07 23:33:35,457 [INFO] IPUIPlugin:80 - create IPUIPlugin
2024-09-07 23:33:35,457 [INFO] PluginManager:220 - loadIPPluginJar : add ucpd
2024-09-07 23:33:35,462 [INFO] IPUIPlugin:80 - create IPUIPlugin
2024-09-07 23:33:35,462 [INFO] PluginManager:220 - loadIPPluginJar : add usart
2024-09-07 23:33:35,468 [INFO] IPUIPlugin:80 - create IPUIPlugin
2024-09-07 23:33:35,468 [INFO] PluginManager:220 - loadIPPluginJar : add usbx
2024-09-07 23:33:35,656 [INFO] CADModel:165 - CPN selected for project level
2024-09-07 23:33:35,656 [INFO] CADModel:114 - Register for checkConnection events
2024-09-07 23:33:35,656 [FATAL] Updater:308 - Updater called before beeing initialized
2024-09-07 23:33:35,656 [ERROR] CADModel:125 - Updater not yet initialized, retry later 
2024-09-07 23:33:35,865 [INFO] CADModel:165 - CPN selected for project level
2024-09-07 23:33:35,865 [INFO] CADModel:114 - Register for checkConnection events
2024-09-07 23:33:35,865 [FATAL] Updater:308 - Updater called before beeing initialized
2024-09-07 23:33:35,865 [ERROR] CADModel:125 - Updater not yet initialized, retry later 
2024-09-07 23:33:35,869 [FATAL] Updater:308 - Updater called before beeing initialized
2024-09-07 23:33:36,075 [FATAL] Updater:308 - Updater called before beeing initialized
2024-09-07 23:33:36,081 [INFO] DbMcusAds:53 - JSON generation date=Thu May 16 06:22:01 BRT 2024 (1715851321109)
2024-09-07 23:33:36,081 [FATAL] Updater:308 - Updater called before beeing initialized
2024-09-07 23:33:36,138 [WARN] DetailPanel:346 - Failed to get advertising image, set to default
2024-09-07 23:33:36,424 [FATAL] Updater:308 - Updater called before beeing initialized
2024-09-07 23:33:36,427 [FATAL] Updater:308 - Updater called before beeing initialized
2024-09-07 23:33:36,427 [FATAL] Updater:308 - Updater called before beeing initialized
2024-09-07 23:33:36,427 [WARN] DetailPanel:346 - Failed to get advertising image, set to default
2024-09-07 23:33:36,428 [FATAL] Updater:308 - Updater called before beeing initialized
2024-09-07 23:33:36,569 [ERROR] Updater:1120 - MainUpdater not yet initialized. External WinMGr cannot be set.
2024-09-07 23:33:36,572 [INFO] Updater:1056 - Updater Version found : 6.11.1
2024-09-07 23:33:36,598 [INFO] ApplicationProperties:184 - Using Application install path: C:\ST\STM32CubeIDE_1.15.1\STM32CubeIDE\plugins\com.st.stm32cube.common.mx_6.11.1.202404110753
2024-09-07 23:33:37,468 [INFO] ThirdPartyUpdaterWithRetryManager:70 - Updater plugin not ready yet. [2/15]
2024-09-07 23:33:38,176 [ERROR] LogOutputStream:75 - [STDERR_REDIRECT] Sep 07, 2024 11:33:38 PM java.util.prefs.WindowsPreferences <init>
2024-09-07 23:33:38,178 [ERROR] LogOutputStream:75 - [STDERR_REDIRECT] WARNING: Could not open/create prefs root node Software\JavaSoft\Prefs at root 0xffffffff80000002. Windows RegCreateKeyEx(...) returned error code 5.
2024-09-07 23:33:38,179 [ERROR] LogOutputStream:75 - [STDERR_REDIRECT] 
2024-09-07 23:33:38,617 [INFO] MainUpdater:2873 - connection check result : 10
2024-09-07 23:33:38,618 [INFO] MainUpdater:290 - Updater Check For Update Now.
2024-09-07 23:33:38,619 [INFO] MicroXplorer:498 - Change Database Version : DB.6.0.111
2024-09-07 23:33:38,625 [INFO] McuFinderGlobals:63 - Set McuFinder mode to 2 (CubeIDE integrated)
2024-09-07 23:33:38,631 [INFO] UserAuth:415 - Internet connection configuration mode: 1
2024-09-07 23:33:38,663 [INFO] JxBrowserEngine:152 - Initiate JxBrowser Engine with user profile folder
2024-09-07 23:33:38,858 [INFO] CheckServerUpdateThread:120 - End of CheckServer Thread
2024-09-07 23:33:40,799 [WARN] PackLoader:240 - Cannot read IP mode file for STMicroelectronics.FP-SNS-MOTENVWB1.1.4.0
2024-09-07 23:33:40,817 [WARN] PackLoader:240 - Cannot read IP mode file for STMicroelectronics.X-CUBE-SMBUS.2.1.0
2024-09-07 23:33:40,824 [WARN] PackLoader:240 - Cannot read IP mode file for STMicroelectronics.X-CUBE-TOUCHGFX.4.23.2
2024-09-07 23:33:40,860 [WARN] PackLoader:240 - Cannot read IP mode file for STMicroelectronics.X-CUBE-AZRTOS-F7.1.1.0
2024-09-07 23:33:41,010 [WARN] PackLoader:240 - Cannot read IP mode file for STMicroelectronics.X-CUBE-MEMS1.11.0.0
2024-09-07 23:33:41,193 [WARN] PackLoader:240 - Cannot read IP mode file for STMicroelectronics.FP-SNS-FLIGHT1.5.0.2
2024-09-07 23:33:41,202 [WARN] PackLoader:240 - Cannot read IP mode file for STMicroelectronics.X-CUBE-DISPLAY.3.0.0
2024-09-07 23:33:41,234 [WARN] PackLoader:240 - Cannot read IP mode file for STMicroelectronics.X-CUBE-BLE1.7.0.0
2024-09-07 23:33:41,242 [WARN] PackLoader:240 - Cannot read IP mode file for emotas.I-CUBE-CANOPEN.1.3.0
2024-09-07 23:33:41,262 [WARN] PackLoader:240 - Cannot read IP mode file for STMicroelectronics.X-CUBE-BLEMGR.3.1.0
2024-09-07 23:33:41,271 [WARN] PackLoader:240 - Cannot read IP mode file for STMicroelectronics.FP-SNS-SMARTAG2.1.2.0
2024-09-07 23:33:41,322 [INFO] LogOutputStream:77 - [STDOUT_REDIRECT] 1 : Invalid condition id : UX_CORESTACK_Condition cause : null
2024-09-07 23:33:41,322 [INFO] LogOutputStream:77 - [STDOUT_REDIRECT] 1 : Invalid condition id : UX_CORESTACK_Condition cause : null
2024-09-07 23:33:41,324 [INFO] LogOutputStream:77 - [STDOUT_REDIRECT] 1 : Invalid condition id : UX_CORESTACK_Condition cause : null
2024-09-07 23:33:41,325 [INFO] LogOutputStream:77 - [STDOUT_REDIRECT] 1 : Invalid condition id : UX_CORESTACK_Condition cause : null
2024-09-07 23:33:41,327 [INFO] LogOutputStream:77 - [STDOUT_REDIRECT] 1 : Invalid condition id : UX_CORESTACK_Condition cause : null
2024-09-07 23:33:41,338 [WARN] PackLoader:240 - Cannot read IP mode file for STMicroelectronics.X-CUBE-AZRTOS-WL.2.0.0
2024-09-07 23:33:41,365 [WARN] PackLoader:240 - Cannot read IP mode file for STMicroelectronics.FP-SNS-MOTENV1.5.0.0
2024-09-07 23:33:41,376 [WARN] PackLoader:240 - Cannot read IP mode file for wolfSSL.I-CUBE-wolfMQTT.1.19.0
2024-09-07 23:33:41,385 [WARN] PackLoader:240 - Cannot read IP mode file for WES.I-CUBE-Cesium.1.3.0
2024-09-07 23:33:41,399 [WARN] PackLoader:240 - Cannot read IP mode file for STMicroelectronics.X-CUBE-BLE2.3.3.0
2024-09-07 23:33:41,442 [WARN] PackLoader:240 - Cannot read IP mode file for STMicroelectronics.X-CUBE-TCPP.4.1.0
2024-09-07 23:33:41,504 [WARN] PackLoader:240 - Cannot read IP mode file for STMicroelectronics.X-CUBE-AZRTOS-G0.1.1.0
2024-09-07 23:33:41,514 [WARN] PackLoader:240 - Cannot read IP mode file for STMicroelectronics.X-CUBE-SAFEA1.1.2.2
2024-09-07 23:33:41,521 [WARN] PackLoader:240 - Cannot read IP mode file for STMicroelectronics.X-CUBE-NFC4.3.0.0
2024-09-07 23:33:41,525 [WARN] PackLoader:240 - Cannot read IP mode file for wolfSSL.I-CUBE-wolfMQTT.1.18.0
2024-09-07 23:33:41,539 [WARN] PackLoader:240 - Cannot read IP mode file for EmbeddedOffice.I-CUBE-FS-RTOS.1.0.1
2024-09-07 23:33:41,540 [ERROR] ConditionMgr:805 - Attr not supported : Dmpu
2024-09-07 23:33:41,540 [ERROR] ConditionMgr:805 - Attr not supported : Dmpu
2024-09-07 23:33:41,540 [ERROR] ConditionMgr:805 - Attr not supported : Dmpu
2024-09-07 23:33:41,540 [ERROR] ConditionMgr:805 - Attr not supported : Dmpu
2024-09-07 23:33:41,540 [ERROR] ConditionMgr:805 - Attr not supported : Dmpu
2024-09-07 23:33:41,540 [ERROR] ConditionMgr:805 - Attr not supported : Dmpu
2024-09-07 23:33:41,540 [ERROR] ConditionMgr:805 - Attr not supported : Dmpu
2024-09-07 23:33:41,540 [ERROR] ConditionMgr:805 - Attr not supported : Dmpu
2024-09-07 23:33:41,540 [ERROR] ConditionMgr:805 - Attr not supported : Dmpu
2024-09-07 23:33:41,540 [ERROR] ConditionMgr:805 - Attr not supported : Dmpu
2024-09-07 23:33:41,541 [ERROR] ConditionMgr:805 - Attr not supported : Dmpu
2024-09-07 23:33:41,541 [ERROR] ConditionMgr:805 - Attr not supported : Dmpu
2024-09-07 23:33:41,541 [ERROR] ConditionMgr:805 - Attr not supported : Dmpu
2024-09-07 23:33:41,541 [ERROR] ConditionMgr:805 - Attr not supported : Dmpu
2024-09-07 23:33:41,541 [ERROR] ConditionMgr:805 - Attr not supported : Dmpu
2024-09-07 23:33:41,541 [ERROR] ConditionMgr:805 - Attr not supported : Dmpu
2024-09-07 23:33:41,541 [ERROR] ConditionMgr:805 - Attr not supported : Dmpu
2024-09-07 23:33:41,542 [ERROR] ConditionMgr:805 - Attr not supported : Dmpu
2024-09-07 23:33:41,542 [ERROR] ConditionMgr:805 - Attr not supported : Dmpu
2024-09-07 23:33:41,542 [ERROR] ConditionMgr:805 - Attr not supported : Dmpu
2024-09-07 23:33:41,542 [ERROR] ConditionMgr:805 - Attr not supported : Dmpu
2024-09-07 23:33:41,542 [ERROR] ConditionMgr:805 - Attr not supported : Dmpu
2024-09-07 23:33:41,542 [ERROR] ConditionMgr:805 - Attr not supported : Dmpu
2024-09-07 23:33:41,542 [ERROR] ConditionMgr:805 - Attr not supported : Dmpu
2024-09-07 23:33:41,543 [ERROR] ConditionMgr:805 - Attr not supported : Dmpu
2024-09-07 23:33:41,543 [ERROR] ConditionMgr:805 - Attr not supported : Dmpu
2024-09-07 23:33:41,543 [ERROR] ConditionMgr:805 - Attr not supported : Dmpu
2024-09-07 23:33:41,544 [ERROR] ConditionMgr:805 - Attr not supported : Dmpu
2024-09-07 23:33:41,544 [ERROR] ConditionMgr:805 - Attr not supported : Dmpu
2024-09-07 23:33:41,544 [ERROR] ConditionMgr:805 - Attr not supported : Dmpu
2024-09-07 23:33:41,544 [ERROR] ConditionMgr:805 - Attr not supported : Dmpu
2024-09-07 23:33:41,544 [ERROR] ConditionMgr:805 - Attr not supported : Dmpu
2024-09-07 23:33:41,544 [ERROR] ConditionMgr:805 - Attr not supported : Dmpu
2024-09-07 23:33:41,544 [ERROR] ConditionMgr:805 - Attr not supported : Dmpu
2024-09-07 23:33:41,544 [ERROR] ConditionMgr:805 - Attr not supported : Dmpu
2024-09-07 23:33:41,544 [ERROR] ConditionMgr:805 - Attr not supported : Dmpu
2024-09-07 23:33:41,545 [ERROR] ConditionMgr:805 - Attr not supported : Dmpu
2024-09-07 23:33:41,546 [ERROR] ConditionMgr:805 - Attr not supported : Dmpu
2024-09-07 23:33:41,550 [ERROR] ConditionMgr:805 - Attr not supported : Dmpu
2024-09-07 23:33:41,550 [ERROR] ConditionMgr:805 - Attr not supported : Dmpu
2024-09-07 23:33:41,550 [ERROR] ConditionMgr:805 - Attr not supported : Dmpu
2024-09-07 23:33:41,551 [ERROR] ConditionMgr:805 - Attr not supported : Dmpu
2024-09-07 23:33:41,551 [ERROR] ConditionMgr:805 - Attr not supported : Dmpu
2024-09-07 23:33:41,551 [ERROR] ConditionMgr:805 - Attr not supported : Dmpu
2024-09-07 23:33:41,551 [ERROR] ConditionMgr:805 - Attr not supported : Dmpu
2024-09-07 23:33:41,551 [ERROR] ConditionMgr:805 - Attr not supported : Dmpu
2024-09-07 23:33:41,551 [ERROR] ConditionMgr:805 - Attr not supported : Dmpu
2024-09-07 23:33:41,551 [ERROR] ConditionMgr:805 - Attr not supported : Dmpu
2024-09-07 23:33:41,551 [ERROR] ConditionMgr:805 - Attr not supported : Dmpu
2024-09-07 23:33:41,551 [ERROR] ConditionMgr:805 - Attr not supported : Dmpu
2024-09-07 23:33:41,552 [ERROR] ConditionMgr:805 - Attr not supported : Dmpu
2024-09-07 23:33:41,552 [ERROR] ConditionMgr:805 - Attr not supported : Dmpu
2024-09-07 23:33:41,552 [ERROR] ConditionMgr:805 - Attr not supported : Dmpu
2024-09-07 23:33:41,552 [ERROR] ConditionMgr:805 - Attr not supported : Dmpu
2024-09-07 23:33:41,552 [ERROR] ConditionMgr:805 - Attr not supported : Dmpu
2024-09-07 23:33:41,552 [ERROR] ConditionMgr:805 - Attr not supported : Dmpu
2024-09-07 23:33:41,552 [ERROR] ConditionMgr:805 - Attr not supported : Dmpu
2024-09-07 23:33:41,552 [ERROR] ConditionMgr:805 - Attr not supported : Dmpu
2024-09-07 23:33:41,552 [ERROR] ConditionMgr:805 - Attr not supported : Dmpu
2024-09-07 23:33:41,552 [ERROR] ConditionMgr:805 - Attr not supported : Dmpu
2024-09-07 23:33:41,552 [ERROR] ConditionMgr:805 - Attr not supported : Dmpu
2024-09-07 23:33:41,552 [ERROR] ConditionMgr:805 - Attr not supported : Dmpu
2024-09-07 23:33:41,552 [ERROR] ConditionMgr:805 - Attr not supported : Dmpu
2024-09-07 23:33:41,553 [ERROR] ConditionMgr:805 - Attr not supported : Dmpu
2024-09-07 23:33:41,559 [WARN] PackLoader:240 - Cannot read IP mode file for RealThread.X-CUBE-RT-Thread_Nano.4.1.1
2024-09-07 23:33:41,565 [WARN] PackLoader:240 - Cannot read IP mode file for wolfSSL.I-CUBE-wolfSSL.5.7.0
2024-09-07 23:33:41,574 [WARN] PackLoader:240 - Cannot read IP mode file for STMicroelectronics.FP-ATR-SIGFOX1.3.2.0
2024-09-07 23:33:41,582 [WARN] PackLoader:240 - Cannot read IP mode file for STMicroelectronics.X-CUBE-EEPRMA1.5.1.0
2024-09-07 23:33:41,591 [WARN] PackLoader:240 - Cannot read IP mode file for ITTIA_DB.I-CUBE-ITTIADB.8.9.0
2024-09-07 23:33:41,633 [WARN] PackLoader:240 - Cannot read IP mode file for SEGGER.I-CUBE-embOS.1.3.1
2024-09-07 23:33:41,688 [WARN] PackLoader:240 - Cannot read IP mode file for STMicroelectronics.X-CUBE-ALGOBUILD.1.4.0
2024-09-07 23:33:41,694 [WARN] PackLoader:240 - Cannot read IP mode file for STMicroelectronics.X-CUBE-GNSS1.6.0.0
2024-09-07 23:33:41,726 [WARN] PackLoader:240 - Cannot read IP mode file for STMicroelectronics.X-CUBE-AZRTOS-F4.1.1.0
2024-09-07 23:33:41,737 [WARN] PackLoader:240 - Cannot read IP mode file for STMicroelectronics.X-CUBE-FREERTOS.1.2.0
2024-09-07 23:33:41,755 [WARN] PackLoader:240 - Cannot read IP mode file for STMicroelectronics.X-CUBE-AZRTOS-L5.2.0.0
2024-09-07 23:33:41,782 [WARN] PackLoader:240 - Cannot read IP mode file for STMicroelectronics.X-CUBE-NFC6.3.1.0
2024-09-07 23:33:41,790 [WARN] PackLoader:240 - Cannot read IP mode file for STMicroelectronics.X-CUBE-DPower.1.2.0
2024-09-07 23:33:41,796 [WARN] PackLoader:240 - Cannot read IP mode file for STMicroelectronics.X-CUBE-AI.9.0.0
2024-09-07 23:33:41,803 [WARN] PackLoader:240 - Cannot read IP mode file for STMicroelectronics.X-CUBE-NFC7.1.0.1
2024-09-07 23:33:41,808 [WARN] PackLoader:240 - Cannot read IP mode file for wolfSSL.I-CUBE-wolfTPM.3.2.0
2024-09-07 23:33:41,829 [WARN] ConditionMgr:438 - getConditionDescription Invalid condition id : LAN8742 Phy interface Condition cause : null
2024-09-07 23:33:41,829 [WARN] PackLoader:240 - Cannot read IP mode file for STMicroelectronics.X-CUBE-AZRTOS-L4.2.0.0
2024-09-07 23:33:41,831 [WARN] ConditionMgr:1039 - genDependencies : Invalid condition id : LAN8742 Phy interface Condition cause : null
2024-09-07 23:33:41,831 [WARN] ConditionMgr:1039 - genDependencies : Invalid condition id : LAN8742 Phy interface Condition cause : null
2024-09-07 23:33:41,832 [WARN] ConditionMgr:1039 - genDependencies : Invalid condition id : LAN8742 Phy interface Condition cause : null
2024-09-07 23:33:41,843 [WARN] PackLoader:240 - Cannot read IP mode file for STMicroelectronics.X-CUBE-SFXS2LP1.4.0.0
2024-09-07 23:33:41,881 [WARN] PackLoader:240 - Cannot read IP mode file for STMicroelectronics.X-CUBE-AZRTOS-H7.3.3.0
2024-09-07 23:33:41,899 [WARN] ConditionMgr:438 - getConditionDescription Invalid condition id : UX DEVICE CLASS RTOS Condition cause : null
2024-09-07 23:33:41,899 [WARN] ConditionMgr:438 - getConditionDescription Invalid condition id : UX DEVICE CLASS RTOS Condition cause : null
2024-09-07 23:33:41,924 [WARN] PackLoader:240 - Cannot read IP mode file for STMicroelectronics.X-CUBE-AZRTOS-WB.2.0.0
2024-09-07 23:33:41,925 [WARN] ConditionMgr:1039 - genDependencies : Invalid condition id : UX DEVICE CLASS RTOS Condition cause : null
2024-09-07 23:33:41,925 [WARN] ConditionMgr:1039 - genDependencies : Invalid condition id : UX DEVICE CLASS RTOS Condition cause : null
2024-09-07 23:33:41,925 [WARN] ConditionMgr:1039 - genDependencies : Invalid condition id : UX DEVICE CLASS RTOS Condition cause : null
2024-09-07 23:33:41,925 [WARN] ConditionMgr:1039 - genDependencies : Invalid condition id : UX DEVICE CLASS RTOS Condition cause : null
2024-09-07 23:33:41,926 [WARN] ConditionMgr:1039 - genDependencies : Invalid condition id : UX DEVICE CLASS RTOS Condition cause : null
2024-09-07 23:33:41,936 [WARN] PackLoader:240 - Cannot read IP mode file for STMicroelectronics.FP-SNS-STBOX1.2.0.0
2024-09-07 23:33:41,950 [WARN] PackLoader:240 - Cannot read IP mode file for STMicroelectronics.X-CUBE-SUBG2.5.0.0
2024-09-07 23:33:41,982 [WARN] PackLoader:240 - Cannot read IP mode file for STMicroelectronics.X-CUBE-AZRTOS-G4.2.0.0
2024-09-07 23:33:41,990 [WARN] PackLoader:240 - Cannot read IP mode file for STMicroelectronics.X-CUBE-ISPU.2.0.0
2024-09-07 23:33:41,996 [WARN] PackLoader:240 - Cannot read IP mode file for STMicroelectronics.X-CUBE-ALS.1.0.2
2024-09-07 23:33:42,070 [WARN] PackLoader:240 - Cannot read IP mode file for STMicroelectronics.X-CUBE-MEMS1.10.0.0
2024-09-07 23:33:42,308 [WARN] PackLoader:240 - Cannot read IP mode file for STMicroelectronics.X-CUBE-TOUCHGFX.4.24.0
2024-09-07 23:33:42,317 [WARN] PackLoader:240 - Cannot read IP mode file for portGmbH.I-Cube-SoM-uGOAL.1.1.0
2024-09-07 23:33:42,322 [WARN] PackLoader:240 - Cannot read IP mode file for STMicroelectronics.X-CUBE-ALS.1.0.1
2024-09-07 23:33:42,365 [WARN] PackLoader:240 - Cannot read IP mode file for STMicroelectronics.X-CUBE-AZRTOS-H7RS.1.0.0
2024-09-07 23:33:42,374 [WARN] PackLoader:240 - Cannot read IP mode file for STMicroelectronics.FP-ATR-ASTRA1.2.0.0
2024-09-07 23:33:42,389 [WARN] PackLoader:240 - Cannot read IP mode file for STMicroelectronics.X-CUBE-TOF1.3.4.2
2024-09-07 23:33:42,424 [WARN] PackLoader:240 - Cannot read IP mode file for STMicroelectronics.X-CUBE-TOF1.3.4.1
2024-09-07 23:33:42,463 [WARN] PackLoader:240 - Cannot read IP mode file for STMicroelectronics.X-CUBE-AZRTOS-H7.3.2.0
2024-09-07 23:33:42,482 [WARN] PackLoader:240 - Cannot read IP mode file for Infineon.AIROC-Wi-Fi-Bluetooth-STM32.1.6.0
2024-09-07 23:33:42,490 [WARN] PackLoader:240 - Cannot read IP mode file for wolfSSL.I-CUBE-wolfSSH.1.4.17
2024-09-07 23:33:42,491 [INFO] ThirdParty:978 - Integrity check success = true
2024-09-07 23:33:42,491 [INFO] IntegrityCheckThread:100 - exiting critical section [integrity check]
2024-09-07 23:33:42,491 [INFO] IntegrityCheckThread:103 - End integrity checks thread
2024-09-07 23:33:46,459 [INFO] WebApp:161 - Instantiating new browser for Auth
2024-09-07 23:33:47,523 [INFO] WebApp:779 - Register for checkConnection events
2024-09-07 23:33:47,523 [INFO] WebApp:414 - Apply proxy settings
2024-09-07 23:33:47,523 [INFO] WebApp:499 - Chromium requires no authentication
2024-09-07 23:33:47,534 [INFO] WebApp:442 - Direct internet connection detected
2024-09-07 23:33:47,776 [INFO] WebApp:192 - Starting web application
2024-09-07 23:33:47,776 [INFO] WebApp:544 - Web application path used C:\ST\STM32CubeIDE_1.15.1\STM32CubeIDE\plugins\com.st.stm32cube.common.mx_6.11.1.202404110753\db\plugins\mcufinder\reactClient1\index.html
2024-09-07 23:34:09,441 [ERROR] LogOutputStream:75 - [STDERR_REDIRECT] 
2024-09-07 23:34:09,442 [ERROR] LogOutputStream:75 - [STDERR_REDIRECT] 
2024-09-07 23:57:58,802 [INFO] Activator:176 - 


2024-09-07 23:57:58,805 [INFO] Activator:177 - !SESSION log4j initialized
2024-09-07 23:58:05,172 [INFO] LogOutputStream:77 - [STDOUT_REDIRECT] 
