2024-08-25 14:17:55,919 [INFO] Activator:176 - 


2024-08-25 14:17:55,928 [INFO] Activator:177 - !SESSION log4j initialized
2024-08-25 14:18:07,737 [INFO] LogOutputStream:77 - [STDOUT_REDIRECT] 
2024-08-25 14:18:13,585 [INFO] ApplicationProperties:184 - Using Application install path: C:\ST\STM32CubeIDE_1.15.1\STM32CubeIDE\plugins\com.st.stm32cube.common.mx_6.11.1.202404110753
2024-08-25 14:18:13,612 [INFO] DbMcusXml:78 - Set database path to: C:\ST\STM32CubeIDE_1.15.1\STM32CubeIDE\plugins\com.st.stm32cube.common.mx_6.11.1.202404110753\\db\/mcu/
2024-08-25 14:18:13,612 [INFO] ApiDb:274 - Set plugin database path to: C:\ST\STM32CubeIDE_1.15.1\STM32CubeIDE\plugins\com.st.stm32cube.common.mx_6.11.1.202404110753\\db\/plugins/boardmanager/
2024-08-25 14:18:13,612 [WARN] ApiDb:259 - Overriding images path with different value:  => C:\ST\STM32CubeIDE_1.15.1\STM32CubeIDE\plugins\com.st.stm32cube.common.mx_6.11.1.202404110753\\db\/plugins/mcufinder/images/
2024-08-25 14:18:13,628 [INFO] ApiDb:250 - Set database path to: C:\Users\Matheus Markies\.stmcufinder\plugins\mcufinder//mcu/
2024-08-25 14:18:13,629 [INFO] DbMcusAds:125 - Set database path to: C:\Users\Matheus Markies\.stmcufinder\plugins\mcufinder//mcu/
2024-08-25 14:18:13,632 [INFO] CrossReferenceDbSqlite:203 - Set database path to: C:\Users\Matheus Markies\.stmcufinder\plugins\mcufinder//mcu/cs/
2024-08-25 14:18:13,790 [INFO] RulesReader:64 - Compatibility file has been processed (297 Rules)
2024-08-25 14:18:13,937 [INFO] DbMcusXml:78 - Set database path to: C:\ST\STM32CubeIDE_1.15.1\STM32CubeIDE\plugins\com.st.stm32cube.common.mx_6.11.1.202404110753\\db\/mcu/
2024-08-25 14:18:13,937 [INFO] ApiDb:274 - Set plugin database path to: C:\ST\STM32CubeIDE_1.15.1\STM32CubeIDE\plugins\com.st.stm32cube.common.mx_6.11.1.202404110753\\db\/plugins/boardmanager/
2024-08-25 14:18:13,938 [INFO] ApiDb:261 - Set plugin images path to: C:\ST\STM32CubeIDE_1.15.1\STM32CubeIDE\plugins\com.st.stm32cube.common.mx_6.11.1.202404110753\\db\/plugins/mcufinder/images/
2024-08-25 14:18:13,938 [WARN] DbFile:41 - Overriding database path with different value: C:\Users\Matheus Markies\.stmcufinder\plugins\mcufinder/ => C:\Users\Matheus Markies\.stmcufinder\plugins\mcufinder
2024-08-25 14:18:13,938 [INFO] ApiDb:250 - Set database path to: C:\Users\Matheus Markies\.stmcufinder\plugins\mcufinder//mcu/
2024-08-25 14:18:13,938 [WARN] DbFile:41 - Overriding database path with different value: C:\Users\Matheus Markies\.stmcufinder\plugins\mcufinder/ => C:\Users\Matheus Markies\.stmcufinder\plugins\mcufinder
2024-08-25 14:18:13,938 [INFO] DbMcusAds:125 - Set database path to: C:\Users\Matheus Markies\.stmcufinder\plugins\mcufinder//mcu/
2024-08-25 14:18:13,938 [WARN] DbFile:41 - Overriding database path with different value: C:\Users\Matheus Markies\.stmcufinder\plugins\mcufinder/ => C:\Users\Matheus Markies\.stmcufinder\plugins\mcufinder
2024-08-25 14:18:13,938 [WARN] DbFile:41 - Overriding database path with different value: C:\Users\Matheus Markies\.stmcufinder\plugins\mcufinder/ => C:\Users\Matheus Markies\.stmcufinder\plugins\mcufinder
2024-08-25 14:18:13,939 [INFO] CrossReferenceDbSqlite:203 - Set database path to: C:\Users\Matheus Markies\.stmcufinder\plugins\mcufinder//mcu/cs/
2024-08-25 14:18:14,068 [INFO] MainPanel:264 - HeapMemory: 268435456
2024-08-25 14:18:14,237 [INFO] DbMcusXml:78 - Set database path to: C:\ST\STM32CubeIDE_1.15.1\STM32CubeIDE\plugins\com.st.stm32cube.common.mx_6.11.1.202404110753\\db\/mcu/
2024-08-25 14:18:14,237 [INFO] ApiDb:274 - Set plugin database path to: C:\ST\STM32CubeIDE_1.15.1\STM32CubeIDE\plugins\com.st.stm32cube.common.mx_6.11.1.202404110753\\db\/plugins/boardmanager/
2024-08-25 14:18:14,237 [INFO] ApiDb:261 - Set plugin images path to: C:\ST\STM32CubeIDE_1.15.1\STM32CubeIDE\plugins\com.st.stm32cube.common.mx_6.11.1.202404110753\\db\/plugins/mcufinder/images/
2024-08-25 14:18:14,238 [WARN] DbFile:41 - Overriding database path with different value: C:\Users\Matheus Markies\.stmcufinder\plugins\mcufinder/ => C:\Users\Matheus Markies\.stmcufinder\plugins\mcufinder
2024-08-25 14:18:14,238 [INFO] ApiDb:250 - Set database path to: C:\Users\Matheus Markies\.stmcufinder\plugins\mcufinder//mcu/
2024-08-25 14:18:14,238 [WARN] DbFile:41 - Overriding database path with different value: C:\Users\Matheus Markies\.stmcufinder\plugins\mcufinder/ => C:\Users\Matheus Markies\.stmcufinder\plugins\mcufinder
2024-08-25 14:18:14,238 [INFO] DbMcusAds:125 - Set database path to: C:\Users\Matheus Markies\.stmcufinder\plugins\mcufinder//mcu/
2024-08-25 14:18:14,238 [WARN] DbFile:41 - Overriding database path with different value: C:\Users\Matheus Markies\.stmcufinder\plugins\mcufinder/ => C:\Users\Matheus Markies\.stmcufinder\plugins\mcufinder
2024-08-25 14:18:14,238 [WARN] DbFile:41 - Overriding database path with different value: C:\Users\Matheus Markies\.stmcufinder\plugins\mcufinder/ => C:\Users\Matheus Markies\.stmcufinder\plugins\mcufinder
2024-08-25 14:18:14,238 [INFO] CrossReferenceDbSqlite:203 - Set database path to: C:\Users\Matheus Markies\.stmcufinder\plugins\mcufinder//mcu/cs/
2024-08-25 14:18:14,266 [INFO] ApplicationProperties:184 - Using Application install path: C:\ST\STM32CubeIDE_1.15.1\STM32CubeIDE\plugins\com.st.stm32cube.common.mx_6.11.1.202404110753
2024-08-25 14:18:14,269 [INFO] PluginManage:196 - Search for loadable plugins [exclusion list=, ]
2024-08-25 14:18:14,271 [INFO] PluginManage:310 - Check plugin analytics
2024-08-25 14:18:14,530 [INFO] AnalyticsPlugin:253 - Accepted Software Licenses: 
2024-08-25 14:18:14,530 [INFO] AnalyticsPlugin:255 - Accepted CMSIS Pack Licenses: 
2024-08-25 14:18:14,531 [INFO] AnalyticsPlugin:257 - Accepted Firmware Licenses: FW.F4.1.28.0
2024-08-25 14:18:14,533 [INFO] PluginManage:359 - Loaded plugin analytics (category:tool,tabindex:-1)
2024-08-25 14:18:14,534 [INFO] PluginManage:310 - Check plugin cadmodel
2024-08-25 14:18:14,576 [INFO] CADModel:105 - Init CAD model plugin
2024-08-25 14:18:14,576 [INFO] PluginManage:359 - Loaded plugin cadmodel (category:power,tabindex:5)
2024-08-25 14:18:14,576 [INFO] PluginManage:310 - Check plugin clock
2024-08-25 14:18:14,614 [INFO] PluginManage:359 - Loaded plugin clock (category:base,tabindex:2)
2024-08-25 14:18:14,614 [INFO] PluginManage:310 - Check plugin ddr
2024-08-25 14:18:14,618 [INFO] PluginManage:359 - Loaded plugin ddr (category:tool,tabindex:6)
2024-08-25 14:18:14,618 [INFO] PluginManage:310 - Check plugin filemanager
2024-08-25 14:18:14,860 [INFO] PluginManage:359 - Loaded plugin filemanager (category:base,tabindex:10)
2024-08-25 14:18:14,860 [INFO] PluginManage:310 - Check plugin ipmanager
2024-08-25 14:18:14,871 [INFO] PluginManage:359 - Loaded plugin ipmanager (category:base,tabindex:5)
2024-08-25 14:18:14,872 [INFO] PluginManage:310 - Check plugin lpbam
2024-08-25 14:18:14,897 [INFO] PluginManage:359 - Loaded plugin lpbam (category:base,tabindex:0)
2024-08-25 14:18:14,897 [INFO] PluginManage:310 - Check plugin memorymap
2024-08-25 14:18:14,933 [INFO] PluginManage:359 - Loaded plugin memorymap (category:base,tabindex:4)
2024-08-25 14:18:14,933 [INFO] PluginManage:310 - Check plugin pinoutandconfiguration
2024-08-25 14:18:14,956 [INFO] PluginManage:359 - Loaded plugin pinoutandconfiguration (category:base,tabindex:1)
2024-08-25 14:18:14,956 [INFO] PluginManage:310 - Check plugin pinoutconfig
2024-08-25 14:18:15,133 [WARN] SupportedApi:132 - Cannot load RTOS API schema: s4s-elt-must-match.1: The content of 'definitions' must match (annotation?, (simpleType | complexType)?, (unique | key | keyref)*)). A problem was found starting at: attribute.
2024-08-25 14:18:15,351 [INFO] PluginManage:359 - Loaded plugin pinoutconfig (category:base,tabindex:0)
2024-08-25 14:18:15,352 [INFO] PluginManage:310 - Check plugin power
2024-08-25 14:18:15,403 [INFO] PluginManage:359 - Loaded plugin power (category:power,tabindex:4)
2024-08-25 14:18:15,404 [INFO] PluginManage:310 - Check plugin projectmanager
2024-08-25 14:18:15,436 [INFO] PluginManage:359 - Loaded plugin projectmanager (category:projectmanager,tabindex:3)
2024-08-25 14:18:15,437 [INFO] PluginManage:310 - Check plugin thirdparty
2024-08-25 14:18:15,874 [INFO] PluginManage:359 - Loaded plugin thirdparty (category:base,tabindex:-1)
2024-08-25 14:18:15,874 [WARN] IntegrityCheckThread:84 - waiting for thirdparty lock release [integrity check]
2024-08-25 14:18:15,874 [INFO] PluginManage:310 - Check plugin tools
2024-08-25 14:18:15,875 [INFO] IntegrityCheckThread:86 - entering critical section [integrity check]
2024-08-25 14:18:15,876 [INFO] ThirdPartyUpdaterWithRetryManager:70 - Updater plugin not ready yet. [1/15]
2024-08-25 14:18:15,926 [INFO] PluginManage:359 - Loaded plugin tools (category:base,tabindex:7)
2024-08-25 14:18:15,926 [INFO] PluginManage:310 - Check plugin tutovideos
2024-08-25 14:18:16,204 [INFO] PluginManage:359 - Loaded plugin tutovideos (category:base,tabindex:-1)
2024-08-25 14:18:16,204 [INFO] PluginManage:310 - Check plugin updater
2024-08-25 14:18:16,220 [INFO] PluginManage:359 - Loaded plugin updater (category:base,tabindex:12)
2024-08-25 14:18:16,220 [INFO] PluginManage:310 - Check plugin userauth
2024-08-25 14:18:16,229 [INFO] UserAuth:114 - Init User Auth plugin
2024-08-25 14:18:16,230 [INFO] PluginManage:359 - Loaded plugin userauth (category:base,tabindex:14)
2024-08-25 14:18:16,230 [INFO] PluginManage:283 - PluginManage : Loaded plugins [17]
2024-08-25 14:18:16,644 [INFO] PinOutPanel:1561 - setPackage(No Configuration,No Configuration)
2024-08-25 14:18:16,780 [INFO] CADModel:165 - CPN selected for project level
2024-08-25 14:18:16,780 [INFO] CADModel:114 - Register for checkConnection events
2024-08-25 14:18:16,822 [INFO] IPUIPlugin:80 - create IPUIPlugin
2024-08-25 14:18:16,822 [INFO] PluginManager:220 - loadIPPluginJar : add adc
2024-08-25 14:18:16,872 [INFO] IPUIPlugin:80 - create IPUIPlugin
2024-08-25 14:18:16,872 [INFO] PluginManager:220 - loadIPPluginJar : add aes
2024-08-25 14:18:16,930 [INFO] IPUIPlugin:80 - create IPUIPlugin
2024-08-25 14:18:16,930 [INFO] PluginManager:220 - loadIPPluginJar : add can
2024-08-25 14:18:16,961 [INFO] IPUIPlugin:80 - create IPUIPlugin
2024-08-25 14:18:16,961 [INFO] PluginManager:220 - loadIPPluginJar : add comp
2024-08-25 14:18:17,011 [INFO] IPUIPlugin:80 - create IPUIPlugin
2024-08-25 14:18:17,011 [INFO] PluginManager:220 - loadIPPluginJar : add cryp
2024-08-25 14:18:17,053 [INFO] IPUIPlugin:80 - create IPUIPlugin
2024-08-25 14:18:17,054 [INFO] PluginManager:220 - loadIPPluginJar : add dfsdm
2024-08-25 14:18:17,073 [INFO] IPUIPlugin:80 - create IPUIPlugin
2024-08-25 14:18:17,073 [INFO] PluginManager:220 - loadIPPluginJar : add dma
2024-08-25 14:18:17,141 [INFO] IPUIPlugin:80 - create IPUIPlugin
2024-08-25 14:18:17,141 [INFO] PluginManager:220 - loadIPPluginJar : add dma3
2024-08-25 14:18:17,204 [INFO] IPUIPlugin:80 - create IPUIPlugin
2024-08-25 14:18:17,204 [INFO] PluginManager:220 - loadIPPluginJar : add extmemmanager
2024-08-25 14:18:17,237 [INFO] IPUIPlugin:80 - create IPUIPlugin
2024-08-25 14:18:17,237 [INFO] PluginManager:220 - loadIPPluginJar : add fatfs
2024-08-25 14:18:17,305 [INFO] IPUIPlugin:80 - create IPUIPlugin
2024-08-25 14:18:17,305 [INFO] PluginManager:220 - loadIPPluginJar : add fmc
2024-08-25 14:18:17,329 [INFO] IPUIPlugin:80 - create IPUIPlugin
2024-08-25 14:18:17,330 [INFO] PluginManager:220 - loadIPPluginJar : add freertos
2024-08-25 14:18:17,359 [INFO] IPUIPlugin:80 - create IPUIPlugin
2024-08-25 14:18:17,359 [INFO] PluginManager:220 - loadIPPluginJar : add genericplugin
2024-08-25 14:18:17,490 [INFO] IPUIPlugin:80 - create IPUIPlugin
2024-08-25 14:18:17,490 [INFO] PluginManager:220 - loadIPPluginJar : add gfxmmu
2024-08-25 14:18:17,680 [INFO] IPUIPlugin:80 - create IPUIPlugin
2024-08-25 14:18:17,680 [INFO] PluginManager:220 - loadIPPluginJar : add gic
2024-08-25 14:18:17,699 [INFO] IPUIPlugin:80 - create IPUIPlugin
2024-08-25 14:18:17,699 [INFO] PluginManager:220 - loadIPPluginJar : add gpio
2024-08-25 14:18:17,825 [INFO] IPUIPlugin:80 - create IPUIPlugin
2024-08-25 14:18:17,825 [INFO] PluginManager:220 - loadIPPluginJar : add gtzc
2024-08-25 14:18:17,871 [INFO] IPUIPlugin:80 - create IPUIPlugin
2024-08-25 14:18:17,872 [INFO] PluginManager:220 - loadIPPluginJar : add hash
2024-08-25 14:18:17,944 [INFO] IPUIPlugin:80 - create IPUIPlugin
2024-08-25 14:18:17,944 [INFO] PluginManager:220 - loadIPPluginJar : add i2c
2024-08-25 14:18:17,999 [INFO] IPUIPlugin:80 - create IPUIPlugin
2024-08-25 14:18:18,000 [INFO] PluginManager:220 - loadIPPluginJar : add i2s
2024-08-25 14:18:18,067 [INFO] IPUIPlugin:80 - create IPUIPlugin
2024-08-25 14:18:18,067 [INFO] PluginManager:220 - loadIPPluginJar : add i3c
2024-08-25 14:18:18,206 [INFO] IPUIPlugin:80 - create IPUIPlugin
2024-08-25 14:18:18,206 [INFO] PluginManager:220 - loadIPPluginJar : add ipddr
2024-08-25 14:18:18,333 [INFO] IPUIPlugin:80 - create IPUIPlugin
2024-08-25 14:18:18,333 [INFO] PluginManager:220 - loadIPPluginJar : add linkedlist
2024-08-25 14:18:18,386 [INFO] IPUIPlugin:80 - create IPUIPlugin
2024-08-25 14:18:18,387 [INFO] PluginManager:220 - loadIPPluginJar : add lorawan
2024-08-25 14:18:18,443 [INFO] IPUIPlugin:80 - create IPUIPlugin
2024-08-25 14:18:18,443 [INFO] PluginManager:220 - loadIPPluginJar : add ltdc
2024-08-25 14:18:18,463 [INFO] IPUIPlugin:80 - create IPUIPlugin
2024-08-25 14:18:18,463 [INFO] PluginManager:220 - loadIPPluginJar : add mdma
2024-08-25 14:18:18,481 [INFO] IPUIPlugin:80 - create IPUIPlugin
2024-08-25 14:18:18,481 [INFO] PluginManager:220 - loadIPPluginJar : add nvic
2024-08-25 14:18:18,531 [INFO] IPUIPlugin:80 - create IPUIPlugin
2024-08-25 14:18:18,531 [INFO] PluginManager:220 - loadIPPluginJar : add opamp
2024-08-25 14:18:18,618 [INFO] IPUIPlugin:80 - create IPUIPlugin
2024-08-25 14:18:18,618 [INFO] PluginManager:220 - loadIPPluginJar : add openamp
2024-08-25 14:18:18,678 [INFO] IPUIPlugin:80 - create IPUIPlugin
2024-08-25 14:18:18,678 [INFO] PluginManager:220 - loadIPPluginJar : add pdm2pcm
2024-08-25 14:18:18,698 [INFO] IPUIPlugin:80 - create IPUIPlugin
2024-08-25 14:18:18,701 [INFO] PluginManager:220 - loadIPPluginJar : add plateformsettings
2024-08-25 14:18:18,732 [INFO] IPUIPlugin:80 - create IPUIPlugin
2024-08-25 14:18:18,732 [INFO] PluginManager:220 - loadIPPluginJar : add quadspi
2024-08-25 14:18:18,749 [INFO] IPUIPlugin:80 - create IPUIPlugin
2024-08-25 14:18:18,749 [INFO] PluginManager:220 - loadIPPluginJar : add resmgrutility
2024-08-25 14:18:18,812 [INFO] IPUIPlugin:80 - create IPUIPlugin
2024-08-25 14:18:18,813 [INFO] PluginManager:220 - loadIPPluginJar : add sai
2024-08-25 14:18:18,861 [INFO] IPUIPlugin:80 - create IPUIPlugin
2024-08-25 14:18:18,862 [INFO] PluginManager:220 - loadIPPluginJar : add spi
2024-08-25 14:18:18,877 [INFO] ThirdPartyUpdaterWithRetryManager:70 - Updater plugin not ready yet. [2/15]
2024-08-25 14:18:18,954 [INFO] IPUIPlugin:80 - create IPUIPlugin
2024-08-25 14:18:18,955 [INFO] PluginManager:220 - loadIPPluginJar : add stm32_wpan
2024-08-25 14:18:18,986 [INFO] IPUIPlugin:80 - create IPUIPlugin
2024-08-25 14:18:18,986 [INFO] PluginManager:220 - loadIPPluginJar : add tim
2024-08-25 14:18:19,072 [INFO] IPUIPlugin:80 - create IPUIPlugin
2024-08-25 14:18:19,073 [INFO] PluginManager:220 - loadIPPluginJar : add touchsensing
2024-08-25 14:18:19,105 [INFO] IPUIPlugin:80 - create IPUIPlugin
2024-08-25 14:18:19,105 [INFO] PluginManager:220 - loadIPPluginJar : add tracer_emb
2024-08-25 14:18:19,139 [INFO] IPUIPlugin:80 - create IPUIPlugin
2024-08-25 14:18:19,139 [INFO] PluginManager:220 - loadIPPluginJar : add ts
2024-08-25 14:18:19,170 [INFO] IPUIPlugin:80 - create IPUIPlugin
2024-08-25 14:18:19,170 [INFO] PluginManager:220 - loadIPPluginJar : add tsc
2024-08-25 14:18:19,201 [INFO] IPUIPlugin:80 - create IPUIPlugin
2024-08-25 14:18:19,201 [INFO] PluginManager:220 - loadIPPluginJar : add ucpd
2024-08-25 14:18:19,260 [INFO] IPUIPlugin:80 - create IPUIPlugin
2024-08-25 14:18:19,260 [INFO] PluginManager:220 - loadIPPluginJar : add usart
2024-08-25 14:18:19,320 [INFO] IPUIPlugin:80 - create IPUIPlugin
2024-08-25 14:18:19,320 [INFO] PluginManager:220 - loadIPPluginJar : add usbx
2024-08-25 14:18:19,509 [INFO] CADModel:165 - CPN selected for project level
2024-08-25 14:18:19,509 [INFO] CADModel:114 - Register for checkConnection events
2024-08-25 14:18:19,509 [FATAL] Updater:308 - Updater called before beeing initialized
2024-08-25 14:18:19,509 [ERROR] CADModel:125 - Updater not yet initialized, retry later 
2024-08-25 14:18:19,702 [INFO] CADModel:165 - CPN selected for project level
2024-08-25 14:18:19,702 [INFO] CADModel:114 - Register for checkConnection events
2024-08-25 14:18:19,702 [FATAL] Updater:308 - Updater called before beeing initialized
2024-08-25 14:18:19,703 [ERROR] CADModel:125 - Updater not yet initialized, retry later 
2024-08-25 14:18:19,707 [FATAL] Updater:308 - Updater called before beeing initialized
2024-08-25 14:18:19,920 [FATAL] Updater:308 - Updater called before beeing initialized
2024-08-25 14:18:19,933 [INFO] DbMcusAds:53 - JSON generation date=Thu May 16 06:22:01 BRT 2024 (1715851321109)
2024-08-25 14:18:19,933 [FATAL] Updater:308 - Updater called before beeing initialized
2024-08-25 14:18:20,049 [WARN] DetailPanel:346 - Failed to get advertising image, set to default
2024-08-25 14:18:20,207 [FATAL] Updater:308 - Updater called before beeing initialized
2024-08-25 14:18:20,210 [FATAL] Updater:308 - Updater called before beeing initialized
2024-08-25 14:18:20,211 [FATAL] Updater:308 - Updater called before beeing initialized
2024-08-25 14:18:20,211 [WARN] DetailPanel:346 - Failed to get advertising image, set to default
2024-08-25 14:18:20,212 [FATAL] Updater:308 - Updater called before beeing initialized
2024-08-25 14:18:20,371 [ERROR] Updater:1120 - MainUpdater not yet initialized. External WinMGr cannot be set.
2024-08-25 14:18:20,383 [INFO] Updater:1056 - Updater Version found : 6.11.1
2024-08-25 14:18:20,410 [INFO] ApplicationProperties:184 - Using Application install path: C:\ST\STM32CubeIDE_1.15.1\STM32CubeIDE\plugins\com.st.stm32cube.common.mx_6.11.1.202404110753
2024-08-25 14:18:21,879 [INFO] ThirdPartyUpdaterWithRetryManager:70 - Updater plugin not ready yet. [3/15]
2024-08-25 14:18:21,996 [ERROR] LogOutputStream:75 - [STDERR_REDIRECT] Aug 25, 2024 2:18:21 PM java.util.prefs.WindowsPreferences <init>
2024-08-25 14:18:21,999 [ERROR] LogOutputStream:75 - [STDERR_REDIRECT] WARNING: Could not open/create prefs root node Software\JavaSoft\Prefs at root 0xffffffff80000002. Windows RegCreateKeyEx(...) returned error code 5.
2024-08-25 14:18:21,999 [ERROR] LogOutputStream:75 - [STDERR_REDIRECT] 
2024-08-25 14:18:22,403 [INFO] MainUpdater:2873 - connection check result : 10
2024-08-25 14:18:22,404 [INFO] MainUpdater:290 - Updater Check For Update Now.
2024-08-25 14:18:22,404 [INFO] MicroXplorer:498 - Change Database Version : DB.6.0.111
2024-08-25 14:18:22,447 [INFO] McuFinderGlobals:63 - Set McuFinder mode to 2 (CubeIDE integrated)
2024-08-25 14:18:22,495 [INFO] UserAuth:415 - Internet connection configuration mode: 1
2024-08-25 14:18:22,722 [INFO] JxBrowserEngine:152 - Initiate JxBrowser Engine with user profile folder
2024-08-25 14:18:22,843 [INFO] CheckServerUpdateThread:120 - End of CheckServer Thread
2024-08-25 14:18:26,188 [WARN] PackLoader:240 - Cannot read IP mode file for STMicroelectronics.FP-SNS-MOTENVWB1.1.4.0
2024-08-25 14:18:26,214 [WARN] PackLoader:240 - Cannot read IP mode file for STMicroelectronics.X-CUBE-SMBUS.2.1.0
2024-08-25 14:18:26,231 [WARN] PackLoader:240 - Cannot read IP mode file for STMicroelectronics.X-CUBE-TOUCHGFX.4.23.2
2024-08-25 14:18:26,316 [WARN] PackLoader:240 - Cannot read IP mode file for STMicroelectronics.X-CUBE-AZRTOS-F7.1.1.0
2024-08-25 14:18:26,601 [WARN] PackLoader:240 - Cannot read IP mode file for STMicroelectronics.X-CUBE-MEMS1.11.0.0
2024-08-25 14:18:26,852 [WARN] PackLoader:240 - Cannot read IP mode file for STMicroelectronics.FP-SNS-FLIGHT1.5.0.2
2024-08-25 14:18:26,928 [WARN] PackLoader:240 - Cannot read IP mode file for STMicroelectronics.X-CUBE-DISPLAY.3.0.0
2024-08-25 14:18:27,049 [WARN] PackLoader:240 - Cannot read IP mode file for STMicroelectronics.X-CUBE-BLE1.7.0.0
2024-08-25 14:18:27,198 [WARN] PackLoader:240 - Cannot read IP mode file for emotas.I-CUBE-CANOPEN.1.3.0
2024-08-25 14:18:27,219 [WARN] PackLoader:240 - Cannot read IP mode file for STMicroelectronics.X-CUBE-BLEMGR.3.1.0
2024-08-25 14:18:27,325 [WARN] PackLoader:240 - Cannot read IP mode file for STMicroelectronics.FP-SNS-SMARTAG2.1.2.0
2024-08-25 14:18:27,446 [INFO] LogOutputStream:77 - [STDOUT_REDIRECT] 1 : Invalid condition id : UX_CORESTACK_Condition cause : null
2024-08-25 14:18:27,446 [INFO] LogOutputStream:77 - [STDOUT_REDIRECT] 1 : Invalid condition id : UX_CORESTACK_Condition cause : null
2024-08-25 14:18:27,448 [INFO] LogOutputStream:77 - [STDOUT_REDIRECT] 1 : Invalid condition id : UX_CORESTACK_Condition cause : null
2024-08-25 14:18:27,450 [INFO] LogOutputStream:77 - [STDOUT_REDIRECT] 1 : Invalid condition id : UX_CORESTACK_Condition cause : null
2024-08-25 14:18:27,451 [INFO] LogOutputStream:77 - [STDOUT_REDIRECT] 1 : Invalid condition id : UX_CORESTACK_Condition cause : null
2024-08-25 14:18:27,472 [WARN] PackLoader:240 - Cannot read IP mode file for STMicroelectronics.X-CUBE-AZRTOS-WL.2.0.0
2024-08-25 14:18:27,555 [WARN] PackLoader:240 - Cannot read IP mode file for STMicroelectronics.FP-SNS-MOTENV1.5.0.0
2024-08-25 14:18:27,596 [WARN] PackLoader:240 - Cannot read IP mode file for wolfSSL.I-CUBE-wolfMQTT.1.19.0
2024-08-25 14:18:27,615 [WARN] PackLoader:240 - Cannot read IP mode file for WES.I-CUBE-Cesium.1.3.0
2024-08-25 14:18:27,646 [WARN] PackLoader:240 - Cannot read IP mode file for STMicroelectronics.X-CUBE-BLE2.3.3.0
2024-08-25 14:18:27,683 [WARN] PackLoader:240 - Cannot read IP mode file for STMicroelectronics.X-CUBE-TCPP.4.1.0
2024-08-25 14:18:27,780 [WARN] PackLoader:240 - Cannot read IP mode file for STMicroelectronics.X-CUBE-AZRTOS-G0.1.1.0
2024-08-25 14:18:27,815 [WARN] PackLoader:240 - Cannot read IP mode file for STMicroelectronics.X-CUBE-SAFEA1.1.2.2
2024-08-25 14:18:27,833 [WARN] PackLoader:240 - Cannot read IP mode file for STMicroelectronics.X-CUBE-NFC4.3.0.0
2024-08-25 14:18:27,857 [WARN] PackLoader:240 - Cannot read IP mode file for wolfSSL.I-CUBE-wolfMQTT.1.18.0
2024-08-25 14:18:27,928 [WARN] PackLoader:240 - Cannot read IP mode file for EmbeddedOffice.I-CUBE-FS-RTOS.1.0.1
2024-08-25 14:18:27,928 [ERROR] ConditionMgr:805 - Attr not supported : Dmpu
2024-08-25 14:18:27,928 [ERROR] ConditionMgr:805 - Attr not supported : Dmpu
2024-08-25 14:18:27,929 [ERROR] ConditionMgr:805 - Attr not supported : Dmpu
2024-08-25 14:18:27,929 [ERROR] ConditionMgr:805 - Attr not supported : Dmpu
2024-08-25 14:18:27,929 [ERROR] ConditionMgr:805 - Attr not supported : Dmpu
2024-08-25 14:18:27,929 [ERROR] ConditionMgr:805 - Attr not supported : Dmpu
2024-08-25 14:18:27,929 [ERROR] ConditionMgr:805 - Attr not supported : Dmpu
2024-08-25 14:18:27,929 [ERROR] ConditionMgr:805 - Attr not supported : Dmpu
2024-08-25 14:18:27,929 [ERROR] ConditionMgr:805 - Attr not supported : Dmpu
2024-08-25 14:18:27,929 [ERROR] ConditionMgr:805 - Attr not supported : Dmpu
2024-08-25 14:18:27,930 [ERROR] ConditionMgr:805 - Attr not supported : Dmpu
2024-08-25 14:18:27,930 [ERROR] ConditionMgr:805 - Attr not supported : Dmpu
2024-08-25 14:18:27,930 [ERROR] ConditionMgr:805 - Attr not supported : Dmpu
2024-08-25 14:18:27,930 [ERROR] ConditionMgr:805 - Attr not supported : Dmpu
2024-08-25 14:18:27,930 [ERROR] ConditionMgr:805 - Attr not supported : Dmpu
2024-08-25 14:18:27,930 [ERROR] ConditionMgr:805 - Attr not supported : Dmpu
2024-08-25 14:18:27,930 [ERROR] ConditionMgr:805 - Attr not supported : Dmpu
2024-08-25 14:18:27,930 [ERROR] ConditionMgr:805 - Attr not supported : Dmpu
2024-08-25 14:18:27,930 [ERROR] ConditionMgr:805 - Attr not supported : Dmpu
2024-08-25 14:18:27,930 [ERROR] ConditionMgr:805 - Attr not supported : Dmpu
2024-08-25 14:18:27,930 [ERROR] ConditionMgr:805 - Attr not supported : Dmpu
2024-08-25 14:18:27,930 [ERROR] ConditionMgr:805 - Attr not supported : Dmpu
2024-08-25 14:18:27,931 [ERROR] ConditionMgr:805 - Attr not supported : Dmpu
2024-08-25 14:18:27,931 [ERROR] ConditionMgr:805 - Attr not supported : Dmpu
2024-08-25 14:18:27,931 [ERROR] ConditionMgr:805 - Attr not supported : Dmpu
2024-08-25 14:18:27,931 [ERROR] ConditionMgr:805 - Attr not supported : Dmpu
2024-08-25 14:18:27,932 [ERROR] ConditionMgr:805 - Attr not supported : Dmpu
2024-08-25 14:18:27,932 [ERROR] ConditionMgr:805 - Attr not supported : Dmpu
2024-08-25 14:18:27,932 [ERROR] ConditionMgr:805 - Attr not supported : Dmpu
2024-08-25 14:18:27,932 [ERROR] ConditionMgr:805 - Attr not supported : Dmpu
2024-08-25 14:18:27,933 [ERROR] ConditionMgr:805 - Attr not supported : Dmpu
2024-08-25 14:18:27,933 [ERROR] ConditionMgr:805 - Attr not supported : Dmpu
2024-08-25 14:18:27,934 [ERROR] ConditionMgr:805 - Attr not supported : Dmpu
2024-08-25 14:18:27,934 [ERROR] ConditionMgr:805 - Attr not supported : Dmpu
2024-08-25 14:18:27,934 [ERROR] ConditionMgr:805 - Attr not supported : Dmpu
2024-08-25 14:18:27,934 [ERROR] ConditionMgr:805 - Attr not supported : Dmpu
2024-08-25 14:18:27,935 [ERROR] ConditionMgr:805 - Attr not supported : Dmpu
2024-08-25 14:18:27,939 [ERROR] ConditionMgr:805 - Attr not supported : Dmpu
2024-08-25 14:18:27,940 [ERROR] ConditionMgr:805 - Attr not supported : Dmpu
2024-08-25 14:18:27,940 [ERROR] ConditionMgr:805 - Attr not supported : Dmpu
2024-08-25 14:18:27,940 [ERROR] ConditionMgr:805 - Attr not supported : Dmpu
2024-08-25 14:18:27,940 [ERROR] ConditionMgr:805 - Attr not supported : Dmpu
2024-08-25 14:18:27,940 [ERROR] ConditionMgr:805 - Attr not supported : Dmpu
2024-08-25 14:18:27,940 [ERROR] ConditionMgr:805 - Attr not supported : Dmpu
2024-08-25 14:18:27,941 [ERROR] ConditionMgr:805 - Attr not supported : Dmpu
2024-08-25 14:18:27,941 [ERROR] ConditionMgr:805 - Attr not supported : Dmpu
2024-08-25 14:18:27,941 [ERROR] ConditionMgr:805 - Attr not supported : Dmpu
2024-08-25 14:18:27,941 [ERROR] ConditionMgr:805 - Attr not supported : Dmpu
2024-08-25 14:18:27,941 [ERROR] ConditionMgr:805 - Attr not supported : Dmpu
2024-08-25 14:18:27,941 [ERROR] ConditionMgr:805 - Attr not supported : Dmpu
2024-08-25 14:18:27,941 [ERROR] ConditionMgr:805 - Attr not supported : Dmpu
2024-08-25 14:18:27,941 [ERROR] ConditionMgr:805 - Attr not supported : Dmpu
2024-08-25 14:18:27,941 [ERROR] ConditionMgr:805 - Attr not supported : Dmpu
2024-08-25 14:18:27,941 [ERROR] ConditionMgr:805 - Attr not supported : Dmpu
2024-08-25 14:18:27,941 [ERROR] ConditionMgr:805 - Attr not supported : Dmpu
2024-08-25 14:18:27,942 [ERROR] ConditionMgr:805 - Attr not supported : Dmpu
2024-08-25 14:18:27,942 [ERROR] ConditionMgr:805 - Attr not supported : Dmpu
2024-08-25 14:18:27,942 [ERROR] ConditionMgr:805 - Attr not supported : Dmpu
2024-08-25 14:18:27,942 [ERROR] ConditionMgr:805 - Attr not supported : Dmpu
2024-08-25 14:18:27,942 [ERROR] ConditionMgr:805 - Attr not supported : Dmpu
2024-08-25 14:18:27,942 [ERROR] ConditionMgr:805 - Attr not supported : Dmpu
2024-08-25 14:18:27,942 [ERROR] ConditionMgr:805 - Attr not supported : Dmpu
2024-08-25 14:18:27,942 [ERROR] ConditionMgr:805 - Attr not supported : Dmpu
2024-08-25 14:18:27,942 [ERROR] ConditionMgr:805 - Attr not supported : Dmpu
2024-08-25 14:18:28,008 [WARN] PackLoader:240 - Cannot read IP mode file for RealThread.X-CUBE-RT-Thread_Nano.4.1.1
2024-08-25 14:18:28,097 [WARN] PackLoader:240 - Cannot read IP mode file for wolfSSL.I-CUBE-wolfSSL.5.7.0
2024-08-25 14:18:28,112 [WARN] PackLoader:240 - Cannot read IP mode file for STMicroelectronics.FP-ATR-SIGFOX1.3.2.0
2024-08-25 14:18:28,130 [WARN] PackLoader:240 - Cannot read IP mode file for STMicroelectronics.X-CUBE-EEPRMA1.5.1.0
2024-08-25 14:18:28,174 [WARN] PackLoader:240 - Cannot read IP mode file for ITTIA_DB.I-CUBE-ITTIADB.8.9.0
2024-08-25 14:18:28,243 [WARN] PackLoader:240 - Cannot read IP mode file for SEGGER.I-CUBE-embOS.1.3.1
2024-08-25 14:18:28,310 [WARN] PackLoader:240 - Cannot read IP mode file for STMicroelectronics.X-CUBE-ALGOBUILD.1.4.0
2024-08-25 14:18:28,327 [WARN] PackLoader:240 - Cannot read IP mode file for STMicroelectronics.X-CUBE-GNSS1.6.0.0
2024-08-25 14:18:28,440 [WARN] PackLoader:240 - Cannot read IP mode file for STMicroelectronics.X-CUBE-AZRTOS-F4.1.1.0
2024-08-25 14:18:28,546 [WARN] PackLoader:240 - Cannot read IP mode file for STMicroelectronics.X-CUBE-FREERTOS.1.2.0
2024-08-25 14:18:28,605 [WARN] PackLoader:240 - Cannot read IP mode file for STMicroelectronics.X-CUBE-AZRTOS-L5.2.0.0
2024-08-25 14:18:28,626 [WARN] PackLoader:240 - Cannot read IP mode file for STMicroelectronics.X-CUBE-NFC6.3.1.0
2024-08-25 14:18:28,646 [WARN] PackLoader:240 - Cannot read IP mode file for STMicroelectronics.X-CUBE-DPower.1.2.0
2024-08-25 14:18:28,667 [WARN] PackLoader:240 - Cannot read IP mode file for STMicroelectronics.X-CUBE-AI.9.0.0
2024-08-25 14:18:28,728 [WARN] PackLoader:240 - Cannot read IP mode file for STMicroelectronics.X-CUBE-NFC7.1.0.1
2024-08-25 14:18:28,752 [WARN] PackLoader:240 - Cannot read IP mode file for wolfSSL.I-CUBE-wolfTPM.3.2.0
2024-08-25 14:18:28,795 [WARN] ConditionMgr:438 - getConditionDescription Invalid condition id : LAN8742 Phy interface Condition cause : null
2024-08-25 14:18:28,795 [WARN] PackLoader:240 - Cannot read IP mode file for STMicroelectronics.X-CUBE-AZRTOS-L4.2.0.0
2024-08-25 14:18:28,797 [WARN] ConditionMgr:1039 - genDependencies : Invalid condition id : LAN8742 Phy interface Condition cause : null
2024-08-25 14:18:28,797 [WARN] ConditionMgr:1039 - genDependencies : Invalid condition id : LAN8742 Phy interface Condition cause : null
2024-08-25 14:18:28,798 [WARN] ConditionMgr:1039 - genDependencies : Invalid condition id : LAN8742 Phy interface Condition cause : null
2024-08-25 14:18:28,834 [WARN] PackLoader:240 - Cannot read IP mode file for STMicroelectronics.X-CUBE-SFXS2LP1.4.0.0
2024-08-25 14:18:28,876 [WARN] PackLoader:240 - Cannot read IP mode file for STMicroelectronics.X-CUBE-AZRTOS-H7.3.3.0
2024-08-25 14:18:28,948 [WARN] ConditionMgr:438 - getConditionDescription Invalid condition id : UX DEVICE CLASS RTOS Condition cause : null
2024-08-25 14:18:28,949 [WARN] ConditionMgr:438 - getConditionDescription Invalid condition id : UX DEVICE CLASS RTOS Condition cause : null
2024-08-25 14:18:28,951 [WARN] PackLoader:240 - Cannot read IP mode file for STMicroelectronics.X-CUBE-AZRTOS-WB.2.0.0
2024-08-25 14:18:28,952 [WARN] ConditionMgr:1039 - genDependencies : Invalid condition id : UX DEVICE CLASS RTOS Condition cause : null
2024-08-25 14:18:28,952 [WARN] ConditionMgr:1039 - genDependencies : Invalid condition id : UX DEVICE CLASS RTOS Condition cause : null
2024-08-25 14:18:28,953 [WARN] ConditionMgr:1039 - genDependencies : Invalid condition id : UX DEVICE CLASS RTOS Condition cause : null
2024-08-25 14:18:28,954 [WARN] ConditionMgr:1039 - genDependencies : Invalid condition id : UX DEVICE CLASS RTOS Condition cause : null
2024-08-25 14:18:28,954 [WARN] ConditionMgr:1039 - genDependencies : Invalid condition id : UX DEVICE CLASS RTOS Condition cause : null
2024-08-25 14:18:29,076 [WARN] PackLoader:240 - Cannot read IP mode file for STMicroelectronics.FP-SNS-STBOX1.2.0.0
2024-08-25 14:18:29,209 [WARN] PackLoader:240 - Cannot read IP mode file for STMicroelectronics.X-CUBE-SUBG2.5.0.0
2024-08-25 14:18:29,247 [WARN] PackLoader:240 - Cannot read IP mode file for STMicroelectronics.X-CUBE-AZRTOS-G4.2.0.0
2024-08-25 14:18:29,265 [WARN] PackLoader:240 - Cannot read IP mode file for STMicroelectronics.X-CUBE-ISPU.2.0.0
2024-08-25 14:18:29,289 [WARN] PackLoader:240 - Cannot read IP mode file for STMicroelectronics.X-CUBE-ALS.1.0.2
2024-08-25 14:18:29,392 [WARN] PackLoader:240 - Cannot read IP mode file for STMicroelectronics.X-CUBE-MEMS1.10.0.0
2024-08-25 14:18:29,520 [WARN] PackLoader:240 - Cannot read IP mode file for STMicroelectronics.X-CUBE-TOUCHGFX.4.24.0
2024-08-25 14:18:29,543 [WARN] PackLoader:240 - Cannot read IP mode file for portGmbH.I-Cube-SoM-uGOAL.1.1.0
2024-08-25 14:18:29,570 [WARN] PackLoader:240 - Cannot read IP mode file for STMicroelectronics.X-CUBE-ALS.1.0.1
2024-08-25 14:18:29,621 [WARN] PackLoader:240 - Cannot read IP mode file for STMicroelectronics.X-CUBE-AZRTOS-H7RS.1.0.0
2024-08-25 14:18:29,650 [WARN] PackLoader:240 - Cannot read IP mode file for STMicroelectronics.FP-ATR-ASTRA1.2.0.0
2024-08-25 14:18:29,684 [WARN] PackLoader:240 - Cannot read IP mode file for STMicroelectronics.X-CUBE-TOF1.3.4.2
2024-08-25 14:18:29,717 [WARN] PackLoader:240 - Cannot read IP mode file for STMicroelectronics.X-CUBE-TOF1.3.4.1
2024-08-25 14:18:29,801 [WARN] PackLoader:240 - Cannot read IP mode file for STMicroelectronics.X-CUBE-AZRTOS-H7.3.2.0
2024-08-25 14:18:29,921 [WARN] PackLoader:240 - Cannot read IP mode file for Infineon.AIROC-Wi-Fi-Bluetooth-STM32.1.6.0
2024-08-25 14:18:29,959 [WARN] PackLoader:240 - Cannot read IP mode file for wolfSSL.I-CUBE-wolfSSH.1.4.17
2024-08-25 14:18:29,959 [INFO] ThirdParty:978 - Integrity check success = true
2024-08-25 14:18:29,960 [INFO] IntegrityCheckThread:100 - exiting critical section [integrity check]
2024-08-25 14:18:29,960 [INFO] IntegrityCheckThread:103 - End integrity checks thread
2024-08-25 14:18:32,877 [INFO] WebApp:161 - Instantiating new browser for Auth
2024-08-25 14:18:35,043 [INFO] WebApp:779 - Register for checkConnection events
2024-08-25 14:18:35,043 [INFO] WebApp:414 - Apply proxy settings
2024-08-25 14:18:35,043 [INFO] WebApp:499 - Chromium requires no authentication
2024-08-25 14:18:35,057 [INFO] WebApp:442 - Direct internet connection detected
2024-08-25 14:18:35,309 [INFO] WebApp:192 - Starting web application
2024-08-25 14:18:35,309 [INFO] WebApp:544 - Web application path used C:\ST\STM32CubeIDE_1.15.1\STM32CubeIDE\plugins\com.st.stm32cube.common.mx_6.11.1.202404110753\db\plugins\mcufinder\reactClient1\index.html
2024-08-25 15:07:26,598 [ERROR] LogOutputStream:75 - [STDERR_REDIRECT] 
