2024-09-03 09:05:27,623 [INFO] Activator:176 - 


2024-09-03 09:05:27,634 [INFO] Activator:177 - !SESSION log4j initialized
2024-09-03 09:05:43,313 [INFO] LogOutputStream:77 - [STDOUT_REDIRECT] 
2024-09-03 09:05:47,509 [INFO] ApplicationProperties:184 - Using Application install path: C:\ST\STM32CubeIDE_1.15.1\STM32CubeIDE\plugins\com.st.stm32cube.common.mx_6.11.1.202404110753
2024-09-03 09:05:47,539 [INFO] DbMcusXml:78 - Set database path to: C:\ST\STM32CubeIDE_1.15.1\STM32CubeIDE\plugins\com.st.stm32cube.common.mx_6.11.1.202404110753\\db\/mcu/
2024-09-03 09:05:47,539 [INFO] ApiDb:274 - Set plugin database path to: C:\ST\STM32CubeIDE_1.15.1\STM32CubeIDE\plugins\com.st.stm32cube.common.mx_6.11.1.202404110753\\db\/plugins/boardmanager/
2024-09-03 09:05:47,540 [WARN] ApiDb:259 - Overriding images path with different value:  => C:\ST\STM32CubeIDE_1.15.1\STM32CubeIDE\plugins\com.st.stm32cube.common.mx_6.11.1.202404110753\\db\/plugins/mcufinder/images/
2024-09-03 09:05:47,554 [INFO] ApiDb:250 - Set database path to: C:\Users\Matheus Markies\.stmcufinder\plugins\mcufinder//mcu/
2024-09-03 09:05:47,555 [INFO] DbMcusAds:125 - Set database path to: C:\Users\Matheus Markies\.stmcufinder\plugins\mcufinder//mcu/
2024-09-03 09:05:47,557 [INFO] CrossReferenceDbSqlite:203 - Set database path to: C:\Users\Matheus Markies\.stmcufinder\plugins\mcufinder//mcu/cs/
2024-09-03 09:05:47,717 [INFO] RulesReader:64 - Compatibility file has been processed (297 Rules)
2024-09-03 09:05:47,865 [INFO] DbMcusXml:78 - Set database path to: C:\ST\STM32CubeIDE_1.15.1\STM32CubeIDE\plugins\com.st.stm32cube.common.mx_6.11.1.202404110753\\db\/mcu/
2024-09-03 09:05:47,866 [INFO] ApiDb:274 - Set plugin database path to: C:\ST\STM32CubeIDE_1.15.1\STM32CubeIDE\plugins\com.st.stm32cube.common.mx_6.11.1.202404110753\\db\/plugins/boardmanager/
2024-09-03 09:05:47,866 [INFO] ApiDb:261 - Set plugin images path to: C:\ST\STM32CubeIDE_1.15.1\STM32CubeIDE\plugins\com.st.stm32cube.common.mx_6.11.1.202404110753\\db\/plugins/mcufinder/images/
2024-09-03 09:05:47,866 [WARN] DbFile:41 - Overriding database path with different value: C:\Users\Matheus Markies\.stmcufinder\plugins\mcufinder/ => C:\Users\Matheus Markies\.stmcufinder\plugins\mcufinder
2024-09-03 09:05:47,866 [INFO] ApiDb:250 - Set database path to: C:\Users\Matheus Markies\.stmcufinder\plugins\mcufinder//mcu/
2024-09-03 09:05:47,867 [WARN] DbFile:41 - Overriding database path with different value: C:\Users\Matheus Markies\.stmcufinder\plugins\mcufinder/ => C:\Users\Matheus Markies\.stmcufinder\plugins\mcufinder
2024-09-03 09:05:47,867 [INFO] DbMcusAds:125 - Set database path to: C:\Users\Matheus Markies\.stmcufinder\plugins\mcufinder//mcu/
2024-09-03 09:05:47,867 [WARN] DbFile:41 - Overriding database path with different value: C:\Users\Matheus Markies\.stmcufinder\plugins\mcufinder/ => C:\Users\Matheus Markies\.stmcufinder\plugins\mcufinder
2024-09-03 09:05:47,867 [WARN] DbFile:41 - Overriding database path with different value: C:\Users\Matheus Markies\.stmcufinder\plugins\mcufinder/ => C:\Users\Matheus Markies\.stmcufinder\plugins\mcufinder
2024-09-03 09:05:47,867 [INFO] CrossReferenceDbSqlite:203 - Set database path to: C:\Users\Matheus Markies\.stmcufinder\plugins\mcufinder//mcu/cs/
2024-09-03 09:05:47,988 [INFO] MainPanel:264 - HeapMemory: 268435456
2024-09-03 09:05:48,178 [INFO] DbMcusXml:78 - Set database path to: C:\ST\STM32CubeIDE_1.15.1\STM32CubeIDE\plugins\com.st.stm32cube.common.mx_6.11.1.202404110753\\db\/mcu/
2024-09-03 09:05:48,178 [INFO] ApiDb:274 - Set plugin database path to: C:\ST\STM32CubeIDE_1.15.1\STM32CubeIDE\plugins\com.st.stm32cube.common.mx_6.11.1.202404110753\\db\/plugins/boardmanager/
2024-09-03 09:05:48,178 [INFO] ApiDb:261 - Set plugin images path to: C:\ST\STM32CubeIDE_1.15.1\STM32CubeIDE\plugins\com.st.stm32cube.common.mx_6.11.1.202404110753\\db\/plugins/mcufinder/images/
2024-09-03 09:05:48,180 [WARN] DbFile:41 - Overriding database path with different value: C:\Users\Matheus Markies\.stmcufinder\plugins\mcufinder/ => C:\Users\Matheus Markies\.stmcufinder\plugins\mcufinder
2024-09-03 09:05:48,180 [INFO] ApiDb:250 - Set database path to: C:\Users\Matheus Markies\.stmcufinder\plugins\mcufinder//mcu/
2024-09-03 09:05:48,180 [WARN] DbFile:41 - Overriding database path with different value: C:\Users\Matheus Markies\.stmcufinder\plugins\mcufinder/ => C:\Users\Matheus Markies\.stmcufinder\plugins\mcufinder
2024-09-03 09:05:48,180 [INFO] DbMcusAds:125 - Set database path to: C:\Users\Matheus Markies\.stmcufinder\plugins\mcufinder//mcu/
2024-09-03 09:05:48,181 [WARN] DbFile:41 - Overriding database path with different value: C:\Users\Matheus Markies\.stmcufinder\plugins\mcufinder/ => C:\Users\Matheus Markies\.stmcufinder\plugins\mcufinder
2024-09-03 09:05:48,181 [WARN] DbFile:41 - Overriding database path with different value: C:\Users\Matheus Markies\.stmcufinder\plugins\mcufinder/ => C:\Users\Matheus Markies\.stmcufinder\plugins\mcufinder
2024-09-03 09:05:48,181 [INFO] CrossReferenceDbSqlite:203 - Set database path to: C:\Users\Matheus Markies\.stmcufinder\plugins\mcufinder//mcu/cs/
2024-09-03 09:05:48,208 [INFO] ApplicationProperties:184 - Using Application install path: C:\ST\STM32CubeIDE_1.15.1\STM32CubeIDE\plugins\com.st.stm32cube.common.mx_6.11.1.202404110753
2024-09-03 09:05:48,211 [INFO] PluginManage:196 - Search for loadable plugins [exclusion list=, ]
2024-09-03 09:05:48,213 [INFO] PluginManage:310 - Check plugin analytics
2024-09-03 09:05:48,516 [INFO] AnalyticsPlugin:253 - Accepted Software Licenses: 
2024-09-03 09:05:48,518 [INFO] AnalyticsPlugin:255 - Accepted CMSIS Pack Licenses: 
2024-09-03 09:05:48,518 [INFO] AnalyticsPlugin:257 - Accepted Firmware Licenses: FW.F4.1.28.0
2024-09-03 09:05:48,525 [INFO] PluginManage:359 - Loaded plugin analytics (category:tool,tabindex:-1)
2024-09-03 09:05:48,526 [INFO] PluginManage:310 - Check plugin cadmodel
2024-09-03 09:05:48,551 [INFO] CADModel:105 - Init CAD model plugin
2024-09-03 09:05:48,551 [INFO] PluginManage:359 - Loaded plugin cadmodel (category:power,tabindex:5)
2024-09-03 09:05:48,551 [INFO] PluginManage:310 - Check plugin clock
2024-09-03 09:05:48,583 [INFO] PluginManage:359 - Loaded plugin clock (category:base,tabindex:2)
2024-09-03 09:05:48,583 [INFO] PluginManage:310 - Check plugin ddr
2024-09-03 09:05:48,586 [INFO] PluginManage:359 - Loaded plugin ddr (category:tool,tabindex:6)
2024-09-03 09:05:48,587 [INFO] PluginManage:310 - Check plugin filemanager
2024-09-03 09:05:48,937 [INFO] PluginManage:359 - Loaded plugin filemanager (category:base,tabindex:10)
2024-09-03 09:05:48,938 [INFO] PluginManage:310 - Check plugin ipmanager
2024-09-03 09:05:48,951 [INFO] PluginManage:359 - Loaded plugin ipmanager (category:base,tabindex:5)
2024-09-03 09:05:48,952 [INFO] PluginManage:310 - Check plugin lpbam
2024-09-03 09:05:48,977 [INFO] PluginManage:359 - Loaded plugin lpbam (category:base,tabindex:0)
2024-09-03 09:05:48,977 [INFO] PluginManage:310 - Check plugin memorymap
2024-09-03 09:05:49,015 [INFO] PluginManage:359 - Loaded plugin memorymap (category:base,tabindex:4)
2024-09-03 09:05:49,015 [INFO] PluginManage:310 - Check plugin pinoutandconfiguration
2024-09-03 09:05:49,036 [INFO] PluginManage:359 - Loaded plugin pinoutandconfiguration (category:base,tabindex:1)
2024-09-03 09:05:49,037 [INFO] PluginManage:310 - Check plugin pinoutconfig
2024-09-03 09:05:49,166 [WARN] SupportedApi:132 - Cannot load RTOS API schema: s4s-elt-must-match.1: The content of 'definitions' must match (annotation?, (simpleType | complexType)?, (unique | key | keyref)*)). A problem was found starting at: attribute.
2024-09-03 09:05:49,373 [INFO] PluginManage:359 - Loaded plugin pinoutconfig (category:base,tabindex:0)
2024-09-03 09:05:49,373 [INFO] PluginManage:310 - Check plugin power
2024-09-03 09:05:49,419 [INFO] PluginManage:359 - Loaded plugin power (category:power,tabindex:4)
2024-09-03 09:05:49,419 [INFO] PluginManage:310 - Check plugin projectmanager
2024-09-03 09:05:49,441 [INFO] PluginManage:359 - Loaded plugin projectmanager (category:projectmanager,tabindex:3)
2024-09-03 09:05:49,441 [INFO] PluginManage:310 - Check plugin thirdparty
2024-09-03 09:05:49,917 [INFO] PluginManage:359 - Loaded plugin thirdparty (category:base,tabindex:-1)
2024-09-03 09:05:49,917 [WARN] IntegrityCheckThread:84 - waiting for thirdparty lock release [integrity check]
2024-09-03 09:05:49,917 [INFO] PluginManage:310 - Check plugin tools
2024-09-03 09:05:49,917 [INFO] IntegrityCheckThread:86 - entering critical section [integrity check]
2024-09-03 09:05:49,918 [INFO] ThirdPartyUpdaterWithRetryManager:70 - Updater plugin not ready yet. [1/15]
2024-09-03 09:05:49,961 [INFO] PluginManage:359 - Loaded plugin tools (category:base,tabindex:7)
2024-09-03 09:05:49,961 [INFO] PluginManage:310 - Check plugin tutovideos
2024-09-03 09:05:50,362 [INFO] PluginManage:359 - Loaded plugin tutovideos (category:base,tabindex:-1)
2024-09-03 09:05:50,362 [INFO] PluginManage:310 - Check plugin updater
2024-09-03 09:05:50,378 [INFO] PluginManage:359 - Loaded plugin updater (category:base,tabindex:12)
2024-09-03 09:05:50,379 [INFO] PluginManage:310 - Check plugin userauth
2024-09-03 09:05:50,393 [INFO] UserAuth:114 - Init User Auth plugin
2024-09-03 09:05:50,394 [INFO] PluginManage:359 - Loaded plugin userauth (category:base,tabindex:14)
2024-09-03 09:05:50,394 [INFO] PluginManage:283 - PluginManage : Loaded plugins [17]
2024-09-03 09:05:50,871 [INFO] PinOutPanel:1561 - setPackage(No Configuration,No Configuration)
2024-09-03 09:05:51,048 [INFO] CADModel:165 - CPN selected for project level
2024-09-03 09:05:51,048 [INFO] CADModel:114 - Register for checkConnection events
2024-09-03 09:05:51,094 [INFO] IPUIPlugin:80 - create IPUIPlugin
2024-09-03 09:05:51,094 [INFO] PluginManager:220 - loadIPPluginJar : add adc
2024-09-03 09:05:51,144 [INFO] IPUIPlugin:80 - create IPUIPlugin
2024-09-03 09:05:51,144 [INFO] PluginManager:220 - loadIPPluginJar : add aes
2024-09-03 09:05:51,208 [INFO] IPUIPlugin:80 - create IPUIPlugin
2024-09-03 09:05:51,209 [INFO] PluginManager:220 - loadIPPluginJar : add can
2024-09-03 09:05:51,241 [INFO] IPUIPlugin:80 - create IPUIPlugin
2024-09-03 09:05:51,241 [INFO] PluginManager:220 - loadIPPluginJar : add comp
2024-09-03 09:05:51,293 [INFO] IPUIPlugin:80 - create IPUIPlugin
2024-09-03 09:05:51,293 [INFO] PluginManager:220 - loadIPPluginJar : add cryp
2024-09-03 09:05:51,334 [INFO] IPUIPlugin:80 - create IPUIPlugin
2024-09-03 09:05:51,335 [INFO] PluginManager:220 - loadIPPluginJar : add dfsdm
2024-09-03 09:05:51,353 [INFO] IPUIPlugin:80 - create IPUIPlugin
2024-09-03 09:05:51,354 [INFO] PluginManager:220 - loadIPPluginJar : add dma
2024-09-03 09:05:51,425 [INFO] IPUIPlugin:80 - create IPUIPlugin
2024-09-03 09:05:51,425 [INFO] PluginManager:220 - loadIPPluginJar : add dma3
2024-09-03 09:05:51,490 [INFO] IPUIPlugin:80 - create IPUIPlugin
2024-09-03 09:05:51,490 [INFO] PluginManager:220 - loadIPPluginJar : add extmemmanager
2024-09-03 09:05:51,527 [INFO] IPUIPlugin:80 - create IPUIPlugin
2024-09-03 09:05:51,528 [INFO] PluginManager:220 - loadIPPluginJar : add fatfs
2024-09-03 09:05:51,599 [INFO] IPUIPlugin:80 - create IPUIPlugin
2024-09-03 09:05:51,599 [INFO] PluginManager:220 - loadIPPluginJar : add fmc
2024-09-03 09:05:51,620 [INFO] IPUIPlugin:80 - create IPUIPlugin
2024-09-03 09:05:51,620 [INFO] PluginManager:220 - loadIPPluginJar : add freertos
2024-09-03 09:05:51,651 [INFO] IPUIPlugin:80 - create IPUIPlugin
2024-09-03 09:05:51,654 [INFO] PluginManager:220 - loadIPPluginJar : add genericplugin
2024-09-03 09:05:51,822 [INFO] IPUIPlugin:80 - create IPUIPlugin
2024-09-03 09:05:51,822 [INFO] PluginManager:220 - loadIPPluginJar : add gfxmmu
2024-09-03 09:05:52,001 [INFO] IPUIPlugin:80 - create IPUIPlugin
2024-09-03 09:05:52,001 [INFO] PluginManager:220 - loadIPPluginJar : add gic
2024-09-03 09:05:52,018 [INFO] IPUIPlugin:80 - create IPUIPlugin
2024-09-03 09:05:52,018 [INFO] PluginManager:220 - loadIPPluginJar : add gpio
2024-09-03 09:05:52,143 [INFO] IPUIPlugin:80 - create IPUIPlugin
2024-09-03 09:05:52,143 [INFO] PluginManager:220 - loadIPPluginJar : add gtzc
2024-09-03 09:05:52,189 [INFO] IPUIPlugin:80 - create IPUIPlugin
2024-09-03 09:05:52,189 [INFO] PluginManager:220 - loadIPPluginJar : add hash
2024-09-03 09:05:52,257 [INFO] IPUIPlugin:80 - create IPUIPlugin
2024-09-03 09:05:52,258 [INFO] PluginManager:220 - loadIPPluginJar : add i2c
2024-09-03 09:05:52,311 [INFO] IPUIPlugin:80 - create IPUIPlugin
2024-09-03 09:05:52,312 [INFO] PluginManager:220 - loadIPPluginJar : add i2s
2024-09-03 09:05:52,368 [INFO] IPUIPlugin:80 - create IPUIPlugin
2024-09-03 09:05:52,369 [INFO] PluginManager:220 - loadIPPluginJar : add i3c
2024-09-03 09:05:52,545 [INFO] IPUIPlugin:80 - create IPUIPlugin
2024-09-03 09:05:52,545 [INFO] PluginManager:220 - loadIPPluginJar : add ipddr
2024-09-03 09:05:52,674 [INFO] IPUIPlugin:80 - create IPUIPlugin
2024-09-03 09:05:52,674 [INFO] PluginManager:220 - loadIPPluginJar : add linkedlist
2024-09-03 09:05:52,723 [INFO] IPUIPlugin:80 - create IPUIPlugin
2024-09-03 09:05:52,723 [INFO] PluginManager:220 - loadIPPluginJar : add lorawan
2024-09-03 09:05:52,770 [INFO] IPUIPlugin:80 - create IPUIPlugin
2024-09-03 09:05:52,770 [INFO] PluginManager:220 - loadIPPluginJar : add ltdc
2024-09-03 09:05:52,789 [INFO] IPUIPlugin:80 - create IPUIPlugin
2024-09-03 09:05:52,789 [INFO] PluginManager:220 - loadIPPluginJar : add mdma
2024-09-03 09:05:52,805 [INFO] IPUIPlugin:80 - create IPUIPlugin
2024-09-03 09:05:52,805 [INFO] PluginManager:220 - loadIPPluginJar : add nvic
2024-09-03 09:05:52,859 [INFO] IPUIPlugin:80 - create IPUIPlugin
2024-09-03 09:05:52,859 [INFO] PluginManager:220 - loadIPPluginJar : add opamp
2024-09-03 09:05:52,920 [INFO] ThirdPartyUpdaterWithRetryManager:70 - Updater plugin not ready yet. [2/15]
2024-09-03 09:05:52,951 [INFO] IPUIPlugin:80 - create IPUIPlugin
2024-09-03 09:05:52,951 [INFO] PluginManager:220 - loadIPPluginJar : add openamp
2024-09-03 09:05:53,012 [INFO] IPUIPlugin:80 - create IPUIPlugin
2024-09-03 09:05:53,012 [INFO] PluginManager:220 - loadIPPluginJar : add pdm2pcm
2024-09-03 09:05:53,032 [INFO] IPUIPlugin:80 - create IPUIPlugin
2024-09-03 09:05:53,034 [INFO] PluginManager:220 - loadIPPluginJar : add plateformsettings
2024-09-03 09:05:53,063 [INFO] IPUIPlugin:80 - create IPUIPlugin
2024-09-03 09:05:53,064 [INFO] PluginManager:220 - loadIPPluginJar : add quadspi
2024-09-03 09:05:53,081 [INFO] IPUIPlugin:80 - create IPUIPlugin
2024-09-03 09:05:53,081 [INFO] PluginManager:220 - loadIPPluginJar : add resmgrutility
2024-09-03 09:05:53,143 [INFO] IPUIPlugin:80 - create IPUIPlugin
2024-09-03 09:05:53,143 [INFO] PluginManager:220 - loadIPPluginJar : add sai
2024-09-03 09:05:53,194 [INFO] IPUIPlugin:80 - create IPUIPlugin
2024-09-03 09:05:53,194 [INFO] PluginManager:220 - loadIPPluginJar : add spi
2024-09-03 09:05:53,292 [INFO] IPUIPlugin:80 - create IPUIPlugin
2024-09-03 09:05:53,292 [INFO] PluginManager:220 - loadIPPluginJar : add stm32_wpan
2024-09-03 09:05:53,322 [INFO] IPUIPlugin:80 - create IPUIPlugin
2024-09-03 09:05:53,323 [INFO] PluginManager:220 - loadIPPluginJar : add tim
2024-09-03 09:05:53,407 [INFO] IPUIPlugin:80 - create IPUIPlugin
2024-09-03 09:05:53,407 [INFO] PluginManager:220 - loadIPPluginJar : add touchsensing
2024-09-03 09:05:53,438 [INFO] IPUIPlugin:80 - create IPUIPlugin
2024-09-03 09:05:53,439 [INFO] PluginManager:220 - loadIPPluginJar : add tracer_emb
2024-09-03 09:05:53,470 [INFO] IPUIPlugin:80 - create IPUIPlugin
2024-09-03 09:05:53,470 [INFO] PluginManager:220 - loadIPPluginJar : add ts
2024-09-03 09:05:53,506 [INFO] IPUIPlugin:80 - create IPUIPlugin
2024-09-03 09:05:53,506 [INFO] PluginManager:220 - loadIPPluginJar : add tsc
2024-09-03 09:05:53,567 [INFO] IPUIPlugin:80 - create IPUIPlugin
2024-09-03 09:05:53,567 [INFO] PluginManager:220 - loadIPPluginJar : add ucpd
2024-09-03 09:05:53,654 [INFO] IPUIPlugin:80 - create IPUIPlugin
2024-09-03 09:05:53,654 [INFO] PluginManager:220 - loadIPPluginJar : add usart
2024-09-03 09:05:53,740 [INFO] IPUIPlugin:80 - create IPUIPlugin
2024-09-03 09:05:53,740 [INFO] PluginManager:220 - loadIPPluginJar : add usbx
2024-09-03 09:05:54,146 [INFO] CADModel:165 - CPN selected for project level
2024-09-03 09:05:54,153 [INFO] CADModel:114 - Register for checkConnection events
2024-09-03 09:05:54,154 [FATAL] Updater:308 - Updater called before beeing initialized
2024-09-03 09:05:54,154 [ERROR] CADModel:125 - Updater not yet initialized, retry later 
2024-09-03 09:05:54,429 [INFO] CADModel:165 - CPN selected for project level
2024-09-03 09:05:54,429 [INFO] CADModel:114 - Register for checkConnection events
2024-09-03 09:05:54,429 [FATAL] Updater:308 - Updater called before beeing initialized
2024-09-03 09:05:54,430 [ERROR] CADModel:125 - Updater not yet initialized, retry later 
2024-09-03 09:05:54,437 [FATAL] Updater:308 - Updater called before beeing initialized
2024-09-03 09:05:54,725 [FATAL] Updater:308 - Updater called before beeing initialized
2024-09-03 09:05:54,740 [INFO] DbMcusAds:53 - JSON generation date=Thu May 16 06:22:01 BRT 2024 (1715851321109)
2024-09-03 09:05:54,740 [FATAL] Updater:308 - Updater called before beeing initialized
2024-09-03 09:05:54,866 [WARN] DetailPanel:346 - Failed to get advertising image, set to default
2024-09-03 09:05:54,997 [FATAL] Updater:308 - Updater called before beeing initialized
2024-09-03 09:05:55,001 [FATAL] Updater:308 - Updater called before beeing initialized
2024-09-03 09:05:55,001 [FATAL] Updater:308 - Updater called before beeing initialized
2024-09-03 09:05:55,001 [WARN] DetailPanel:346 - Failed to get advertising image, set to default
2024-09-03 09:05:55,002 [FATAL] Updater:308 - Updater called before beeing initialized
2024-09-03 09:05:55,103 [ERROR] Updater:1120 - MainUpdater not yet initialized. External WinMGr cannot be set.
2024-09-03 09:05:55,115 [INFO] Updater:1056 - Updater Version found : 6.11.1
2024-09-03 09:05:55,143 [INFO] ApplicationProperties:184 - Using Application install path: C:\ST\STM32CubeIDE_1.15.1\STM32CubeIDE\plugins\com.st.stm32cube.common.mx_6.11.1.202404110753
2024-09-03 09:05:55,921 [INFO] ThirdPartyUpdaterWithRetryManager:70 - Updater plugin not ready yet. [3/15]
2024-09-03 09:05:56,724 [ERROR] LogOutputStream:75 - [STDERR_REDIRECT] Sep 03, 2024 9:05:56 AM java.util.prefs.WindowsPreferences <init>
2024-09-03 09:05:56,727 [ERROR] LogOutputStream:75 - [STDERR_REDIRECT] WARNING: Could not open/create prefs root node Software\JavaSoft\Prefs at root 0xffffffff80000002. Windows RegCreateKeyEx(...) returned error code 5.
2024-09-03 09:05:56,727 [ERROR] LogOutputStream:75 - [STDERR_REDIRECT] 
2024-09-03 09:05:57,205 [INFO] MainUpdater:2873 - connection check result : 10
2024-09-03 09:05:57,206 [INFO] MainUpdater:290 - Updater Check For Update Now.
2024-09-03 09:05:57,206 [INFO] MicroXplorer:498 - Change Database Version : DB.6.0.111
2024-09-03 09:05:57,245 [INFO] McuFinderGlobals:63 - Set McuFinder mode to 2 (CubeIDE integrated)
2024-09-03 09:05:57,265 [INFO] UserAuth:415 - Internet connection configuration mode: 1
2024-09-03 09:05:57,327 [INFO] JxBrowserEngine:152 - Initiate JxBrowser Engine with user profile folder
2024-09-03 09:05:57,510 [INFO] CheckServerUpdateThread:120 - End of CheckServer Thread
2024-09-03 09:05:59,834 [WARN] PackLoader:240 - Cannot read IP mode file for STMicroelectronics.FP-SNS-MOTENVWB1.1.4.0
2024-09-03 09:05:59,857 [WARN] PackLoader:240 - Cannot read IP mode file for STMicroelectronics.X-CUBE-SMBUS.2.1.0
2024-09-03 09:05:59,874 [WARN] PackLoader:240 - Cannot read IP mode file for STMicroelectronics.X-CUBE-TOUCHGFX.4.23.2
2024-09-03 09:05:59,945 [WARN] PackLoader:240 - Cannot read IP mode file for STMicroelectronics.X-CUBE-AZRTOS-F7.1.1.0
2024-09-03 09:06:00,593 [WARN] PackLoader:240 - Cannot read IP mode file for STMicroelectronics.X-CUBE-MEMS1.11.0.0
2024-09-03 09:06:00,956 [WARN] PackLoader:240 - Cannot read IP mode file for STMicroelectronics.FP-SNS-FLIGHT1.5.0.2
2024-09-03 09:06:00,983 [WARN] PackLoader:240 - Cannot read IP mode file for STMicroelectronics.X-CUBE-DISPLAY.3.0.0
2024-09-03 09:06:01,034 [WARN] PackLoader:240 - Cannot read IP mode file for STMicroelectronics.X-CUBE-BLE1.7.0.0
2024-09-03 09:06:01,067 [WARN] PackLoader:240 - Cannot read IP mode file for emotas.I-CUBE-CANOPEN.1.3.0
2024-09-03 09:06:01,130 [WARN] PackLoader:240 - Cannot read IP mode file for STMicroelectronics.X-CUBE-BLEMGR.3.1.0
2024-09-03 09:06:01,191 [WARN] PackLoader:240 - Cannot read IP mode file for STMicroelectronics.FP-SNS-SMARTAG2.1.2.0
2024-09-03 09:06:01,258 [INFO] LogOutputStream:77 - [STDOUT_REDIRECT] 1 : Invalid condition id : UX_CORESTACK_Condition cause : null
2024-09-03 09:06:01,259 [INFO] LogOutputStream:77 - [STDOUT_REDIRECT] 1 : Invalid condition id : UX_CORESTACK_Condition cause : null
2024-09-03 09:06:01,261 [INFO] LogOutputStream:77 - [STDOUT_REDIRECT] 1 : Invalid condition id : UX_CORESTACK_Condition cause : null
2024-09-03 09:06:01,264 [INFO] LogOutputStream:77 - [STDOUT_REDIRECT] 1 : Invalid condition id : UX_CORESTACK_Condition cause : null
2024-09-03 09:06:01,266 [INFO] LogOutputStream:77 - [STDOUT_REDIRECT] 1 : Invalid condition id : UX_CORESTACK_Condition cause : null
2024-09-03 09:06:01,270 [WARN] PackLoader:240 - Cannot read IP mode file for STMicroelectronics.X-CUBE-AZRTOS-WL.2.0.0
2024-09-03 09:06:01,294 [WARN] PackLoader:240 - Cannot read IP mode file for STMicroelectronics.FP-SNS-MOTENV1.5.0.0
2024-09-03 09:06:01,324 [WARN] PackLoader:240 - Cannot read IP mode file for wolfSSL.I-CUBE-wolfMQTT.1.19.0
2024-09-03 09:06:01,353 [WARN] PackLoader:240 - Cannot read IP mode file for WES.I-CUBE-Cesium.1.3.0
2024-09-03 09:06:01,371 [WARN] PackLoader:240 - Cannot read IP mode file for STMicroelectronics.X-CUBE-BLE2.3.3.0
2024-09-03 09:06:01,392 [WARN] PackLoader:240 - Cannot read IP mode file for STMicroelectronics.X-CUBE-TCPP.4.1.0
2024-09-03 09:06:01,436 [WARN] PackLoader:240 - Cannot read IP mode file for STMicroelectronics.X-CUBE-AZRTOS-G0.1.1.0
2024-09-03 09:06:01,532 [WARN] PackLoader:240 - Cannot read IP mode file for STMicroelectronics.X-CUBE-SAFEA1.1.2.2
2024-09-03 09:06:01,549 [WARN] PackLoader:240 - Cannot read IP mode file for STMicroelectronics.X-CUBE-NFC4.3.0.0
2024-09-03 09:06:01,562 [WARN] PackLoader:240 - Cannot read IP mode file for wolfSSL.I-CUBE-wolfMQTT.1.18.0
2024-09-03 09:06:01,632 [WARN] PackLoader:240 - Cannot read IP mode file for EmbeddedOffice.I-CUBE-FS-RTOS.1.0.1
2024-09-03 09:06:01,632 [ERROR] ConditionMgr:805 - Attr not supported : Dmpu
2024-09-03 09:06:01,633 [ERROR] ConditionMgr:805 - Attr not supported : Dmpu
2024-09-03 09:06:01,633 [ERROR] ConditionMgr:805 - Attr not supported : Dmpu
2024-09-03 09:06:01,633 [ERROR] ConditionMgr:805 - Attr not supported : Dmpu
2024-09-03 09:06:01,633 [ERROR] ConditionMgr:805 - Attr not supported : Dmpu
2024-09-03 09:06:01,633 [ERROR] ConditionMgr:805 - Attr not supported : Dmpu
2024-09-03 09:06:01,633 [ERROR] ConditionMgr:805 - Attr not supported : Dmpu
2024-09-03 09:06:01,633 [ERROR] ConditionMgr:805 - Attr not supported : Dmpu
2024-09-03 09:06:01,633 [ERROR] ConditionMgr:805 - Attr not supported : Dmpu
2024-09-03 09:06:01,633 [ERROR] ConditionMgr:805 - Attr not supported : Dmpu
2024-09-03 09:06:01,633 [ERROR] ConditionMgr:805 - Attr not supported : Dmpu
2024-09-03 09:06:01,633 [ERROR] ConditionMgr:805 - Attr not supported : Dmpu
2024-09-03 09:06:01,634 [ERROR] ConditionMgr:805 - Attr not supported : Dmpu
2024-09-03 09:06:01,634 [ERROR] ConditionMgr:805 - Attr not supported : Dmpu
2024-09-03 09:06:01,634 [ERROR] ConditionMgr:805 - Attr not supported : Dmpu
2024-09-03 09:06:01,634 [ERROR] ConditionMgr:805 - Attr not supported : Dmpu
2024-09-03 09:06:01,634 [ERROR] ConditionMgr:805 - Attr not supported : Dmpu
2024-09-03 09:06:01,635 [ERROR] ConditionMgr:805 - Attr not supported : Dmpu
2024-09-03 09:06:01,635 [ERROR] ConditionMgr:805 - Attr not supported : Dmpu
2024-09-03 09:06:01,635 [ERROR] ConditionMgr:805 - Attr not supported : Dmpu
2024-09-03 09:06:01,635 [ERROR] ConditionMgr:805 - Attr not supported : Dmpu
2024-09-03 09:06:01,635 [ERROR] ConditionMgr:805 - Attr not supported : Dmpu
2024-09-03 09:06:01,635 [ERROR] ConditionMgr:805 - Attr not supported : Dmpu
2024-09-03 09:06:01,635 [ERROR] ConditionMgr:805 - Attr not supported : Dmpu
2024-09-03 09:06:01,635 [ERROR] ConditionMgr:805 - Attr not supported : Dmpu
2024-09-03 09:06:01,637 [ERROR] ConditionMgr:805 - Attr not supported : Dmpu
2024-09-03 09:06:01,638 [ERROR] ConditionMgr:805 - Attr not supported : Dmpu
2024-09-03 09:06:01,641 [ERROR] ConditionMgr:805 - Attr not supported : Dmpu
2024-09-03 09:06:01,641 [ERROR] ConditionMgr:805 - Attr not supported : Dmpu
2024-09-03 09:06:01,641 [ERROR] ConditionMgr:805 - Attr not supported : Dmpu
2024-09-03 09:06:01,641 [ERROR] ConditionMgr:805 - Attr not supported : Dmpu
2024-09-03 09:06:01,641 [ERROR] ConditionMgr:805 - Attr not supported : Dmpu
2024-09-03 09:06:01,641 [ERROR] ConditionMgr:805 - Attr not supported : Dmpu
2024-09-03 09:06:01,641 [ERROR] ConditionMgr:805 - Attr not supported : Dmpu
2024-09-03 09:06:01,642 [ERROR] ConditionMgr:805 - Attr not supported : Dmpu
2024-09-03 09:06:01,642 [ERROR] ConditionMgr:805 - Attr not supported : Dmpu
2024-09-03 09:06:01,642 [ERROR] ConditionMgr:805 - Attr not supported : Dmpu
2024-09-03 09:06:01,645 [ERROR] ConditionMgr:805 - Attr not supported : Dmpu
2024-09-03 09:06:01,645 [ERROR] ConditionMgr:805 - Attr not supported : Dmpu
2024-09-03 09:06:01,645 [ERROR] ConditionMgr:805 - Attr not supported : Dmpu
2024-09-03 09:06:01,645 [ERROR] ConditionMgr:805 - Attr not supported : Dmpu
2024-09-03 09:06:01,645 [ERROR] ConditionMgr:805 - Attr not supported : Dmpu
2024-09-03 09:06:01,646 [ERROR] ConditionMgr:805 - Attr not supported : Dmpu
2024-09-03 09:06:01,646 [ERROR] ConditionMgr:805 - Attr not supported : Dmpu
2024-09-03 09:06:01,646 [ERROR] ConditionMgr:805 - Attr not supported : Dmpu
2024-09-03 09:06:01,646 [ERROR] ConditionMgr:805 - Attr not supported : Dmpu
2024-09-03 09:06:01,646 [ERROR] ConditionMgr:805 - Attr not supported : Dmpu
2024-09-03 09:06:01,646 [ERROR] ConditionMgr:805 - Attr not supported : Dmpu
2024-09-03 09:06:01,647 [ERROR] ConditionMgr:805 - Attr not supported : Dmpu
2024-09-03 09:06:01,647 [ERROR] ConditionMgr:805 - Attr not supported : Dmpu
2024-09-03 09:06:01,647 [ERROR] ConditionMgr:805 - Attr not supported : Dmpu
2024-09-03 09:06:01,647 [ERROR] ConditionMgr:805 - Attr not supported : Dmpu
2024-09-03 09:06:01,647 [ERROR] ConditionMgr:805 - Attr not supported : Dmpu
2024-09-03 09:06:01,647 [ERROR] ConditionMgr:805 - Attr not supported : Dmpu
2024-09-03 09:06:01,647 [ERROR] ConditionMgr:805 - Attr not supported : Dmpu
2024-09-03 09:06:01,647 [ERROR] ConditionMgr:805 - Attr not supported : Dmpu
2024-09-03 09:06:01,647 [ERROR] ConditionMgr:805 - Attr not supported : Dmpu
2024-09-03 09:06:01,647 [ERROR] ConditionMgr:805 - Attr not supported : Dmpu
2024-09-03 09:06:01,648 [ERROR] ConditionMgr:805 - Attr not supported : Dmpu
2024-09-03 09:06:01,648 [ERROR] ConditionMgr:805 - Attr not supported : Dmpu
2024-09-03 09:06:01,648 [ERROR] ConditionMgr:805 - Attr not supported : Dmpu
2024-09-03 09:06:01,648 [ERROR] ConditionMgr:805 - Attr not supported : Dmpu
2024-09-03 09:06:01,648 [ERROR] ConditionMgr:805 - Attr not supported : Dmpu
2024-09-03 09:06:01,648 [ERROR] ConditionMgr:805 - Attr not supported : Dmpu
2024-09-03 09:06:01,688 [WARN] PackLoader:240 - Cannot read IP mode file for RealThread.X-CUBE-RT-Thread_Nano.4.1.1
2024-09-03 09:06:01,726 [WARN] PackLoader:240 - Cannot read IP mode file for wolfSSL.I-CUBE-wolfSSL.5.7.0
2024-09-03 09:06:01,741 [WARN] PackLoader:240 - Cannot read IP mode file for STMicroelectronics.FP-ATR-SIGFOX1.3.2.0
2024-09-03 09:06:01,763 [WARN] PackLoader:240 - Cannot read IP mode file for STMicroelectronics.X-CUBE-EEPRMA1.5.1.0
2024-09-03 09:06:01,784 [WARN] PackLoader:240 - Cannot read IP mode file for ITTIA_DB.I-CUBE-ITTIADB.8.9.0
2024-09-03 09:06:01,852 [WARN] PackLoader:240 - Cannot read IP mode file for SEGGER.I-CUBE-embOS.1.3.1
2024-09-03 09:06:01,917 [WARN] PackLoader:240 - Cannot read IP mode file for STMicroelectronics.X-CUBE-ALGOBUILD.1.4.0
2024-09-03 09:06:01,969 [WARN] PackLoader:240 - Cannot read IP mode file for STMicroelectronics.X-CUBE-GNSS1.6.0.0
2024-09-03 09:06:02,021 [WARN] PackLoader:240 - Cannot read IP mode file for STMicroelectronics.X-CUBE-AZRTOS-F4.1.1.0
2024-09-03 09:06:02,041 [WARN] PackLoader:240 - Cannot read IP mode file for STMicroelectronics.X-CUBE-FREERTOS.1.2.0
2024-09-03 09:06:02,080 [WARN] PackLoader:240 - Cannot read IP mode file for STMicroelectronics.X-CUBE-AZRTOS-L5.2.0.0
2024-09-03 09:06:02,105 [WARN] PackLoader:240 - Cannot read IP mode file for STMicroelectronics.X-CUBE-NFC6.3.1.0
2024-09-03 09:06:02,126 [WARN] PackLoader:240 - Cannot read IP mode file for STMicroelectronics.X-CUBE-DPower.1.2.0
2024-09-03 09:06:02,143 [WARN] PackLoader:240 - Cannot read IP mode file for STMicroelectronics.X-CUBE-AI.9.0.0
2024-09-03 09:06:02,180 [WARN] PackLoader:240 - Cannot read IP mode file for STMicroelectronics.X-CUBE-NFC7.1.0.1
2024-09-03 09:06:02,198 [WARN] PackLoader:240 - Cannot read IP mode file for wolfSSL.I-CUBE-wolfTPM.3.2.0
2024-09-03 09:06:02,242 [WARN] ConditionMgr:438 - getConditionDescription Invalid condition id : LAN8742 Phy interface Condition cause : null
2024-09-03 09:06:02,244 [WARN] PackLoader:240 - Cannot read IP mode file for STMicroelectronics.X-CUBE-AZRTOS-L4.2.0.0
2024-09-03 09:06:02,245 [WARN] ConditionMgr:1039 - genDependencies : Invalid condition id : LAN8742 Phy interface Condition cause : null
2024-09-03 09:06:02,245 [WARN] ConditionMgr:1039 - genDependencies : Invalid condition id : LAN8742 Phy interface Condition cause : null
2024-09-03 09:06:02,246 [WARN] ConditionMgr:1039 - genDependencies : Invalid condition id : LAN8742 Phy interface Condition cause : null
2024-09-03 09:06:02,278 [WARN] PackLoader:240 - Cannot read IP mode file for STMicroelectronics.X-CUBE-SFXS2LP1.4.0.0
2024-09-03 09:06:02,318 [WARN] PackLoader:240 - Cannot read IP mode file for STMicroelectronics.X-CUBE-AZRTOS-H7.3.3.0
2024-09-03 09:06:02,354 [WARN] ConditionMgr:438 - getConditionDescription Invalid condition id : UX DEVICE CLASS RTOS Condition cause : null
2024-09-03 09:06:02,354 [WARN] ConditionMgr:438 - getConditionDescription Invalid condition id : UX DEVICE CLASS RTOS Condition cause : null
2024-09-03 09:06:02,357 [WARN] PackLoader:240 - Cannot read IP mode file for STMicroelectronics.X-CUBE-AZRTOS-WB.2.0.0
2024-09-03 09:06:02,358 [WARN] ConditionMgr:1039 - genDependencies : Invalid condition id : UX DEVICE CLASS RTOS Condition cause : null
2024-09-03 09:06:02,358 [WARN] ConditionMgr:1039 - genDependencies : Invalid condition id : UX DEVICE CLASS RTOS Condition cause : null
2024-09-03 09:06:02,358 [WARN] ConditionMgr:1039 - genDependencies : Invalid condition id : UX DEVICE CLASS RTOS Condition cause : null
2024-09-03 09:06:02,361 [WARN] ConditionMgr:1039 - genDependencies : Invalid condition id : UX DEVICE CLASS RTOS Condition cause : null
2024-09-03 09:06:02,361 [WARN] ConditionMgr:1039 - genDependencies : Invalid condition id : UX DEVICE CLASS RTOS Condition cause : null
2024-09-03 09:06:02,385 [WARN] PackLoader:240 - Cannot read IP mode file for STMicroelectronics.FP-SNS-STBOX1.2.0.0
2024-09-03 09:06:02,416 [WARN] PackLoader:240 - Cannot read IP mode file for STMicroelectronics.X-CUBE-SUBG2.5.0.0
2024-09-03 09:06:02,671 [WARN] PackLoader:240 - Cannot read IP mode file for STMicroelectronics.X-CUBE-AZRTOS-G4.2.0.0
2024-09-03 09:06:02,688 [WARN] PackLoader:240 - Cannot read IP mode file for STMicroelectronics.X-CUBE-ISPU.2.0.0
2024-09-03 09:06:02,703 [WARN] PackLoader:240 - Cannot read IP mode file for STMicroelectronics.X-CUBE-ALS.1.0.2
2024-09-03 09:06:02,787 [WARN] PackLoader:240 - Cannot read IP mode file for STMicroelectronics.X-CUBE-MEMS1.10.0.0
2024-09-03 09:06:03,166 [WARN] PackLoader:240 - Cannot read IP mode file for STMicroelectronics.X-CUBE-TOUCHGFX.4.24.0
2024-09-03 09:06:03,191 [WARN] PackLoader:240 - Cannot read IP mode file for portGmbH.I-Cube-SoM-uGOAL.1.1.0
2024-09-03 09:06:03,220 [WARN] PackLoader:240 - Cannot read IP mode file for STMicroelectronics.X-CUBE-ALS.1.0.1
2024-09-03 09:06:03,288 [WARN] PackLoader:240 - Cannot read IP mode file for STMicroelectronics.X-CUBE-AZRTOS-H7RS.1.0.0
2024-09-03 09:06:03,335 [WARN] PackLoader:240 - Cannot read IP mode file for STMicroelectronics.FP-ATR-ASTRA1.2.0.0
2024-09-03 09:06:03,373 [WARN] PackLoader:240 - Cannot read IP mode file for STMicroelectronics.X-CUBE-TOF1.3.4.2
2024-09-03 09:06:03,427 [WARN] PackLoader:240 - Cannot read IP mode file for STMicroelectronics.X-CUBE-TOF1.3.4.1
2024-09-03 09:06:03,676 [WARN] PackLoader:240 - Cannot read IP mode file for STMicroelectronics.X-CUBE-AZRTOS-H7.3.2.0
2024-09-03 09:06:03,739 [WARN] PackLoader:240 - Cannot read IP mode file for Infineon.AIROC-Wi-Fi-Bluetooth-STM32.1.6.0
2024-09-03 09:06:03,775 [WARN] PackLoader:240 - Cannot read IP mode file for wolfSSL.I-CUBE-wolfSSH.1.4.17
2024-09-03 09:06:03,775 [INFO] ThirdParty:978 - Integrity check success = true
2024-09-03 09:06:03,775 [INFO] IntegrityCheckThread:100 - exiting critical section [integrity check]
2024-09-03 09:06:03,776 [INFO] IntegrityCheckThread:103 - End integrity checks thread
2024-09-03 09:06:08,705 [INFO] WebApp:161 - Instantiating new browser for Auth
2024-09-03 09:06:10,168 [INFO] WebApp:779 - Register for checkConnection events
2024-09-03 09:06:10,168 [INFO] WebApp:414 - Apply proxy settings
2024-09-03 09:06:10,168 [INFO] WebApp:499 - Chromium requires no authentication
2024-09-03 09:06:10,184 [INFO] WebApp:442 - Direct internet connection detected
2024-09-03 09:06:10,535 [INFO] WebApp:192 - Starting web application
2024-09-03 09:06:10,536 [INFO] WebApp:544 - Web application path used C:\ST\STM32CubeIDE_1.15.1\STM32CubeIDE\plugins\com.st.stm32cube.common.mx_6.11.1.202404110753\db\plugins\mcufinder\reactClient1\index.html
2024-09-03 09:14:20,684 [INFO] Activator:176 - 


2024-09-03 09:14:20,688 [INFO] Activator:177 - !SESSION log4j initialized
2024-09-03 09:14:27,660 [INFO] LogOutputStream:77 - [STDOUT_REDIRECT] 
2024-09-03 09:14:30,316 [INFO] ApplicationProperties:184 - Using Application install path: C:\ST\STM32CubeIDE_1.15.1\STM32CubeIDE\plugins\com.st.stm32cube.common.mx_6.11.1.202404110753
2024-09-03 09:14:30,338 [INFO] DbMcusXml:78 - Set database path to: C:\ST\STM32CubeIDE_1.15.1\STM32CubeIDE\plugins\com.st.stm32cube.common.mx_6.11.1.202404110753\\db\/mcu/
2024-09-03 09:14:30,338 [INFO] ApiDb:274 - Set plugin database path to: C:\ST\STM32CubeIDE_1.15.1\STM32CubeIDE\plugins\com.st.stm32cube.common.mx_6.11.1.202404110753\\db\/plugins/boardmanager/
2024-09-03 09:14:30,338 [WARN] ApiDb:259 - Overriding images path with different value:  => C:\ST\STM32CubeIDE_1.15.1\STM32CubeIDE\plugins\com.st.stm32cube.common.mx_6.11.1.202404110753\\db\/plugins/mcufinder/images/
2024-09-03 09:14:30,347 [INFO] ApiDb:250 - Set database path to: C:\Users\Matheus Markies\.stmcufinder\plugins\mcufinder//mcu/
2024-09-03 09:14:30,349 [INFO] DbMcusAds:125 - Set database path to: C:\Users\Matheus Markies\.stmcufinder\plugins\mcufinder//mcu/
2024-09-03 09:14:30,352 [INFO] CrossReferenceDbSqlite:203 - Set database path to: C:\Users\Matheus Markies\.stmcufinder\plugins\mcufinder//mcu/cs/
2024-09-03 09:14:30,498 [INFO] RulesReader:64 - Compatibility file has been processed (297 Rules)
2024-09-03 09:14:30,610 [INFO] DbMcusXml:78 - Set database path to: C:\ST\STM32CubeIDE_1.15.1\STM32CubeIDE\plugins\com.st.stm32cube.common.mx_6.11.1.202404110753\\db\/mcu/
2024-09-03 09:14:30,611 [INFO] ApiDb:274 - Set plugin database path to: C:\ST\STM32CubeIDE_1.15.1\STM32CubeIDE\plugins\com.st.stm32cube.common.mx_6.11.1.202404110753\\db\/plugins/boardmanager/
2024-09-03 09:14:30,611 [INFO] ApiDb:261 - Set plugin images path to: C:\ST\STM32CubeIDE_1.15.1\STM32CubeIDE\plugins\com.st.stm32cube.common.mx_6.11.1.202404110753\\db\/plugins/mcufinder/images/
2024-09-03 09:14:30,611 [WARN] DbFile:41 - Overriding database path with different value: C:\Users\Matheus Markies\.stmcufinder\plugins\mcufinder/ => C:\Users\Matheus Markies\.stmcufinder\plugins\mcufinder
2024-09-03 09:14:30,611 [INFO] ApiDb:250 - Set database path to: C:\Users\Matheus Markies\.stmcufinder\plugins\mcufinder//mcu/
2024-09-03 09:14:30,611 [WARN] DbFile:41 - Overriding database path with different value: C:\Users\Matheus Markies\.stmcufinder\plugins\mcufinder/ => C:\Users\Matheus Markies\.stmcufinder\plugins\mcufinder
2024-09-03 09:14:30,612 [INFO] DbMcusAds:125 - Set database path to: C:\Users\Matheus Markies\.stmcufinder\plugins\mcufinder//mcu/
2024-09-03 09:14:30,612 [WARN] DbFile:41 - Overriding database path with different value: C:\Users\Matheus Markies\.stmcufinder\plugins\mcufinder/ => C:\Users\Matheus Markies\.stmcufinder\plugins\mcufinder
2024-09-03 09:14:30,612 [WARN] DbFile:41 - Overriding database path with different value: C:\Users\Matheus Markies\.stmcufinder\plugins\mcufinder/ => C:\Users\Matheus Markies\.stmcufinder\plugins\mcufinder
2024-09-03 09:14:30,612 [INFO] CrossReferenceDbSqlite:203 - Set database path to: C:\Users\Matheus Markies\.stmcufinder\plugins\mcufinder//mcu/cs/
2024-09-03 09:14:30,783 [INFO] MainPanel:264 - HeapMemory: 268435456
2024-09-03 09:14:30,878 [INFO] DbMcusXml:78 - Set database path to: C:\ST\STM32CubeIDE_1.15.1\STM32CubeIDE\plugins\com.st.stm32cube.common.mx_6.11.1.202404110753\\db\/mcu/
2024-09-03 09:14:30,878 [INFO] ApiDb:274 - Set plugin database path to: C:\ST\STM32CubeIDE_1.15.1\STM32CubeIDE\plugins\com.st.stm32cube.common.mx_6.11.1.202404110753\\db\/plugins/boardmanager/
2024-09-03 09:14:30,878 [INFO] ApiDb:261 - Set plugin images path to: C:\ST\STM32CubeIDE_1.15.1\STM32CubeIDE\plugins\com.st.stm32cube.common.mx_6.11.1.202404110753\\db\/plugins/mcufinder/images/
2024-09-03 09:14:30,878 [WARN] DbFile:41 - Overriding database path with different value: C:\Users\Matheus Markies\.stmcufinder\plugins\mcufinder/ => C:\Users\Matheus Markies\.stmcufinder\plugins\mcufinder
2024-09-03 09:14:30,879 [INFO] ApiDb:250 - Set database path to: C:\Users\Matheus Markies\.stmcufinder\plugins\mcufinder//mcu/
2024-09-03 09:14:30,879 [WARN] DbFile:41 - Overriding database path with different value: C:\Users\Matheus Markies\.stmcufinder\plugins\mcufinder/ => C:\Users\Matheus Markies\.stmcufinder\plugins\mcufinder
2024-09-03 09:14:30,879 [INFO] DbMcusAds:125 - Set database path to: C:\Users\Matheus Markies\.stmcufinder\plugins\mcufinder//mcu/
2024-09-03 09:14:30,879 [WARN] DbFile:41 - Overriding database path with different value: C:\Users\Matheus Markies\.stmcufinder\plugins\mcufinder/ => C:\Users\Matheus Markies\.stmcufinder\plugins\mcufinder
2024-09-03 09:14:30,879 [WARN] DbFile:41 - Overriding database path with different value: C:\Users\Matheus Markies\.stmcufinder\plugins\mcufinder/ => C:\Users\Matheus Markies\.stmcufinder\plugins\mcufinder
2024-09-03 09:14:30,879 [INFO] CrossReferenceDbSqlite:203 - Set database path to: C:\Users\Matheus Markies\.stmcufinder\plugins\mcufinder//mcu/cs/
2024-09-03 09:14:30,911 [INFO] ApplicationProperties:184 - Using Application install path: C:\ST\STM32CubeIDE_1.15.1\STM32CubeIDE\plugins\com.st.stm32cube.common.mx_6.11.1.202404110753
2024-09-03 09:14:30,913 [INFO] PluginManage:196 - Search for loadable plugins [exclusion list=, ]
2024-09-03 09:14:30,914 [INFO] PluginManage:310 - Check plugin analytics
2024-09-03 09:14:31,229 [INFO] AnalyticsPlugin:253 - Accepted Software Licenses: 
2024-09-03 09:14:31,229 [INFO] AnalyticsPlugin:255 - Accepted CMSIS Pack Licenses: 
2024-09-03 09:14:31,229 [INFO] AnalyticsPlugin:257 - Accepted Firmware Licenses: FW.F4.1.28.0
2024-09-03 09:14:31,234 [INFO] PluginManage:359 - Loaded plugin analytics (category:tool,tabindex:-1)
2024-09-03 09:14:31,235 [INFO] PluginManage:310 - Check plugin cadmodel
2024-09-03 09:14:31,241 [INFO] CADModel:105 - Init CAD model plugin
2024-09-03 09:14:31,241 [INFO] PluginManage:359 - Loaded plugin cadmodel (category:power,tabindex:5)
2024-09-03 09:14:31,241 [INFO] PluginManage:310 - Check plugin clock
2024-09-03 09:14:31,252 [INFO] PluginManage:359 - Loaded plugin clock (category:base,tabindex:2)
2024-09-03 09:14:31,252 [INFO] PluginManage:310 - Check plugin ddr
2024-09-03 09:14:31,256 [INFO] PluginManage:359 - Loaded plugin ddr (category:tool,tabindex:6)
2024-09-03 09:14:31,256 [INFO] PluginManage:310 - Check plugin filemanager
2024-09-03 09:14:31,410 [INFO] PluginManage:359 - Loaded plugin filemanager (category:base,tabindex:10)
2024-09-03 09:14:31,411 [INFO] PluginManage:310 - Check plugin ipmanager
2024-09-03 09:14:31,424 [INFO] PluginManage:359 - Loaded plugin ipmanager (category:base,tabindex:5)
2024-09-03 09:14:31,425 [INFO] PluginManage:310 - Check plugin lpbam
2024-09-03 09:14:31,435 [INFO] PluginManage:359 - Loaded plugin lpbam (category:base,tabindex:0)
2024-09-03 09:14:31,436 [INFO] PluginManage:310 - Check plugin memorymap
2024-09-03 09:14:31,454 [INFO] PluginManage:359 - Loaded plugin memorymap (category:base,tabindex:4)
2024-09-03 09:14:31,454 [INFO] PluginManage:310 - Check plugin pinoutandconfiguration
2024-09-03 09:14:31,464 [INFO] PluginManage:359 - Loaded plugin pinoutandconfiguration (category:base,tabindex:1)
2024-09-03 09:14:31,464 [INFO] PluginManage:310 - Check plugin pinoutconfig
2024-09-03 09:14:31,594 [WARN] SupportedApi:132 - Cannot load RTOS API schema: s4s-elt-must-match.1: The content of 'definitions' must match (annotation?, (simpleType | complexType)?, (unique | key | keyref)*)). A problem was found starting at: attribute.
2024-09-03 09:14:31,786 [INFO] PluginManage:359 - Loaded plugin pinoutconfig (category:base,tabindex:0)
2024-09-03 09:14:31,786 [INFO] PluginManage:310 - Check plugin power
2024-09-03 09:14:31,800 [INFO] PluginManage:359 - Loaded plugin power (category:power,tabindex:4)
2024-09-03 09:14:31,800 [INFO] PluginManage:310 - Check plugin projectmanager
2024-09-03 09:14:31,828 [INFO] PluginManage:359 - Loaded plugin projectmanager (category:projectmanager,tabindex:3)
2024-09-03 09:14:31,828 [INFO] PluginManage:310 - Check plugin thirdparty
2024-09-03 09:14:32,057 [WARN] IntegrityCheckThread:84 - waiting for thirdparty lock release [integrity check]
2024-09-03 09:14:32,057 [INFO] IntegrityCheckThread:86 - entering critical section [integrity check]
2024-09-03 09:14:32,058 [INFO] PluginManage:359 - Loaded plugin thirdparty (category:base,tabindex:-1)
2024-09-03 09:14:32,058 [INFO] ThirdPartyUpdaterWithRetryManager:70 - Updater plugin not ready yet. [1/15]
2024-09-03 09:14:32,058 [INFO] PluginManage:310 - Check plugin tools
2024-09-03 09:14:32,061 [INFO] PluginManage:359 - Loaded plugin tools (category:base,tabindex:7)
2024-09-03 09:14:32,061 [INFO] PluginManage:310 - Check plugin tutovideos
2024-09-03 09:14:32,269 [INFO] PluginManage:359 - Loaded plugin tutovideos (category:base,tabindex:-1)
2024-09-03 09:14:32,269 [INFO] PluginManage:310 - Check plugin updater
2024-09-03 09:14:32,283 [INFO] PluginManage:359 - Loaded plugin updater (category:base,tabindex:12)
2024-09-03 09:14:32,283 [INFO] PluginManage:310 - Check plugin userauth
2024-09-03 09:14:32,289 [INFO] UserAuth:114 - Init User Auth plugin
2024-09-03 09:14:32,289 [INFO] PluginManage:359 - Loaded plugin userauth (category:base,tabindex:14)
2024-09-03 09:14:32,290 [INFO] PluginManage:283 - PluginManage : Loaded plugins [17]
2024-09-03 09:14:32,580 [INFO] PinOutPanel:1561 - setPackage(No Configuration,No Configuration)
2024-09-03 09:14:32,699 [INFO] CADModel:165 - CPN selected for project level
2024-09-03 09:14:32,699 [INFO] CADModel:114 - Register for checkConnection events
2024-09-03 09:14:32,719 [INFO] IPUIPlugin:80 - create IPUIPlugin
2024-09-03 09:14:32,720 [INFO] PluginManager:220 - loadIPPluginJar : add adc
2024-09-03 09:14:32,724 [INFO] IPUIPlugin:80 - create IPUIPlugin
2024-09-03 09:14:32,725 [INFO] PluginManager:220 - loadIPPluginJar : add aes
2024-09-03 09:14:32,729 [INFO] IPUIPlugin:80 - create IPUIPlugin
2024-09-03 09:14:32,729 [INFO] PluginManager:220 - loadIPPluginJar : add can
2024-09-03 09:14:32,731 [INFO] IPUIPlugin:80 - create IPUIPlugin
2024-09-03 09:14:32,731 [INFO] PluginManager:220 - loadIPPluginJar : add comp
2024-09-03 09:14:32,734 [INFO] IPUIPlugin:80 - create IPUIPlugin
2024-09-03 09:14:32,735 [INFO] PluginManager:220 - loadIPPluginJar : add cryp
2024-09-03 09:14:32,738 [INFO] IPUIPlugin:80 - create IPUIPlugin
2024-09-03 09:14:32,739 [INFO] PluginManager:220 - loadIPPluginJar : add dfsdm
2024-09-03 09:14:32,745 [INFO] IPUIPlugin:80 - create IPUIPlugin
2024-09-03 09:14:32,746 [INFO] PluginManager:220 - loadIPPluginJar : add dma
2024-09-03 09:14:32,748 [INFO] IPUIPlugin:80 - create IPUIPlugin
2024-09-03 09:14:32,749 [INFO] PluginManager:220 - loadIPPluginJar : add dma3
2024-09-03 09:14:32,752 [INFO] IPUIPlugin:80 - create IPUIPlugin
2024-09-03 09:14:32,753 [INFO] PluginManager:220 - loadIPPluginJar : add extmemmanager
2024-09-03 09:14:32,755 [INFO] IPUIPlugin:80 - create IPUIPlugin
2024-09-03 09:14:32,755 [INFO] PluginManager:220 - loadIPPluginJar : add fatfs
2024-09-03 09:14:32,762 [INFO] IPUIPlugin:80 - create IPUIPlugin
2024-09-03 09:14:32,762 [INFO] PluginManager:220 - loadIPPluginJar : add fmc
2024-09-03 09:14:32,768 [INFO] IPUIPlugin:80 - create IPUIPlugin
2024-09-03 09:14:32,768 [INFO] PluginManager:220 - loadIPPluginJar : add freertos
2024-09-03 09:14:32,770 [INFO] IPUIPlugin:80 - create IPUIPlugin
2024-09-03 09:14:32,770 [INFO] PluginManager:220 - loadIPPluginJar : add genericplugin
2024-09-03 09:14:32,774 [INFO] IPUIPlugin:80 - create IPUIPlugin
2024-09-03 09:14:32,774 [INFO] PluginManager:220 - loadIPPluginJar : add gfxmmu
2024-09-03 09:14:32,779 [INFO] IPUIPlugin:80 - create IPUIPlugin
2024-09-03 09:14:32,779 [INFO] PluginManager:220 - loadIPPluginJar : add gic
2024-09-03 09:14:32,784 [INFO] IPUIPlugin:80 - create IPUIPlugin
2024-09-03 09:14:32,784 [INFO] PluginManager:220 - loadIPPluginJar : add gpio
2024-09-03 09:14:32,788 [INFO] IPUIPlugin:80 - create IPUIPlugin
2024-09-03 09:14:32,788 [INFO] PluginManager:220 - loadIPPluginJar : add gtzc
2024-09-03 09:14:32,792 [INFO] IPUIPlugin:80 - create IPUIPlugin
2024-09-03 09:14:32,792 [INFO] PluginManager:220 - loadIPPluginJar : add hash
2024-09-03 09:14:32,795 [INFO] IPUIPlugin:80 - create IPUIPlugin
2024-09-03 09:14:32,795 [INFO] PluginManager:220 - loadIPPluginJar : add i2c
2024-09-03 09:14:32,798 [INFO] IPUIPlugin:80 - create IPUIPlugin
2024-09-03 09:14:32,799 [INFO] PluginManager:220 - loadIPPluginJar : add i2s
2024-09-03 09:14:32,802 [INFO] IPUIPlugin:80 - create IPUIPlugin
2024-09-03 09:14:32,803 [INFO] PluginManager:220 - loadIPPluginJar : add i3c
2024-09-03 09:14:32,808 [INFO] IPUIPlugin:80 - create IPUIPlugin
2024-09-03 09:14:32,809 [INFO] PluginManager:220 - loadIPPluginJar : add ipddr
2024-09-03 09:14:32,817 [INFO] IPUIPlugin:80 - create IPUIPlugin
2024-09-03 09:14:32,817 [INFO] PluginManager:220 - loadIPPluginJar : add linkedlist
2024-09-03 09:14:32,822 [INFO] IPUIPlugin:80 - create IPUIPlugin
2024-09-03 09:14:32,822 [INFO] PluginManager:220 - loadIPPluginJar : add lorawan
2024-09-03 09:14:32,825 [INFO] IPUIPlugin:80 - create IPUIPlugin
2024-09-03 09:14:32,825 [INFO] PluginManager:220 - loadIPPluginJar : add ltdc
2024-09-03 09:14:32,831 [INFO] IPUIPlugin:80 - create IPUIPlugin
2024-09-03 09:14:32,832 [INFO] PluginManager:220 - loadIPPluginJar : add mdma
2024-09-03 09:14:32,836 [INFO] IPUIPlugin:80 - create IPUIPlugin
2024-09-03 09:14:32,836 [INFO] PluginManager:220 - loadIPPluginJar : add nvic
2024-09-03 09:14:32,841 [INFO] IPUIPlugin:80 - create IPUIPlugin
2024-09-03 09:14:32,841 [INFO] PluginManager:220 - loadIPPluginJar : add opamp
2024-09-03 09:14:32,845 [INFO] IPUIPlugin:80 - create IPUIPlugin
2024-09-03 09:14:32,845 [INFO] PluginManager:220 - loadIPPluginJar : add openamp
2024-09-03 09:14:32,850 [INFO] IPUIPlugin:80 - create IPUIPlugin
2024-09-03 09:14:32,850 [INFO] PluginManager:220 - loadIPPluginJar : add pdm2pcm
2024-09-03 09:14:32,857 [INFO] IPUIPlugin:80 - create IPUIPlugin
2024-09-03 09:14:32,860 [INFO] PluginManager:220 - loadIPPluginJar : add plateformsettings
2024-09-03 09:14:32,862 [INFO] IPUIPlugin:80 - create IPUIPlugin
2024-09-03 09:14:32,863 [INFO] PluginManager:220 - loadIPPluginJar : add quadspi
2024-09-03 09:14:32,866 [INFO] IPUIPlugin:80 - create IPUIPlugin
2024-09-03 09:14:32,867 [INFO] PluginManager:220 - loadIPPluginJar : add resmgrutility
2024-09-03 09:14:32,871 [INFO] IPUIPlugin:80 - create IPUIPlugin
2024-09-03 09:14:32,871 [INFO] PluginManager:220 - loadIPPluginJar : add sai
2024-09-03 09:14:32,874 [INFO] IPUIPlugin:80 - create IPUIPlugin
2024-09-03 09:14:32,875 [INFO] PluginManager:220 - loadIPPluginJar : add spi
2024-09-03 09:14:32,881 [INFO] IPUIPlugin:80 - create IPUIPlugin
2024-09-03 09:14:32,881 [INFO] PluginManager:220 - loadIPPluginJar : add stm32_wpan
2024-09-03 09:14:32,884 [INFO] IPUIPlugin:80 - create IPUIPlugin
2024-09-03 09:14:32,884 [INFO] PluginManager:220 - loadIPPluginJar : add tim
2024-09-03 09:14:32,890 [INFO] IPUIPlugin:80 - create IPUIPlugin
2024-09-03 09:14:32,890 [INFO] PluginManager:220 - loadIPPluginJar : add touchsensing
2024-09-03 09:14:32,894 [INFO] IPUIPlugin:80 - create IPUIPlugin
2024-09-03 09:14:32,895 [INFO] PluginManager:220 - loadIPPluginJar : add tracer_emb
2024-09-03 09:14:32,897 [INFO] IPUIPlugin:80 - create IPUIPlugin
2024-09-03 09:14:32,897 [INFO] PluginManager:220 - loadIPPluginJar : add ts
2024-09-03 09:14:32,900 [INFO] IPUIPlugin:80 - create IPUIPlugin
2024-09-03 09:14:32,900 [INFO] PluginManager:220 - loadIPPluginJar : add tsc
2024-09-03 09:14:32,903 [INFO] IPUIPlugin:80 - create IPUIPlugin
2024-09-03 09:14:32,905 [INFO] PluginManager:220 - loadIPPluginJar : add ucpd
2024-09-03 09:14:32,913 [INFO] IPUIPlugin:80 - create IPUIPlugin
2024-09-03 09:14:32,914 [INFO] PluginManager:220 - loadIPPluginJar : add usart
2024-09-03 09:14:32,918 [INFO] IPUIPlugin:80 - create IPUIPlugin
2024-09-03 09:14:32,918 [INFO] PluginManager:220 - loadIPPluginJar : add usbx
2024-09-03 09:14:33,074 [INFO] CADModel:165 - CPN selected for project level
2024-09-03 09:14:33,074 [INFO] CADModel:114 - Register for checkConnection events
2024-09-03 09:14:33,074 [FATAL] Updater:308 - Updater called before beeing initialized
2024-09-03 09:14:33,074 [ERROR] CADModel:125 - Updater not yet initialized, retry later 
2024-09-03 09:14:33,275 [INFO] CADModel:165 - CPN selected for project level
2024-09-03 09:14:33,275 [INFO] CADModel:114 - Register for checkConnection events
2024-09-03 09:14:33,275 [FATAL] Updater:308 - Updater called before beeing initialized
2024-09-03 09:14:33,276 [ERROR] CADModel:125 - Updater not yet initialized, retry later 
2024-09-03 09:14:33,279 [FATAL] Updater:308 - Updater called before beeing initialized
2024-09-03 09:14:33,663 [FATAL] Updater:308 - Updater called before beeing initialized
2024-09-03 09:14:33,668 [INFO] DbMcusAds:53 - JSON generation date=Thu May 16 06:22:01 BRT 2024 (1715851321109)
2024-09-03 09:14:33,668 [FATAL] Updater:308 - Updater called before beeing initialized
2024-09-03 09:14:33,762 [WARN] DetailPanel:346 - Failed to get advertising image, set to default
2024-09-03 09:14:33,964 [FATAL] Updater:308 - Updater called before beeing initialized
2024-09-03 09:14:33,966 [FATAL] Updater:308 - Updater called before beeing initialized
2024-09-03 09:14:33,966 [FATAL] Updater:308 - Updater called before beeing initialized
2024-09-03 09:14:33,966 [WARN] DetailPanel:346 - Failed to get advertising image, set to default
2024-09-03 09:14:33,967 [FATAL] Updater:308 - Updater called before beeing initialized
2024-09-03 09:14:34,041 [ERROR] Updater:1120 - MainUpdater not yet initialized. External WinMGr cannot be set.
2024-09-03 09:14:34,044 [INFO] Updater:1056 - Updater Version found : 6.11.1
2024-09-03 09:14:34,063 [INFO] ApplicationProperties:184 - Using Application install path: C:\ST\STM32CubeIDE_1.15.1\STM32CubeIDE\plugins\com.st.stm32cube.common.mx_6.11.1.202404110753
2024-09-03 09:14:35,059 [INFO] ThirdPartyUpdaterWithRetryManager:70 - Updater plugin not ready yet. [2/15]
2024-09-03 09:14:35,644 [ERROR] LogOutputStream:75 - [STDERR_REDIRECT] Sep 03, 2024 9:14:35 AM java.util.prefs.WindowsPreferences <init>
2024-09-03 09:14:35,647 [ERROR] LogOutputStream:75 - [STDERR_REDIRECT] WARNING: Could not open/create prefs root node Software\JavaSoft\Prefs at root 0xffffffff80000002. Windows RegCreateKeyEx(...) returned error code 5.
2024-09-03 09:14:35,647 [ERROR] LogOutputStream:75 - [STDERR_REDIRECT] 
2024-09-03 09:14:36,264 [INFO] MainUpdater:2873 - connection check result : 10
2024-09-03 09:14:36,265 [INFO] MainUpdater:290 - Updater Check For Update Now.
2024-09-03 09:14:36,266 [INFO] MicroXplorer:498 - Change Database Version : DB.6.0.111
2024-09-03 09:14:36,275 [INFO] McuFinderGlobals:63 - Set McuFinder mode to 2 (CubeIDE integrated)
2024-09-03 09:14:36,286 [INFO] UserAuth:415 - Internet connection configuration mode: 1
2024-09-03 09:14:36,314 [INFO] JxBrowserEngine:152 - Initiate JxBrowser Engine with user profile folder
2024-09-03 09:14:36,814 [INFO] CheckServerUpdateThread:120 - End of CheckServer Thread
2024-09-03 09:14:37,396 [INFO] WebApp:161 - Instantiating new browser for Auth
2024-09-03 09:14:38,125 [INFO] WebApp:779 - Register for checkConnection events
2024-09-03 09:14:38,125 [INFO] WebApp:414 - Apply proxy settings
2024-09-03 09:14:38,126 [INFO] WebApp:499 - Chromium requires no authentication
2024-09-03 09:14:38,135 [INFO] WebApp:442 - Direct internet connection detected
2024-09-03 09:14:38,428 [INFO] WebApp:192 - Starting web application
2024-09-03 09:14:38,428 [INFO] WebApp:544 - Web application path used C:\ST\STM32CubeIDE_1.15.1\STM32CubeIDE\plugins\com.st.stm32cube.common.mx_6.11.1.202404110753\db\plugins\mcufinder\reactClient1\index.html
2024-09-03 09:14:38,509 [WARN] PackLoader:240 - Cannot read IP mode file for STMicroelectronics.FP-SNS-MOTENVWB1.1.4.0
2024-09-03 09:14:38,523 [WARN] PackLoader:240 - Cannot read IP mode file for STMicroelectronics.X-CUBE-SMBUS.2.1.0
2024-09-03 09:14:38,530 [WARN] PackLoader:240 - Cannot read IP mode file for STMicroelectronics.X-CUBE-TOUCHGFX.4.23.2
2024-09-03 09:14:38,608 [WARN] PackLoader:240 - Cannot read IP mode file for STMicroelectronics.X-CUBE-AZRTOS-F7.1.1.0
2024-09-03 09:14:38,762 [WARN] PackLoader:240 - Cannot read IP mode file for STMicroelectronics.X-CUBE-MEMS1.11.0.0
2024-09-03 09:14:39,193 [WARN] PackLoader:240 - Cannot read IP mode file for STMicroelectronics.FP-SNS-FLIGHT1.5.0.2
2024-09-03 09:14:39,207 [WARN] PackLoader:240 - Cannot read IP mode file for STMicroelectronics.X-CUBE-DISPLAY.3.0.0
2024-09-03 09:14:39,225 [WARN] PackLoader:240 - Cannot read IP mode file for STMicroelectronics.X-CUBE-BLE1.7.0.0
2024-09-03 09:14:39,234 [WARN] PackLoader:240 - Cannot read IP mode file for emotas.I-CUBE-CANOPEN.1.3.0
2024-09-03 09:14:39,255 [WARN] PackLoader:240 - Cannot read IP mode file for STMicroelectronics.X-CUBE-BLEMGR.3.1.0
2024-09-03 09:14:39,264 [WARN] PackLoader:240 - Cannot read IP mode file for STMicroelectronics.FP-SNS-SMARTAG2.1.2.0
2024-09-03 09:14:39,280 [INFO] LogOutputStream:77 - [STDOUT_REDIRECT] 1 : Invalid condition id : UX_CORESTACK_Condition cause : null
2024-09-03 09:14:39,282 [INFO] LogOutputStream:77 - [STDOUT_REDIRECT] 1 : Invalid condition id : UX_CORESTACK_Condition cause : null
2024-09-03 09:14:39,307 [INFO] LogOutputStream:77 - [STDOUT_REDIRECT] 1 : Invalid condition id : UX_CORESTACK_Condition cause : null
2024-09-03 09:14:39,309 [INFO] LogOutputStream:77 - [STDOUT_REDIRECT] 1 : Invalid condition id : UX_CORESTACK_Condition cause : null
2024-09-03 09:14:39,311 [INFO] LogOutputStream:77 - [STDOUT_REDIRECT] 1 : Invalid condition id : UX_CORESTACK_Condition cause : null
2024-09-03 09:14:39,322 [WARN] PackLoader:240 - Cannot read IP mode file for STMicroelectronics.X-CUBE-AZRTOS-WL.2.0.0
2024-09-03 09:14:39,356 [WARN] PackLoader:240 - Cannot read IP mode file for STMicroelectronics.FP-SNS-MOTENV1.5.0.0
2024-09-03 09:14:39,367 [WARN] PackLoader:240 - Cannot read IP mode file for wolfSSL.I-CUBE-wolfMQTT.1.19.0
2024-09-03 09:14:39,392 [WARN] PackLoader:240 - Cannot read IP mode file for WES.I-CUBE-Cesium.1.3.0
2024-09-03 09:14:39,401 [WARN] PackLoader:240 - Cannot read IP mode file for STMicroelectronics.X-CUBE-BLE2.3.3.0
2024-09-03 09:14:39,410 [WARN] PackLoader:240 - Cannot read IP mode file for STMicroelectronics.X-CUBE-TCPP.4.1.0
2024-09-03 09:14:39,440 [WARN] PackLoader:240 - Cannot read IP mode file for STMicroelectronics.X-CUBE-AZRTOS-G0.1.1.0
2024-09-03 09:14:39,458 [WARN] PackLoader:240 - Cannot read IP mode file for STMicroelectronics.X-CUBE-SAFEA1.1.2.2
2024-09-03 09:14:39,468 [WARN] PackLoader:240 - Cannot read IP mode file for STMicroelectronics.X-CUBE-NFC4.3.0.0
2024-09-03 09:14:39,476 [WARN] PackLoader:240 - Cannot read IP mode file for wolfSSL.I-CUBE-wolfMQTT.1.18.0
2024-09-03 09:14:39,527 [WARN] PackLoader:240 - Cannot read IP mode file for EmbeddedOffice.I-CUBE-FS-RTOS.1.0.1
2024-09-03 09:14:39,528 [ERROR] ConditionMgr:805 - Attr not supported : Dmpu
2024-09-03 09:14:39,528 [ERROR] ConditionMgr:805 - Attr not supported : Dmpu
2024-09-03 09:14:39,528 [ERROR] ConditionMgr:805 - Attr not supported : Dmpu
2024-09-03 09:14:39,528 [ERROR] ConditionMgr:805 - Attr not supported : Dmpu
2024-09-03 09:14:39,528 [ERROR] ConditionMgr:805 - Attr not supported : Dmpu
2024-09-03 09:14:39,528 [ERROR] ConditionMgr:805 - Attr not supported : Dmpu
2024-09-03 09:14:39,528 [ERROR] ConditionMgr:805 - Attr not supported : Dmpu
2024-09-03 09:14:39,528 [ERROR] ConditionMgr:805 - Attr not supported : Dmpu
2024-09-03 09:14:39,528 [ERROR] ConditionMgr:805 - Attr not supported : Dmpu
2024-09-03 09:14:39,528 [ERROR] ConditionMgr:805 - Attr not supported : Dmpu
2024-09-03 09:14:39,529 [ERROR] ConditionMgr:805 - Attr not supported : Dmpu
2024-09-03 09:14:39,529 [ERROR] ConditionMgr:805 - Attr not supported : Dmpu
2024-09-03 09:14:39,530 [ERROR] ConditionMgr:805 - Attr not supported : Dmpu
2024-09-03 09:14:39,530 [ERROR] ConditionMgr:805 - Attr not supported : Dmpu
2024-09-03 09:14:39,530 [ERROR] ConditionMgr:805 - Attr not supported : Dmpu
2024-09-03 09:14:39,530 [ERROR] ConditionMgr:805 - Attr not supported : Dmpu
2024-09-03 09:14:39,530 [ERROR] ConditionMgr:805 - Attr not supported : Dmpu
2024-09-03 09:14:39,530 [ERROR] ConditionMgr:805 - Attr not supported : Dmpu
2024-09-03 09:14:39,530 [ERROR] ConditionMgr:805 - Attr not supported : Dmpu
2024-09-03 09:14:39,531 [ERROR] ConditionMgr:805 - Attr not supported : Dmpu
2024-09-03 09:14:39,532 [ERROR] ConditionMgr:805 - Attr not supported : Dmpu
2024-09-03 09:14:39,532 [ERROR] ConditionMgr:805 - Attr not supported : Dmpu
2024-09-03 09:14:39,532 [ERROR] ConditionMgr:805 - Attr not supported : Dmpu
2024-09-03 09:14:39,532 [ERROR] ConditionMgr:805 - Attr not supported : Dmpu
2024-09-03 09:14:39,532 [ERROR] ConditionMgr:805 - Attr not supported : Dmpu
2024-09-03 09:14:39,532 [ERROR] ConditionMgr:805 - Attr not supported : Dmpu
2024-09-03 09:14:39,533 [ERROR] ConditionMgr:805 - Attr not supported : Dmpu
2024-09-03 09:14:39,533 [ERROR] ConditionMgr:805 - Attr not supported : Dmpu
2024-09-03 09:14:39,533 [ERROR] ConditionMgr:805 - Attr not supported : Dmpu
2024-09-03 09:14:39,533 [ERROR] ConditionMgr:805 - Attr not supported : Dmpu
2024-09-03 09:14:39,536 [ERROR] ConditionMgr:805 - Attr not supported : Dmpu
2024-09-03 09:14:39,539 [ERROR] ConditionMgr:805 - Attr not supported : Dmpu
2024-09-03 09:14:39,540 [ERROR] ConditionMgr:805 - Attr not supported : Dmpu
2024-09-03 09:14:39,540 [ERROR] ConditionMgr:805 - Attr not supported : Dmpu
2024-09-03 09:14:39,540 [ERROR] ConditionMgr:805 - Attr not supported : Dmpu
2024-09-03 09:14:39,540 [ERROR] ConditionMgr:805 - Attr not supported : Dmpu
2024-09-03 09:14:39,540 [ERROR] ConditionMgr:805 - Attr not supported : Dmpu
2024-09-03 09:14:39,540 [ERROR] ConditionMgr:805 - Attr not supported : Dmpu
2024-09-03 09:14:39,540 [ERROR] ConditionMgr:805 - Attr not supported : Dmpu
2024-09-03 09:14:39,541 [ERROR] ConditionMgr:805 - Attr not supported : Dmpu
2024-09-03 09:14:39,541 [ERROR] ConditionMgr:805 - Attr not supported : Dmpu
2024-09-03 09:14:39,541 [ERROR] ConditionMgr:805 - Attr not supported : Dmpu
2024-09-03 09:14:39,541 [ERROR] ConditionMgr:805 - Attr not supported : Dmpu
2024-09-03 09:14:39,542 [ERROR] ConditionMgr:805 - Attr not supported : Dmpu
2024-09-03 09:14:39,542 [ERROR] ConditionMgr:805 - Attr not supported : Dmpu
2024-09-03 09:14:39,542 [ERROR] ConditionMgr:805 - Attr not supported : Dmpu
2024-09-03 09:14:39,542 [ERROR] ConditionMgr:805 - Attr not supported : Dmpu
2024-09-03 09:14:39,542 [ERROR] ConditionMgr:805 - Attr not supported : Dmpu
2024-09-03 09:14:39,542 [ERROR] ConditionMgr:805 - Attr not supported : Dmpu
2024-09-03 09:14:39,542 [ERROR] ConditionMgr:805 - Attr not supported : Dmpu
2024-09-03 09:14:39,542 [ERROR] ConditionMgr:805 - Attr not supported : Dmpu
2024-09-03 09:14:39,542 [ERROR] ConditionMgr:805 - Attr not supported : Dmpu
2024-09-03 09:14:39,542 [ERROR] ConditionMgr:805 - Attr not supported : Dmpu
2024-09-03 09:14:39,543 [ERROR] ConditionMgr:805 - Attr not supported : Dmpu
2024-09-03 09:14:39,543 [ERROR] ConditionMgr:805 - Attr not supported : Dmpu
2024-09-03 09:14:39,543 [ERROR] ConditionMgr:805 - Attr not supported : Dmpu
2024-09-03 09:14:39,543 [ERROR] ConditionMgr:805 - Attr not supported : Dmpu
2024-09-03 09:14:39,544 [ERROR] ConditionMgr:805 - Attr not supported : Dmpu
2024-09-03 09:14:39,544 [ERROR] ConditionMgr:805 - Attr not supported : Dmpu
2024-09-03 09:14:39,544 [ERROR] ConditionMgr:805 - Attr not supported : Dmpu
2024-09-03 09:14:39,544 [ERROR] ConditionMgr:805 - Attr not supported : Dmpu
2024-09-03 09:14:39,544 [ERROR] ConditionMgr:805 - Attr not supported : Dmpu
2024-09-03 09:14:39,544 [ERROR] ConditionMgr:805 - Attr not supported : Dmpu
2024-09-03 09:14:39,544 [ERROR] ConditionMgr:805 - Attr not supported : Dmpu
2024-09-03 09:14:39,552 [WARN] PackLoader:240 - Cannot read IP mode file for RealThread.X-CUBE-RT-Thread_Nano.4.1.1
2024-09-03 09:14:39,560 [WARN] PackLoader:240 - Cannot read IP mode file for wolfSSL.I-CUBE-wolfSSL.5.7.0
2024-09-03 09:14:39,733 [WARN] PackLoader:240 - Cannot read IP mode file for STMicroelectronics.FP-ATR-SIGFOX1.3.2.0
2024-09-03 09:14:39,792 [WARN] PackLoader:240 - Cannot read IP mode file for STMicroelectronics.X-CUBE-EEPRMA1.5.1.0
2024-09-03 09:14:39,809 [WARN] PackLoader:240 - Cannot read IP mode file for ITTIA_DB.I-CUBE-ITTIADB.8.9.0
2024-09-03 09:14:39,974 [WARN] PackLoader:240 - Cannot read IP mode file for SEGGER.I-CUBE-embOS.1.3.1
2024-09-03 09:14:40,078 [WARN] PackLoader:240 - Cannot read IP mode file for STMicroelectronics.X-CUBE-ALGOBUILD.1.4.0
2024-09-03 09:14:40,108 [WARN] PackLoader:240 - Cannot read IP mode file for STMicroelectronics.X-CUBE-GNSS1.6.0.0
2024-09-03 09:14:40,130 [WARN] PackLoader:240 - Cannot read IP mode file for STMicroelectronics.X-CUBE-AZRTOS-F4.1.1.0
2024-09-03 09:14:40,141 [WARN] PackLoader:240 - Cannot read IP mode file for STMicroelectronics.X-CUBE-FREERTOS.1.2.0
2024-09-03 09:14:40,166 [WARN] PackLoader:240 - Cannot read IP mode file for STMicroelectronics.X-CUBE-AZRTOS-L5.2.0.0
2024-09-03 09:14:40,181 [WARN] PackLoader:240 - Cannot read IP mode file for STMicroelectronics.X-CUBE-NFC6.3.1.0
2024-09-03 09:14:40,199 [WARN] PackLoader:240 - Cannot read IP mode file for STMicroelectronics.X-CUBE-DPower.1.2.0
2024-09-03 09:14:40,210 [WARN] PackLoader:240 - Cannot read IP mode file for STMicroelectronics.X-CUBE-AI.9.0.0
2024-09-03 09:14:40,224 [WARN] PackLoader:240 - Cannot read IP mode file for STMicroelectronics.X-CUBE-NFC7.1.0.1
2024-09-03 09:14:40,232 [WARN] PackLoader:240 - Cannot read IP mode file for wolfSSL.I-CUBE-wolfTPM.3.2.0
2024-09-03 09:14:40,258 [WARN] ConditionMgr:438 - getConditionDescription Invalid condition id : LAN8742 Phy interface Condition cause : null
2024-09-03 09:14:40,258 [WARN] PackLoader:240 - Cannot read IP mode file for STMicroelectronics.X-CUBE-AZRTOS-L4.2.0.0
2024-09-03 09:14:40,260 [WARN] ConditionMgr:1039 - genDependencies : Invalid condition id : LAN8742 Phy interface Condition cause : null
2024-09-03 09:14:40,260 [WARN] ConditionMgr:1039 - genDependencies : Invalid condition id : LAN8742 Phy interface Condition cause : null
2024-09-03 09:14:40,261 [WARN] ConditionMgr:1039 - genDependencies : Invalid condition id : LAN8742 Phy interface Condition cause : null
2024-09-03 09:14:40,274 [WARN] PackLoader:240 - Cannot read IP mode file for STMicroelectronics.X-CUBE-SFXS2LP1.4.0.0
2024-09-03 09:14:40,326 [WARN] PackLoader:240 - Cannot read IP mode file for STMicroelectronics.X-CUBE-AZRTOS-H7.3.3.0
2024-09-03 09:14:40,356 [WARN] ConditionMgr:438 - getConditionDescription Invalid condition id : UX DEVICE CLASS RTOS Condition cause : null
2024-09-03 09:14:40,356 [WARN] ConditionMgr:438 - getConditionDescription Invalid condition id : UX DEVICE CLASS RTOS Condition cause : null
2024-09-03 09:14:40,360 [WARN] PackLoader:240 - Cannot read IP mode file for STMicroelectronics.X-CUBE-AZRTOS-WB.2.0.0
2024-09-03 09:14:40,362 [WARN] ConditionMgr:1039 - genDependencies : Invalid condition id : UX DEVICE CLASS RTOS Condition cause : null
2024-09-03 09:14:40,362 [WARN] ConditionMgr:1039 - genDependencies : Invalid condition id : UX DEVICE CLASS RTOS Condition cause : null
2024-09-03 09:14:40,362 [WARN] ConditionMgr:1039 - genDependencies : Invalid condition id : UX DEVICE CLASS RTOS Condition cause : null
2024-09-03 09:14:40,363 [WARN] ConditionMgr:1039 - genDependencies : Invalid condition id : UX DEVICE CLASS RTOS Condition cause : null
2024-09-03 09:14:40,363 [WARN] ConditionMgr:1039 - genDependencies : Invalid condition id : UX DEVICE CLASS RTOS Condition cause : null
2024-09-03 09:14:40,374 [WARN] PackLoader:240 - Cannot read IP mode file for STMicroelectronics.FP-SNS-STBOX1.2.0.0
2024-09-03 09:14:40,394 [WARN] PackLoader:240 - Cannot read IP mode file for STMicroelectronics.X-CUBE-SUBG2.5.0.0
2024-09-03 09:14:40,431 [WARN] PackLoader:240 - Cannot read IP mode file for STMicroelectronics.X-CUBE-AZRTOS-G4.2.0.0
2024-09-03 09:14:40,460 [WARN] PackLoader:240 - Cannot read IP mode file for STMicroelectronics.X-CUBE-ISPU.2.0.0
2024-09-03 09:14:40,477 [WARN] PackLoader:240 - Cannot read IP mode file for STMicroelectronics.X-CUBE-ALS.1.0.2
2024-09-03 09:14:40,557 [WARN] PackLoader:240 - Cannot read IP mode file for STMicroelectronics.X-CUBE-MEMS1.10.0.0
2024-09-03 09:14:40,942 [WARN] PackLoader:240 - Cannot read IP mode file for STMicroelectronics.X-CUBE-TOUCHGFX.4.24.0
2024-09-03 09:14:40,951 [WARN] PackLoader:240 - Cannot read IP mode file for portGmbH.I-Cube-SoM-uGOAL.1.1.0
2024-09-03 09:14:40,959 [WARN] PackLoader:240 - Cannot read IP mode file for STMicroelectronics.X-CUBE-ALS.1.0.1
2024-09-03 09:14:41,035 [WARN] PackLoader:240 - Cannot read IP mode file for STMicroelectronics.X-CUBE-AZRTOS-H7RS.1.0.0
2024-09-03 09:14:41,043 [WARN] PackLoader:240 - Cannot read IP mode file for STMicroelectronics.FP-ATR-ASTRA1.2.0.0
2024-09-03 09:14:41,066 [WARN] PackLoader:240 - Cannot read IP mode file for STMicroelectronics.X-CUBE-TOF1.3.4.2
2024-09-03 09:14:41,107 [WARN] PackLoader:240 - Cannot read IP mode file for STMicroelectronics.X-CUBE-TOF1.3.4.1
2024-09-03 09:14:41,157 [WARN] PackLoader:240 - Cannot read IP mode file for STMicroelectronics.X-CUBE-AZRTOS-H7.3.2.0
2024-09-03 09:14:41,175 [WARN] PackLoader:240 - Cannot read IP mode file for Infineon.AIROC-Wi-Fi-Bluetooth-STM32.1.6.0
2024-09-03 09:14:41,183 [WARN] PackLoader:240 - Cannot read IP mode file for wolfSSL.I-CUBE-wolfSSH.1.4.17
2024-09-03 09:14:41,184 [INFO] ThirdParty:978 - Integrity check success = true
2024-09-03 09:14:41,184 [INFO] IntegrityCheckThread:100 - exiting critical section [integrity check]
2024-09-03 09:14:41,184 [INFO] IntegrityCheckThread:103 - End integrity checks thread
2024-09-03 09:29:01,538 [ERROR] LogOutputStream:75 - [STDERR_REDIRECT] 
