2024-08-02 07:55:05,686 [INFO] Activator:176 - 


2024-08-02 07:55:05,694 [INFO] Activator:177 - !SESSION log4j initialized
2024-08-02 07:55:14,725 [INFO] LogOutputStream:77 - [STDOUT_REDIRECT] 
2024-08-02 07:55:18,612 [INFO] ApplicationProperties:184 - Using Application install path: C:\ST\STM32CubeIDE_1.15.1\STM32CubeIDE\plugins\com.st.stm32cube.common.mx_6.11.1.202404110753
2024-08-02 07:55:18,638 [INFO] DbMcusXml:78 - Set database path to: C:\ST\STM32CubeIDE_1.15.1\STM32CubeIDE\plugins\com.st.stm32cube.common.mx_6.11.1.202404110753\\db\/mcu/
2024-08-02 07:55:18,638 [INFO] ApiDb:274 - Set plugin database path to: C:\ST\STM32CubeIDE_1.15.1\STM32CubeIDE\plugins\com.st.stm32cube.common.mx_6.11.1.202404110753\\db\/plugins/boardmanager/
2024-08-02 07:55:18,638 [WARN] ApiDb:259 - Overriding images path with different value:  => C:\ST\STM32CubeIDE_1.15.1\STM32CubeIDE\plugins\com.st.stm32cube.common.mx_6.11.1.202404110753\\db\/plugins/mcufinder/images/
2024-08-02 07:55:18,651 [INFO] ApiDb:250 - Set database path to: C:\Users\Matheus Markies\.stmcufinder\plugins\mcufinder//mcu/
2024-08-02 07:55:18,652 [INFO] DbMcusAds:125 - Set database path to: C:\Users\Matheus Markies\.stmcufinder\plugins\mcufinder//mcu/
2024-08-02 07:55:18,654 [INFO] CrossReferenceDbSqlite:203 - Set database path to: C:\Users\Matheus Markies\.stmcufinder\plugins\mcufinder//mcu/cs/
2024-08-02 07:55:18,878 [INFO] RulesReader:64 - Compatibility file has been processed (297 Rules)
2024-08-02 07:55:19,027 [INFO] DbMcusXml:78 - Set database path to: C:\ST\STM32CubeIDE_1.15.1\STM32CubeIDE\plugins\com.st.stm32cube.common.mx_6.11.1.202404110753\\db\/mcu/
2024-08-02 07:55:19,028 [INFO] ApiDb:274 - Set plugin database path to: C:\ST\STM32CubeIDE_1.15.1\STM32CubeIDE\plugins\com.st.stm32cube.common.mx_6.11.1.202404110753\\db\/plugins/boardmanager/
2024-08-02 07:55:19,028 [INFO] ApiDb:261 - Set plugin images path to: C:\ST\STM32CubeIDE_1.15.1\STM32CubeIDE\plugins\com.st.stm32cube.common.mx_6.11.1.202404110753\\db\/plugins/mcufinder/images/
2024-08-02 07:55:19,028 [WARN] DbFile:41 - Overriding database path with different value: C:\Users\Matheus Markies\.stmcufinder\plugins\mcufinder/ => C:\Users\Matheus Markies\.stmcufinder\plugins\mcufinder
2024-08-02 07:55:19,028 [INFO] ApiDb:250 - Set database path to: C:\Users\Matheus Markies\.stmcufinder\plugins\mcufinder//mcu/
2024-08-02 07:55:19,028 [WARN] DbFile:41 - Overriding database path with different value: C:\Users\Matheus Markies\.stmcufinder\plugins\mcufinder/ => C:\Users\Matheus Markies\.stmcufinder\plugins\mcufinder
2024-08-02 07:55:19,029 [INFO] DbMcusAds:125 - Set database path to: C:\Users\Matheus Markies\.stmcufinder\plugins\mcufinder//mcu/
2024-08-02 07:55:19,029 [WARN] DbFile:41 - Overriding database path with different value: C:\Users\Matheus Markies\.stmcufinder\plugins\mcufinder/ => C:\Users\Matheus Markies\.stmcufinder\plugins\mcufinder
2024-08-02 07:55:19,029 [WARN] DbFile:41 - Overriding database path with different value: C:\Users\Matheus Markies\.stmcufinder\plugins\mcufinder/ => C:\Users\Matheus Markies\.stmcufinder\plugins\mcufinder
2024-08-02 07:55:19,029 [INFO] CrossReferenceDbSqlite:203 - Set database path to: C:\Users\Matheus Markies\.stmcufinder\plugins\mcufinder//mcu/cs/
2024-08-02 07:55:19,145 [INFO] MainPanel:264 - HeapMemory: 268435456
2024-08-02 07:55:19,312 [INFO] DbMcusXml:78 - Set database path to: C:\ST\STM32CubeIDE_1.15.1\STM32CubeIDE\plugins\com.st.stm32cube.common.mx_6.11.1.202404110753\\db\/mcu/
2024-08-02 07:55:19,312 [INFO] ApiDb:274 - Set plugin database path to: C:\ST\STM32CubeIDE_1.15.1\STM32CubeIDE\plugins\com.st.stm32cube.common.mx_6.11.1.202404110753\\db\/plugins/boardmanager/
2024-08-02 07:55:19,313 [INFO] ApiDb:261 - Set plugin images path to: C:\ST\STM32CubeIDE_1.15.1\STM32CubeIDE\plugins\com.st.stm32cube.common.mx_6.11.1.202404110753\\db\/plugins/mcufinder/images/
2024-08-02 07:55:19,313 [WARN] DbFile:41 - Overriding database path with different value: C:\Users\Matheus Markies\.stmcufinder\plugins\mcufinder/ => C:\Users\Matheus Markies\.stmcufinder\plugins\mcufinder
2024-08-02 07:55:19,313 [INFO] ApiDb:250 - Set database path to: C:\Users\Matheus Markies\.stmcufinder\plugins\mcufinder//mcu/
2024-08-02 07:55:19,313 [WARN] DbFile:41 - Overriding database path with different value: C:\Users\Matheus Markies\.stmcufinder\plugins\mcufinder/ => C:\Users\Matheus Markies\.stmcufinder\plugins\mcufinder
2024-08-02 07:55:19,313 [INFO] DbMcusAds:125 - Set database path to: C:\Users\Matheus Markies\.stmcufinder\plugins\mcufinder//mcu/
2024-08-02 07:55:19,313 [WARN] DbFile:41 - Overriding database path with different value: C:\Users\Matheus Markies\.stmcufinder\plugins\mcufinder/ => C:\Users\Matheus Markies\.stmcufinder\plugins\mcufinder
2024-08-02 07:55:19,314 [WARN] DbFile:41 - Overriding database path with different value: C:\Users\Matheus Markies\.stmcufinder\plugins\mcufinder/ => C:\Users\Matheus Markies\.stmcufinder\plugins\mcufinder
2024-08-02 07:55:19,314 [INFO] CrossReferenceDbSqlite:203 - Set database path to: C:\Users\Matheus Markies\.stmcufinder\plugins\mcufinder//mcu/cs/
2024-08-02 07:55:19,341 [INFO] ApplicationProperties:184 - Using Application install path: C:\ST\STM32CubeIDE_1.15.1\STM32CubeIDE\plugins\com.st.stm32cube.common.mx_6.11.1.202404110753
2024-08-02 07:55:19,344 [INFO] PluginManage:196 - Search for loadable plugins [exclusion list=, ]
2024-08-02 07:55:19,345 [INFO] PluginManage:310 - Check plugin analytics
2024-08-02 07:55:19,568 [INFO] AnalyticsPlugin:253 - Accepted Software Licenses: 
2024-08-02 07:55:19,569 [INFO] AnalyticsPlugin:255 - Accepted CMSIS Pack Licenses: 
2024-08-02 07:55:19,569 [INFO] AnalyticsPlugin:257 - Accepted Firmware Licenses: FW.F4.1.28.0
2024-08-02 07:55:19,571 [INFO] PluginManage:359 - Loaded plugin analytics (category:tool,tabindex:-1)
2024-08-02 07:55:19,572 [INFO] PluginManage:310 - Check plugin cadmodel
2024-08-02 07:55:19,593 [INFO] CADModel:105 - Init CAD model plugin
2024-08-02 07:55:19,593 [INFO] PluginManage:359 - Loaded plugin cadmodel (category:power,tabindex:5)
2024-08-02 07:55:19,593 [INFO] PluginManage:310 - Check plugin clock
2024-08-02 07:55:19,624 [INFO] PluginManage:359 - Loaded plugin clock (category:base,tabindex:2)
2024-08-02 07:55:19,624 [INFO] PluginManage:310 - Check plugin ddr
2024-08-02 07:55:19,627 [INFO] PluginManage:359 - Loaded plugin ddr (category:tool,tabindex:6)
2024-08-02 07:55:19,627 [INFO] PluginManage:310 - Check plugin filemanager
2024-08-02 07:55:19,803 [INFO] PluginManage:359 - Loaded plugin filemanager (category:base,tabindex:10)
2024-08-02 07:55:19,804 [INFO] PluginManage:310 - Check plugin ipmanager
2024-08-02 07:55:19,813 [INFO] PluginManage:359 - Loaded plugin ipmanager (category:base,tabindex:5)
2024-08-02 07:55:19,814 [INFO] PluginManage:310 - Check plugin lpbam
2024-08-02 07:55:19,836 [INFO] PluginManage:359 - Loaded plugin lpbam (category:base,tabindex:0)
2024-08-02 07:55:19,836 [INFO] PluginManage:310 - Check plugin memorymap
2024-08-02 07:55:19,869 [INFO] PluginManage:359 - Loaded plugin memorymap (category:base,tabindex:4)
2024-08-02 07:55:19,869 [INFO] PluginManage:310 - Check plugin pinoutandconfiguration
2024-08-02 07:55:19,890 [INFO] PluginManage:359 - Loaded plugin pinoutandconfiguration (category:base,tabindex:1)
2024-08-02 07:55:19,891 [INFO] PluginManage:310 - Check plugin pinoutconfig
2024-08-02 07:55:20,067 [WARN] SupportedApi:132 - Cannot load RTOS API schema: s4s-elt-must-match.1: The content of 'definitions' must match (annotation?, (simpleType | complexType)?, (unique | key | keyref)*)). A problem was found starting at: attribute.
2024-08-02 07:55:20,230 [INFO] PluginManage:359 - Loaded plugin pinoutconfig (category:base,tabindex:0)
2024-08-02 07:55:20,230 [INFO] PluginManage:310 - Check plugin power
2024-08-02 07:55:20,259 [INFO] PluginManage:359 - Loaded plugin power (category:power,tabindex:4)
2024-08-02 07:55:20,259 [INFO] PluginManage:310 - Check plugin projectmanager
2024-08-02 07:55:20,277 [INFO] PluginManage:359 - Loaded plugin projectmanager (category:projectmanager,tabindex:3)
2024-08-02 07:55:20,277 [INFO] PluginManage:310 - Check plugin thirdparty
2024-08-02 07:55:20,624 [INFO] PluginManage:359 - Loaded plugin thirdparty (category:base,tabindex:-1)
2024-08-02 07:55:20,624 [INFO] PluginManage:310 - Check plugin tools
2024-08-02 07:55:20,624 [WARN] IntegrityCheckThread:84 - waiting for thirdparty lock release [integrity check]
2024-08-02 07:55:20,625 [INFO] IntegrityCheckThread:86 - entering critical section [integrity check]
2024-08-02 07:55:20,625 [INFO] ThirdPartyUpdaterWithRetryManager:70 - Updater plugin not ready yet. [1/15]
2024-08-02 07:55:20,664 [INFO] PluginManage:359 - Loaded plugin tools (category:base,tabindex:7)
2024-08-02 07:55:20,665 [INFO] PluginManage:310 - Check plugin tutovideos
2024-08-02 07:55:20,913 [INFO] PluginManage:359 - Loaded plugin tutovideos (category:base,tabindex:-1)
2024-08-02 07:55:20,913 [INFO] PluginManage:310 - Check plugin updater
2024-08-02 07:55:20,930 [INFO] PluginManage:359 - Loaded plugin updater (category:base,tabindex:12)
2024-08-02 07:55:20,930 [INFO] PluginManage:310 - Check plugin userauth
2024-08-02 07:55:20,938 [INFO] UserAuth:114 - Init User Auth plugin
2024-08-02 07:55:20,938 [INFO] PluginManage:359 - Loaded plugin userauth (category:base,tabindex:14)
2024-08-02 07:55:20,938 [INFO] PluginManage:283 - PluginManage : Loaded plugins [17]
2024-08-02 07:55:21,230 [INFO] PinOutPanel:1561 - setPackage(No Configuration,No Configuration)
2024-08-02 07:55:21,350 [INFO] CADModel:165 - CPN selected for project level
2024-08-02 07:55:21,350 [INFO] CADModel:114 - Register for checkConnection events
2024-08-02 07:55:21,383 [INFO] IPUIPlugin:80 - create IPUIPlugin
2024-08-02 07:55:21,383 [INFO] PluginManager:220 - loadIPPluginJar : add adc
2024-08-02 07:55:21,423 [INFO] IPUIPlugin:80 - create IPUIPlugin
2024-08-02 07:55:21,424 [INFO] PluginManager:220 - loadIPPluginJar : add aes
2024-08-02 07:55:21,471 [INFO] IPUIPlugin:80 - create IPUIPlugin
2024-08-02 07:55:21,471 [INFO] PluginManager:220 - loadIPPluginJar : add can
2024-08-02 07:55:21,497 [INFO] IPUIPlugin:80 - create IPUIPlugin
2024-08-02 07:55:21,498 [INFO] PluginManager:220 - loadIPPluginJar : add comp
2024-08-02 07:55:21,536 [INFO] IPUIPlugin:80 - create IPUIPlugin
2024-08-02 07:55:21,536 [INFO] PluginManager:220 - loadIPPluginJar : add cryp
2024-08-02 07:55:21,569 [INFO] IPUIPlugin:80 - create IPUIPlugin
2024-08-02 07:55:21,569 [INFO] PluginManager:220 - loadIPPluginJar : add dfsdm
2024-08-02 07:55:21,585 [INFO] IPUIPlugin:80 - create IPUIPlugin
2024-08-02 07:55:21,586 [INFO] PluginManager:220 - loadIPPluginJar : add dma
2024-08-02 07:55:21,633 [INFO] IPUIPlugin:80 - create IPUIPlugin
2024-08-02 07:55:21,634 [INFO] PluginManager:220 - loadIPPluginJar : add dma3
2024-08-02 07:55:21,685 [INFO] IPUIPlugin:80 - create IPUIPlugin
2024-08-02 07:55:21,685 [INFO] PluginManager:220 - loadIPPluginJar : add extmemmanager
2024-08-02 07:55:21,708 [INFO] IPUIPlugin:80 - create IPUIPlugin
2024-08-02 07:55:21,708 [INFO] PluginManager:220 - loadIPPluginJar : add fatfs
2024-08-02 07:55:21,759 [INFO] IPUIPlugin:80 - create IPUIPlugin
2024-08-02 07:55:21,759 [INFO] PluginManager:220 - loadIPPluginJar : add fmc
2024-08-02 07:55:21,779 [INFO] IPUIPlugin:80 - create IPUIPlugin
2024-08-02 07:55:21,779 [INFO] PluginManager:220 - loadIPPluginJar : add freertos
2024-08-02 07:55:21,803 [INFO] IPUIPlugin:80 - create IPUIPlugin
2024-08-02 07:55:21,803 [INFO] PluginManager:220 - loadIPPluginJar : add genericplugin
2024-08-02 07:55:21,910 [INFO] IPUIPlugin:80 - create IPUIPlugin
2024-08-02 07:55:21,910 [INFO] PluginManager:220 - loadIPPluginJar : add gfxmmu
2024-08-02 07:55:22,058 [INFO] IPUIPlugin:80 - create IPUIPlugin
2024-08-02 07:55:22,059 [INFO] PluginManager:220 - loadIPPluginJar : add gic
2024-08-02 07:55:22,074 [INFO] IPUIPlugin:80 - create IPUIPlugin
2024-08-02 07:55:22,075 [INFO] PluginManager:220 - loadIPPluginJar : add gpio
2024-08-02 07:55:22,177 [INFO] IPUIPlugin:80 - create IPUIPlugin
2024-08-02 07:55:22,177 [INFO] PluginManager:220 - loadIPPluginJar : add gtzc
2024-08-02 07:55:22,213 [INFO] IPUIPlugin:80 - create IPUIPlugin
2024-08-02 07:55:22,213 [INFO] PluginManager:220 - loadIPPluginJar : add hash
2024-08-02 07:55:22,272 [INFO] IPUIPlugin:80 - create IPUIPlugin
2024-08-02 07:55:22,272 [INFO] PluginManager:220 - loadIPPluginJar : add i2c
2024-08-02 07:55:22,316 [INFO] IPUIPlugin:80 - create IPUIPlugin
2024-08-02 07:55:22,317 [INFO] PluginManager:220 - loadIPPluginJar : add i2s
2024-08-02 07:55:22,362 [INFO] IPUIPlugin:80 - create IPUIPlugin
2024-08-02 07:55:22,362 [INFO] PluginManager:220 - loadIPPluginJar : add i3c
2024-08-02 07:55:22,489 [INFO] IPUIPlugin:80 - create IPUIPlugin
2024-08-02 07:55:22,490 [INFO] PluginManager:220 - loadIPPluginJar : add ipddr
2024-08-02 07:55:22,598 [INFO] IPUIPlugin:80 - create IPUIPlugin
2024-08-02 07:55:22,598 [INFO] PluginManager:220 - loadIPPluginJar : add linkedlist
2024-08-02 07:55:22,641 [INFO] IPUIPlugin:80 - create IPUIPlugin
2024-08-02 07:55:22,641 [INFO] PluginManager:220 - loadIPPluginJar : add lorawan
2024-08-02 07:55:22,682 [INFO] IPUIPlugin:80 - create IPUIPlugin
2024-08-02 07:55:22,683 [INFO] PluginManager:220 - loadIPPluginJar : add ltdc
2024-08-02 07:55:22,700 [INFO] IPUIPlugin:80 - create IPUIPlugin
2024-08-02 07:55:22,701 [INFO] PluginManager:220 - loadIPPluginJar : add mdma
2024-08-02 07:55:22,716 [INFO] IPUIPlugin:80 - create IPUIPlugin
2024-08-02 07:55:22,716 [INFO] PluginManager:220 - loadIPPluginJar : add nvic
2024-08-02 07:55:22,759 [INFO] IPUIPlugin:80 - create IPUIPlugin
2024-08-02 07:55:22,760 [INFO] PluginManager:220 - loadIPPluginJar : add opamp
2024-08-02 07:55:22,831 [INFO] IPUIPlugin:80 - create IPUIPlugin
2024-08-02 07:55:22,831 [INFO] PluginManager:220 - loadIPPluginJar : add openamp
2024-08-02 07:55:22,880 [INFO] IPUIPlugin:80 - create IPUIPlugin
2024-08-02 07:55:22,880 [INFO] PluginManager:220 - loadIPPluginJar : add pdm2pcm
2024-08-02 07:55:22,898 [INFO] IPUIPlugin:80 - create IPUIPlugin
2024-08-02 07:55:22,901 [INFO] PluginManager:220 - loadIPPluginJar : add plateformsettings
2024-08-02 07:55:22,926 [INFO] IPUIPlugin:80 - create IPUIPlugin
2024-08-02 07:55:22,927 [INFO] PluginManager:220 - loadIPPluginJar : add quadspi
2024-08-02 07:55:22,942 [INFO] IPUIPlugin:80 - create IPUIPlugin
2024-08-02 07:55:22,942 [INFO] PluginManager:220 - loadIPPluginJar : add resmgrutility
2024-08-02 07:55:23,017 [INFO] IPUIPlugin:80 - create IPUIPlugin
2024-08-02 07:55:23,017 [INFO] PluginManager:220 - loadIPPluginJar : add sai
2024-08-02 07:55:23,061 [INFO] IPUIPlugin:80 - create IPUIPlugin
2024-08-02 07:55:23,061 [INFO] PluginManager:220 - loadIPPluginJar : add spi
2024-08-02 07:55:23,142 [INFO] IPUIPlugin:80 - create IPUIPlugin
2024-08-02 07:55:23,142 [INFO] PluginManager:220 - loadIPPluginJar : add stm32_wpan
2024-08-02 07:55:23,168 [INFO] IPUIPlugin:80 - create IPUIPlugin
2024-08-02 07:55:23,168 [INFO] PluginManager:220 - loadIPPluginJar : add tim
2024-08-02 07:55:23,237 [INFO] IPUIPlugin:80 - create IPUIPlugin
2024-08-02 07:55:23,237 [INFO] PluginManager:220 - loadIPPluginJar : add touchsensing
2024-08-02 07:55:23,266 [INFO] IPUIPlugin:80 - create IPUIPlugin
2024-08-02 07:55:23,267 [INFO] PluginManager:220 - loadIPPluginJar : add tracer_emb
2024-08-02 07:55:23,296 [INFO] IPUIPlugin:80 - create IPUIPlugin
2024-08-02 07:55:23,296 [INFO] PluginManager:220 - loadIPPluginJar : add ts
2024-08-02 07:55:23,322 [INFO] IPUIPlugin:80 - create IPUIPlugin
2024-08-02 07:55:23,322 [INFO] PluginManager:220 - loadIPPluginJar : add tsc
2024-08-02 07:55:23,359 [INFO] IPUIPlugin:80 - create IPUIPlugin
2024-08-02 07:55:23,359 [INFO] PluginManager:220 - loadIPPluginJar : add ucpd
2024-08-02 07:55:23,415 [INFO] IPUIPlugin:80 - create IPUIPlugin
2024-08-02 07:55:23,415 [INFO] PluginManager:220 - loadIPPluginJar : add usart
2024-08-02 07:55:23,466 [INFO] IPUIPlugin:80 - create IPUIPlugin
2024-08-02 07:55:23,467 [INFO] PluginManager:220 - loadIPPluginJar : add usbx
2024-08-02 07:55:23,618 [INFO] CADModel:165 - CPN selected for project level
2024-08-02 07:55:23,618 [INFO] CADModel:114 - Register for checkConnection events
2024-08-02 07:55:23,619 [FATAL] Updater:308 - Updater called before beeing initialized
2024-08-02 07:55:23,619 [ERROR] CADModel:125 - Updater not yet initialized, retry later 
2024-08-02 07:55:23,630 [INFO] ThirdPartyUpdaterWithRetryManager:70 - Updater plugin not ready yet. [2/15]
2024-08-02 07:55:23,810 [INFO] CADModel:165 - CPN selected for project level
2024-08-02 07:55:23,810 [INFO] CADModel:114 - Register for checkConnection events
2024-08-02 07:55:23,810 [FATAL] Updater:308 - Updater called before beeing initialized
2024-08-02 07:55:23,810 [ERROR] CADModel:125 - Updater not yet initialized, retry later 
2024-08-02 07:55:23,814 [FATAL] Updater:308 - Updater called before beeing initialized
2024-08-02 07:55:23,957 [FATAL] Updater:308 - Updater called before beeing initialized
2024-08-02 07:55:23,970 [INFO] DbMcusAds:53 - JSON generation date=Thu May 16 06:22:01 BRT 2024 (1715851321109)
2024-08-02 07:55:23,970 [FATAL] Updater:308 - Updater called before beeing initialized
2024-08-02 07:55:24,070 [WARN] DetailPanel:346 - Failed to get advertising image, set to default
2024-08-02 07:55:24,187 [FATAL] Updater:308 - Updater called before beeing initialized
2024-08-02 07:55:24,190 [FATAL] Updater:308 - Updater called before beeing initialized
2024-08-02 07:55:24,190 [FATAL] Updater:308 - Updater called before beeing initialized
2024-08-02 07:55:24,190 [WARN] DetailPanel:346 - Failed to get advertising image, set to default
2024-08-02 07:55:24,191 [FATAL] Updater:308 - Updater called before beeing initialized
2024-08-02 07:55:24,263 [ERROR] Updater:1120 - MainUpdater not yet initialized. External WinMGr cannot be set.
2024-08-02 07:55:24,275 [INFO] Updater:1056 - Updater Version found : 6.11.1
2024-08-02 07:55:24,301 [INFO] ApplicationProperties:184 - Using Application install path: C:\ST\STM32CubeIDE_1.15.1\STM32CubeIDE\plugins\com.st.stm32cube.common.mx_6.11.1.202404110753
2024-08-02 07:55:25,914 [ERROR] LogOutputStream:75 - [STDERR_REDIRECT] Aug 02, 2024 7:55:25 AM java.util.prefs.WindowsPreferences <init>
2024-08-02 07:55:25,916 [ERROR] LogOutputStream:75 - [STDERR_REDIRECT] WARNING: Could not open/create prefs root node Software\JavaSoft\Prefs at root 0xffffffff80000002. Windows RegCreateKeyEx(...) returned error code 5.
2024-08-02 07:55:25,916 [ERROR] LogOutputStream:75 - [STDERR_REDIRECT] 
2024-08-02 07:55:26,275 [INFO] MainUpdater:2873 - connection check result : 10
2024-08-02 07:55:26,276 [INFO] MainUpdater:290 - Updater Check For Update Now.
2024-08-02 07:55:26,276 [INFO] MicroXplorer:498 - Change Database Version : DB.6.0.111
2024-08-02 07:55:26,292 [INFO] McuFinderGlobals:63 - Set McuFinder mode to 2 (CubeIDE integrated)
2024-08-02 07:55:26,305 [INFO] UserAuth:415 - Internet connection configuration mode: 1
2024-08-02 07:55:26,409 [INFO] JxBrowserEngine:152 - Initiate JxBrowser Engine with user profile folder
2024-08-02 07:55:26,592 [INFO] CheckServerUpdateThread:120 - End of CheckServer Thread
2024-08-02 07:55:26,970 [WARN] PackLoader:240 - Cannot read IP mode file for STMicroelectronics.FP-SNS-MOTENVWB1.1.4.0
2024-08-02 07:55:26,989 [WARN] PackLoader:240 - Cannot read IP mode file for STMicroelectronics.X-CUBE-SMBUS.2.1.0
2024-08-02 07:55:27,003 [WARN] PackLoader:240 - Cannot read IP mode file for STMicroelectronics.X-CUBE-TOUCHGFX.4.23.2
2024-08-02 07:55:27,062 [WARN] PackLoader:240 - Cannot read IP mode file for STMicroelectronics.X-CUBE-AZRTOS-F7.1.1.0
2024-08-02 07:55:27,090 [WARN] PackLoader:240 - Cannot read IP mode file for STMicroelectronics.FP-SNS-FLIGHT1.5.0.2
2024-08-02 07:55:27,110 [WARN] PackLoader:240 - Cannot read IP mode file for STMicroelectronics.X-CUBE-DISPLAY.3.0.0
2024-08-02 07:55:27,141 [WARN] PackLoader:240 - Cannot read IP mode file for STMicroelectronics.X-CUBE-BLE1.7.0.0
2024-08-02 07:55:27,157 [WARN] PackLoader:240 - Cannot read IP mode file for emotas.I-CUBE-CANOPEN.1.3.0
2024-08-02 07:55:27,187 [WARN] PackLoader:240 - Cannot read IP mode file for STMicroelectronics.X-CUBE-BLEMGR.3.1.0
2024-08-02 07:55:27,275 [WARN] PackLoader:240 - Cannot read IP mode file for STMicroelectronics.FP-SNS-SMARTAG2.1.2.0
2024-08-02 07:55:27,301 [INFO] LogOutputStream:77 - [STDOUT_REDIRECT] 1 : Invalid condition id : UX_CORESTACK_Condition cause : null
2024-08-02 07:55:27,302 [INFO] LogOutputStream:77 - [STDOUT_REDIRECT] 1 : Invalid condition id : UX_CORESTACK_Condition cause : null
2024-08-02 07:55:27,305 [INFO] LogOutputStream:77 - [STDOUT_REDIRECT] 1 : Invalid condition id : UX_CORESTACK_Condition cause : null
2024-08-02 07:55:27,306 [INFO] LogOutputStream:77 - [STDOUT_REDIRECT] 1 : Invalid condition id : UX_CORESTACK_Condition cause : null
2024-08-02 07:55:27,308 [INFO] LogOutputStream:77 - [STDOUT_REDIRECT] 1 : Invalid condition id : UX_CORESTACK_Condition cause : null
2024-08-02 07:55:27,312 [WARN] PackLoader:240 - Cannot read IP mode file for STMicroelectronics.X-CUBE-AZRTOS-WL.2.0.0
2024-08-02 07:55:27,328 [WARN] PackLoader:240 - Cannot read IP mode file for STMicroelectronics.FP-SNS-MOTENV1.5.0.0
2024-08-02 07:55:27,346 [WARN] PackLoader:240 - Cannot read IP mode file for wolfSSL.I-CUBE-wolfMQTT.1.19.0
2024-08-02 07:55:27,363 [WARN] PackLoader:240 - Cannot read IP mode file for WES.I-CUBE-Cesium.1.3.0
2024-08-02 07:55:27,377 [WARN] PackLoader:240 - Cannot read IP mode file for STMicroelectronics.X-CUBE-BLE2.3.3.0
2024-08-02 07:55:27,391 [WARN] PackLoader:240 - Cannot read IP mode file for STMicroelectronics.X-CUBE-TCPP.4.1.0
2024-08-02 07:55:27,434 [WARN] PackLoader:240 - Cannot read IP mode file for STMicroelectronics.X-CUBE-AZRTOS-G0.1.1.0
2024-08-02 07:55:27,453 [WARN] PackLoader:240 - Cannot read IP mode file for STMicroelectronics.X-CUBE-SAFEA1.1.2.2
2024-08-02 07:55:27,469 [WARN] PackLoader:240 - Cannot read IP mode file for STMicroelectronics.X-CUBE-NFC4.3.0.0
2024-08-02 07:55:27,483 [WARN] PackLoader:240 - Cannot read IP mode file for wolfSSL.I-CUBE-wolfMQTT.1.18.0
2024-08-02 07:55:27,504 [WARN] PackLoader:240 - Cannot read IP mode file for EmbeddedOffice.I-CUBE-FS-RTOS.1.0.1
2024-08-02 07:55:27,504 [ERROR] ConditionMgr:805 - Attr not supported : Dmpu
2024-08-02 07:55:27,504 [ERROR] ConditionMgr:805 - Attr not supported : Dmpu
2024-08-02 07:55:27,504 [ERROR] ConditionMgr:805 - Attr not supported : Dmpu
2024-08-02 07:55:27,505 [ERROR] ConditionMgr:805 - Attr not supported : Dmpu
2024-08-02 07:55:27,505 [ERROR] ConditionMgr:805 - Attr not supported : Dmpu
2024-08-02 07:55:27,505 [ERROR] ConditionMgr:805 - Attr not supported : Dmpu
2024-08-02 07:55:27,505 [ERROR] ConditionMgr:805 - Attr not supported : Dmpu
2024-08-02 07:55:27,505 [ERROR] ConditionMgr:805 - Attr not supported : Dmpu
2024-08-02 07:55:27,505 [ERROR] ConditionMgr:805 - Attr not supported : Dmpu
2024-08-02 07:55:27,505 [ERROR] ConditionMgr:805 - Attr not supported : Dmpu
2024-08-02 07:55:27,505 [ERROR] ConditionMgr:805 - Attr not supported : Dmpu
2024-08-02 07:55:27,505 [ERROR] ConditionMgr:805 - Attr not supported : Dmpu
2024-08-02 07:55:27,505 [ERROR] ConditionMgr:805 - Attr not supported : Dmpu
2024-08-02 07:55:27,505 [ERROR] ConditionMgr:805 - Attr not supported : Dmpu
2024-08-02 07:55:27,505 [ERROR] ConditionMgr:805 - Attr not supported : Dmpu
2024-08-02 07:55:27,505 [ERROR] ConditionMgr:805 - Attr not supported : Dmpu
2024-08-02 07:55:27,506 [ERROR] ConditionMgr:805 - Attr not supported : Dmpu
2024-08-02 07:55:27,506 [ERROR] ConditionMgr:805 - Attr not supported : Dmpu
2024-08-02 07:55:27,506 [ERROR] ConditionMgr:805 - Attr not supported : Dmpu
2024-08-02 07:55:27,506 [ERROR] ConditionMgr:805 - Attr not supported : Dmpu
2024-08-02 07:55:27,506 [ERROR] ConditionMgr:805 - Attr not supported : Dmpu
2024-08-02 07:55:27,506 [ERROR] ConditionMgr:805 - Attr not supported : Dmpu
2024-08-02 07:55:27,506 [ERROR] ConditionMgr:805 - Attr not supported : Dmpu
2024-08-02 07:55:27,506 [ERROR] ConditionMgr:805 - Attr not supported : Dmpu
2024-08-02 07:55:27,506 [ERROR] ConditionMgr:805 - Attr not supported : Dmpu
2024-08-02 07:55:27,506 [ERROR] ConditionMgr:805 - Attr not supported : Dmpu
2024-08-02 07:55:27,506 [ERROR] ConditionMgr:805 - Attr not supported : Dmpu
2024-08-02 07:55:27,506 [ERROR] ConditionMgr:805 - Attr not supported : Dmpu
2024-08-02 07:55:27,506 [ERROR] ConditionMgr:805 - Attr not supported : Dmpu
2024-08-02 07:55:27,507 [ERROR] ConditionMgr:805 - Attr not supported : Dmpu
2024-08-02 07:55:27,507 [ERROR] ConditionMgr:805 - Attr not supported : Dmpu
2024-08-02 07:55:27,507 [ERROR] ConditionMgr:805 - Attr not supported : Dmpu
2024-08-02 07:55:27,507 [ERROR] ConditionMgr:805 - Attr not supported : Dmpu
2024-08-02 07:55:27,507 [ERROR] ConditionMgr:805 - Attr not supported : Dmpu
2024-08-02 07:55:27,507 [ERROR] ConditionMgr:805 - Attr not supported : Dmpu
2024-08-02 07:55:27,507 [ERROR] ConditionMgr:805 - Attr not supported : Dmpu
2024-08-02 07:55:27,507 [ERROR] ConditionMgr:805 - Attr not supported : Dmpu
2024-08-02 07:55:27,507 [ERROR] ConditionMgr:805 - Attr not supported : Dmpu
2024-08-02 07:55:27,507 [ERROR] ConditionMgr:805 - Attr not supported : Dmpu
2024-08-02 07:55:27,507 [ERROR] ConditionMgr:805 - Attr not supported : Dmpu
2024-08-02 07:55:27,507 [ERROR] ConditionMgr:805 - Attr not supported : Dmpu
2024-08-02 07:55:27,508 [ERROR] ConditionMgr:805 - Attr not supported : Dmpu
2024-08-02 07:55:27,508 [ERROR] ConditionMgr:805 - Attr not supported : Dmpu
2024-08-02 07:55:27,508 [ERROR] ConditionMgr:805 - Attr not supported : Dmpu
2024-08-02 07:55:27,508 [ERROR] ConditionMgr:805 - Attr not supported : Dmpu
2024-08-02 07:55:27,508 [ERROR] ConditionMgr:805 - Attr not supported : Dmpu
2024-08-02 07:55:27,508 [ERROR] ConditionMgr:805 - Attr not supported : Dmpu
2024-08-02 07:55:27,508 [ERROR] ConditionMgr:805 - Attr not supported : Dmpu
2024-08-02 07:55:27,508 [ERROR] ConditionMgr:805 - Attr not supported : Dmpu
2024-08-02 07:55:27,508 [ERROR] ConditionMgr:805 - Attr not supported : Dmpu
2024-08-02 07:55:27,508 [ERROR] ConditionMgr:805 - Attr not supported : Dmpu
2024-08-02 07:55:27,508 [ERROR] ConditionMgr:805 - Attr not supported : Dmpu
2024-08-02 07:55:27,508 [ERROR] ConditionMgr:805 - Attr not supported : Dmpu
2024-08-02 07:55:27,509 [ERROR] ConditionMgr:805 - Attr not supported : Dmpu
2024-08-02 07:55:27,509 [ERROR] ConditionMgr:805 - Attr not supported : Dmpu
2024-08-02 07:55:27,509 [ERROR] ConditionMgr:805 - Attr not supported : Dmpu
2024-08-02 07:55:27,509 [ERROR] ConditionMgr:805 - Attr not supported : Dmpu
2024-08-02 07:55:27,509 [ERROR] ConditionMgr:805 - Attr not supported : Dmpu
2024-08-02 07:55:27,509 [ERROR] ConditionMgr:805 - Attr not supported : Dmpu
2024-08-02 07:55:27,509 [ERROR] ConditionMgr:805 - Attr not supported : Dmpu
2024-08-02 07:55:27,509 [ERROR] ConditionMgr:805 - Attr not supported : Dmpu
2024-08-02 07:55:27,509 [ERROR] ConditionMgr:805 - Attr not supported : Dmpu
2024-08-02 07:55:27,509 [ERROR] ConditionMgr:805 - Attr not supported : Dmpu
2024-08-02 07:55:27,509 [ERROR] ConditionMgr:805 - Attr not supported : Dmpu
2024-08-02 07:55:27,524 [WARN] PackLoader:240 - Cannot read IP mode file for RealThread.X-CUBE-RT-Thread_Nano.4.1.1
2024-08-02 07:55:27,538 [WARN] PackLoader:240 - Cannot read IP mode file for wolfSSL.I-CUBE-wolfSSL.5.7.0
2024-08-02 07:55:27,551 [WARN] PackLoader:240 - Cannot read IP mode file for STMicroelectronics.FP-ATR-SIGFOX1.3.2.0
2024-08-02 07:55:27,567 [WARN] PackLoader:240 - Cannot read IP mode file for STMicroelectronics.X-CUBE-EEPRMA1.5.1.0
2024-08-02 07:55:27,588 [WARN] PackLoader:240 - Cannot read IP mode file for ITTIA_DB.I-CUBE-ITTIADB.8.9.0
2024-08-02 07:55:27,638 [WARN] PackLoader:240 - Cannot read IP mode file for SEGGER.I-CUBE-embOS.1.3.1
2024-08-02 07:55:27,692 [WARN] PackLoader:240 - Cannot read IP mode file for STMicroelectronics.X-CUBE-ALGOBUILD.1.4.0
2024-08-02 07:55:27,709 [WARN] PackLoader:240 - Cannot read IP mode file for STMicroelectronics.X-CUBE-GNSS1.6.0.0
2024-08-02 07:55:27,743 [WARN] PackLoader:240 - Cannot read IP mode file for STMicroelectronics.X-CUBE-AZRTOS-F4.1.1.0
2024-08-02 07:55:27,759 [WARN] PackLoader:240 - Cannot read IP mode file for STMicroelectronics.X-CUBE-FREERTOS.1.2.0
2024-08-02 07:55:27,794 [WARN] PackLoader:240 - Cannot read IP mode file for STMicroelectronics.X-CUBE-AZRTOS-L5.2.0.0
2024-08-02 07:55:27,816 [WARN] PackLoader:240 - Cannot read IP mode file for STMicroelectronics.X-CUBE-NFC6.3.1.0
2024-08-02 07:55:27,835 [WARN] PackLoader:240 - Cannot read IP mode file for STMicroelectronics.X-CUBE-DPower.1.2.0
2024-08-02 07:55:27,851 [WARN] PackLoader:240 - Cannot read IP mode file for STMicroelectronics.X-CUBE-AI.9.0.0
2024-08-02 07:55:27,866 [WARN] PackLoader:240 - Cannot read IP mode file for STMicroelectronics.X-CUBE-NFC7.1.0.1
2024-08-02 07:55:27,882 [WARN] PackLoader:240 - Cannot read IP mode file for wolfSSL.I-CUBE-wolfTPM.3.2.0
2024-08-02 07:55:27,926 [WARN] ConditionMgr:438 - getConditionDescription Invalid condition id : LAN8742 Phy interface Condition cause : null
2024-08-02 07:55:27,927 [WARN] PackLoader:240 - Cannot read IP mode file for STMicroelectronics.X-CUBE-AZRTOS-L4.2.0.0
2024-08-02 07:55:27,928 [WARN] ConditionMgr:1039 - genDependencies : Invalid condition id : LAN8742 Phy interface Condition cause : null
2024-08-02 07:55:27,928 [WARN] ConditionMgr:1039 - genDependencies : Invalid condition id : LAN8742 Phy interface Condition cause : null
2024-08-02 07:55:27,929 [WARN] ConditionMgr:1039 - genDependencies : Invalid condition id : LAN8742 Phy interface Condition cause : null
2024-08-02 07:55:27,947 [WARN] PackLoader:240 - Cannot read IP mode file for STMicroelectronics.X-CUBE-SFXS2LP1.4.0.0
2024-08-02 07:55:27,978 [WARN] ConditionMgr:438 - getConditionDescription Invalid condition id : UX DEVICE CLASS RTOS Condition cause : null
2024-08-02 07:55:27,978 [WARN] ConditionMgr:438 - getConditionDescription Invalid condition id : UX DEVICE CLASS RTOS Condition cause : null
2024-08-02 07:55:27,980 [WARN] PackLoader:240 - Cannot read IP mode file for STMicroelectronics.X-CUBE-AZRTOS-WB.2.0.0
2024-08-02 07:55:27,981 [WARN] ConditionMgr:1039 - genDependencies : Invalid condition id : UX DEVICE CLASS RTOS Condition cause : null
2024-08-02 07:55:27,981 [WARN] ConditionMgr:1039 - genDependencies : Invalid condition id : UX DEVICE CLASS RTOS Condition cause : null
2024-08-02 07:55:27,981 [WARN] ConditionMgr:1039 - genDependencies : Invalid condition id : UX DEVICE CLASS RTOS Condition cause : null
2024-08-02 07:55:27,981 [WARN] ConditionMgr:1039 - genDependencies : Invalid condition id : UX DEVICE CLASS RTOS Condition cause : null
2024-08-02 07:55:27,982 [WARN] ConditionMgr:1039 - genDependencies : Invalid condition id : UX DEVICE CLASS RTOS Condition cause : null
2024-08-02 07:55:28,002 [WARN] PackLoader:240 - Cannot read IP mode file for STMicroelectronics.FP-SNS-STBOX1.2.0.0
2024-08-02 07:55:28,026 [WARN] PackLoader:240 - Cannot read IP mode file for STMicroelectronics.X-CUBE-SUBG2.5.0.0
2024-08-02 07:55:28,063 [WARN] PackLoader:240 - Cannot read IP mode file for STMicroelectronics.X-CUBE-AZRTOS-G4.2.0.0
2024-08-02 07:55:28,078 [WARN] PackLoader:240 - Cannot read IP mode file for STMicroelectronics.X-CUBE-ISPU.2.0.0
2024-08-02 07:55:28,091 [WARN] PackLoader:240 - Cannot read IP mode file for STMicroelectronics.X-CUBE-ALS.1.0.2
2024-08-02 07:55:28,149 [WARN] PackLoader:240 - Cannot read IP mode file for STMicroelectronics.X-CUBE-MEMS1.10.0.0
2024-08-02 07:55:28,296 [WARN] PackLoader:240 - Cannot read IP mode file for STMicroelectronics.X-CUBE-TOUCHGFX.4.24.0
2024-08-02 07:55:28,315 [WARN] PackLoader:240 - Cannot read IP mode file for portGmbH.I-Cube-SoM-uGOAL.1.1.0
2024-08-02 07:55:28,328 [WARN] PackLoader:240 - Cannot read IP mode file for STMicroelectronics.X-CUBE-ALS.1.0.1
2024-08-02 07:55:28,363 [WARN] PackLoader:240 - Cannot read IP mode file for STMicroelectronics.X-CUBE-AZRTOS-H7RS.1.0.0
2024-08-02 07:55:28,380 [WARN] PackLoader:240 - Cannot read IP mode file for STMicroelectronics.FP-ATR-ASTRA1.2.0.0
2024-08-02 07:55:28,405 [WARN] PackLoader:240 - Cannot read IP mode file for STMicroelectronics.X-CUBE-TOF1.3.4.2
2024-08-02 07:55:28,442 [WARN] PackLoader:240 - Cannot read IP mode file for STMicroelectronics.X-CUBE-TOF1.3.4.1
2024-08-02 07:55:28,488 [WARN] PackLoader:240 - Cannot read IP mode file for STMicroelectronics.X-CUBE-AZRTOS-H7.3.2.0
2024-08-02 07:55:28,519 [WARN] PackLoader:240 - Cannot read IP mode file for Infineon.AIROC-Wi-Fi-Bluetooth-STM32.1.6.0
2024-08-02 07:55:28,535 [WARN] PackLoader:240 - Cannot read IP mode file for wolfSSL.I-CUBE-wolfSSH.1.4.17
2024-08-02 07:55:28,536 [INFO] ThirdParty:978 - Integrity check success = true
2024-08-02 07:55:28,536 [INFO] IntegrityCheckThread:100 - exiting critical section [integrity check]
2024-08-02 07:55:28,536 [INFO] IntegrityCheckThread:103 - End integrity checks thread
2024-08-02 07:55:35,145 [INFO] WebApp:161 - Instantiating new browser for Auth
2024-08-02 07:55:36,265 [INFO] WebApp:779 - Register for checkConnection events
2024-08-02 07:55:36,265 [INFO] WebApp:414 - Apply proxy settings
2024-08-02 07:55:36,266 [INFO] WebApp:499 - Chromium requires no authentication
2024-08-02 07:55:36,277 [INFO] WebApp:442 - Direct internet connection detected
2024-08-02 07:55:36,526 [INFO] WebApp:192 - Starting web application
2024-08-02 07:55:36,526 [INFO] WebApp:544 - Web application path used C:\ST\STM32CubeIDE_1.15.1\STM32CubeIDE\plugins\com.st.stm32cube.common.mx_6.11.1.202404110753\db\plugins\mcufinder\reactClient1\index.html
