2024-08-03 19:10:59,034 [INFO] Activator:176 - 


2024-08-03 19:10:59,042 [INFO] Activator:177 - !SESSION log4j initialized
2024-08-03 19:11:08,419 [INFO] LogOutputStream:77 - [STDOUT_REDIRECT] 
2024-08-03 19:11:11,896 [INFO] ApplicationProperties:184 - Using Application install path: C:\ST\STM32CubeIDE_1.15.1\STM32CubeIDE\plugins\com.st.stm32cube.common.mx_6.11.1.202404110753
2024-08-03 19:11:11,923 [INFO] DbMcusXml:78 - Set database path to: C:\ST\STM32CubeIDE_1.15.1\STM32CubeIDE\plugins\com.st.stm32cube.common.mx_6.11.1.202404110753\\db\/mcu/
2024-08-03 19:11:11,923 [INFO] ApiDb:274 - Set plugin database path to: C:\ST\STM32CubeIDE_1.15.1\STM32CubeIDE\plugins\com.st.stm32cube.common.mx_6.11.1.202404110753\\db\/plugins/boardmanager/
2024-08-03 19:11:11,924 [WARN] ApiDb:259 - Overriding images path with different value:  => C:\ST\STM32CubeIDE_1.15.1\STM32CubeIDE\plugins\com.st.stm32cube.common.mx_6.11.1.202404110753\\db\/plugins/mcufinder/images/
2024-08-03 19:11:11,940 [INFO] ApiDb:250 - Set database path to: C:\Users\Matheus Markies\.stmcufinder\plugins\mcufinder//mcu/
2024-08-03 19:11:11,941 [INFO] DbMcusAds:125 - Set database path to: C:\Users\Matheus Markies\.stmcufinder\plugins\mcufinder//mcu/
2024-08-03 19:11:11,944 [INFO] CrossReferenceDbSqlite:203 - Set database path to: C:\Users\Matheus Markies\.stmcufinder\plugins\mcufinder//mcu/cs/
2024-08-03 19:11:12,114 [INFO] RulesReader:64 - Compatibility file has been processed (297 Rules)
2024-08-03 19:11:12,248 [INFO] DbMcusXml:78 - Set database path to: C:\ST\STM32CubeIDE_1.15.1\STM32CubeIDE\plugins\com.st.stm32cube.common.mx_6.11.1.202404110753\\db\/mcu/
2024-08-03 19:11:12,248 [INFO] ApiDb:274 - Set plugin database path to: C:\ST\STM32CubeIDE_1.15.1\STM32CubeIDE\plugins\com.st.stm32cube.common.mx_6.11.1.202404110753\\db\/plugins/boardmanager/
2024-08-03 19:11:12,249 [INFO] ApiDb:261 - Set plugin images path to: C:\ST\STM32CubeIDE_1.15.1\STM32CubeIDE\plugins\com.st.stm32cube.common.mx_6.11.1.202404110753\\db\/plugins/mcufinder/images/
2024-08-03 19:11:12,249 [WARN] DbFile:41 - Overriding database path with different value: C:\Users\Matheus Markies\.stmcufinder\plugins\mcufinder/ => C:\Users\Matheus Markies\.stmcufinder\plugins\mcufinder
2024-08-03 19:11:12,249 [INFO] ApiDb:250 - Set database path to: C:\Users\Matheus Markies\.stmcufinder\plugins\mcufinder//mcu/
2024-08-03 19:11:12,249 [WARN] DbFile:41 - Overriding database path with different value: C:\Users\Matheus Markies\.stmcufinder\plugins\mcufinder/ => C:\Users\Matheus Markies\.stmcufinder\plugins\mcufinder
2024-08-03 19:11:12,249 [INFO] DbMcusAds:125 - Set database path to: C:\Users\Matheus Markies\.stmcufinder\plugins\mcufinder//mcu/
2024-08-03 19:11:12,249 [WARN] DbFile:41 - Overriding database path with different value: C:\Users\Matheus Markies\.stmcufinder\plugins\mcufinder/ => C:\Users\Matheus Markies\.stmcufinder\plugins\mcufinder
2024-08-03 19:11:12,249 [WARN] DbFile:41 - Overriding database path with different value: C:\Users\Matheus Markies\.stmcufinder\plugins\mcufinder/ => C:\Users\Matheus Markies\.stmcufinder\plugins\mcufinder
2024-08-03 19:11:12,249 [INFO] CrossReferenceDbSqlite:203 - Set database path to: C:\Users\Matheus Markies\.stmcufinder\plugins\mcufinder//mcu/cs/
2024-08-03 19:11:12,369 [INFO] MainPanel:264 - HeapMemory: 268435456
2024-08-03 19:11:12,524 [INFO] DbMcusXml:78 - Set database path to: C:\ST\STM32CubeIDE_1.15.1\STM32CubeIDE\plugins\com.st.stm32cube.common.mx_6.11.1.202404110753\\db\/mcu/
2024-08-03 19:11:12,524 [INFO] ApiDb:274 - Set plugin database path to: C:\ST\STM32CubeIDE_1.15.1\STM32CubeIDE\plugins\com.st.stm32cube.common.mx_6.11.1.202404110753\\db\/plugins/boardmanager/
2024-08-03 19:11:12,524 [INFO] ApiDb:261 - Set plugin images path to: C:\ST\STM32CubeIDE_1.15.1\STM32CubeIDE\plugins\com.st.stm32cube.common.mx_6.11.1.202404110753\\db\/plugins/mcufinder/images/
2024-08-03 19:11:12,524 [WARN] DbFile:41 - Overriding database path with different value: C:\Users\Matheus Markies\.stmcufinder\plugins\mcufinder/ => C:\Users\Matheus Markies\.stmcufinder\plugins\mcufinder
2024-08-03 19:11:12,525 [INFO] ApiDb:250 - Set database path to: C:\Users\Matheus Markies\.stmcufinder\plugins\mcufinder//mcu/
2024-08-03 19:11:12,525 [WARN] DbFile:41 - Overriding database path with different value: C:\Users\Matheus Markies\.stmcufinder\plugins\mcufinder/ => C:\Users\Matheus Markies\.stmcufinder\plugins\mcufinder
2024-08-03 19:11:12,525 [INFO] DbMcusAds:125 - Set database path to: C:\Users\Matheus Markies\.stmcufinder\plugins\mcufinder//mcu/
2024-08-03 19:11:12,525 [WARN] DbFile:41 - Overriding database path with different value: C:\Users\Matheus Markies\.stmcufinder\plugins\mcufinder/ => C:\Users\Matheus Markies\.stmcufinder\plugins\mcufinder
2024-08-03 19:11:12,525 [WARN] DbFile:41 - Overriding database path with different value: C:\Users\Matheus Markies\.stmcufinder\plugins\mcufinder/ => C:\Users\Matheus Markies\.stmcufinder\plugins\mcufinder
2024-08-03 19:11:12,525 [INFO] CrossReferenceDbSqlite:203 - Set database path to: C:\Users\Matheus Markies\.stmcufinder\plugins\mcufinder//mcu/cs/
2024-08-03 19:11:12,551 [INFO] ApplicationProperties:184 - Using Application install path: C:\ST\STM32CubeIDE_1.15.1\STM32CubeIDE\plugins\com.st.stm32cube.common.mx_6.11.1.202404110753
2024-08-03 19:11:12,553 [INFO] PluginManage:196 - Search for loadable plugins [exclusion list=, ]
2024-08-03 19:11:12,555 [INFO] PluginManage:310 - Check plugin analytics
2024-08-03 19:11:12,798 [INFO] AnalyticsPlugin:253 - Accepted Software Licenses: 
2024-08-03 19:11:12,799 [INFO] AnalyticsPlugin:255 - Accepted CMSIS Pack Licenses: 
2024-08-03 19:11:12,799 [INFO] AnalyticsPlugin:257 - Accepted Firmware Licenses: FW.F4.1.28.0
2024-08-03 19:11:12,803 [INFO] PluginManage:359 - Loaded plugin analytics (category:tool,tabindex:-1)
2024-08-03 19:11:12,803 [INFO] PluginManage:310 - Check plugin cadmodel
2024-08-03 19:11:12,824 [INFO] CADModel:105 - Init CAD model plugin
2024-08-03 19:11:12,824 [INFO] PluginManage:359 - Loaded plugin cadmodel (category:power,tabindex:5)
2024-08-03 19:11:12,824 [INFO] PluginManage:310 - Check plugin clock
2024-08-03 19:11:12,853 [INFO] PluginManage:359 - Loaded plugin clock (category:base,tabindex:2)
2024-08-03 19:11:12,853 [INFO] PluginManage:310 - Check plugin ddr
2024-08-03 19:11:12,856 [INFO] PluginManage:359 - Loaded plugin ddr (category:tool,tabindex:6)
2024-08-03 19:11:12,856 [INFO] PluginManage:310 - Check plugin filemanager
2024-08-03 19:11:13,029 [INFO] PluginManage:359 - Loaded plugin filemanager (category:base,tabindex:10)
2024-08-03 19:11:13,029 [INFO] PluginManage:310 - Check plugin ipmanager
2024-08-03 19:11:13,040 [INFO] PluginManage:359 - Loaded plugin ipmanager (category:base,tabindex:5)
2024-08-03 19:11:13,040 [INFO] PluginManage:310 - Check plugin lpbam
2024-08-03 19:11:13,065 [INFO] PluginManage:359 - Loaded plugin lpbam (category:base,tabindex:0)
2024-08-03 19:11:13,065 [INFO] PluginManage:310 - Check plugin memorymap
2024-08-03 19:11:13,100 [INFO] PluginManage:359 - Loaded plugin memorymap (category:base,tabindex:4)
2024-08-03 19:11:13,100 [INFO] PluginManage:310 - Check plugin pinoutandconfiguration
2024-08-03 19:11:13,122 [INFO] PluginManage:359 - Loaded plugin pinoutandconfiguration (category:base,tabindex:1)
2024-08-03 19:11:13,122 [INFO] PluginManage:310 - Check plugin pinoutconfig
2024-08-03 19:11:13,238 [WARN] SupportedApi:132 - Cannot load RTOS API schema: s4s-elt-must-match.1: The content of 'definitions' must match (annotation?, (simpleType | complexType)?, (unique | key | keyref)*)). A problem was found starting at: attribute.
2024-08-03 19:11:13,425 [INFO] PluginManage:359 - Loaded plugin pinoutconfig (category:base,tabindex:0)
2024-08-03 19:11:13,425 [INFO] PluginManage:310 - Check plugin power
2024-08-03 19:11:13,468 [INFO] PluginManage:359 - Loaded plugin power (category:power,tabindex:4)
2024-08-03 19:11:13,468 [INFO] PluginManage:310 - Check plugin projectmanager
2024-08-03 19:11:13,489 [INFO] PluginManage:359 - Loaded plugin projectmanager (category:projectmanager,tabindex:3)
2024-08-03 19:11:13,490 [INFO] PluginManage:310 - Check plugin thirdparty
2024-08-03 19:11:13,863 [INFO] PluginManage:359 - Loaded plugin thirdparty (category:base,tabindex:-1)
2024-08-03 19:11:13,863 [INFO] PluginManage:310 - Check plugin tools
2024-08-03 19:11:13,864 [WARN] IntegrityCheckThread:84 - waiting for thirdparty lock release [integrity check]
2024-08-03 19:11:13,865 [INFO] IntegrityCheckThread:86 - entering critical section [integrity check]
2024-08-03 19:11:13,866 [INFO] ThirdPartyUpdaterWithRetryManager:70 - Updater plugin not ready yet. [1/15]
2024-08-03 19:11:13,905 [INFO] PluginManage:359 - Loaded plugin tools (category:base,tabindex:7)
2024-08-03 19:11:13,905 [INFO] PluginManage:310 - Check plugin tutovideos
2024-08-03 19:11:14,161 [INFO] PluginManage:359 - Loaded plugin tutovideos (category:base,tabindex:-1)
2024-08-03 19:11:14,161 [INFO] PluginManage:310 - Check plugin updater
2024-08-03 19:11:14,180 [INFO] PluginManage:359 - Loaded plugin updater (category:base,tabindex:12)
2024-08-03 19:11:14,180 [INFO] PluginManage:310 - Check plugin userauth
2024-08-03 19:11:14,189 [INFO] UserAuth:114 - Init User Auth plugin
2024-08-03 19:11:14,189 [INFO] PluginManage:359 - Loaded plugin userauth (category:base,tabindex:14)
2024-08-03 19:11:14,190 [INFO] PluginManage:283 - PluginManage : Loaded plugins [17]
2024-08-03 19:11:14,507 [INFO] PinOutPanel:1561 - setPackage(No Configuration,No Configuration)
2024-08-03 19:11:14,621 [INFO] CADModel:165 - CPN selected for project level
2024-08-03 19:11:14,621 [INFO] CADModel:114 - Register for checkConnection events
2024-08-03 19:11:14,662 [INFO] IPUIPlugin:80 - create IPUIPlugin
2024-08-03 19:11:14,662 [INFO] PluginManager:220 - loadIPPluginJar : add adc
2024-08-03 19:11:14,705 [INFO] IPUIPlugin:80 - create IPUIPlugin
2024-08-03 19:11:14,705 [INFO] PluginManager:220 - loadIPPluginJar : add aes
2024-08-03 19:11:14,754 [INFO] IPUIPlugin:80 - create IPUIPlugin
2024-08-03 19:11:14,754 [INFO] PluginManager:220 - loadIPPluginJar : add can
2024-08-03 19:11:14,781 [INFO] IPUIPlugin:80 - create IPUIPlugin
2024-08-03 19:11:14,782 [INFO] PluginManager:220 - loadIPPluginJar : add comp
2024-08-03 19:11:14,825 [INFO] IPUIPlugin:80 - create IPUIPlugin
2024-08-03 19:11:14,825 [INFO] PluginManager:220 - loadIPPluginJar : add cryp
2024-08-03 19:11:14,864 [INFO] IPUIPlugin:80 - create IPUIPlugin
2024-08-03 19:11:14,864 [INFO] PluginManager:220 - loadIPPluginJar : add dfsdm
2024-08-03 19:11:14,881 [INFO] IPUIPlugin:80 - create IPUIPlugin
2024-08-03 19:11:14,882 [INFO] PluginManager:220 - loadIPPluginJar : add dma
2024-08-03 19:11:14,938 [INFO] IPUIPlugin:80 - create IPUIPlugin
2024-08-03 19:11:14,938 [INFO] PluginManager:220 - loadIPPluginJar : add dma3
2024-08-03 19:11:14,993 [INFO] IPUIPlugin:80 - create IPUIPlugin
2024-08-03 19:11:14,993 [INFO] PluginManager:220 - loadIPPluginJar : add extmemmanager
2024-08-03 19:11:15,018 [INFO] IPUIPlugin:80 - create IPUIPlugin
2024-08-03 19:11:15,018 [INFO] PluginManager:220 - loadIPPluginJar : add fatfs
2024-08-03 19:11:15,075 [INFO] IPUIPlugin:80 - create IPUIPlugin
2024-08-03 19:11:15,075 [INFO] PluginManager:220 - loadIPPluginJar : add fmc
2024-08-03 19:11:15,093 [INFO] IPUIPlugin:80 - create IPUIPlugin
2024-08-03 19:11:15,094 [INFO] PluginManager:220 - loadIPPluginJar : add freertos
2024-08-03 19:11:15,119 [INFO] IPUIPlugin:80 - create IPUIPlugin
2024-08-03 19:11:15,119 [INFO] PluginManager:220 - loadIPPluginJar : add genericplugin
2024-08-03 19:11:15,231 [INFO] IPUIPlugin:80 - create IPUIPlugin
2024-08-03 19:11:15,231 [INFO] PluginManager:220 - loadIPPluginJar : add gfxmmu
2024-08-03 19:11:15,401 [INFO] IPUIPlugin:80 - create IPUIPlugin
2024-08-03 19:11:15,401 [INFO] PluginManager:220 - loadIPPluginJar : add gic
2024-08-03 19:11:15,416 [INFO] IPUIPlugin:80 - create IPUIPlugin
2024-08-03 19:11:15,416 [INFO] PluginManager:220 - loadIPPluginJar : add gpio
2024-08-03 19:11:15,527 [INFO] IPUIPlugin:80 - create IPUIPlugin
2024-08-03 19:11:15,527 [INFO] PluginManager:220 - loadIPPluginJar : add gtzc
2024-08-03 19:11:15,564 [INFO] IPUIPlugin:80 - create IPUIPlugin
2024-08-03 19:11:15,564 [INFO] PluginManager:220 - loadIPPluginJar : add hash
2024-08-03 19:11:15,628 [INFO] IPUIPlugin:80 - create IPUIPlugin
2024-08-03 19:11:15,628 [INFO] PluginManager:220 - loadIPPluginJar : add i2c
2024-08-03 19:11:15,675 [INFO] IPUIPlugin:80 - create IPUIPlugin
2024-08-03 19:11:15,675 [INFO] PluginManager:220 - loadIPPluginJar : add i2s
2024-08-03 19:11:15,724 [INFO] IPUIPlugin:80 - create IPUIPlugin
2024-08-03 19:11:15,724 [INFO] PluginManager:220 - loadIPPluginJar : add i3c
2024-08-03 19:11:15,850 [INFO] IPUIPlugin:80 - create IPUIPlugin
2024-08-03 19:11:15,850 [INFO] PluginManager:220 - loadIPPluginJar : add ipddr
2024-08-03 19:11:15,960 [INFO] IPUIPlugin:80 - create IPUIPlugin
2024-08-03 19:11:15,961 [INFO] PluginManager:220 - loadIPPluginJar : add linkedlist
2024-08-03 19:11:16,002 [INFO] IPUIPlugin:80 - create IPUIPlugin
2024-08-03 19:11:16,002 [INFO] PluginManager:220 - loadIPPluginJar : add lorawan
2024-08-03 19:11:16,047 [INFO] IPUIPlugin:80 - create IPUIPlugin
2024-08-03 19:11:16,047 [INFO] PluginManager:220 - loadIPPluginJar : add ltdc
2024-08-03 19:11:16,064 [INFO] IPUIPlugin:80 - create IPUIPlugin
2024-08-03 19:11:16,064 [INFO] PluginManager:220 - loadIPPluginJar : add mdma
2024-08-03 19:11:16,079 [INFO] IPUIPlugin:80 - create IPUIPlugin
2024-08-03 19:11:16,079 [INFO] PluginManager:220 - loadIPPluginJar : add nvic
2024-08-03 19:11:16,123 [INFO] IPUIPlugin:80 - create IPUIPlugin
2024-08-03 19:11:16,123 [INFO] PluginManager:220 - loadIPPluginJar : add opamp
2024-08-03 19:11:16,197 [INFO] IPUIPlugin:80 - create IPUIPlugin
2024-08-03 19:11:16,197 [INFO] PluginManager:220 - loadIPPluginJar : add openamp
2024-08-03 19:11:16,247 [INFO] IPUIPlugin:80 - create IPUIPlugin
2024-08-03 19:11:16,247 [INFO] PluginManager:220 - loadIPPluginJar : add pdm2pcm
2024-08-03 19:11:16,265 [INFO] IPUIPlugin:80 - create IPUIPlugin
2024-08-03 19:11:16,268 [INFO] PluginManager:220 - loadIPPluginJar : add plateformsettings
2024-08-03 19:11:16,294 [INFO] IPUIPlugin:80 - create IPUIPlugin
2024-08-03 19:11:16,294 [INFO] PluginManager:220 - loadIPPluginJar : add quadspi
2024-08-03 19:11:16,310 [INFO] IPUIPlugin:80 - create IPUIPlugin
2024-08-03 19:11:16,310 [INFO] PluginManager:220 - loadIPPluginJar : add resmgrutility
2024-08-03 19:11:16,367 [INFO] IPUIPlugin:80 - create IPUIPlugin
2024-08-03 19:11:16,368 [INFO] PluginManager:220 - loadIPPluginJar : add sai
2024-08-03 19:11:16,411 [INFO] IPUIPlugin:80 - create IPUIPlugin
2024-08-03 19:11:16,411 [INFO] PluginManager:220 - loadIPPluginJar : add spi
2024-08-03 19:11:16,496 [INFO] IPUIPlugin:80 - create IPUIPlugin
2024-08-03 19:11:16,496 [INFO] PluginManager:220 - loadIPPluginJar : add stm32_wpan
2024-08-03 19:11:16,526 [INFO] IPUIPlugin:80 - create IPUIPlugin
2024-08-03 19:11:16,526 [INFO] PluginManager:220 - loadIPPluginJar : add tim
2024-08-03 19:11:16,599 [INFO] IPUIPlugin:80 - create IPUIPlugin
2024-08-03 19:11:16,599 [INFO] PluginManager:220 - loadIPPluginJar : add touchsensing
2024-08-03 19:11:16,627 [INFO] IPUIPlugin:80 - create IPUIPlugin
2024-08-03 19:11:16,627 [INFO] PluginManager:220 - loadIPPluginJar : add tracer_emb
2024-08-03 19:11:16,655 [INFO] IPUIPlugin:80 - create IPUIPlugin
2024-08-03 19:11:16,655 [INFO] PluginManager:220 - loadIPPluginJar : add ts
2024-08-03 19:11:16,681 [INFO] IPUIPlugin:80 - create IPUIPlugin
2024-08-03 19:11:16,682 [INFO] PluginManager:220 - loadIPPluginJar : add tsc
2024-08-03 19:11:16,709 [INFO] IPUIPlugin:80 - create IPUIPlugin
2024-08-03 19:11:16,710 [INFO] PluginManager:220 - loadIPPluginJar : add ucpd
2024-08-03 19:11:16,762 [INFO] IPUIPlugin:80 - create IPUIPlugin
2024-08-03 19:11:16,762 [INFO] PluginManager:220 - loadIPPluginJar : add usart
2024-08-03 19:11:16,815 [INFO] IPUIPlugin:80 - create IPUIPlugin
2024-08-03 19:11:16,815 [INFO] PluginManager:220 - loadIPPluginJar : add usbx
2024-08-03 19:11:16,868 [INFO] ThirdPartyUpdaterWithRetryManager:70 - Updater plugin not ready yet. [2/15]
2024-08-03 19:11:16,964 [INFO] CADModel:165 - CPN selected for project level
2024-08-03 19:11:16,964 [INFO] CADModel:114 - Register for checkConnection events
2024-08-03 19:11:16,964 [FATAL] Updater:308 - Updater called before beeing initialized
2024-08-03 19:11:16,965 [ERROR] CADModel:125 - Updater not yet initialized, retry later 
2024-08-03 19:11:17,153 [INFO] CADModel:165 - CPN selected for project level
2024-08-03 19:11:17,153 [INFO] CADModel:114 - Register for checkConnection events
2024-08-03 19:11:17,153 [FATAL] Updater:308 - Updater called before beeing initialized
2024-08-03 19:11:17,153 [ERROR] CADModel:125 - Updater not yet initialized, retry later 
2024-08-03 19:11:17,157 [FATAL] Updater:308 - Updater called before beeing initialized
2024-08-03 19:11:17,344 [FATAL] Updater:308 - Updater called before beeing initialized
2024-08-03 19:11:17,356 [INFO] DbMcusAds:53 - JSON generation date=Thu May 16 06:22:01 BRT 2024 (1715851321109)
2024-08-03 19:11:17,356 [FATAL] Updater:308 - Updater called before beeing initialized
2024-08-03 19:11:17,460 [WARN] DetailPanel:346 - Failed to get advertising image, set to default
2024-08-03 19:11:17,581 [FATAL] Updater:308 - Updater called before beeing initialized
2024-08-03 19:11:17,584 [FATAL] Updater:308 - Updater called before beeing initialized
2024-08-03 19:11:17,584 [FATAL] Updater:308 - Updater called before beeing initialized
2024-08-03 19:11:17,584 [WARN] DetailPanel:346 - Failed to get advertising image, set to default
2024-08-03 19:11:17,585 [FATAL] Updater:308 - Updater called before beeing initialized
2024-08-03 19:11:17,666 [ERROR] Updater:1120 - MainUpdater not yet initialized. External WinMGr cannot be set.
2024-08-03 19:11:17,679 [INFO] Updater:1056 - Updater Version found : 6.11.1
2024-08-03 19:11:17,711 [INFO] ApplicationProperties:184 - Using Application install path: C:\ST\STM32CubeIDE_1.15.1\STM32CubeIDE\plugins\com.st.stm32cube.common.mx_6.11.1.202404110753
2024-08-03 19:11:19,298 [ERROR] LogOutputStream:75 - [STDERR_REDIRECT] Aug 03, 2024 7:11:19 PM java.util.prefs.WindowsPreferences <init>
2024-08-03 19:11:19,300 [ERROR] LogOutputStream:75 - [STDERR_REDIRECT] WARNING: Could not open/create prefs root node Software\JavaSoft\Prefs at root 0xffffffff80000002. Windows RegCreateKeyEx(...) returned error code 5.
2024-08-03 19:11:19,301 [ERROR] LogOutputStream:75 - [STDERR_REDIRECT] 
2024-08-03 19:11:19,771 [INFO] MainUpdater:2873 - connection check result : 10
2024-08-03 19:11:19,771 [INFO] MainUpdater:3567 - Updater definition file requires update
2024-08-03 19:11:19,772 [INFO] MainUpdater:290 - Updater Check For Update Now.
2024-08-03 19:11:19,773 [INFO] MicroXplorer:498 - Change Database Version : DB.6.0.111
2024-08-03 19:11:19,794 [INFO] McuFinderGlobals:63 - Set McuFinder mode to 2 (CubeIDE integrated)
2024-08-03 19:11:19,807 [INFO] UserAuth:415 - Internet connection configuration mode: 1
2024-08-03 19:11:19,838 [INFO] JxBrowserEngine:152 - Initiate JxBrowser Engine with user profile folder
2024-08-03 19:11:19,851 [INFO] ServerAccessManage:473 - Download File updaters.zip
2024-08-03 19:11:19,872 [WARN] MainUpdater:1194 - Updater busy. Cannot search thirdparties
2024-08-03 19:11:19,873 [INFO] ThirdPartyUpdaterWithRetryManager:96 - Updater plugin is busy. [1/15]
2024-08-03 19:11:19,945 [INFO] FileExtend:240 - Unzip File : updaters.zip
2024-08-03 19:11:19,945 [INFO] FileExtend:255 - Standard Zip Deflate
2024-08-03 19:11:20,536 [INFO] ServerAccessManage:473 - Download File PacksControlFlags.xml
2024-08-03 19:11:20,652 [INFO] ServerAccessManage:473 - Download File cubemx.pidx
2024-08-03 19:11:20,805 [INFO] LoadServerUpdatesThread:375 - End of LoadServerUpdate Thread
2024-08-03 19:11:21,081 [INFO] CheckServerUpdateThread:120 - End of CheckServer Thread
2024-08-03 19:11:23,512 [WARN] PackLoader:240 - Cannot read IP mode file for STMicroelectronics.FP-SNS-MOTENVWB1.1.4.0
2024-08-03 19:11:23,555 [WARN] PackLoader:240 - Cannot read IP mode file for STMicroelectronics.X-CUBE-SMBUS.2.1.0
2024-08-03 19:11:23,593 [WARN] PackLoader:240 - Cannot read IP mode file for STMicroelectronics.X-CUBE-TOUCHGFX.4.23.2
2024-08-03 19:11:23,652 [WARN] PackLoader:240 - Cannot read IP mode file for STMicroelectronics.X-CUBE-AZRTOS-F7.1.1.0
2024-08-03 19:11:23,677 [WARN] PackLoader:240 - Cannot read IP mode file for STMicroelectronics.FP-SNS-FLIGHT1.5.0.2
2024-08-03 19:11:23,701 [WARN] PackLoader:240 - Cannot read IP mode file for STMicroelectronics.X-CUBE-DISPLAY.3.0.0
2024-08-03 19:11:23,739 [WARN] PackLoader:240 - Cannot read IP mode file for STMicroelectronics.X-CUBE-BLE1.7.0.0
2024-08-03 19:11:23,762 [WARN] PackLoader:240 - Cannot read IP mode file for emotas.I-CUBE-CANOPEN.1.3.0
2024-08-03 19:11:23,789 [WARN] PackLoader:240 - Cannot read IP mode file for STMicroelectronics.X-CUBE-BLEMGR.3.1.0
2024-08-03 19:11:23,812 [WARN] PackLoader:240 - Cannot read IP mode file for STMicroelectronics.FP-SNS-SMARTAG2.1.2.0
2024-08-03 19:11:23,840 [INFO] LogOutputStream:77 - [STDOUT_REDIRECT] 1 : Invalid condition id : UX_CORESTACK_Condition cause : null
2024-08-03 19:11:23,840 [INFO] LogOutputStream:77 - [STDOUT_REDIRECT] 1 : Invalid condition id : UX_CORESTACK_Condition cause : null
2024-08-03 19:11:23,842 [INFO] LogOutputStream:77 - [STDOUT_REDIRECT] 1 : Invalid condition id : UX_CORESTACK_Condition cause : null
2024-08-03 19:11:23,844 [INFO] LogOutputStream:77 - [STDOUT_REDIRECT] 1 : Invalid condition id : UX_CORESTACK_Condition cause : null
2024-08-03 19:11:23,846 [INFO] LogOutputStream:77 - [STDOUT_REDIRECT] 1 : Invalid condition id : UX_CORESTACK_Condition cause : null
2024-08-03 19:11:23,850 [WARN] PackLoader:240 - Cannot read IP mode file for STMicroelectronics.X-CUBE-AZRTOS-WL.2.0.0
2024-08-03 19:11:23,869 [WARN] PackLoader:240 - Cannot read IP mode file for STMicroelectronics.FP-SNS-MOTENV1.5.0.0
2024-08-03 19:11:23,885 [WARN] PackLoader:240 - Cannot read IP mode file for wolfSSL.I-CUBE-wolfMQTT.1.19.0
2024-08-03 19:11:23,904 [WARN] PackLoader:240 - Cannot read IP mode file for WES.I-CUBE-Cesium.1.3.0
2024-08-03 19:11:23,919 [WARN] PackLoader:240 - Cannot read IP mode file for STMicroelectronics.X-CUBE-BLE2.3.3.0
2024-08-03 19:11:23,936 [WARN] PackLoader:240 - Cannot read IP mode file for STMicroelectronics.X-CUBE-TCPP.4.1.0
2024-08-03 19:11:23,986 [WARN] PackLoader:240 - Cannot read IP mode file for STMicroelectronics.X-CUBE-AZRTOS-G0.1.1.0
2024-08-03 19:11:24,035 [WARN] PackLoader:240 - Cannot read IP mode file for STMicroelectronics.X-CUBE-SAFEA1.1.2.2
2024-08-03 19:11:24,074 [WARN] PackLoader:240 - Cannot read IP mode file for STMicroelectronics.X-CUBE-NFC4.3.0.0
2024-08-03 19:11:24,117 [WARN] PackLoader:240 - Cannot read IP mode file for wolfSSL.I-CUBE-wolfMQTT.1.18.0
2024-08-03 19:11:24,164 [WARN] PackLoader:240 - Cannot read IP mode file for EmbeddedOffice.I-CUBE-FS-RTOS.1.0.1
2024-08-03 19:11:24,164 [ERROR] ConditionMgr:805 - Attr not supported : Dmpu
2024-08-03 19:11:24,164 [ERROR] ConditionMgr:805 - Attr not supported : Dmpu
2024-08-03 19:11:24,164 [ERROR] ConditionMgr:805 - Attr not supported : Dmpu
2024-08-03 19:11:24,165 [ERROR] ConditionMgr:805 - Attr not supported : Dmpu
2024-08-03 19:11:24,165 [ERROR] ConditionMgr:805 - Attr not supported : Dmpu
2024-08-03 19:11:24,165 [ERROR] ConditionMgr:805 - Attr not supported : Dmpu
2024-08-03 19:11:24,165 [ERROR] ConditionMgr:805 - Attr not supported : Dmpu
2024-08-03 19:11:24,165 [ERROR] ConditionMgr:805 - Attr not supported : Dmpu
2024-08-03 19:11:24,165 [ERROR] ConditionMgr:805 - Attr not supported : Dmpu
2024-08-03 19:11:24,165 [ERROR] ConditionMgr:805 - Attr not supported : Dmpu
2024-08-03 19:11:24,165 [ERROR] ConditionMgr:805 - Attr not supported : Dmpu
2024-08-03 19:11:24,165 [ERROR] ConditionMgr:805 - Attr not supported : Dmpu
2024-08-03 19:11:24,165 [ERROR] ConditionMgr:805 - Attr not supported : Dmpu
2024-08-03 19:11:24,165 [ERROR] ConditionMgr:805 - Attr not supported : Dmpu
2024-08-03 19:11:24,165 [ERROR] ConditionMgr:805 - Attr not supported : Dmpu
2024-08-03 19:11:24,165 [ERROR] ConditionMgr:805 - Attr not supported : Dmpu
2024-08-03 19:11:24,166 [ERROR] ConditionMgr:805 - Attr not supported : Dmpu
2024-08-03 19:11:24,166 [ERROR] ConditionMgr:805 - Attr not supported : Dmpu
2024-08-03 19:11:24,166 [ERROR] ConditionMgr:805 - Attr not supported : Dmpu
2024-08-03 19:11:24,166 [ERROR] ConditionMgr:805 - Attr not supported : Dmpu
2024-08-03 19:11:24,166 [ERROR] ConditionMgr:805 - Attr not supported : Dmpu
2024-08-03 19:11:24,166 [ERROR] ConditionMgr:805 - Attr not supported : Dmpu
2024-08-03 19:11:24,166 [ERROR] ConditionMgr:805 - Attr not supported : Dmpu
2024-08-03 19:11:24,166 [ERROR] ConditionMgr:805 - Attr not supported : Dmpu
2024-08-03 19:11:24,166 [ERROR] ConditionMgr:805 - Attr not supported : Dmpu
2024-08-03 19:11:24,166 [ERROR] ConditionMgr:805 - Attr not supported : Dmpu
2024-08-03 19:11:24,167 [ERROR] ConditionMgr:805 - Attr not supported : Dmpu
2024-08-03 19:11:24,167 [ERROR] ConditionMgr:805 - Attr not supported : Dmpu
2024-08-03 19:11:24,167 [ERROR] ConditionMgr:805 - Attr not supported : Dmpu
2024-08-03 19:11:24,167 [ERROR] ConditionMgr:805 - Attr not supported : Dmpu
2024-08-03 19:11:24,167 [ERROR] ConditionMgr:805 - Attr not supported : Dmpu
2024-08-03 19:11:24,167 [ERROR] ConditionMgr:805 - Attr not supported : Dmpu
2024-08-03 19:11:24,167 [ERROR] ConditionMgr:805 - Attr not supported : Dmpu
2024-08-03 19:11:24,167 [ERROR] ConditionMgr:805 - Attr not supported : Dmpu
2024-08-03 19:11:24,167 [ERROR] ConditionMgr:805 - Attr not supported : Dmpu
2024-08-03 19:11:24,167 [ERROR] ConditionMgr:805 - Attr not supported : Dmpu
2024-08-03 19:11:24,167 [ERROR] ConditionMgr:805 - Attr not supported : Dmpu
2024-08-03 19:11:24,167 [ERROR] ConditionMgr:805 - Attr not supported : Dmpu
2024-08-03 19:11:24,168 [ERROR] ConditionMgr:805 - Attr not supported : Dmpu
2024-08-03 19:11:24,168 [ERROR] ConditionMgr:805 - Attr not supported : Dmpu
2024-08-03 19:11:24,168 [ERROR] ConditionMgr:805 - Attr not supported : Dmpu
2024-08-03 19:11:24,168 [ERROR] ConditionMgr:805 - Attr not supported : Dmpu
2024-08-03 19:11:24,168 [ERROR] ConditionMgr:805 - Attr not supported : Dmpu
2024-08-03 19:11:24,168 [ERROR] ConditionMgr:805 - Attr not supported : Dmpu
2024-08-03 19:11:24,168 [ERROR] ConditionMgr:805 - Attr not supported : Dmpu
2024-08-03 19:11:24,168 [ERROR] ConditionMgr:805 - Attr not supported : Dmpu
2024-08-03 19:11:24,168 [ERROR] ConditionMgr:805 - Attr not supported : Dmpu
2024-08-03 19:11:24,168 [ERROR] ConditionMgr:805 - Attr not supported : Dmpu
2024-08-03 19:11:24,168 [ERROR] ConditionMgr:805 - Attr not supported : Dmpu
2024-08-03 19:11:24,169 [ERROR] ConditionMgr:805 - Attr not supported : Dmpu
2024-08-03 19:11:24,169 [ERROR] ConditionMgr:805 - Attr not supported : Dmpu
2024-08-03 19:11:24,169 [ERROR] ConditionMgr:805 - Attr not supported : Dmpu
2024-08-03 19:11:24,169 [ERROR] ConditionMgr:805 - Attr not supported : Dmpu
2024-08-03 19:11:24,169 [ERROR] ConditionMgr:805 - Attr not supported : Dmpu
2024-08-03 19:11:24,169 [ERROR] ConditionMgr:805 - Attr not supported : Dmpu
2024-08-03 19:11:24,169 [ERROR] ConditionMgr:805 - Attr not supported : Dmpu
2024-08-03 19:11:24,169 [ERROR] ConditionMgr:805 - Attr not supported : Dmpu
2024-08-03 19:11:24,169 [ERROR] ConditionMgr:805 - Attr not supported : Dmpu
2024-08-03 19:11:24,169 [ERROR] ConditionMgr:805 - Attr not supported : Dmpu
2024-08-03 19:11:24,170 [ERROR] ConditionMgr:805 - Attr not supported : Dmpu
2024-08-03 19:11:24,170 [ERROR] ConditionMgr:805 - Attr not supported : Dmpu
2024-08-03 19:11:24,170 [ERROR] ConditionMgr:805 - Attr not supported : Dmpu
2024-08-03 19:11:24,170 [ERROR] ConditionMgr:805 - Attr not supported : Dmpu
2024-08-03 19:11:24,170 [ERROR] ConditionMgr:805 - Attr not supported : Dmpu
2024-08-03 19:11:24,412 [WARN] PackLoader:240 - Cannot read IP mode file for RealThread.X-CUBE-RT-Thread_Nano.4.1.1
2024-08-03 19:11:24,430 [WARN] PackLoader:240 - Cannot read IP mode file for wolfSSL.I-CUBE-wolfSSL.5.7.0
2024-08-03 19:11:24,552 [WARN] PackLoader:240 - Cannot read IP mode file for STMicroelectronics.FP-ATR-SIGFOX1.3.2.0
2024-08-03 19:11:24,586 [WARN] PackLoader:240 - Cannot read IP mode file for STMicroelectronics.X-CUBE-EEPRMA1.5.1.0
2024-08-03 19:11:24,612 [WARN] PackLoader:240 - Cannot read IP mode file for ITTIA_DB.I-CUBE-ITTIADB.8.9.0
2024-08-03 19:11:24,682 [WARN] PackLoader:240 - Cannot read IP mode file for SEGGER.I-CUBE-embOS.1.3.1
2024-08-03 19:11:24,760 [WARN] PackLoader:240 - Cannot read IP mode file for STMicroelectronics.X-CUBE-ALGOBUILD.1.4.0
2024-08-03 19:11:24,781 [WARN] PackLoader:240 - Cannot read IP mode file for STMicroelectronics.X-CUBE-GNSS1.6.0.0
2024-08-03 19:11:24,832 [WARN] PackLoader:240 - Cannot read IP mode file for STMicroelectronics.X-CUBE-AZRTOS-F4.1.1.0
2024-08-03 19:11:24,857 [WARN] PackLoader:240 - Cannot read IP mode file for STMicroelectronics.X-CUBE-FREERTOS.1.2.0
2024-08-03 19:11:24,899 [WARN] PackLoader:240 - Cannot read IP mode file for STMicroelectronics.X-CUBE-AZRTOS-L5.2.0.0
2024-08-03 19:11:24,942 [WARN] PackLoader:240 - Cannot read IP mode file for STMicroelectronics.X-CUBE-NFC6.3.1.0
2024-08-03 19:11:24,989 [WARN] PackLoader:240 - Cannot read IP mode file for STMicroelectronics.X-CUBE-DPower.1.2.0
2024-08-03 19:11:25,013 [WARN] PackLoader:240 - Cannot read IP mode file for STMicroelectronics.X-CUBE-AI.9.0.0
2024-08-03 19:11:25,040 [WARN] PackLoader:240 - Cannot read IP mode file for STMicroelectronics.X-CUBE-NFC7.1.0.1
2024-08-03 19:11:25,055 [WARN] PackLoader:240 - Cannot read IP mode file for wolfSSL.I-CUBE-wolfTPM.3.2.0
2024-08-03 19:11:25,102 [WARN] ConditionMgr:438 - getConditionDescription Invalid condition id : LAN8742 Phy interface Condition cause : null
2024-08-03 19:11:25,103 [WARN] PackLoader:240 - Cannot read IP mode file for STMicroelectronics.X-CUBE-AZRTOS-L4.2.0.0
2024-08-03 19:11:25,105 [WARN] ConditionMgr:1039 - genDependencies : Invalid condition id : LAN8742 Phy interface Condition cause : null
2024-08-03 19:11:25,105 [WARN] ConditionMgr:1039 - genDependencies : Invalid condition id : LAN8742 Phy interface Condition cause : null
2024-08-03 19:11:25,106 [WARN] ConditionMgr:1039 - genDependencies : Invalid condition id : LAN8742 Phy interface Condition cause : null
2024-08-03 19:11:25,134 [WARN] PackLoader:240 - Cannot read IP mode file for STMicroelectronics.X-CUBE-SFXS2LP1.4.0.0
2024-08-03 19:11:25,172 [WARN] ConditionMgr:438 - getConditionDescription Invalid condition id : UX DEVICE CLASS RTOS Condition cause : null
2024-08-03 19:11:25,172 [WARN] ConditionMgr:438 - getConditionDescription Invalid condition id : UX DEVICE CLASS RTOS Condition cause : null
2024-08-03 19:11:25,175 [WARN] PackLoader:240 - Cannot read IP mode file for STMicroelectronics.X-CUBE-AZRTOS-WB.2.0.0
2024-08-03 19:11:25,176 [WARN] ConditionMgr:1039 - genDependencies : Invalid condition id : UX DEVICE CLASS RTOS Condition cause : null
2024-08-03 19:11:25,177 [WARN] ConditionMgr:1039 - genDependencies : Invalid condition id : UX DEVICE CLASS RTOS Condition cause : null
2024-08-03 19:11:25,177 [WARN] ConditionMgr:1039 - genDependencies : Invalid condition id : UX DEVICE CLASS RTOS Condition cause : null
2024-08-03 19:11:25,177 [WARN] ConditionMgr:1039 - genDependencies : Invalid condition id : UX DEVICE CLASS RTOS Condition cause : null
2024-08-03 19:11:25,178 [WARN] ConditionMgr:1039 - genDependencies : Invalid condition id : UX DEVICE CLASS RTOS Condition cause : null
2024-08-03 19:11:25,200 [WARN] PackLoader:240 - Cannot read IP mode file for STMicroelectronics.FP-SNS-STBOX1.2.0.0
2024-08-03 19:11:25,233 [WARN] PackLoader:240 - Cannot read IP mode file for STMicroelectronics.X-CUBE-SUBG2.5.0.0
2024-08-03 19:11:25,336 [WARN] PackLoader:240 - Cannot read IP mode file for STMicroelectronics.X-CUBE-AZRTOS-G4.2.0.0
2024-08-03 19:11:25,362 [WARN] PackLoader:240 - Cannot read IP mode file for STMicroelectronics.X-CUBE-ISPU.2.0.0
2024-08-03 19:11:25,386 [WARN] PackLoader:240 - Cannot read IP mode file for STMicroelectronics.X-CUBE-ALS.1.0.2
2024-08-03 19:11:25,481 [WARN] PackLoader:240 - Cannot read IP mode file for STMicroelectronics.X-CUBE-MEMS1.10.0.0
2024-08-03 19:11:25,607 [WARN] PackLoader:240 - Cannot read IP mode file for STMicroelectronics.X-CUBE-TOUCHGFX.4.24.0
2024-08-03 19:11:25,628 [WARN] PackLoader:240 - Cannot read IP mode file for portGmbH.I-Cube-SoM-uGOAL.1.1.0
2024-08-03 19:11:25,641 [WARN] PackLoader:240 - Cannot read IP mode file for STMicroelectronics.X-CUBE-ALS.1.0.1
2024-08-03 19:11:25,683 [WARN] PackLoader:240 - Cannot read IP mode file for STMicroelectronics.X-CUBE-AZRTOS-H7RS.1.0.0
2024-08-03 19:11:25,700 [WARN] PackLoader:240 - Cannot read IP mode file for STMicroelectronics.FP-ATR-ASTRA1.2.0.0
2024-08-03 19:11:25,732 [WARN] PackLoader:240 - Cannot read IP mode file for STMicroelectronics.X-CUBE-TOF1.3.4.2
2024-08-03 19:11:25,767 [WARN] PackLoader:240 - Cannot read IP mode file for STMicroelectronics.X-CUBE-TOF1.3.4.1
2024-08-03 19:11:25,817 [WARN] PackLoader:240 - Cannot read IP mode file for STMicroelectronics.X-CUBE-AZRTOS-H7.3.2.0
2024-08-03 19:11:25,854 [WARN] PackLoader:240 - Cannot read IP mode file for Infineon.AIROC-Wi-Fi-Bluetooth-STM32.1.6.0
2024-08-03 19:11:25,871 [WARN] PackLoader:240 - Cannot read IP mode file for wolfSSL.I-CUBE-wolfSSH.1.4.17
2024-08-03 19:11:25,872 [INFO] ThirdParty:978 - Integrity check success = true
2024-08-03 19:11:25,872 [INFO] IntegrityCheckThread:100 - exiting critical section [integrity check]
2024-08-03 19:11:25,872 [INFO] IntegrityCheckThread:103 - End integrity checks thread
2024-08-03 19:11:28,448 [INFO] WebApp:161 - Instantiating new browser for Auth
2024-08-03 19:11:29,701 [INFO] WebApp:779 - Register for checkConnection events
2024-08-03 19:11:29,702 [INFO] WebApp:414 - Apply proxy settings
2024-08-03 19:11:29,702 [INFO] WebApp:499 - Chromium requires no authentication
2024-08-03 19:11:29,713 [INFO] WebApp:442 - Direct internet connection detected
2024-08-03 19:11:29,989 [INFO] WebApp:192 - Starting web application
2024-08-03 19:11:29,989 [INFO] WebApp:544 - Web application path used C:\ST\STM32CubeIDE_1.15.1\STM32CubeIDE\plugins\com.st.stm32cube.common.mx_6.11.1.202404110753\db\plugins\mcufinder\reactClient1\index.html
2024-08-03 23:34:20,804 [INFO] WebApp:354 - JxBrowser engine has been closed 
