../Middlewares/ST/rfal/Src/rfal_nfcb.c:183:19:rfalNfcbCheckSensbRes	0	static
../Middlewares/ST/rfal/Src/rfal_nfcb.c:204:19:rfalNfcbPollerSleepTx.isra	32	static
../Middlewares/ST/rfal/Src/rfal_nfcb.c:231:12:rfalNfcbPollerInitialize	8	static
../Middlewares/ST/rfal/Src/rfal_nfcb.c:250:12:rfalNfcbPollerInitializeWithParams	16	static
../Middlewares/ST/rfal/Src/rfal_nfcb.c:276:12:rfalNfcbPollerStartCheckPresence	56	static
../Middlewares/ST/rfal/Src/rfal_nfcb.c:305:12:rfalNfcbPollerGetCheckPresenceStatus	8	static
../Middlewares/ST/rfal/Src/rfal_nfcb.c:264:12:rfalNfcbPollerCheckPresence	8	static
../Middlewares/ST/rfal/Src/rfal_nfcb.c:332:12:rfalNfcbPollerSleep	40	static
../Middlewares/ST/rfal/Src/rfal_nfcb.c:372:12:rfalNfcbPollerStartSlotMarker	32	static
../Middlewares/ST/rfal/Src/rfal_nfcb.c:394:12:rfalNfcbPollerGetSlotMarkerStatus	8	static
../Middlewares/ST/rfal/Src/rfal_nfcb.c:360:12:rfalNfcbPollerSlotMarker	8	static
../Middlewares/ST/rfal/Src/rfal_nfcb.c:419:12:rfalNfcbPollerTechnologyDetection	0	static
../Middlewares/ST/rfal/Src/rfal_nfcb.c:426:12:rfalNfcbPollerStartTechnologyDetection	0	static
../Middlewares/ST/rfal/Src/rfal_nfcb.c:433:12:rfalNfcbPollerGetTechnologyDetectionStatus	0	static
../Middlewares/ST/rfal/Src/rfal_nfcb.c:471:12:rfalNfcbPollerStartSlottedCollisionResolution	20	static
../Middlewares/ST/rfal/Src/rfal_nfcb.c:464:12:rfalNfcbPollerStartCollisionResolution	24	static
../Middlewares/ST/rfal/Src/rfal_nfcb.c:503:12:rfalNfcbPollerGetCollisionResolutionStatus	24	static
../Middlewares/ST/rfal/Src/rfal_nfcb.c:440:12:rfalNfcbPollerCollisionResolution	8	static
../Middlewares/ST/rfal/Src/rfal_nfcb.c:452:12:rfalNfcbPollerSlottedCollisionResolution	24	static
../Middlewares/ST/rfal/Src/rfal_nfcb.c:704:10:rfalNfcbTR2ToFDT	8	static
