../Middlewares/ST/rfal/Src/rfal_analogConfig.c:106:6:rfalAnalogConfigInitialize	0	static
../Middlewares/ST/rfal/Src/rfal_analogConfig.c:124:6:rfalAnalogConfigIsReady	0	static
../Middlewares/ST/rfal/Src/rfal_analogConfig.c:131:12:rfalAnalogConfigListWriteRaw	0	static
../Middlewares/ST/rfal/Src/rfal_analogConfig.c:172:12:rfalAnalogConfigListWrite	0	static
../Middlewares/ST/rfal/Src/rfal_analogConfig.c:236:12:rfalAnalogConfigListReadRaw	16	static
../Middlewares/ST/rfal/Src/rfal_analogConfig.c:262:12:rfalAnalogConfigListRead	24	static
../Middlewares/ST/rfal/Src/rfal_analogConfig.c:295:12:rfalSetAnalogConfig	40	static
../Middlewares/ST/rfal/Src/rfal_analogConfig.c:345:10:rfalAnalogConfigGenModeID	8	static
