../Middlewares/ST/rfal/Src/rfal_nfc.c:2170:19:rfalNfcDeactivation	16	static
../Middlewares/ST/rfal/Src/rfal_nfc.c:138:12:rfalNfcInitialize	16	static
../Middlewares/ST/rfal/Src/rfal_nfc.c:164:12:rfalNfcDiscover	16	static
../Middlewares/ST/rfal/Src/rfal_nfc.c:242:12:rfalNfcDeactivate	16	static
../Middlewares/ST/rfal/Src/rfal_nfc.c:278:12:rfalNfcSelect	0	static
../Middlewares/ST/rfal/Src/rfal_nfc.c:294:14:rfalNfcGetState	0	static
../Middlewares/ST/rfal/Src/rfal_nfc.c:300:12:rfalNfcGetDevicesFound	0	static
../Middlewares/ST/rfal/Src/rfal_nfc.c:321:12:rfalNfcGetActiveDevice	0	static
../Middlewares/ST/rfal/Src/rfal_nfc.c:620:12:rfalNfcDataExchangeStart	48	static
../Middlewares/ST/rfal/Src/rfal_nfc.c:757:12:rfalNfcDataExchangeGetStatus	8	static
../Middlewares/ST/rfal/Src/rfal_nfc.c:347:6:rfalNfcWorker	104	static
