../Middlewares/ST/rfal/Src/rfal_nfcv.c:180:12:rfalNfcvPollerInitialize	8	static
../Middlewares/ST/rfal/Src/rfal_nfcv.c:212:12:rfalNfcvPollerInventory	48	static
../Middlewares/ST/rfal/Src/rfal_nfcv.c:195:12:rfalNfcvPollerCheckPresence	16	static
../Middlewares/ST/rfal/Src/rfal_nfcv.c:253:12:rfalNfcvPollerCollisionResolution	208	static
../Middlewares/ST/rfal/Src/rfal_nfcv.c:441:12:rfalNfcvPollerSleep	40	static
../Middlewares/ST/rfal/Src/rfal_nfcv.c:410:12:rfalNfcvPollerSleepCollisionResolution	56	static
../Middlewares/ST/rfal/Src/rfal_nfcv.c:543:12:rfalNfcvPollerWriteMultipleBlocks	88	static
../Middlewares/ST/rfal/Src/rfal_nfcv.c:681:12:rfalNfcvPollerExtendedWriteMultipleBlocks	88	static
../Middlewares/ST/rfal/Src/rfal_nfcv.c:760:12:rfalNfcvPollerTransceiveReq	112	static
../Middlewares/ST/rfal/Src/rfal_nfcv.c:468:12:rfalNfcvPollerSelect	80	static
../Middlewares/ST/rfal/Src/rfal_nfcv.c:482:12:rfalNfcvPollerReadSingleBlock	40	static
../Middlewares/ST/rfal/Src/rfal_nfcv.c:492:12:rfalNfcvPollerWriteSingleBlock	128	static
../Middlewares/ST/rfal/Src/rfal_nfcv.c:516:12:rfalNfcvPollerLockBlock	80	static
../Middlewares/ST/rfal/Src/rfal_nfcv.c:528:12:rfalNfcvPollerReadMultipleBlocks	40	static
../Middlewares/ST/rfal/Src/rfal_nfcv.c:606:12:rfalNfcvPollerExtendedReadSingleBlock	40	static
../Middlewares/ST/rfal/Src/rfal_nfcv.c:622:12:rfalNfcvPollerExtendedWriteSingleBlock	128	static
../Middlewares/ST/rfal/Src/rfal_nfcv.c:647:12:rfalNfcvPollerExtendedLockSingleBlock	80	static
../Middlewares/ST/rfal/Src/rfal_nfcv.c:664:12:rfalNfcvPollerExtendedReadMultipleBlocks	40	static
../Middlewares/ST/rfal/Src/rfal_nfcv.c:748:12:rfalNfcvPollerGetSystemInformation	32	static
../Middlewares/ST/rfal/Src/rfal_nfcv.c:754:12:rfalNfcvPollerExtendedGetSystemInformation	32	static
