../Middlewares/ST/rfal/Src/rfal_iso15693_2.c:476:19:rfalIso15693PhyVCDCode1Of256	8	static
../Middlewares/ST/rfal/Src/rfal_iso15693_2.c:418:19:rfalIso15693PhyVCDCode1Of4	8	static
../Middlewares/ST/rfal/Src/rfal_iso15693_2.c:97:12:rfalIso15693PhyConfigure	8	static
../Middlewares/ST/rfal/Src/rfal_iso15693_2.c:124:12:rfalIso15693PhyGetConfiguration	0	static
../Middlewares/ST/rfal/Src/rfal_iso15693_2.c:131:12:rfalIso15693VCDCode	64	static
../Middlewares/ST/rfal/Src/rfal_iso15693_2.c:270:12:rfalIso15693VICCDecode	56	static
