../Middlewares/ST/rfal/Src/rfal_nfca.c:224:19:rfalNfcaPollerStartSingleCollisionResolution	16	static
../Middlewares/ST/rfal/Src/rfal_nfca.c:517:12:rfalNfcaPollerInitialize	8	static
../Middlewares/ST/rfal/Src/rfal_nfca.c:533:12:rfalNfcaPollerCheckPresence	24	static
../Middlewares/ST/rfal/Src/rfal_nfca.c:259:19:rfalNfcaPollerGetSingleCollisionResolutionStatus	40	static
../Middlewares/ST/rfal/Src/rfal_nfca.c:597:12:rfalNfcaPollerSingleCollisionResolution	16	static
../Middlewares/ST/rfal/Src/rfal_nfca.c:609:12:rfalNfcaPollerStartFullCollisionResolution	48	static
../Middlewares/ST/rfal/Src/rfal_nfca.c:869:12:rfalNfcaPollerStartSelect	8	static
../Middlewares/ST/rfal/Src/rfal_nfca.c:891:12:rfalNfcaPollerGetSelectStatus	32	static
../Middlewares/ST/rfal/Src/rfal_nfca.c:857:12:rfalNfcaPollerSelect	8	static
../Middlewares/ST/rfal/Src/rfal_nfca.c:971:12:rfalNfcaPollerStartSleep	40	static
../Middlewares/ST/rfal/Src/rfal_nfca.c:564:12:rfalNfcaPollerStartTechnologyDetection	8	static
../Middlewares/ST/rfal/Src/rfal_nfca.c:984:12:rfalNfcaPollerGetSleepStatus	8	static
../Middlewares/ST/rfal/Src/rfal_nfca.c:582:12:rfalNfcaPollerGetTechnologyDetectionStatus	8	static
../Middlewares/ST/rfal/Src/rfal_nfca.c:552:12:rfalNfcaPollerTechnologyDetection	8	static
../Middlewares/ST/rfal/Src/rfal_nfca.c:694:12:rfalNfcaPollerGetFullCollisionResolutionStatus	24	static
../Middlewares/ST/rfal/Src/rfal_nfca.c:795:12:rfalNfcaPollerFullCollisionResolution	8	static
../Middlewares/ST/rfal/Src/rfal_nfca.c:959:12:rfalNfcaPollerSleep	8	static
../Middlewares/ST/rfal/Src/rfal_nfca.c:805:12:rfalNfcaPollerSleepFullCollisionResolution	32	static
../Middlewares/ST/rfal/Src/rfal_nfca.c:999:6:rfalNfcaListenerIsSleepReq	0	static
