../Drivers/STM32L0xx_HAL_Driver/Src/stm32l0xx_hal_dma.c:841:13:DMA_SetConfig	16	static
../Drivers/STM32L0xx_HAL_Driver/Src/stm32l0xx_hal_dma.c:140:19:HAL_DMA_Init	16	static
../Drivers/STM32L0xx_HAL_Driver/Src/stm32l0xx_hal_dma.c:215:19:HAL_DMA_DeInit	16	static
../Drivers/STM32L0xx_HAL_Driver/Src/stm32l0xx_hal_dma.c:295:19:HAL_DMA_Start	16	static
../Drivers/STM32L0xx_HAL_Driver/Src/stm32l0xx_hal_dma.c:338:19:HAL_DMA_Start_IT	16	static
../Drivers/STM32L0xx_HAL_Driver/Src/stm32l0xx_hal_dma.c:393:19:HAL_DMA_Abort	8	static
../Drivers/STM32L0xx_HAL_Driver/Src/stm32l0xx_hal_dma.c:434:19:HAL_DMA_Abort_IT	8	static
../Drivers/STM32L0xx_HAL_Driver/Src/stm32l0xx_hal_dma.c:479:19:HAL_DMA_PollForTransfer	32	static
../Drivers/STM32L0xx_HAL_Driver/Src/stm32l0xx_hal_dma.c:580:6:HAL_DMA_IRQHandler	16	static
../Drivers/STM32L0xx_HAL_Driver/Src/stm32l0xx_hal_dma.c:674:19:HAL_DMA_RegisterCallback	8	static
../Drivers/STM32L0xx_HAL_Driver/Src/stm32l0xx_hal_dma.c:725:19:HAL_DMA_UnRegisterCallback	0	static
../Drivers/STM32L0xx_HAL_Driver/Src/stm32l0xx_hal_dma.c:803:22:HAL_DMA_GetState	0	static
../Drivers/STM32L0xx_HAL_Driver/Src/stm32l0xx_hal_dma.c:815:10:HAL_DMA_GetError	0	static
