23:05:14 **** Incremental Build of configuration Debug for project ECU_Formula ****
make -j12 all 
arm-none-eabi-gcc "../Core/Src/engine_sensors.c" -mcpu=cortex-m7 -std=gnu11 -g3 -DDEBUG -DUSE_PWR_LDO_SUPPLY -DUSE_HAL_DRIVER -DSTM32H743xx -c -I../Core/Inc -I"C:/Users/Matheus Markies/STM32Cube/Repository/STM32Cube_FW_H7_V1.12.1/Drivers/STM32H7xx_HAL_Driver/Inc" -I"C:/Users/Matheus Markies/STM32Cube/Repository/STM32Cube_FW_H7_V1.12.1/Drivers/STM32H7xx_HAL_Driver/Inc/Legacy" -I"C:/Users/Matheus Markies/STM32Cube/Repository/STM32Cube_FW_H7_V1.12.1/Drivers/CMSIS/Device/ST/STM32H7xx/Include" -I"C:/Users/Matheus Markies/STM32Cube/Repository/STM32Cube_FW_H7_V1.12.1/Drivers/CMSIS/Include" -I../FATFS/Target -I../FATFS/App -I"C:/Users/Matheus Markies/STM32Cube/Repository/STM32Cube_FW_H7_V1.12.1/Middlewares/Third_Party/FreeRTOS/Source/include" -I"C:/Users/Matheus Markies/STM32Cube/Repository/STM32Cube_FW_H7_V1.12.1/Middlewares/Third_Party/FreeRTOS/Source/CMSIS_RTOS" -I"C:/Users/Matheus Markies/STM32Cube/Repository/STM32Cube_FW_H7_V1.12.1/Middlewares/Third_Party/FreeRTOS/Source/portable/GCC/ARM_CM4F" -I"C:/Users/Matheus Markies/STM32Cube/Repository/STM32Cube_FW_H7_V1.12.1/Middlewares/Third_Party/FatFs/src" -O0 -ffunction-sections -fdata-sections -Wall -fstack-usage -fcyclomatic-complexity -MMD -MP -MF"Core/Src/engine_sensors.d" -MT"Core/Src/engine_sensors.o" --specs=nano.specs -mfpu=fpv5-d16 -mfloat-abi=hard -mthumb -o "Core/Src/engine_sensors.o"
arm-none-eabi-gcc "../Core/Src/main.c" -mcpu=cortex-m7 -std=gnu11 -g3 -DDEBUG -DUSE_PWR_LDO_SUPPLY -DUSE_HAL_DRIVER -DSTM32H743xx -c -I../Core/Inc -I"C:/Users/Matheus Markies/STM32Cube/Repository/STM32Cube_FW_H7_V1.12.1/Drivers/STM32H7xx_HAL_Driver/Inc" -I"C:/Users/Matheus Markies/STM32Cube/Repository/STM32Cube_FW_H7_V1.12.1/Drivers/STM32H7xx_HAL_Driver/Inc/Legacy" -I"C:/Users/Matheus Markies/STM32Cube/Repository/STM32Cube_FW_H7_V1.12.1/Drivers/CMSIS/Device/ST/STM32H7xx/Include" -I"C:/Users/Matheus Markies/STM32Cube/Repository/STM32Cube_FW_H7_V1.12.1/Drivers/CMSIS/Include" -I../FATFS/Target -I../FATFS/App -I"C:/Users/Matheus Markies/STM32Cube/Repository/STM32Cube_FW_H7_V1.12.1/Middlewares/Third_Party/FreeRTOS/Source/include" -I"C:/Users/Matheus Markies/STM32Cube/Repository/STM32Cube_FW_H7_V1.12.1/Middlewares/Third_Party/FreeRTOS/Source/CMSIS_RTOS" -I"C:/Users/Matheus Markies/STM32Cube/Repository/STM32Cube_FW_H7_V1.12.1/Middlewares/Third_Party/FreeRTOS/Source/portable/GCC/ARM_CM4F" -I"C:/Users/Matheus Markies/STM32Cube/Repository/STM32Cube_FW_H7_V1.12.1/Middlewares/Third_Party/FatFs/src" -O0 -ffunction-sections -fdata-sections -Wall -fstack-usage -fcyclomatic-complexity -MMD -MP -MF"Core/Src/main.d" -MT"Core/Src/main.o" --specs=nano.specs -mfpu=fpv5-d16 -mfloat-abi=hard -mthumb -o "Core/Src/main.o"
arm-none-eabi-gcc -o "ECU_Formula.elf" @"objects.list"   -mcpu=cortex-m7 -T"D:\Projetos\STM32 Workspace\FormulaFirmwares\Route-ECU-Firmware\STM32H743VITX_FLASH.ld" --specs=nosys.specs -Wl,-Map="ECU_Formula.map" -Wl,--gc-sections -static --specs=nano.specs -mfpu=fpv5-d16 -mfloat-abi=hard -mthumb -Wl,--start-group -lc -lm -Wl,--end-group
Finished building target: ECU_Formula.elf
 
arm-none-eabi-size  ECU_Formula.elf 
arm-none-eabi-objdump -h -S ECU_Formula.elf  > "ECU_Formula.list"
   text	   data	    bss	    dec	    hex	filename
  76216	     40	  21912	  98168	  17f78	ECU_Formula.elf
Finished building: default.size.stdout
 
Finished building: ECU_Formula.list
 

23:05:17 Build Finished. 0 errors, 0 warnings. (took 2s.178ms)

