19:17:51 **** Incremental Build of configuration Debug for project TestSTM23L011F4 ****
make -j12 all 
arm-none-eabi-gcc "../Core/Src/main.c" -mcpu=cortex-m0plus -std=gnu11 -g3 -DDEBUG -DUSE_HAL_DRIVER -DSTM32L011xx -c -I../Core/Inc -I../Drivers/STM32L0xx_HAL_Driver/Inc -I../Drivers/STM32L0xx_HAL_Driver/Inc/Legacy -I../Drivers/CMSIS/Device/ST/STM32L0xx/Include -I../Drivers/CMSIS/Include -Os -ffunction-sections -fdata-sections -Wall -fstack-usage -fcyclomatic-complexity -MMD -MP -MF"Core/Src/main.d" -MT"Core/Src/main.o" --specs=nano.specs -mfloat-abi=soft -mthumb -o "Core/Src/main.o"
arm-none-eabi-gcc -o "TestSTM23L011F4.elf" @"objects.list"   -mcpu=cortex-m0plus -T"D:\BrasensFirmwares\TestSTM23L011F4\STM32L011F4UX_FLASH.ld" --specs=nosys.specs -Wl,-Map="TestSTM23L011F4.map" -Wl,--gc-sections -static --specs=nano.specs -mfloat-abi=soft -mthumb -Wl,--start-group -lc -lm -Wl,--end-group
Finished building target: TestSTM23L011F4.elf
 
arm-none-eabi-size  TestSTM23L011F4.elf 
arm-none-eabi-objdump -h -S TestSTM23L011F4.elf  > "TestSTM23L011F4.list"
   text	   data	    bss	    dec	    hex	filename
  12964	     32	   1840	  14836	   39f4	TestSTM23L011F4.elf
Finished building: default.size.stdout
 
Finished building: TestSTM23L011F4.list
 
19:17:53 **** Incremental Build of configuration Release for project TestSTM23L011F4 ****
make -j12 all 
arm-none-eabi-size  TestSTM23L011F4.elf 
   text	   data	    bss	    dec	    hex	filename
  12964	     32	   1840	  14836	   39f4	TestSTM23L011F4.elf
Finished building: default.size.stdout
 
