15:48:27 **** Incremental Build of configuration Release for project TestSTM32L053I2C ****
make -j12 all 
arm-none-eabi-gcc "../Core/Src/main.c" -mcpu=cortex-m0plus -std=gnu11 -DUSE_HAL_DRIVER -DSTM32L053xx -c -I../Core/Inc -I../Drivers/STM32L0xx_HAL_Driver/Inc -I../Drivers/STM32L0xx_HAL_Driver/Inc/Legacy -I../Drivers/CMSIS/Device/ST/STM32L0xx/Include -I../Drivers/CMSIS/Include -Os -ffunction-sections -fdata-sections -Wall -fstack-usage -fcyclomatic-complexity -MMD -MP -MF"Core/Src/main.d" -MT"Core/Src/main.o" --specs=nano.specs -mfloat-abi=soft -mthumb -o "Core/Src/main.o"
arm-none-eabi-gcc -o "TestSTM32L053I2C.elf" @"objects.list"   -mcpu=cortex-m0plus -T"C:\Users\Matheus Markies\Documents\TestSTM32L053I2C\STM32L053C8TX_FLASH.ld" --specs=nosys.specs -Wl,-Map="TestSTM32L053I2C.map" -Wl,--gc-sections -static --specs=nano.specs -mfloat-abi=soft -mthumb -Wl,--start-group -lc -lm -Wl,--end-group
Finished building target: TestSTM32L053I2C.elf
 
arm-none-eabi-size  TestSTM32L053I2C.elf 
arm-none-eabi-objdump -h -S TestSTM32L053I2C.elf  > "TestSTM32L053I2C.list"
   text	   data	    bss	    dec	    hex	filename
  15480	    124	   2188	  17792	   4580	TestSTM32L053I2C.elf
Finished building: default.size.stdout
 
Finished building: TestSTM32L053I2C.list
 
15:48:45 **** Incremental Build of configuration Debug for project TorquimeterReader ****
make -j12 all 
arm-none-eabi-gcc "../Core/Src/main.c" -mcpu=cortex-m3 -std=gnu11 -g3 -DDEBUG -DUSE_HAL_DRIVER -DSTM32F103xB -DST25R500 -c -I../Core/Inc -I../Drivers/STM32F1xx_HAL_Driver/Inc -I../Drivers/STM32F1xx_HAL_Driver/Inc/Legacy -I../Drivers/CMSIS/Device/ST/STM32F1xx/Include -I../Drivers/CMSIS/Include -I../X-CUBE-NFC12/Target -I../Middlewares/ST/rfal/Inc -I../Drivers/BSP/Components/st25r500 -I../Middlewares/ST/rfal/Src -I../Drivers/BSP/NFC12A1 -O0 -ffunction-sections -fdata-sections -Wall -fstack-usage -fcyclomatic-complexity -MMD -MP -MF"Core/Src/main.d" -MT"Core/Src/main.o" --specs=nano.specs -mfloat-abi=soft -mthumb -o "Core/Src/main.o"
arm-none-eabi-gcc -o "TorquimeterReader.elf" @"objects.list"   -mcpu=cortex-m3 -T"D:\BrasensFirmwares\NFC12A1_Test\STM32F103RBTX_FLASH.ld" --specs=nosys.specs -Wl,-Map="TorquimeterReader.map" -Wl,--gc-sections -static --specs=nano.specs -mfloat-abi=soft -mthumb -Wl,--start-group -lc -lm -Wl,--end-group
Finished building target: TorquimeterReader.elf
 
arm-none-eabi-size  TorquimeterReader.elf 
arm-none-eabi-objdump -h -S TorquimeterReader.elf  > "TorquimeterReader.list"
   text	   data	    bss	    dec	    hex	filename
  47920	    108	   5428	  53456	   d0d0	TorquimeterReader.elf
Finished building: default.size.stdout
 
Finished building: TorquimeterReader.list
 
16:00:14 **** Incremental Build of configuration Debug for project TestSTM32L053I2C ****
make -j12 all 
arm-none-eabi-gcc "../Core/Src/main.c" -mcpu=cortex-m0plus -std=gnu11 -g3 -DDEBUG -DUSE_HAL_DRIVER -DSTM32L053xx -c -I../Core/Inc -I../Drivers/STM32L0xx_HAL_Driver/Inc -I../Drivers/STM32L0xx_HAL_Driver/Inc/Legacy -I../Drivers/CMSIS/Device/ST/STM32L0xx/Include -I../Drivers/CMSIS/Include -O0 -ffunction-sections -fdata-sections -Wall -fstack-usage -fcyclomatic-complexity -MMD -MP -MF"Core/Src/main.d" -MT"Core/Src/main.o" --specs=nano.specs -mfloat-abi=soft -mthumb -o "Core/Src/main.o"
arm-none-eabi-gcc -o "TestSTM32L053I2C.elf" @"objects.list"   -mcpu=cortex-m0plus -T"C:\Users\Matheus Markies\Documents\TestSTM32L053I2C\STM32L053C8TX_FLASH.ld" --specs=nosys.specs -Wl,-Map="TestSTM32L053I2C.map" -Wl,--gc-sections -static --specs=nano.specs -mfloat-abi=soft -mthumb -Wl,--start-group -lc -lm -Wl,--end-group
Finished building target: TestSTM32L053I2C.elf
 
arm-none-eabi-size  TestSTM32L053I2C.elf 
arm-none-eabi-objdump -h -S TestSTM32L053I2C.elf  > "TestSTM32L053I2C.list"
   text	   data	    bss	    dec	    hex	filename
  23532	    124	   2188	  25844	   64f4	TestSTM32L053I2C.elf
Finished building: default.size.stdout
 
Finished building: TestSTM32L053I2C.list
 
16:01:15 **** Incremental Build of configuration Debug for project TestSTM32L053I2C ****
make -j12 all 
arm-none-eabi-size  TestSTM32L053I2C.elf 
   text	   data	    bss	    dec	    hex	filename
  23532	    124	   2188	  25844	   64f4	TestSTM32L053I2C.elf
Finished building: default.size.stdout
 
16:04:18 **** Incremental Build of configuration Debug for project TestSTM32L053I2C ****
make -j12 all 
arm-none-eabi-gcc "../Core/Src/main.c" -mcpu=cortex-m0plus -std=gnu11 -g3 -DDEBUG -DUSE_HAL_DRIVER -DSTM32L053xx -c -I../Core/Inc -I../Drivers/STM32L0xx_HAL_Driver/Inc -I../Drivers/STM32L0xx_HAL_Driver/Inc/Legacy -I../Drivers/CMSIS/Device/ST/STM32L0xx/Include -I../Drivers/CMSIS/Include -O0 -ffunction-sections -fdata-sections -Wall -fstack-usage -fcyclomatic-complexity -MMD -MP -MF"Core/Src/main.d" -MT"Core/Src/main.o" --specs=nano.specs -mfloat-abi=soft -mthumb -o "Core/Src/main.o"
arm-none-eabi-gcc -o "TestSTM32L053I2C.elf" @"objects.list"   -mcpu=cortex-m0plus -T"C:\Users\Matheus Markies\Documents\TestSTM32L053I2C\STM32L053C8TX_FLASH.ld" --specs=nosys.specs -Wl,-Map="TestSTM32L053I2C.map" -Wl,--gc-sections -static --specs=nano.specs -mfloat-abi=soft -mthumb -Wl,--start-group -lc -lm -Wl,--end-group
Finished building target: TestSTM32L053I2C.elf
 
arm-none-eabi-size  TestSTM32L053I2C.elf 
arm-none-eabi-objdump -h -S TestSTM32L053I2C.elf  > "TestSTM32L053I2C.list"
   text	   data	    bss	    dec	    hex	filename
  26208	    124	   2188	  28520	   6f68	TestSTM32L053I2C.elf
Finished building: default.size.stdout
 
Finished building: TestSTM32L053I2C.list
 
16:06:45 **** Incremental Build of configuration Debug for project TestSTM32L053I2C ****
make -j12 all 
arm-none-eabi-gcc "../Core/Src/main.c" -mcpu=cortex-m0plus -std=gnu11 -g3 -DDEBUG -DUSE_HAL_DRIVER -DSTM32L053xx -c -I../Core/Inc -I../Drivers/STM32L0xx_HAL_Driver/Inc -I../Drivers/STM32L0xx_HAL_Driver/Inc/Legacy -I../Drivers/CMSIS/Device/ST/STM32L0xx/Include -I../Drivers/CMSIS/Include -O0 -ffunction-sections -fdata-sections -Wall -fstack-usage -fcyclomatic-complexity -MMD -MP -MF"Core/Src/main.d" -MT"Core/Src/main.o" --specs=nano.specs -mfloat-abi=soft -mthumb -o "Core/Src/main.o"
arm-none-eabi-gcc -o "TestSTM32L053I2C.elf" @"objects.list"   -mcpu=cortex-m0plus -T"C:\Users\Matheus Markies\Documents\TestSTM32L053I2C\STM32L053C8TX_FLASH.ld" --specs=nosys.specs -Wl,-Map="TestSTM32L053I2C.map" -Wl,--gc-sections -static --specs=nano.specs -mfloat-abi=soft -mthumb -Wl,--start-group -lc -lm -Wl,--end-group
Finished building target: TestSTM32L053I2C.elf
 
arm-none-eabi-size  TestSTM32L053I2C.elf 
arm-none-eabi-objdump -h -S TestSTM32L053I2C.elf  > "TestSTM32L053I2C.list"
   text	   data	    bss	    dec	    hex	filename
  26208	    124	   2188	  28520	   6f68	TestSTM32L053I2C.elf
Finished building: default.size.stdout
 
Finished building: TestSTM32L053I2C.list
 
16:07:44 **** Incremental Build of configuration Debug for project TestSTM32L053I2C ****
make -j12 all 
arm-none-eabi-gcc "../Core/Src/main.c" -mcpu=cortex-m0plus -std=gnu11 -g3 -DDEBUG -DUSE_HAL_DRIVER -DSTM32L053xx -c -I../Core/Inc -I../Drivers/STM32L0xx_HAL_Driver/Inc -I../Drivers/STM32L0xx_HAL_Driver/Inc/Legacy -I../Drivers/CMSIS/Device/ST/STM32L0xx/Include -I../Drivers/CMSIS/Include -O0 -ffunction-sections -fdata-sections -Wall -fstack-usage -fcyclomatic-complexity -MMD -MP -MF"Core/Src/main.d" -MT"Core/Src/main.o" --specs=nano.specs -mfloat-abi=soft -mthumb -o "Core/Src/main.o"
arm-none-eabi-gcc -o "TestSTM32L053I2C.elf" @"objects.list"   -mcpu=cortex-m0plus -T"C:\Users\Matheus Markies\Documents\TestSTM32L053I2C\STM32L053C8TX_FLASH.ld" --specs=nosys.specs -Wl,-Map="TestSTM32L053I2C.map" -Wl,--gc-sections -static --specs=nano.specs -mfloat-abi=soft -mthumb -Wl,--start-group -lc -lm -Wl,--end-group
Finished building target: TestSTM32L053I2C.elf
 
arm-none-eabi-size  TestSTM32L053I2C.elf 
arm-none-eabi-objdump -h -S TestSTM32L053I2C.elf  > "TestSTM32L053I2C.list"
   text	   data	    bss	    dec	    hex	filename
  26224	    124	   2188	  28536	   6f78	TestSTM32L053I2C.elf
Finished building: default.size.stdout
 
Finished building: TestSTM32L053I2C.list
 
16:08:22 **** Incremental Build of configuration Debug for project TestSTM32L053I2C ****
make -j12 all 
arm-none-eabi-size  TestSTM32L053I2C.elf 
   text	   data	    bss	    dec	    hex	filename
  26224	    124	   2188	  28536	   6f78	TestSTM32L053I2C.elf
Finished building: default.size.stdout
 
16:09:32 **** Incremental Build of configuration Debug for project TestSTM32L053I2C ****
make -j12 all 
arm-none-eabi-size  TestSTM32L053I2C.elf 
   text	   data	    bss	    dec	    hex	filename
  26224	    124	   2188	  28536	   6f78	TestSTM32L053I2C.elf
Finished building: default.size.stdout
 
16:15:30 **** Incremental Build of configuration Debug for project TestSTM32L053I2C ****
make -j12 all 
arm-none-eabi-gcc "../Core/Src/main.c" -mcpu=cortex-m0plus -std=gnu11 -g3 -DDEBUG -DUSE_HAL_DRIVER -DSTM32L053xx -c -I../Core/Inc -I../Drivers/STM32L0xx_HAL_Driver/Inc -I../Drivers/STM32L0xx_HAL_Driver/Inc/Legacy -I../Drivers/CMSIS/Device/ST/STM32L0xx/Include -I../Drivers/CMSIS/Include -O0 -ffunction-sections -fdata-sections -Wall -fstack-usage -fcyclomatic-complexity -MMD -MP -MF"Core/Src/main.d" -MT"Core/Src/main.o" --specs=nano.specs -mfloat-abi=soft -mthumb -o "Core/Src/main.o"
arm-none-eabi-gcc -o "TestSTM32L053I2C.elf" @"objects.list"   -mcpu=cortex-m0plus -T"C:\Users\Matheus Markies\Documents\TestSTM32L053I2C\STM32L053C8TX_FLASH.ld" --specs=nosys.specs -Wl,-Map="TestSTM32L053I2C.map" -Wl,--gc-sections -static --specs=nano.specs -mfloat-abi=soft -mthumb -Wl,--start-group -lc -lm -Wl,--end-group
Finished building target: TestSTM32L053I2C.elf
 
arm-none-eabi-size  TestSTM32L053I2C.elf 
arm-none-eabi-objdump -h -S TestSTM32L053I2C.elf  > "TestSTM32L053I2C.list"
   text	   data	    bss	    dec	    hex	filename
  26328	    124	   2188	  28640	   6fe0	TestSTM32L053I2C.elf
Finished building: default.size.stdout
 
Finished building: TestSTM32L053I2C.list
 
16:17:34 **** Incremental Build of configuration Debug for project TestSTM32L053I2C ****
make -j12 all 
arm-none-eabi-size  TestSTM32L053I2C.elf 
   text	   data	    bss	    dec	    hex	filename
  26328	    124	   2188	  28640	   6fe0	TestSTM32L053I2C.elf
Finished building: default.size.stdout
 
16:30:48 **** Incremental Build of configuration Debug for project TestSTM32L053I2C ****
make -j12 all 
arm-none-eabi-gcc "../Core/Src/main.c" -mcpu=cortex-m0plus -std=gnu11 -g3 -DDEBUG -DUSE_HAL_DRIVER -DSTM32L053xx -c -I../Core/Inc -I../Drivers/STM32L0xx_HAL_Driver/Inc -I../Drivers/STM32L0xx_HAL_Driver/Inc/Legacy -I../Drivers/CMSIS/Device/ST/STM32L0xx/Include -I../Drivers/CMSIS/Include -O0 -ffunction-sections -fdata-sections -Wall -fstack-usage -fcyclomatic-complexity -MMD -MP -MF"Core/Src/main.d" -MT"Core/Src/main.o" --specs=nano.specs -mfloat-abi=soft -mthumb -o "Core/Src/main.o"
arm-none-eabi-gcc -o "TestSTM32L053I2C.elf" @"objects.list"   -mcpu=cortex-m0plus -T"C:\Users\Matheus Markies\Documents\TestSTM32L053I2C\STM32L053C8TX_FLASH.ld" --specs=nosys.specs -Wl,-Map="TestSTM32L053I2C.map" -Wl,--gc-sections -static --specs=nano.specs -mfloat-abi=soft -mthumb -Wl,--start-group -lc -lm -Wl,--end-group
Finished building target: TestSTM32L053I2C.elf
 
arm-none-eabi-size  TestSTM32L053I2C.elf 
arm-none-eabi-objdump -h -S TestSTM32L053I2C.elf  > "TestSTM32L053I2C.list"
   text	   data	    bss	    dec	    hex	filename
  26352	    124	   2188	  28664	   6ff8	TestSTM32L053I2C.elf
Finished building: default.size.stdout
 
Finished building: TestSTM32L053I2C.list
 
16:31:14 **** Incremental Build of configuration Debug for project TorquimeterReader ****
make -j12 all 
arm-none-eabi-gcc "../Core/Src/main.c" -mcpu=cortex-m3 -std=gnu11 -g3 -DDEBUG -DUSE_HAL_DRIVER -DSTM32F103xB -DST25R500 -c -I../Core/Inc -I../Drivers/STM32F1xx_HAL_Driver/Inc -I../Drivers/STM32F1xx_HAL_Driver/Inc/Legacy -I../Drivers/CMSIS/Device/ST/STM32F1xx/Include -I../Drivers/CMSIS/Include -I../X-CUBE-NFC12/Target -I../Middlewares/ST/rfal/Inc -I../Drivers/BSP/Components/st25r500 -I../Middlewares/ST/rfal/Src -I../Drivers/BSP/NFC12A1 -O0 -ffunction-sections -fdata-sections -Wall -fstack-usage -fcyclomatic-complexity -MMD -MP -MF"Core/Src/main.d" -MT"Core/Src/main.o" --specs=nano.specs -mfloat-abi=soft -mthumb -o "Core/Src/main.o"
arm-none-eabi-gcc -o "TorquimeterReader.elf" @"objects.list"   -mcpu=cortex-m3 -T"D:\BrasensFirmwares\NFC12A1_Test\STM32F103RBTX_FLASH.ld" --specs=nosys.specs -Wl,-Map="TorquimeterReader.map" -Wl,--gc-sections -static --specs=nano.specs -mfloat-abi=soft -mthumb -Wl,--start-group -lc -lm -Wl,--end-group
Finished building target: TorquimeterReader.elf
 
arm-none-eabi-size  TorquimeterReader.elf 
arm-none-eabi-objdump -h -S TorquimeterReader.elf  > "TorquimeterReader.list"
   text	   data	    bss	    dec	    hex	filename
  47916	    108	   5428	  53452	   d0cc	TorquimeterReader.elf
Finished building: default.size.stdout
 
Finished building: TorquimeterReader.list
 
16:42:56 **** Incremental Build of configuration Debug for project TorquimeterReader ****
make -j12 all 
arm-none-eabi-size  TorquimeterReader.elf 
   text	   data	    bss	    dec	    hex	filename
  47916	    108	   5428	  53452	   d0cc	TorquimeterReader.elf
Finished building: default.size.stdout
 
16:44:25 **** Incremental Build of configuration Debug for project TestSTM32L053I2C ****
make -j12 all 
arm-none-eabi-gcc "../Core/Src/main.c" -mcpu=cortex-m0plus -std=gnu11 -g3 -DDEBUG -DUSE_HAL_DRIVER -DSTM32L053xx -c -I../Core/Inc -I../Drivers/STM32L0xx_HAL_Driver/Inc -I../Drivers/STM32L0xx_HAL_Driver/Inc/Legacy -I../Drivers/CMSIS/Device/ST/STM32L0xx/Include -I../Drivers/CMSIS/Include -O0 -ffunction-sections -fdata-sections -Wall -fstack-usage -fcyclomatic-complexity -MMD -MP -MF"Core/Src/main.d" -MT"Core/Src/main.o" --specs=nano.specs -mfloat-abi=soft -mthumb -o "Core/Src/main.o"
arm-none-eabi-gcc -o "TestSTM32L053I2C.elf" @"objects.list"   -mcpu=cortex-m0plus -T"C:\Users\Matheus Markies\Documents\TestSTM32L053I2C\STM32L053C8TX_FLASH.ld" --specs=nosys.specs -Wl,-Map="TestSTM32L053I2C.map" -Wl,--gc-sections -static --specs=nano.specs -mfloat-abi=soft -mthumb -Wl,--start-group -lc -lm -Wl,--end-group
Finished building target: TestSTM32L053I2C.elf
 
arm-none-eabi-size  TestSTM32L053I2C.elf 
arm-none-eabi-objdump -h -S TestSTM32L053I2C.elf  > "TestSTM32L053I2C.list"
   text	   data	    bss	    dec	    hex	filename
  26340	    124	   2188	  28652	   6fec	TestSTM32L053I2C.elf
Finished building: default.size.stdout
 
Finished building: TestSTM32L053I2C.list
 
17:45:37 **** Incremental Build of configuration Debug for project TestSTM32L053I2C ****
make -j12 all 
arm-none-eabi-gcc "../Core/Src/main.c" -mcpu=cortex-m0plus -std=gnu11 -g3 -DDEBUG -DUSE_HAL_DRIVER -DSTM32L053xx -c -I../Core/Inc -I../Drivers/STM32L0xx_HAL_Driver/Inc -I../Drivers/STM32L0xx_HAL_Driver/Inc/Legacy -I../Drivers/CMSIS/Device/ST/STM32L0xx/Include -I../Drivers/CMSIS/Include -O0 -ffunction-sections -fdata-sections -Wall -fstack-usage -fcyclomatic-complexity -MMD -MP -MF"Core/Src/main.d" -MT"Core/Src/main.o" --specs=nano.specs -mfloat-abi=soft -mthumb -o "Core/Src/main.o"
arm-none-eabi-gcc -o "TestSTM32L053I2C.elf" @"objects.list"   -mcpu=cortex-m0plus -T"C:\Users\Matheus Markies\Documents\TestSTM32L053I2C\STM32L053C8TX_FLASH.ld" --specs=nosys.specs -Wl,-Map="TestSTM32L053I2C.map" -Wl,--gc-sections -static --specs=nano.specs -mfloat-abi=soft -mthumb -Wl,--start-group -lc -lm -Wl,--end-group
Finished building target: TestSTM32L053I2C.elf
 
arm-none-eabi-size  TestSTM32L053I2C.elf 
arm-none-eabi-objdump -h -S TestSTM32L053I2C.elf  > "TestSTM32L053I2C.list"
   text	   data	    bss	    dec	    hex	filename
  26388	    124	   2188	  28700	   701c	TestSTM32L053I2C.elf
Finished building: default.size.stdout
 
Finished building: TestSTM32L053I2C.list
 
