22:16:50 **** Incremental Build of configuration Release for project TestSTM23L011F4 ****
make -j12 all 
arm-none-eabi-gcc "../Core/Src/main.c" -mcpu=cortex-m0plus -std=gnu11 -DUSE_HAL_DRIVER -DSTM32L011xx -c -I../Core/Inc -I../Drivers/STM32L0xx_HAL_Driver/Inc -I../Drivers/STM32L0xx_HAL_Driver/Inc/Legacy -I../Drivers/CMSIS/Device/ST/STM32L0xx/Include -I../Drivers/CMSIS/Include -Os -ffunction-sections -fdata-sections -Wall -fstack-usage -fcyclomatic-complexity -MMD -MP -MF"Core/Src/main.d" -MT"Core/Src/main.o" --specs=nano.specs -mfloat-abi=soft -mthumb -o "Core/Src/main.o"
../Core/Src/main.c: In function 'main':
../Core/Src/main.c:500:37: warning: unused variable 'msg_len' [-Wunused-variable]
  500 |                                 int msg_len = strlen(nfc_buffer);
      |                                     ^~~~~~~
arm-none-eabi-gcc -o "TestSTM23L011F4.elf" @"objects.list"   -mcpu=cortex-m0plus -T"D:\BrasensFirmwares\TestSTM23L011F4\STM32L011F4UX_FLASH.ld" --specs=nosys.specs -Wl,-Map="TestSTM23L011F4.map" -Wl,--gc-sections -static --specs=nano.specs -mfloat-abi=soft -mthumb -Wl,--start-group -lc -lm -Wl,--end-group
Finished building target: TestSTM23L011F4.elf
 
arm-none-eabi-size  TestSTM23L011F4.elf 
arm-none-eabi-objdump -h -S TestSTM23L011F4.elf  > "TestSTM23L011F4.list"
   text	   data	    bss	    dec	    hex	filename
  13452	     32	   1840	  15324	   3bdc	TestSTM23L011F4.elf
Finished building: default.size.stdout
 
Finished building: TestSTM23L011F4.list
 
22:16:52 **** Incremental Build of configuration Release for project TestSTM23L011F4 ****
make -j12 all 
arm-none-eabi-size  TestSTM23L011F4.elf 
   text	   data	    bss	    dec	    hex	filename
  13452	     32	   1840	  15324	   3bdc	TestSTM23L011F4.elf
Finished building: default.size.stdout
 
22:21:11 **** Clean-only build of configuration Debug for project NFC12A1_Test ****
make -j12 clean 
rm -rf ./X-CUBE-NFC12/Target/nfc_conf.cyclo ./X-CUBE-NFC12/Target/nfc_conf.d ./X-CUBE-NFC12/Target/nfc_conf.o ./X-CUBE-NFC12/Target/nfc_conf.su ./X-CUBE-NFC12/Target/timer.cyclo ./X-CUBE-NFC12/Target/timer.d ./X-CUBE-NFC12/Target/timer.o ./X-CUBE-NFC12/Target/timer.su
rm -rf ./Middlewares/ST/rfal/Src/rfal_analogConfig.cyclo ./Middlewares/ST/rfal/Src/rfal_analogConfig.d ./Middlewares/ST/rfal/Src/rfal_analogConfig.o ./Middlewares/ST/rfal/Src/rfal_analogConfig.su ./Middlewares/ST/rfal/Src/rfal_crc.cyclo ./Middlewares/ST/rfal/Src/rfal_crc.d ./Middlewares/ST/rfal/Src/rfal_crc.o ./Middlewares/ST/rfal/Src/rfal_crc.su ./Middlewares/ST/rfal/Src/rfal_dpo.cyclo ./Middlewares/ST/rfal/Src/rfal_dpo.d ./Middlewares/ST/rfal/Src/rfal_dpo.o ./Middlewares/ST/rfal/Src/rfal_dpo.su ./Middlewares/ST/rfal/Src/rfal_iso15693_2.cyclo ./Middlewares/ST/rfal/Src/rfal_iso15693_2.d ./Middlewares/ST/rfal/Src/rfal_iso15693_2.o ./Middlewares/ST/rfal/Src/rfal_iso15693_2.su ./Middlewares/ST/rfal/Src/rfal_isoDep.cyclo ./Middlewares/ST/rfal/Src/rfal_isoDep.d ./Middlewares/ST/rfal/Src/rfal_isoDep.o ./Middlewares/ST/rfal/Src/rfal_isoDep.su ./Middlewares/ST/rfal/Src/rfal_nfc.cyclo ./Middlewares/ST/rfal/Src/rfal_nfc.d ./Middlewares/ST/rfal/Src/rfal_nfc.o ./Middlewares/ST/rfal/Src/rfal_nfc.su ./Middlewares/ST/rfal/Src/rfal_nfcDep.cyclo ./Middlewares/ST/rfal/Src/rfal_nfcDep.d ./Middlewares/ST/rfal/Src/rfal_nfcDep.o ./Middlewares/ST/rfal/Src/rfal_nfcDep.su ./Middlewares/ST/rfal/Src/rfal_nfca.cyclo ./Middlewares/ST/rfal/Src/rfal_nfca.d ./Middlewares/ST/rfal/Src/rfal_nfca.o ./Middlewares/ST/rfal/Src/rfal_nfca.su ./Middlewares/ST/rfal/Src/rfal_nfcb.cyclo ./Middlewares/ST/rfal/Src/rfal_nfcb.d ./Middlewares/ST/rfal/Src/rfal_nfcb.o ./Middlewares/ST/rfal/Src/rfal_nfcb.su ./Middlewares/ST/rfal/Src/rfal_nfcf.cyclo ./Middlewares/ST/rfal/Src/rfal_nfcf.d ./Middlewares/ST/rfal/Src/rfal_nfcf.o ./Middlewares/ST/rfal/Src/rfal_nfcf.su ./Middlewares/ST/rfal/Src/rfal_nfcv.cyclo ./Middlewares/ST/rfal/Src/rfal_nfcv.d ./Middlewares/ST/rfal/Src/rfal_nfcv.o ./Middlewares/ST/rfal/Src/rfal_nfcv.su ./Middlewares/ST/rfal/Src/rfal_st25tb.cyclo ./Middlewares/ST/rfal/Src/rfal_st25tb.d ./Middlewares/ST/rfal/Src/rfal_st25tb.o ./Middlewares/ST/rfal/Src/rfal_st25tb.su ./Middlewares/ST/rfal/Src/rfal_st25xv.cyclo ./Middlewares/ST/rfal/Src/rfal_st25xv.d ./Middlewares/ST/rfal/Src/rfal_st25xv.o ./Middlewares/ST/rfal/Src/rfal_st25xv.su ./Middlewares/ST/rfal/Src/rfal_t1t.cyclo ./Middlewares/ST/rfal/Src/rfal_t1t.d ./Middlewares/ST/rfal/Src/rfal_t1t.o ./Middlewares/ST/rfal/Src/rfal_t1t.su ./Middlewares/ST/rfal/Src/rfal_t2t.cyclo ./Middlewares/ST/rfal/Src/rfal_t2t.d ./Middlewares/ST/rfal/Src/rfal_t2t.o ./Middlewares/ST/rfal/Src/rfal_t2t.su ./Middlewares/ST/rfal/Src/rfal_t4t.cyclo ./Middlewares/ST/rfal/Src/rfal_t4t.d ./Middlewares/ST/rfal/Src/rfal_t4t.o ./Middlewares/ST/rfal/Src/rfal_t4t.su
rm -rf ./Drivers/STM32F1xx_HAL_Driver/Src/stm32f1xx_hal.cyclo ./Drivers/STM32F1xx_HAL_Driver/Src/stm32f1xx_hal.d ./Drivers/STM32F1xx_HAL_Driver/Src/stm32f1xx_hal.o ./Drivers/STM32F1xx_HAL_Driver/Src/stm32f1xx_hal.su ./Drivers/STM32F1xx_HAL_Driver/Src/stm32f1xx_hal_cortex.cyclo ./Drivers/STM32F1xx_HAL_Driver/Src/stm32f1xx_hal_cortex.d ./Drivers/STM32F1xx_HAL_Driver/Src/stm32f1xx_hal_cortex.o ./Drivers/STM32F1xx_HAL_Driver/Src/stm32f1xx_hal_cortex.su ./Drivers/STM32F1xx_HAL_Driver/Src/stm32f1xx_hal_dma.cyclo ./Drivers/STM32F1xx_HAL_Driver/Src/stm32f1xx_hal_dma.d ./Drivers/STM32F1xx_HAL_Driver/Src/stm32f1xx_hal_dma.o ./Drivers/STM32F1xx_HAL_Driver/Src/stm32f1xx_hal_dma.su ./Drivers/STM32F1xx_HAL_Driver/Src/stm32f1xx_hal_exti.cyclo ./Drivers/STM32F1xx_HAL_Driver/Src/stm32f1xx_hal_exti.d ./Drivers/STM32F1xx_HAL_Driver/Src/stm32f1xx_hal_exti.o ./Drivers/STM32F1xx_HAL_Driver/Src/stm32f1xx_hal_exti.su ./Drivers/STM32F1xx_HAL_Driver/Src/stm32f1xx_hal_flash.cyclo ./Drivers/STM32F1xx_HAL_Driver/Src/stm32f1xx_hal_flash.d ./Drivers/STM32F1xx_HAL_Driver/Src/stm32f1xx_hal_flash.o ./Drivers/STM32F1xx_HAL_Driver/Src/stm32f1xx_hal_flash.su ./Drivers/STM32F1xx_HAL_Driver/Src/stm32f1xx_hal_flash_ex.cyclo ./Drivers/STM32F1xx_HAL_Driver/Src/stm32f1xx_hal_flash_ex.d ./Drivers/STM32F1xx_HAL_Driver/Src/stm32f1xx_hal_flash_ex.o ./Drivers/STM32F1xx_HAL_Driver/Src/stm32f1xx_hal_flash_ex.su ./Drivers/STM32F1xx_HAL_Driver/Src/stm32f1xx_hal_gpio.cyclo ./Drivers/STM32F1xx_HAL_Driver/Src/stm32f1xx_hal_gpio.d ./Drivers/STM32F1xx_HAL_Driver/Src/stm32f1xx_hal_gpio.o ./Drivers/STM32F1xx_HAL_Driver/Src/stm32f1xx_hal_gpio.su ./Drivers/STM32F1xx_HAL_Driver/Src/stm32f1xx_hal_gpio_ex.cyclo ./Drivers/STM32F1xx_HAL_Driver/Src/stm32f1xx_hal_gpio_ex.d ./Drivers/STM32F1xx_HAL_Driver/Src/stm32f1xx_hal_gpio_ex.o ./Drivers/STM32F1xx_HAL_Driver/Src/stm32f1xx_hal_gpio_ex.su ./Drivers/STM32F1xx_HAL_Driver/Src/stm32f1xx_hal_pwr.cyclo ./Drivers/STM32F1xx_HAL_Driver/Src/stm32f1xx_hal_pwr.d ./Drivers/STM32F1xx_HAL_Driver/Src/stm32f1xx_hal_pwr.o ./Drivers/STM32F1xx_HAL_Driver/Src/stm32f1xx_hal_pwr.su ./Drivers/STM32F1xx_HAL_Driver/Src/stm32f1xx_hal_rcc.cyclo ./Drivers/STM32F1xx_HAL_Driver/Src/stm32f1xx_hal_rcc.d ./Drivers/STM32F1xx_HAL_Driver/Src/stm32f1xx_hal_rcc.o ./Drivers/STM32F1xx_HAL_Driver/Src/stm32f1xx_hal_rcc.su ./Drivers/STM32F1xx_HAL_Driver/Src/stm32f1xx_hal_rcc_ex.cyclo ./Drivers/STM32F1xx_HAL_Driver/Src/stm32f1xx_hal_rcc_ex.d ./Drivers/STM32F1xx_HAL_Driver/Src/stm32f1xx_hal_rcc_ex.o ./Drivers/STM32F1xx_HAL_Driver/Src/stm32f1xx_hal_rcc_ex.su ./Drivers/STM32F1xx_HAL_Driver/Src/stm32f1xx_hal_spi.cyclo ./Drivers/STM32F1xx_HAL_Driver/Src/stm32f1xx_hal_spi.d ./Drivers/STM32F1xx_HAL_Driver/Src/stm32f1xx_hal_spi.o ./Drivers/STM32F1xx_HAL_Driver/Src/stm32f1xx_hal_spi.su ./Drivers/STM32F1xx_HAL_Driver/Src/stm32f1xx_hal_uart.cyclo ./Drivers/STM32F1xx_HAL_Driver/Src/stm32f1xx_hal_uart.d ./Drivers/STM32F1xx_HAL_Driver/Src/stm32f1xx_hal_uart.o ./Drivers/STM32F1xx_HAL_Driver/Src/stm32f1xx_hal_uart.su
rm -rf ./Drivers/BSP/Components/st25r500/rfal_rfst25r500.cyclo ./Drivers/BSP/Components/st25r500/rfal_rfst25r500.d ./Drivers/BSP/Components/st25r500/rfal_rfst25r500.o ./Drivers/BSP/Components/st25r500/rfal_rfst25r500.su ./Drivers/BSP/Components/st25r500/st25r500.cyclo ./Drivers/BSP/Components/st25r500/st25r500.d ./Drivers/BSP/Components/st25r500/st25r500.o ./Drivers/BSP/Components/st25r500/st25r500.su ./Drivers/BSP/Components/st25r500/st25r500_com.cyclo ./Drivers/BSP/Components/st25r500/st25r500_com.d ./Drivers/BSP/Components/st25r500/st25r500_com.o ./Drivers/BSP/Components/st25r500/st25r500_com.su ./Drivers/BSP/Components/st25r500/st25r500_dpocr.cyclo ./Drivers/BSP/Components/st25r500/st25r500_dpocr.d ./Drivers/BSP/Components/st25r500/st25r500_dpocr.o ./Drivers/BSP/Components/st25r500/st25r500_dpocr.su ./Drivers/BSP/Components/st25r500/st25r500_irq.cyclo ./Drivers/BSP/Components/st25r500/st25r500_irq.d ./Drivers/BSP/Components/st25r500/st25r500_irq.o ./Drivers/BSP/Components/st25r500/st25r500_irq.su
rm -rf ./Core/Startup/startup_stm32f103rbtx.d ./Core/Startup/startup_stm32f103rbtx.o
rm -rf ./Core/Src/main.cyclo ./Core/Src/main.d ./Core/Src/main.o ./Core/Src/main.su ./Core/Src/runtime_logger.cyclo ./Core/Src/runtime_logger.d ./Core/Src/runtime_logger.o ./Core/Src/runtime_logger.su ./Core/Src/stm32f1xx_hal_msp.cyclo ./Core/Src/stm32f1xx_hal_msp.d ./Core/Src/stm32f1xx_hal_msp.o ./Core/Src/stm32f1xx_hal_msp.su ./Core/Src/stm32f1xx_it.cyclo ./Core/Src/stm32f1xx_it.d ./Core/Src/stm32f1xx_it.o ./Core/Src/stm32f1xx_it.su ./Core/Src/stm32f1xx_nucleo_bus.cyclo ./Core/Src/stm32f1xx_nucleo_bus.d ./Core/Src/stm32f1xx_nucleo_bus.o ./Core/Src/stm32f1xx_nucleo_bus.su ./Core/Src/syscalls.cyclo ./Core/Src/syscalls.d ./Core/Src/syscalls.o ./Core/Src/syscalls.su ./Core/Src/sysmem.cyclo ./Core/Src/sysmem.d ./Core/Src/sysmem.o ./Core/Src/sysmem.su ./Core/Src/system_stm32f1xx.cyclo ./Core/Src/system_stm32f1xx.d ./Core/Src/system_stm32f1xx.o ./Core/Src/system_stm32f1xx.su
rm -rf NFC12A1_Test.elf NFC12A1_Test.list NFC12A1_Test.map default.size.stdout
 
22:21:12 **** Incremental Build of configuration Debug for project NFC12A1_Test ****
make -j12 all 
arm-none-eabi-gcc "../X-CUBE-NFC12/Target/nfc_conf.c" -mcpu=cortex-m3 -std=gnu11 -g3 -DDEBUG -DUSE_HAL_DRIVER -DSTM32F103xB -DST25R500 -c -I../Core/Inc -I../Drivers/STM32F1xx_HAL_Driver/Inc -I../Drivers/STM32F1xx_HAL_Driver/Inc/Legacy -I../Drivers/CMSIS/Device/ST/STM32F1xx/Include -I../Drivers/CMSIS/Include -I../X-CUBE-NFC12/Target -I../Middlewares/ST/rfal/Inc -I../Drivers/BSP/Components/st25r500 -I../Middlewares/ST/rfal/Src -I../Drivers/BSP/NFC12A1 -O0 -ffunction-sections -fdata-sections -Wall -fstack-usage -fcyclomatic-complexity -MMD -MP -MF"X-CUBE-NFC12/Target/nfc_conf.d" -MT"X-CUBE-NFC12/Target/nfc_conf.o" --specs=nano.specs -mfloat-abi=soft -mthumb -o "X-CUBE-NFC12/Target/nfc_conf.o"
arm-none-eabi-gcc "../X-CUBE-NFC12/Target/timer.c" -mcpu=cortex-m3 -std=gnu11 -g3 -DDEBUG -DUSE_HAL_DRIVER -DSTM32F103xB -DST25R500 -c -I../Core/Inc -I../Drivers/STM32F1xx_HAL_Driver/Inc -I../Drivers/STM32F1xx_HAL_Driver/Inc/Legacy -I../Drivers/CMSIS/Device/ST/STM32F1xx/Include -I../Drivers/CMSIS/Include -I../X-CUBE-NFC12/Target -I../Middlewares/ST/rfal/Inc -I../Drivers/BSP/Components/st25r500 -I../Middlewares/ST/rfal/Src -I../Drivers/BSP/NFC12A1 -O0 -ffunction-sections -fdata-sections -Wall -fstack-usage -fcyclomatic-complexity -MMD -MP -MF"X-CUBE-NFC12/Target/timer.d" -MT"X-CUBE-NFC12/Target/timer.o" --specs=nano.specs -mfloat-abi=soft -mthumb -o "X-CUBE-NFC12/Target/timer.o"
arm-none-eabi-gcc "../Middlewares/ST/rfal/Src/rfal_analogConfig.c" -mcpu=cortex-m3 -std=gnu11 -g3 -DDEBUG -DUSE_HAL_DRIVER -DSTM32F103xB -DST25R500 -c -I../Core/Inc -I../Drivers/STM32F1xx_HAL_Driver/Inc -I../Drivers/STM32F1xx_HAL_Driver/Inc/Legacy -I../Drivers/CMSIS/Device/ST/STM32F1xx/Include -I../Drivers/CMSIS/Include -I../X-CUBE-NFC12/Target -I../Middlewares/ST/rfal/Inc -I../Drivers/BSP/Components/st25r500 -I../Middlewares/ST/rfal/Src -I../Drivers/BSP/NFC12A1 -O0 -ffunction-sections -fdata-sections -Wall -fstack-usage -fcyclomatic-complexity -MMD -MP -MF"Middlewares/ST/rfal/Src/rfal_analogConfig.d" -MT"Middlewares/ST/rfal/Src/rfal_analogConfig.o" --specs=nano.specs -mfloat-abi=soft -mthumb -o "Middlewares/ST/rfal/Src/rfal_analogConfig.o"
arm-none-eabi-gcc "../Middlewares/ST/rfal/Src/rfal_crc.c" -mcpu=cortex-m3 -std=gnu11 -g3 -DDEBUG -DUSE_HAL_DRIVER -DSTM32F103xB -DST25R500 -c -I../Core/Inc -I../Drivers/STM32F1xx_HAL_Driver/Inc -I../Drivers/STM32F1xx_HAL_Driver/Inc/Legacy -I../Drivers/CMSIS/Device/ST/STM32F1xx/Include -I../Drivers/CMSIS/Include -I../X-CUBE-NFC12/Target -I../Middlewares/ST/rfal/Inc -I../Drivers/BSP/Components/st25r500 -I../Middlewares/ST/rfal/Src -I../Drivers/BSP/NFC12A1 -O0 -ffunction-sections -fdata-sections -Wall -fstack-usage -fcyclomatic-complexity -MMD -MP -MF"Middlewares/ST/rfal/Src/rfal_crc.d" -MT"Middlewares/ST/rfal/Src/rfal_crc.o" --specs=nano.specs -mfloat-abi=soft -mthumb -o "Middlewares/ST/rfal/Src/rfal_crc.o"
arm-none-eabi-gcc "../Middlewares/ST/rfal/Src/rfal_dpo.c" -mcpu=cortex-m3 -std=gnu11 -g3 -DDEBUG -DUSE_HAL_DRIVER -DSTM32F103xB -DST25R500 -c -I../Core/Inc -I../Drivers/STM32F1xx_HAL_Driver/Inc -I../Drivers/STM32F1xx_HAL_Driver/Inc/Legacy -I../Drivers/CMSIS/Device/ST/STM32F1xx/Include -I../Drivers/CMSIS/Include -I../X-CUBE-NFC12/Target -I../Middlewares/ST/rfal/Inc -I../Drivers/BSP/Components/st25r500 -I../Middlewares/ST/rfal/Src -I../Drivers/BSP/NFC12A1 -O0 -ffunction-sections -fdata-sections -Wall -fstack-usage -fcyclomatic-complexity -MMD -MP -MF"Middlewares/ST/rfal/Src/rfal_dpo.d" -MT"Middlewares/ST/rfal/Src/rfal_dpo.o" --specs=nano.specs -mfloat-abi=soft -mthumb -o "Middlewares/ST/rfal/Src/rfal_dpo.o"
arm-none-eabi-gcc "../Middlewares/ST/rfal/Src/rfal_iso15693_2.c" -mcpu=cortex-m3 -std=gnu11 -g3 -DDEBUG -DUSE_HAL_DRIVER -DSTM32F103xB -DST25R500 -c -I../Core/Inc -I../Drivers/STM32F1xx_HAL_Driver/Inc -I../Drivers/STM32F1xx_HAL_Driver/Inc/Legacy -I../Drivers/CMSIS/Device/ST/STM32F1xx/Include -I../Drivers/CMSIS/Include -I../X-CUBE-NFC12/Target -I../Middlewares/ST/rfal/Inc -I../Drivers/BSP/Components/st25r500 -I../Middlewares/ST/rfal/Src -I../Drivers/BSP/NFC12A1 -O0 -ffunction-sections -fdata-sections -Wall -fstack-usage -fcyclomatic-complexity -MMD -MP -MF"Middlewares/ST/rfal/Src/rfal_iso15693_2.d" -MT"Middlewares/ST/rfal/Src/rfal_iso15693_2.o" --specs=nano.specs -mfloat-abi=soft -mthumb -o "Middlewares/ST/rfal/Src/rfal_iso15693_2.o"
arm-none-eabi-gcc "../Middlewares/ST/rfal/Src/rfal_isoDep.c" -mcpu=cortex-m3 -std=gnu11 -g3 -DDEBUG -DUSE_HAL_DRIVER -DSTM32F103xB -DST25R500 -c -I../Core/Inc -I../Drivers/STM32F1xx_HAL_Driver/Inc -I../Drivers/STM32F1xx_HAL_Driver/Inc/Legacy -I../Drivers/CMSIS/Device/ST/STM32F1xx/Include -I../Drivers/CMSIS/Include -I../X-CUBE-NFC12/Target -I../Middlewares/ST/rfal/Inc -I../Drivers/BSP/Components/st25r500 -I../Middlewares/ST/rfal/Src -I../Drivers/BSP/NFC12A1 -O0 -ffunction-sections -fdata-sections -Wall -fstack-usage -fcyclomatic-complexity -MMD -MP -MF"Middlewares/ST/rfal/Src/rfal_isoDep.d" -MT"Middlewares/ST/rfal/Src/rfal_isoDep.o" --specs=nano.specs -mfloat-abi=soft -mthumb -o "Middlewares/ST/rfal/Src/rfal_isoDep.o"
arm-none-eabi-gcc "../Middlewares/ST/rfal/Src/rfal_nfc.c" -mcpu=cortex-m3 -std=gnu11 -g3 -DDEBUG -DUSE_HAL_DRIVER -DSTM32F103xB -DST25R500 -c -I../Core/Inc -I../Drivers/STM32F1xx_HAL_Driver/Inc -I../Drivers/STM32F1xx_HAL_Driver/Inc/Legacy -I../Drivers/CMSIS/Device/ST/STM32F1xx/Include -I../Drivers/CMSIS/Include -I../X-CUBE-NFC12/Target -I../Middlewares/ST/rfal/Inc -I../Drivers/BSP/Components/st25r500 -I../Middlewares/ST/rfal/Src -I../Drivers/BSP/NFC12A1 -O0 -ffunction-sections -fdata-sections -Wall -fstack-usage -fcyclomatic-complexity -MMD -MP -MF"Middlewares/ST/rfal/Src/rfal_nfc.d" -MT"Middlewares/ST/rfal/Src/rfal_nfc.o" --specs=nano.specs -mfloat-abi=soft -mthumb -o "Middlewares/ST/rfal/Src/rfal_nfc.o"
arm-none-eabi-gcc "../Middlewares/ST/rfal/Src/rfal_nfcDep.c" -mcpu=cortex-m3 -std=gnu11 -g3 -DDEBUG -DUSE_HAL_DRIVER -DSTM32F103xB -DST25R500 -c -I../Core/Inc -I../Drivers/STM32F1xx_HAL_Driver/Inc -I../Drivers/STM32F1xx_HAL_Driver/Inc/Legacy -I../Drivers/CMSIS/Device/ST/STM32F1xx/Include -I../Drivers/CMSIS/Include -I../X-CUBE-NFC12/Target -I../Middlewares/ST/rfal/Inc -I../Drivers/BSP/Components/st25r500 -I../Middlewares/ST/rfal/Src -I../Drivers/BSP/NFC12A1 -O0 -ffunction-sections -fdata-sections -Wall -fstack-usage -fcyclomatic-complexity -MMD -MP -MF"Middlewares/ST/rfal/Src/rfal_nfcDep.d" -MT"Middlewares/ST/rfal/Src/rfal_nfcDep.o" --specs=nano.specs -mfloat-abi=soft -mthumb -o "Middlewares/ST/rfal/Src/rfal_nfcDep.o"
arm-none-eabi-gcc "../Middlewares/ST/rfal/Src/rfal_nfca.c" -mcpu=cortex-m3 -std=gnu11 -g3 -DDEBUG -DUSE_HAL_DRIVER -DSTM32F103xB -DST25R500 -c -I../Core/Inc -I../Drivers/STM32F1xx_HAL_Driver/Inc -I../Drivers/STM32F1xx_HAL_Driver/Inc/Legacy -I../Drivers/CMSIS/Device/ST/STM32F1xx/Include -I../Drivers/CMSIS/Include -I../X-CUBE-NFC12/Target -I../Middlewares/ST/rfal/Inc -I../Drivers/BSP/Components/st25r500 -I../Middlewares/ST/rfal/Src -I../Drivers/BSP/NFC12A1 -O0 -ffunction-sections -fdata-sections -Wall -fstack-usage -fcyclomatic-complexity -MMD -MP -MF"Middlewares/ST/rfal/Src/rfal_nfca.d" -MT"Middlewares/ST/rfal/Src/rfal_nfca.o" --specs=nano.specs -mfloat-abi=soft -mthumb -o "Middlewares/ST/rfal/Src/rfal_nfca.o"
arm-none-eabi-gcc "../Middlewares/ST/rfal/Src/rfal_nfcb.c" -mcpu=cortex-m3 -std=gnu11 -g3 -DDEBUG -DUSE_HAL_DRIVER -DSTM32F103xB -DST25R500 -c -I../Core/Inc -I../Drivers/STM32F1xx_HAL_Driver/Inc -I../Drivers/STM32F1xx_HAL_Driver/Inc/Legacy -I../Drivers/CMSIS/Device/ST/STM32F1xx/Include -I../Drivers/CMSIS/Include -I../X-CUBE-NFC12/Target -I../Middlewares/ST/rfal/Inc -I../Drivers/BSP/Components/st25r500 -I../Middlewares/ST/rfal/Src -I../Drivers/BSP/NFC12A1 -O0 -ffunction-sections -fdata-sections -Wall -fstack-usage -fcyclomatic-complexity -MMD -MP -MF"Middlewares/ST/rfal/Src/rfal_nfcb.d" -MT"Middlewares/ST/rfal/Src/rfal_nfcb.o" --specs=nano.specs -mfloat-abi=soft -mthumb -o "Middlewares/ST/rfal/Src/rfal_nfcb.o"
arm-none-eabi-gcc "../Middlewares/ST/rfal/Src/rfal_nfcf.c" -mcpu=cortex-m3 -std=gnu11 -g3 -DDEBUG -DUSE_HAL_DRIVER -DSTM32F103xB -DST25R500 -c -I../Core/Inc -I../Drivers/STM32F1xx_HAL_Driver/Inc -I../Drivers/STM32F1xx_HAL_Driver/Inc/Legacy -I../Drivers/CMSIS/Device/ST/STM32F1xx/Include -I../Drivers/CMSIS/Include -I../X-CUBE-NFC12/Target -I../Middlewares/ST/rfal/Inc -I../Drivers/BSP/Components/st25r500 -I../Middlewares/ST/rfal/Src -I../Drivers/BSP/NFC12A1 -O0 -ffunction-sections -fdata-sections -Wall -fstack-usage -fcyclomatic-complexity -MMD -MP -MF"Middlewares/ST/rfal/Src/rfal_nfcf.d" -MT"Middlewares/ST/rfal/Src/rfal_nfcf.o" --specs=nano.specs -mfloat-abi=soft -mthumb -o "Middlewares/ST/rfal/Src/rfal_nfcf.o"
arm-none-eabi-gcc "../Middlewares/ST/rfal/Src/rfal_nfcv.c" -mcpu=cortex-m3 -std=gnu11 -g3 -DDEBUG -DUSE_HAL_DRIVER -DSTM32F103xB -DST25R500 -c -I../Core/Inc -I../Drivers/STM32F1xx_HAL_Driver/Inc -I../Drivers/STM32F1xx_HAL_Driver/Inc/Legacy -I../Drivers/CMSIS/Device/ST/STM32F1xx/Include -I../Drivers/CMSIS/Include -I../X-CUBE-NFC12/Target -I../Middlewares/ST/rfal/Inc -I../Drivers/BSP/Components/st25r500 -I../Middlewares/ST/rfal/Src -I../Drivers/BSP/NFC12A1 -O0 -ffunction-sections -fdata-sections -Wall -fstack-usage -fcyclomatic-complexity -MMD -MP -MF"Middlewares/ST/rfal/Src/rfal_nfcv.d" -MT"Middlewares/ST/rfal/Src/rfal_nfcv.o" --specs=nano.specs -mfloat-abi=soft -mthumb -o "Middlewares/ST/rfal/Src/rfal_nfcv.o"
arm-none-eabi-gcc "../Middlewares/ST/rfal/Src/rfal_st25tb.c" -mcpu=cortex-m3 -std=gnu11 -g3 -DDEBUG -DUSE_HAL_DRIVER -DSTM32F103xB -DST25R500 -c -I../Core/Inc -I../Drivers/STM32F1xx_HAL_Driver/Inc -I../Drivers/STM32F1xx_HAL_Driver/Inc/Legacy -I../Drivers/CMSIS/Device/ST/STM32F1xx/Include -I../Drivers/CMSIS/Include -I../X-CUBE-NFC12/Target -I../Middlewares/ST/rfal/Inc -I../Drivers/BSP/Components/st25r500 -I../Middlewares/ST/rfal/Src -I../Drivers/BSP/NFC12A1 -O0 -ffunction-sections -fdata-sections -Wall -fstack-usage -fcyclomatic-complexity -MMD -MP -MF"Middlewares/ST/rfal/Src/rfal_st25tb.d" -MT"Middlewares/ST/rfal/Src/rfal_st25tb.o" --specs=nano.specs -mfloat-abi=soft -mthumb -o "Middlewares/ST/rfal/Src/rfal_st25tb.o"
arm-none-eabi-gcc "../Middlewares/ST/rfal/Src/rfal_st25xv.c" -mcpu=cortex-m3 -std=gnu11 -g3 -DDEBUG -DUSE_HAL_DRIVER -DSTM32F103xB -DST25R500 -c -I../Core/Inc -I../Drivers/STM32F1xx_HAL_Driver/Inc -I../Drivers/STM32F1xx_HAL_Driver/Inc/Legacy -I../Drivers/CMSIS/Device/ST/STM32F1xx/Include -I../Drivers/CMSIS/Include -I../X-CUBE-NFC12/Target -I../Middlewares/ST/rfal/Inc -I../Drivers/BSP/Components/st25r500 -I../Middlewares/ST/rfal/Src -I../Drivers/BSP/NFC12A1 -O0 -ffunction-sections -fdata-sections -Wall -fstack-usage -fcyclomatic-complexity -MMD -MP -MF"Middlewares/ST/rfal/Src/rfal_st25xv.d" -MT"Middlewares/ST/rfal/Src/rfal_st25xv.o" --specs=nano.specs -mfloat-abi=soft -mthumb -o "Middlewares/ST/rfal/Src/rfal_st25xv.o"
arm-none-eabi-gcc "../Middlewares/ST/rfal/Src/rfal_t1t.c" -mcpu=cortex-m3 -std=gnu11 -g3 -DDEBUG -DUSE_HAL_DRIVER -DSTM32F103xB -DST25R500 -c -I../Core/Inc -I../Drivers/STM32F1xx_HAL_Driver/Inc -I../Drivers/STM32F1xx_HAL_Driver/Inc/Legacy -I../Drivers/CMSIS/Device/ST/STM32F1xx/Include -I../Drivers/CMSIS/Include -I../X-CUBE-NFC12/Target -I../Middlewares/ST/rfal/Inc -I../Drivers/BSP/Components/st25r500 -I../Middlewares/ST/rfal/Src -I../Drivers/BSP/NFC12A1 -O0 -ffunction-sections -fdata-sections -Wall -fstack-usage -fcyclomatic-complexity -MMD -MP -MF"Middlewares/ST/rfal/Src/rfal_t1t.d" -MT"Middlewares/ST/rfal/Src/rfal_t1t.o" --specs=nano.specs -mfloat-abi=soft -mthumb -o "Middlewares/ST/rfal/Src/rfal_t1t.o"
arm-none-eabi-gcc "../Middlewares/ST/rfal/Src/rfal_t2t.c" -mcpu=cortex-m3 -std=gnu11 -g3 -DDEBUG -DUSE_HAL_DRIVER -DSTM32F103xB -DST25R500 -c -I../Core/Inc -I../Drivers/STM32F1xx_HAL_Driver/Inc -I../Drivers/STM32F1xx_HAL_Driver/Inc/Legacy -I../Drivers/CMSIS/Device/ST/STM32F1xx/Include -I../Drivers/CMSIS/Include -I../X-CUBE-NFC12/Target -I../Middlewares/ST/rfal/Inc -I../Drivers/BSP/Components/st25r500 -I../Middlewares/ST/rfal/Src -I../Drivers/BSP/NFC12A1 -O0 -ffunction-sections -fdata-sections -Wall -fstack-usage -fcyclomatic-complexity -MMD -MP -MF"Middlewares/ST/rfal/Src/rfal_t2t.d" -MT"Middlewares/ST/rfal/Src/rfal_t2t.o" --specs=nano.specs -mfloat-abi=soft -mthumb -o "Middlewares/ST/rfal/Src/rfal_t2t.o"
arm-none-eabi-gcc "../Middlewares/ST/rfal/Src/rfal_t4t.c" -mcpu=cortex-m3 -std=gnu11 -g3 -DDEBUG -DUSE_HAL_DRIVER -DSTM32F103xB -DST25R500 -c -I../Core/Inc -I../Drivers/STM32F1xx_HAL_Driver/Inc -I../Drivers/STM32F1xx_HAL_Driver/Inc/Legacy -I../Drivers/CMSIS/Device/ST/STM32F1xx/Include -I../Drivers/CMSIS/Include -I../X-CUBE-NFC12/Target -I../Middlewares/ST/rfal/Inc -I../Drivers/BSP/Components/st25r500 -I../Middlewares/ST/rfal/Src -I../Drivers/BSP/NFC12A1 -O0 -ffunction-sections -fdata-sections -Wall -fstack-usage -fcyclomatic-complexity -MMD -MP -MF"Middlewares/ST/rfal/Src/rfal_t4t.d" -MT"Middlewares/ST/rfal/Src/rfal_t4t.o" --specs=nano.specs -mfloat-abi=soft -mthumb -o "Middlewares/ST/rfal/Src/rfal_t4t.o"
arm-none-eabi-gcc "../Drivers/STM32F1xx_HAL_Driver/Src/stm32f1xx_hal.c" -mcpu=cortex-m3 -std=gnu11 -g3 -DDEBUG -DUSE_HAL_DRIVER -DSTM32F103xB -DST25R500 -c -I../Core/Inc -I../Drivers/STM32F1xx_HAL_Driver/Inc -I../Drivers/STM32F1xx_HAL_Driver/Inc/Legacy -I../Drivers/CMSIS/Device/ST/STM32F1xx/Include -I../Drivers/CMSIS/Include -I../X-CUBE-NFC12/Target -I../Middlewares/ST/rfal/Inc -I../Drivers/BSP/Components/st25r500 -I../Middlewares/ST/rfal/Src -I../Drivers/BSP/NFC12A1 -O0 -ffunction-sections -fdata-sections -Wall -fstack-usage -fcyclomatic-complexity -MMD -MP -MF"Drivers/STM32F1xx_HAL_Driver/Src/stm32f1xx_hal.d" -MT"Drivers/STM32F1xx_HAL_Driver/Src/stm32f1xx_hal.o" --specs=nano.specs -mfloat-abi=soft -mthumb -o "Drivers/STM32F1xx_HAL_Driver/Src/stm32f1xx_hal.o"
arm-none-eabi-gcc "../Drivers/STM32F1xx_HAL_Driver/Src/stm32f1xx_hal_cortex.c" -mcpu=cortex-m3 -std=gnu11 -g3 -DDEBUG -DUSE_HAL_DRIVER -DSTM32F103xB -DST25R500 -c -I../Core/Inc -I../Drivers/STM32F1xx_HAL_Driver/Inc -I../Drivers/STM32F1xx_HAL_Driver/Inc/Legacy -I../Drivers/CMSIS/Device/ST/STM32F1xx/Include -I../Drivers/CMSIS/Include -I../X-CUBE-NFC12/Target -I../Middlewares/ST/rfal/Inc -I../Drivers/BSP/Components/st25r500 -I../Middlewares/ST/rfal/Src -I../Drivers/BSP/NFC12A1 -O0 -ffunction-sections -fdata-sections -Wall -fstack-usage -fcyclomatic-complexity -MMD -MP -MF"Drivers/STM32F1xx_HAL_Driver/Src/stm32f1xx_hal_cortex.d" -MT"Drivers/STM32F1xx_HAL_Driver/Src/stm32f1xx_hal_cortex.o" --specs=nano.specs -mfloat-abi=soft -mthumb -o "Drivers/STM32F1xx_HAL_Driver/Src/stm32f1xx_hal_cortex.o"
arm-none-eabi-gcc "../Drivers/STM32F1xx_HAL_Driver/Src/stm32f1xx_hal_dma.c" -mcpu=cortex-m3 -std=gnu11 -g3 -DDEBUG -DUSE_HAL_DRIVER -DSTM32F103xB -DST25R500 -c -I../Core/Inc -I../Drivers/STM32F1xx_HAL_Driver/Inc -I../Drivers/STM32F1xx_HAL_Driver/Inc/Legacy -I../Drivers/CMSIS/Device/ST/STM32F1xx/Include -I../Drivers/CMSIS/Include -I../X-CUBE-NFC12/Target -I../Middlewares/ST/rfal/Inc -I../Drivers/BSP/Components/st25r500 -I../Middlewares/ST/rfal/Src -I../Drivers/BSP/NFC12A1 -O0 -ffunction-sections -fdata-sections -Wall -fstack-usage -fcyclomatic-complexity -MMD -MP -MF"Drivers/STM32F1xx_HAL_Driver/Src/stm32f1xx_hal_dma.d" -MT"Drivers/STM32F1xx_HAL_Driver/Src/stm32f1xx_hal_dma.o" --specs=nano.specs -mfloat-abi=soft -mthumb -o "Drivers/STM32F1xx_HAL_Driver/Src/stm32f1xx_hal_dma.o"
arm-none-eabi-gcc "../Drivers/STM32F1xx_HAL_Driver/Src/stm32f1xx_hal_exti.c" -mcpu=cortex-m3 -std=gnu11 -g3 -DDEBUG -DUSE_HAL_DRIVER -DSTM32F103xB -DST25R500 -c -I../Core/Inc -I../Drivers/STM32F1xx_HAL_Driver/Inc -I../Drivers/STM32F1xx_HAL_Driver/Inc/Legacy -I../Drivers/CMSIS/Device/ST/STM32F1xx/Include -I../Drivers/CMSIS/Include -I../X-CUBE-NFC12/Target -I../Middlewares/ST/rfal/Inc -I../Drivers/BSP/Components/st25r500 -I../Middlewares/ST/rfal/Src -I../Drivers/BSP/NFC12A1 -O0 -ffunction-sections -fdata-sections -Wall -fstack-usage -fcyclomatic-complexity -MMD -MP -MF"Drivers/STM32F1xx_HAL_Driver/Src/stm32f1xx_hal_exti.d" -MT"Drivers/STM32F1xx_HAL_Driver/Src/stm32f1xx_hal_exti.o" --specs=nano.specs -mfloat-abi=soft -mthumb -o "Drivers/STM32F1xx_HAL_Driver/Src/stm32f1xx_hal_exti.o"
arm-none-eabi-gcc "../Drivers/STM32F1xx_HAL_Driver/Src/stm32f1xx_hal_flash.c" -mcpu=cortex-m3 -std=gnu11 -g3 -DDEBUG -DUSE_HAL_DRIVER -DSTM32F103xB -DST25R500 -c -I../Core/Inc -I../Drivers/STM32F1xx_HAL_Driver/Inc -I../Drivers/STM32F1xx_HAL_Driver/Inc/Legacy -I../Drivers/CMSIS/Device/ST/STM32F1xx/Include -I../Drivers/CMSIS/Include -I../X-CUBE-NFC12/Target -I../Middlewares/ST/rfal/Inc -I../Drivers/BSP/Components/st25r500 -I../Middlewares/ST/rfal/Src -I../Drivers/BSP/NFC12A1 -O0 -ffunction-sections -fdata-sections -Wall -fstack-usage -fcyclomatic-complexity -MMD -MP -MF"Drivers/STM32F1xx_HAL_Driver/Src/stm32f1xx_hal_flash.d" -MT"Drivers/STM32F1xx_HAL_Driver/Src/stm32f1xx_hal_flash.o" --specs=nano.specs -mfloat-abi=soft -mthumb -o "Drivers/STM32F1xx_HAL_Driver/Src/stm32f1xx_hal_flash.o"
arm-none-eabi-gcc "../Drivers/STM32F1xx_HAL_Driver/Src/stm32f1xx_hal_flash_ex.c" -mcpu=cortex-m3 -std=gnu11 -g3 -DDEBUG -DUSE_HAL_DRIVER -DSTM32F103xB -DST25R500 -c -I../Core/Inc -I../Drivers/STM32F1xx_HAL_Driver/Inc -I../Drivers/STM32F1xx_HAL_Driver/Inc/Legacy -I../Drivers/CMSIS/Device/ST/STM32F1xx/Include -I../Drivers/CMSIS/Include -I../X-CUBE-NFC12/Target -I../Middlewares/ST/rfal/Inc -I../Drivers/BSP/Components/st25r500 -I../Middlewares/ST/rfal/Src -I../Drivers/BSP/NFC12A1 -O0 -ffunction-sections -fdata-sections -Wall -fstack-usage -fcyclomatic-complexity -MMD -MP -MF"Drivers/STM32F1xx_HAL_Driver/Src/stm32f1xx_hal_flash_ex.d" -MT"Drivers/STM32F1xx_HAL_Driver/Src/stm32f1xx_hal_flash_ex.o" --specs=nano.specs -mfloat-abi=soft -mthumb -o "Drivers/STM32F1xx_HAL_Driver/Src/stm32f1xx_hal_flash_ex.o"
arm-none-eabi-gcc "../Drivers/STM32F1xx_HAL_Driver/Src/stm32f1xx_hal_gpio.c" -mcpu=cortex-m3 -std=gnu11 -g3 -DDEBUG -DUSE_HAL_DRIVER -DSTM32F103xB -DST25R500 -c -I../Core/Inc -I../Drivers/STM32F1xx_HAL_Driver/Inc -I../Drivers/STM32F1xx_HAL_Driver/Inc/Legacy -I../Drivers/CMSIS/Device/ST/STM32F1xx/Include -I../Drivers/CMSIS/Include -I../X-CUBE-NFC12/Target -I../Middlewares/ST/rfal/Inc -I../Drivers/BSP/Components/st25r500 -I../Middlewares/ST/rfal/Src -I../Drivers/BSP/NFC12A1 -O0 -ffunction-sections -fdata-sections -Wall -fstack-usage -fcyclomatic-complexity -MMD -MP -MF"Drivers/STM32F1xx_HAL_Driver/Src/stm32f1xx_hal_gpio.d" -MT"Drivers/STM32F1xx_HAL_Driver/Src/stm32f1xx_hal_gpio.o" --specs=nano.specs -mfloat-abi=soft -mthumb -o "Drivers/STM32F1xx_HAL_Driver/Src/stm32f1xx_hal_gpio.o"
arm-none-eabi-gcc "../Drivers/STM32F1xx_HAL_Driver/Src/stm32f1xx_hal_gpio_ex.c" -mcpu=cortex-m3 -std=gnu11 -g3 -DDEBUG -DUSE_HAL_DRIVER -DSTM32F103xB -DST25R500 -c -I../Core/Inc -I../Drivers/STM32F1xx_HAL_Driver/Inc -I../Drivers/STM32F1xx_HAL_Driver/Inc/Legacy -I../Drivers/CMSIS/Device/ST/STM32F1xx/Include -I../Drivers/CMSIS/Include -I../X-CUBE-NFC12/Target -I../Middlewares/ST/rfal/Inc -I../Drivers/BSP/Components/st25r500 -I../Middlewares/ST/rfal/Src -I../Drivers/BSP/NFC12A1 -O0 -ffunction-sections -fdata-sections -Wall -fstack-usage -fcyclomatic-complexity -MMD -MP -MF"Drivers/STM32F1xx_HAL_Driver/Src/stm32f1xx_hal_gpio_ex.d" -MT"Drivers/STM32F1xx_HAL_Driver/Src/stm32f1xx_hal_gpio_ex.o" --specs=nano.specs -mfloat-abi=soft -mthumb -o "Drivers/STM32F1xx_HAL_Driver/Src/stm32f1xx_hal_gpio_ex.o"
arm-none-eabi-gcc "../Drivers/STM32F1xx_HAL_Driver/Src/stm32f1xx_hal_pwr.c" -mcpu=cortex-m3 -std=gnu11 -g3 -DDEBUG -DUSE_HAL_DRIVER -DSTM32F103xB -DST25R500 -c -I../Core/Inc -I../Drivers/STM32F1xx_HAL_Driver/Inc -I../Drivers/STM32F1xx_HAL_Driver/Inc/Legacy -I../Drivers/CMSIS/Device/ST/STM32F1xx/Include -I../Drivers/CMSIS/Include -I../X-CUBE-NFC12/Target -I../Middlewares/ST/rfal/Inc -I../Drivers/BSP/Components/st25r500 -I../Middlewares/ST/rfal/Src -I../Drivers/BSP/NFC12A1 -O0 -ffunction-sections -fdata-sections -Wall -fstack-usage -fcyclomatic-complexity -MMD -MP -MF"Drivers/STM32F1xx_HAL_Driver/Src/stm32f1xx_hal_pwr.d" -MT"Drivers/STM32F1xx_HAL_Driver/Src/stm32f1xx_hal_pwr.o" --specs=nano.specs -mfloat-abi=soft -mthumb -o "Drivers/STM32F1xx_HAL_Driver/Src/stm32f1xx_hal_pwr.o"
arm-none-eabi-gcc "../Drivers/STM32F1xx_HAL_Driver/Src/stm32f1xx_hal_rcc.c" -mcpu=cortex-m3 -std=gnu11 -g3 -DDEBUG -DUSE_HAL_DRIVER -DSTM32F103xB -DST25R500 -c -I../Core/Inc -I../Drivers/STM32F1xx_HAL_Driver/Inc -I../Drivers/STM32F1xx_HAL_Driver/Inc/Legacy -I../Drivers/CMSIS/Device/ST/STM32F1xx/Include -I../Drivers/CMSIS/Include -I../X-CUBE-NFC12/Target -I../Middlewares/ST/rfal/Inc -I../Drivers/BSP/Components/st25r500 -I../Middlewares/ST/rfal/Src -I../Drivers/BSP/NFC12A1 -O0 -ffunction-sections -fdata-sections -Wall -fstack-usage -fcyclomatic-complexity -MMD -MP -MF"Drivers/STM32F1xx_HAL_Driver/Src/stm32f1xx_hal_rcc.d" -MT"Drivers/STM32F1xx_HAL_Driver/Src/stm32f1xx_hal_rcc.o" --specs=nano.specs -mfloat-abi=soft -mthumb -o "Drivers/STM32F1xx_HAL_Driver/Src/stm32f1xx_hal_rcc.o"
arm-none-eabi-gcc "../Drivers/STM32F1xx_HAL_Driver/Src/stm32f1xx_hal_rcc_ex.c" -mcpu=cortex-m3 -std=gnu11 -g3 -DDEBUG -DUSE_HAL_DRIVER -DSTM32F103xB -DST25R500 -c -I../Core/Inc -I../Drivers/STM32F1xx_HAL_Driver/Inc -I../Drivers/STM32F1xx_HAL_Driver/Inc/Legacy -I../Drivers/CMSIS/Device/ST/STM32F1xx/Include -I../Drivers/CMSIS/Include -I../X-CUBE-NFC12/Target -I../Middlewares/ST/rfal/Inc -I../Drivers/BSP/Components/st25r500 -I../Middlewares/ST/rfal/Src -I../Drivers/BSP/NFC12A1 -O0 -ffunction-sections -fdata-sections -Wall -fstack-usage -fcyclomatic-complexity -MMD -MP -MF"Drivers/STM32F1xx_HAL_Driver/Src/stm32f1xx_hal_rcc_ex.d" -MT"Drivers/STM32F1xx_HAL_Driver/Src/stm32f1xx_hal_rcc_ex.o" --specs=nano.specs -mfloat-abi=soft -mthumb -o "Drivers/STM32F1xx_HAL_Driver/Src/stm32f1xx_hal_rcc_ex.o"
arm-none-eabi-gcc "../Drivers/STM32F1xx_HAL_Driver/Src/stm32f1xx_hal_spi.c" -mcpu=cortex-m3 -std=gnu11 -g3 -DDEBUG -DUSE_HAL_DRIVER -DSTM32F103xB -DST25R500 -c -I../Core/Inc -I../Drivers/STM32F1xx_HAL_Driver/Inc -I../Drivers/STM32F1xx_HAL_Driver/Inc/Legacy -I../Drivers/CMSIS/Device/ST/STM32F1xx/Include -I../Drivers/CMSIS/Include -I../X-CUBE-NFC12/Target -I../Middlewares/ST/rfal/Inc -I../Drivers/BSP/Components/st25r500 -I../Middlewares/ST/rfal/Src -I../Drivers/BSP/NFC12A1 -O0 -ffunction-sections -fdata-sections -Wall -fstack-usage -fcyclomatic-complexity -MMD -MP -MF"Drivers/STM32F1xx_HAL_Driver/Src/stm32f1xx_hal_spi.d" -MT"Drivers/STM32F1xx_HAL_Driver/Src/stm32f1xx_hal_spi.o" --specs=nano.specs -mfloat-abi=soft -mthumb -o "Drivers/STM32F1xx_HAL_Driver/Src/stm32f1xx_hal_spi.o"
arm-none-eabi-gcc "../Drivers/STM32F1xx_HAL_Driver/Src/stm32f1xx_hal_uart.c" -mcpu=cortex-m3 -std=gnu11 -g3 -DDEBUG -DUSE_HAL_DRIVER -DSTM32F103xB -DST25R500 -c -I../Core/Inc -I../Drivers/STM32F1xx_HAL_Driver/Inc -I../Drivers/STM32F1xx_HAL_Driver/Inc/Legacy -I../Drivers/CMSIS/Device/ST/STM32F1xx/Include -I../Drivers/CMSIS/Include -I../X-CUBE-NFC12/Target -I../Middlewares/ST/rfal/Inc -I../Drivers/BSP/Components/st25r500 -I../Middlewares/ST/rfal/Src -I../Drivers/BSP/NFC12A1 -O0 -ffunction-sections -fdata-sections -Wall -fstack-usage -fcyclomatic-complexity -MMD -MP -MF"Drivers/STM32F1xx_HAL_Driver/Src/stm32f1xx_hal_uart.d" -MT"Drivers/STM32F1xx_HAL_Driver/Src/stm32f1xx_hal_uart.o" --specs=nano.specs -mfloat-abi=soft -mthumb -o "Drivers/STM32F1xx_HAL_Driver/Src/stm32f1xx_hal_uart.o"
arm-none-eabi-gcc "../Drivers/BSP/Components/st25r500/rfal_rfst25r500.c" -mcpu=cortex-m3 -std=gnu11 -g3 -DDEBUG -DUSE_HAL_DRIVER -DSTM32F103xB -DST25R500 -c -I../Core/Inc -I../Drivers/STM32F1xx_HAL_Driver/Inc -I../Drivers/STM32F1xx_HAL_Driver/Inc/Legacy -I../Drivers/CMSIS/Device/ST/STM32F1xx/Include -I../Drivers/CMSIS/Include -I../X-CUBE-NFC12/Target -I../Middlewares/ST/rfal/Inc -I../Drivers/BSP/Components/st25r500 -I../Middlewares/ST/rfal/Src -I../Drivers/BSP/NFC12A1 -O0 -ffunction-sections -fdata-sections -Wall -fstack-usage -fcyclomatic-complexity -MMD -MP -MF"Drivers/BSP/Components/st25r500/rfal_rfst25r500.d" -MT"Drivers/BSP/Components/st25r500/rfal_rfst25r500.o" --specs=nano.specs -mfloat-abi=soft -mthumb -o "Drivers/BSP/Components/st25r500/rfal_rfst25r500.o"
arm-none-eabi-gcc "../Drivers/BSP/Components/st25r500/st25r500.c" -mcpu=cortex-m3 -std=gnu11 -g3 -DDEBUG -DUSE_HAL_DRIVER -DSTM32F103xB -DST25R500 -c -I../Core/Inc -I../Drivers/STM32F1xx_HAL_Driver/Inc -I../Drivers/STM32F1xx_HAL_Driver/Inc/Legacy -I../Drivers/CMSIS/Device/ST/STM32F1xx/Include -I../Drivers/CMSIS/Include -I../X-CUBE-NFC12/Target -I../Middlewares/ST/rfal/Inc -I../Drivers/BSP/Components/st25r500 -I../Middlewares/ST/rfal/Src -I../Drivers/BSP/NFC12A1 -O0 -ffunction-sections -fdata-sections -Wall -fstack-usage -fcyclomatic-complexity -MMD -MP -MF"Drivers/BSP/Components/st25r500/st25r500.d" -MT"Drivers/BSP/Components/st25r500/st25r500.o" --specs=nano.specs -mfloat-abi=soft -mthumb -o "Drivers/BSP/Components/st25r500/st25r500.o"
arm-none-eabi-gcc "../Drivers/BSP/Components/st25r500/st25r500_com.c" -mcpu=cortex-m3 -std=gnu11 -g3 -DDEBUG -DUSE_HAL_DRIVER -DSTM32F103xB -DST25R500 -c -I../Core/Inc -I../Drivers/STM32F1xx_HAL_Driver/Inc -I../Drivers/STM32F1xx_HAL_Driver/Inc/Legacy -I../Drivers/CMSIS/Device/ST/STM32F1xx/Include -I../Drivers/CMSIS/Include -I../X-CUBE-NFC12/Target -I../Middlewares/ST/rfal/Inc -I../Drivers/BSP/Components/st25r500 -I../Middlewares/ST/rfal/Src -I../Drivers/BSP/NFC12A1 -O0 -ffunction-sections -fdata-sections -Wall -fstack-usage -fcyclomatic-complexity -MMD -MP -MF"Drivers/BSP/Components/st25r500/st25r500_com.d" -MT"Drivers/BSP/Components/st25r500/st25r500_com.o" --specs=nano.specs -mfloat-abi=soft -mthumb -o "Drivers/BSP/Components/st25r500/st25r500_com.o"
arm-none-eabi-gcc "../Drivers/BSP/Components/st25r500/st25r500_dpocr.c" -mcpu=cortex-m3 -std=gnu11 -g3 -DDEBUG -DUSE_HAL_DRIVER -DSTM32F103xB -DST25R500 -c -I../Core/Inc -I../Drivers/STM32F1xx_HAL_Driver/Inc -I../Drivers/STM32F1xx_HAL_Driver/Inc/Legacy -I../Drivers/CMSIS/Device/ST/STM32F1xx/Include -I../Drivers/CMSIS/Include -I../X-CUBE-NFC12/Target -I../Middlewares/ST/rfal/Inc -I../Drivers/BSP/Components/st25r500 -I../Middlewares/ST/rfal/Src -I../Drivers/BSP/NFC12A1 -O0 -ffunction-sections -fdata-sections -Wall -fstack-usage -fcyclomatic-complexity -MMD -MP -MF"Drivers/BSP/Components/st25r500/st25r500_dpocr.d" -MT"Drivers/BSP/Components/st25r500/st25r500_dpocr.o" --specs=nano.specs -mfloat-abi=soft -mthumb -o "Drivers/BSP/Components/st25r500/st25r500_dpocr.o"
arm-none-eabi-gcc "../Drivers/BSP/Components/st25r500/st25r500_irq.c" -mcpu=cortex-m3 -std=gnu11 -g3 -DDEBUG -DUSE_HAL_DRIVER -DSTM32F103xB -DST25R500 -c -I../Core/Inc -I../Drivers/STM32F1xx_HAL_Driver/Inc -I../Drivers/STM32F1xx_HAL_Driver/Inc/Legacy -I../Drivers/CMSIS/Device/ST/STM32F1xx/Include -I../Drivers/CMSIS/Include -I../X-CUBE-NFC12/Target -I../Middlewares/ST/rfal/Inc -I../Drivers/BSP/Components/st25r500 -I../Middlewares/ST/rfal/Src -I../Drivers/BSP/NFC12A1 -O0 -ffunction-sections -fdata-sections -Wall -fstack-usage -fcyclomatic-complexity -MMD -MP -MF"Drivers/BSP/Components/st25r500/st25r500_irq.d" -MT"Drivers/BSP/Components/st25r500/st25r500_irq.o" --specs=nano.specs -mfloat-abi=soft -mthumb -o "Drivers/BSP/Components/st25r500/st25r500_irq.o"
arm-none-eabi-gcc -mcpu=cortex-m3 -g3 -DDEBUG -c -x assembler-with-cpp -MMD -MP -MF"Core/Startup/startup_stm32f103rbtx.d" -MT"Core/Startup/startup_stm32f103rbtx.o" --specs=nano.specs -mfloat-abi=soft -mthumb -o "Core/Startup/startup_stm32f103rbtx.o" "../Core/Startup/startup_stm32f103rbtx.s"
arm-none-eabi-gcc "../Core/Src/main.c" -mcpu=cortex-m3 -std=gnu11 -g3 -DDEBUG -DUSE_HAL_DRIVER -DSTM32F103xB -DST25R500 -c -I../Core/Inc -I../Drivers/STM32F1xx_HAL_Driver/Inc -I../Drivers/STM32F1xx_HAL_Driver/Inc/Legacy -I../Drivers/CMSIS/Device/ST/STM32F1xx/Include -I../Drivers/CMSIS/Include -I../X-CUBE-NFC12/Target -I../Middlewares/ST/rfal/Inc -I../Drivers/BSP/Components/st25r500 -I../Middlewares/ST/rfal/Src -I../Drivers/BSP/NFC12A1 -O0 -ffunction-sections -fdata-sections -Wall -fstack-usage -fcyclomatic-complexity -MMD -MP -MF"Core/Src/main.d" -MT"Core/Src/main.o" --specs=nano.specs -mfloat-abi=soft -mthumb -o "Core/Src/main.o"
arm-none-eabi-gcc "../Core/Src/runtime_logger.c" -mcpu=cortex-m3 -std=gnu11 -g3 -DDEBUG -DUSE_HAL_DRIVER -DSTM32F103xB -DST25R500 -c -I../Core/Inc -I../Drivers/STM32F1xx_HAL_Driver/Inc -I../Drivers/STM32F1xx_HAL_Driver/Inc/Legacy -I../Drivers/CMSIS/Device/ST/STM32F1xx/Include -I../Drivers/CMSIS/Include -I../X-CUBE-NFC12/Target -I../Middlewares/ST/rfal/Inc -I../Drivers/BSP/Components/st25r500 -I../Middlewares/ST/rfal/Src -I../Drivers/BSP/NFC12A1 -O0 -ffunction-sections -fdata-sections -Wall -fstack-usage -fcyclomatic-complexity -MMD -MP -MF"Core/Src/runtime_logger.d" -MT"Core/Src/runtime_logger.o" --specs=nano.specs -mfloat-abi=soft -mthumb -o "Core/Src/runtime_logger.o"
arm-none-eabi-gcc "../Core/Src/stm32f1xx_hal_msp.c" -mcpu=cortex-m3 -std=gnu11 -g3 -DDEBUG -DUSE_HAL_DRIVER -DSTM32F103xB -DST25R500 -c -I../Core/Inc -I../Drivers/STM32F1xx_HAL_Driver/Inc -I../Drivers/STM32F1xx_HAL_Driver/Inc/Legacy -I../Drivers/CMSIS/Device/ST/STM32F1xx/Include -I../Drivers/CMSIS/Include -I../X-CUBE-NFC12/Target -I../Middlewares/ST/rfal/Inc -I../Drivers/BSP/Components/st25r500 -I../Middlewares/ST/rfal/Src -I../Drivers/BSP/NFC12A1 -O0 -ffunction-sections -fdata-sections -Wall -fstack-usage -fcyclomatic-complexity -MMD -MP -MF"Core/Src/stm32f1xx_hal_msp.d" -MT"Core/Src/stm32f1xx_hal_msp.o" --specs=nano.specs -mfloat-abi=soft -mthumb -o "Core/Src/stm32f1xx_hal_msp.o"
arm-none-eabi-gcc "../Core/Src/stm32f1xx_it.c" -mcpu=cortex-m3 -std=gnu11 -g3 -DDEBUG -DUSE_HAL_DRIVER -DSTM32F103xB -DST25R500 -c -I../Core/Inc -I../Drivers/STM32F1xx_HAL_Driver/Inc -I../Drivers/STM32F1xx_HAL_Driver/Inc/Legacy -I../Drivers/CMSIS/Device/ST/STM32F1xx/Include -I../Drivers/CMSIS/Include -I../X-CUBE-NFC12/Target -I../Middlewares/ST/rfal/Inc -I../Drivers/BSP/Components/st25r500 -I../Middlewares/ST/rfal/Src -I../Drivers/BSP/NFC12A1 -O0 -ffunction-sections -fdata-sections -Wall -fstack-usage -fcyclomatic-complexity -MMD -MP -MF"Core/Src/stm32f1xx_it.d" -MT"Core/Src/stm32f1xx_it.o" --specs=nano.specs -mfloat-abi=soft -mthumb -o "Core/Src/stm32f1xx_it.o"
arm-none-eabi-gcc "../Core/Src/stm32f1xx_nucleo_bus.c" -mcpu=cortex-m3 -std=gnu11 -g3 -DDEBUG -DUSE_HAL_DRIVER -DSTM32F103xB -DST25R500 -c -I../Core/Inc -I../Drivers/STM32F1xx_HAL_Driver/Inc -I../Drivers/STM32F1xx_HAL_Driver/Inc/Legacy -I../Drivers/CMSIS/Device/ST/STM32F1xx/Include -I../Drivers/CMSIS/Include -I../X-CUBE-NFC12/Target -I../Middlewares/ST/rfal/Inc -I../Drivers/BSP/Components/st25r500 -I../Middlewares/ST/rfal/Src -I../Drivers/BSP/NFC12A1 -O0 -ffunction-sections -fdata-sections -Wall -fstack-usage -fcyclomatic-complexity -MMD -MP -MF"Core/Src/stm32f1xx_nucleo_bus.d" -MT"Core/Src/stm32f1xx_nucleo_bus.o" --specs=nano.specs -mfloat-abi=soft -mthumb -o "Core/Src/stm32f1xx_nucleo_bus.o"
arm-none-eabi-gcc "../Core/Src/syscalls.c" -mcpu=cortex-m3 -std=gnu11 -g3 -DDEBUG -DUSE_HAL_DRIVER -DSTM32F103xB -DST25R500 -c -I../Core/Inc -I../Drivers/STM32F1xx_HAL_Driver/Inc -I../Drivers/STM32F1xx_HAL_Driver/Inc/Legacy -I../Drivers/CMSIS/Device/ST/STM32F1xx/Include -I../Drivers/CMSIS/Include -I../X-CUBE-NFC12/Target -I../Middlewares/ST/rfal/Inc -I../Drivers/BSP/Components/st25r500 -I../Middlewares/ST/rfal/Src -I../Drivers/BSP/NFC12A1 -O0 -ffunction-sections -fdata-sections -Wall -fstack-usage -fcyclomatic-complexity -MMD -MP -MF"Core/Src/syscalls.d" -MT"Core/Src/syscalls.o" --specs=nano.specs -mfloat-abi=soft -mthumb -o "Core/Src/syscalls.o"
arm-none-eabi-gcc "../Core/Src/sysmem.c" -mcpu=cortex-m3 -std=gnu11 -g3 -DDEBUG -DUSE_HAL_DRIVER -DSTM32F103xB -DST25R500 -c -I../Core/Inc -I../Drivers/STM32F1xx_HAL_Driver/Inc -I../Drivers/STM32F1xx_HAL_Driver/Inc/Legacy -I../Drivers/CMSIS/Device/ST/STM32F1xx/Include -I../Drivers/CMSIS/Include -I../X-CUBE-NFC12/Target -I../Middlewares/ST/rfal/Inc -I../Drivers/BSP/Components/st25r500 -I../Middlewares/ST/rfal/Src -I../Drivers/BSP/NFC12A1 -O0 -ffunction-sections -fdata-sections -Wall -fstack-usage -fcyclomatic-complexity -MMD -MP -MF"Core/Src/sysmem.d" -MT"Core/Src/sysmem.o" --specs=nano.specs -mfloat-abi=soft -mthumb -o "Core/Src/sysmem.o"
arm-none-eabi-gcc "../Core/Src/system_stm32f1xx.c" -mcpu=cortex-m3 -std=gnu11 -g3 -DDEBUG -DUSE_HAL_DRIVER -DSTM32F103xB -DST25R500 -c -I../Core/Inc -I../Drivers/STM32F1xx_HAL_Driver/Inc -I../Drivers/STM32F1xx_HAL_Driver/Inc/Legacy -I../Drivers/CMSIS/Device/ST/STM32F1xx/Include -I../Drivers/CMSIS/Include -I../X-CUBE-NFC12/Target -I../Middlewares/ST/rfal/Inc -I../Drivers/BSP/Components/st25r500 -I../Middlewares/ST/rfal/Src -I../Drivers/BSP/NFC12A1 -O0 -ffunction-sections -fdata-sections -Wall -fstack-usage -fcyclomatic-complexity -MMD -MP -MF"Core/Src/system_stm32f1xx.d" -MT"Core/Src/system_stm32f1xx.o" --specs=nano.specs -mfloat-abi=soft -mthumb -o "Core/Src/system_stm32f1xx.o"
arm-none-eabi-gcc -o "NFC12A1_Test.elf" @"objects.list"   -mcpu=cortex-m3 -T"D:\BrasensFirmwares\NFC12A1_Test\STM32F103RBTX_FLASH.ld" --specs=nosys.specs -Wl,-Map="NFC12A1_Test.map" -Wl,--gc-sections -static --specs=nano.specs -mfloat-abi=soft -mthumb -Wl,--start-group -lc -lm -Wl,--end-group
Finished building target: NFC12A1_Test.elf
 
arm-none-eabi-size  NFC12A1_Test.elf 
arm-none-eabi-objdump -h -S NFC12A1_Test.elf  > "NFC12A1_Test.list"
   text	   data	    bss	    dec	    hex	filename
  46228	     92	   5388	  51708	   c9fc	NFC12A1_Test.elf
Finished building: default.size.stdout
 
Finished building: NFC12A1_Test.list
 
22:23:48 **** Incremental Build of configuration Debug for project NFC12A1_Test ****
make -j12 all 
arm-none-eabi-gcc "../Core/Src/main.c" -mcpu=cortex-m3 -std=gnu11 -g3 -DDEBUG -DUSE_HAL_DRIVER -DSTM32F103xB -DST25R500 -c -I../Core/Inc -I../Drivers/STM32F1xx_HAL_Driver/Inc -I../Drivers/STM32F1xx_HAL_Driver/Inc/Legacy -I../Drivers/CMSIS/Device/ST/STM32F1xx/Include -I../Drivers/CMSIS/Include -I../X-CUBE-NFC12/Target -I../Middlewares/ST/rfal/Inc -I../Drivers/BSP/Components/st25r500 -I../Middlewares/ST/rfal/Src -I../Drivers/BSP/NFC12A1 -O0 -ffunction-sections -fdata-sections -Wall -fstack-usage -fcyclomatic-complexity -MMD -MP -MF"Core/Src/main.d" -MT"Core/Src/main.o" --specs=nano.specs -mfloat-abi=soft -mthumb -o "Core/Src/main.o"
arm-none-eabi-gcc -o "NFC12A1_Test.elf" @"objects.list"   -mcpu=cortex-m3 -T"D:\BrasensFirmwares\NFC12A1_Test\STM32F103RBTX_FLASH.ld" --specs=nosys.specs -Wl,-Map="NFC12A1_Test.map" -Wl,--gc-sections -static --specs=nano.specs -mfloat-abi=soft -mthumb -Wl,--start-group -lc -lm -Wl,--end-group
Finished building target: NFC12A1_Test.elf
 
arm-none-eabi-size  NFC12A1_Test.elf 
arm-none-eabi-objdump -h -S NFC12A1_Test.elf  > "NFC12A1_Test.list"
   text	   data	    bss	    dec	    hex	filename
  46308	     92	   5388	  51788	   ca4c	NFC12A1_Test.elf
Finished building: default.size.stdout
 
Finished building: NFC12A1_Test.list
 
