09:08:43 **** Clean-only build of configuration Release for project TorquimeterTagWithLargeMCU ****
make -j12 clean 
rm -rf ./Drivers/STM32L0xx_HAL_Driver/stm32l0xx_hal.cyclo ./Drivers/STM32L0xx_HAL_Driver/stm32l0xx_hal.d ./Drivers/STM32L0xx_HAL_Driver/stm32l0xx_hal.o ./Drivers/STM32L0xx_HAL_Driver/stm32l0xx_hal.su ./Drivers/STM32L0xx_HAL_Driver/stm32l0xx_hal_cortex.cyclo ./Drivers/STM32L0xx_HAL_Driver/stm32l0xx_hal_cortex.d ./Drivers/STM32L0xx_HAL_Driver/stm32l0xx_hal_cortex.o ./Drivers/STM32L0xx_HAL_Driver/stm32l0xx_hal_cortex.su ./Drivers/STM32L0xx_HAL_Driver/stm32l0xx_hal_dma.cyclo ./Drivers/STM32L0xx_HAL_Driver/stm32l0xx_hal_dma.d ./Drivers/STM32L0xx_HAL_Driver/stm32l0xx_hal_dma.o ./Drivers/STM32L0xx_HAL_Driver/stm32l0xx_hal_dma.su ./Drivers/STM32L0xx_HAL_Driver/stm32l0xx_hal_exti.cyclo ./Drivers/STM32L0xx_HAL_Driver/stm32l0xx_hal_exti.d ./Drivers/STM32L0xx_HAL_Driver/stm32l0xx_hal_exti.o ./Drivers/STM32L0xx_HAL_Driver/stm32l0xx_hal_exti.su ./Drivers/STM32L0xx_HAL_Driver/stm32l0xx_hal_flash.cyclo ./Drivers/STM32L0xx_HAL_Driver/stm32l0xx_hal_flash.d ./Drivers/STM32L0xx_HAL_Driver/stm32l0xx_hal_flash.o ./Drivers/STM32L0xx_HAL_Driver/stm32l0xx_hal_flash.su ./Drivers/STM32L0xx_HAL_Driver/stm32l0xx_hal_flash_ex.cyclo ./Drivers/STM32L0xx_HAL_Driver/stm32l0xx_hal_flash_ex.d ./Drivers/STM32L0xx_HAL_Driver/stm32l0xx_hal_flash_ex.o ./Drivers/STM32L0xx_HAL_Driver/stm32l0xx_hal_flash_ex.su ./Drivers/STM32L0xx_HAL_Driver/stm32l0xx_hal_flash_ramfunc.cyclo ./Drivers/STM32L0xx_HAL_Driver/stm32l0xx_hal_flash_ramfunc.d ./Drivers/STM32L0xx_HAL_Driver/stm32l0xx_hal_flash_ramfunc.o ./Drivers/STM32L0xx_HAL_Driver/stm32l0xx_hal_flash_ramfunc.su ./Drivers/STM32L0xx_HAL_Driver/stm32l0xx_hal_gpio.cyclo ./Drivers/STM32L0xx_HAL_Driver/stm32l0xx_hal_gpio.d ./Drivers/STM32L0xx_HAL_Driver/stm32l0xx_hal_gpio.o ./Drivers/STM32L0xx_HAL_Driver/stm32l0xx_hal_gpio.su ./Drivers/STM32L0xx_HAL_Driver/stm32l0xx_hal_i2c.cyclo ./Drivers/STM32L0xx_HAL_Driver/stm32l0xx_hal_i2c.d ./Drivers/STM32L0xx_HAL_Driver/stm32l0xx_hal_i2c.o ./Drivers/STM32L0xx_HAL_Driver/stm32l0xx_hal_i2c.su ./Drivers/STM32L0xx_HAL_Driver/stm32l0xx_hal_i2c_ex.cyclo ./Drivers/STM32L0xx_HAL_Driver/stm32l0xx_hal_i2c_ex.d ./Drivers/STM32L0xx_HAL_Driver/stm32l0xx_hal_i2c_ex.o ./Drivers/STM32L0xx_HAL_Driver/stm32l0xx_hal_i2c_ex.su ./Drivers/STM32L0xx_HAL_Driver/stm32l0xx_hal_pwr.cyclo ./Drivers/STM32L0xx_HAL_Driver/stm32l0xx_hal_pwr.d ./Drivers/STM32L0xx_HAL_Driver/stm32l0xx_hal_pwr.o ./Drivers/STM32L0xx_HAL_Driver/stm32l0xx_hal_pwr.su ./Drivers/STM32L0xx_HAL_Driver/stm32l0xx_hal_pwr_ex.cyclo ./Drivers/STM32L0xx_HAL_Driver/stm32l0xx_hal_pwr_ex.d ./Drivers/STM32L0xx_HAL_Driver/stm32l0xx_hal_pwr_ex.o ./Drivers/STM32L0xx_HAL_Driver/stm32l0xx_hal_pwr_ex.su ./Drivers/STM32L0xx_HAL_Driver/stm32l0xx_hal_rcc.cyclo ./Drivers/STM32L0xx_HAL_Driver/stm32l0xx_hal_rcc.d ./Drivers/STM32L0xx_HAL_Driver/stm32l0xx_hal_rcc.o ./Drivers/STM32L0xx_HAL_Driver/stm32l0xx_hal_rcc.su ./Drivers/STM32L0xx_HAL_Driver/stm32l0xx_hal_rcc_ex.cyclo ./Drivers/STM32L0xx_HAL_Driver/stm32l0xx_hal_rcc_ex.d ./Drivers/STM32L0xx_HAL_Driver/stm32l0xx_hal_rcc_ex.o ./Drivers/STM32L0xx_HAL_Driver/stm32l0xx_hal_rcc_ex.su ./Drivers/STM32L0xx_HAL_Driver/stm32l0xx_hal_spi.cyclo ./Drivers/STM32L0xx_HAL_Driver/stm32l0xx_hal_spi.d ./Drivers/STM32L0xx_HAL_Driver/stm32l0xx_hal_spi.o ./Drivers/STM32L0xx_HAL_Driver/stm32l0xx_hal_spi.su ./Drivers/STM32L0xx_HAL_Driver/stm32l0xx_hal_uart.cyclo ./Drivers/STM32L0xx_HAL_Driver/stm32l0xx_hal_uart.d ./Drivers/STM32L0xx_HAL_Driver/stm32l0xx_hal_uart.o ./Drivers/STM32L0xx_HAL_Driver/stm32l0xx_hal_uart.su ./Drivers/STM32L0xx_HAL_Driver/stm32l0xx_hal_uart_ex.cyclo ./Drivers/STM32L0xx_HAL_Driver/stm32l0xx_hal_uart_ex.d ./Drivers/STM32L0xx_HAL_Driver/stm32l0xx_hal_uart_ex.o ./Drivers/STM32L0xx_HAL_Driver/stm32l0xx_hal_uart_ex.su
rm -rf ./Core/Startup/startup_stm32l053c8tx.d ./Core/Startup/startup_stm32l053c8tx.o
rm -rf ./Core/Src/main.cyclo ./Core/Src/main.d ./Core/Src/main.o ./Core/Src/main.su ./Core/Src/st25dv_driver.cyclo ./Core/Src/st25dv_driver.d ./Core/Src/st25dv_driver.o ./Core/Src/st25dv_driver.su ./Core/Src/st25r300.cyclo ./Core/Src/st25r300.d ./Core/Src/st25r300.o ./Core/Src/st25r300.su ./Core/Src/stm32l0xx_hal_msp.cyclo ./Core/Src/stm32l0xx_hal_msp.d ./Core/Src/stm32l0xx_hal_msp.o ./Core/Src/stm32l0xx_hal_msp.su ./Core/Src/stm32l0xx_it.cyclo ./Core/Src/stm32l0xx_it.d ./Core/Src/stm32l0xx_it.o ./Core/Src/stm32l0xx_it.su ./Core/Src/syscalls.cyclo ./Core/Src/syscalls.d ./Core/Src/syscalls.o ./Core/Src/syscalls.su ./Core/Src/sysmem.cyclo ./Core/Src/sysmem.d ./Core/Src/sysmem.o ./Core/Src/sysmem.su ./Core/Src/system_stm32l0xx.cyclo ./Core/Src/system_stm32l0xx.d ./Core/Src/system_stm32l0xx.o ./Core/Src/system_stm32l0xx.su
rm -rf TorquimeterReader.elf TorquimeterReader.list TorquimeterReader.map default.size.stdout
 
09:08:43 **** Incremental Build of configuration Release for project TorquimeterTagWithLargeMCU ****
make -j12 all 
arm-none-eabi-gcc "C:/Users/Matheus Markies/STM32Cube/Repository/STM32Cube_FW_L0_V1.12.3/Drivers/STM32L0xx_HAL_Driver/Src/stm32l0xx_hal.c" -mcpu=cortex-m0plus -std=gnu11 -DUSE_HAL_DRIVER -DSTM32L053xx -c -I../Core/Inc -I"C:/Users/Matheus Markies/STM32Cube/Repository/STM32Cube_FW_L0_V1.12.3/Drivers/STM32L0xx_HAL_Driver/Inc" -I"C:/Users/Matheus Markies/STM32Cube/Repository/STM32Cube_FW_L0_V1.12.3/Drivers/STM32L0xx_HAL_Driver/Inc/Legacy" -I"C:/Users/Matheus Markies/STM32Cube/Repository/STM32Cube_FW_L0_V1.12.3/Drivers/CMSIS/Device/ST/STM32L0xx/Include" -I"C:/Users/Matheus Markies/STM32Cube/Repository/STM32Cube_FW_L0_V1.12.3/Drivers/CMSIS/Include" -Os -ffunction-sections -fdata-sections -Wall -fstack-usage -fcyclomatic-complexity -MMD -MP -MF"Drivers/STM32L0xx_HAL_Driver/stm32l0xx_hal.d" -MT"Drivers/STM32L0xx_HAL_Driver/stm32l0xx_hal.o" --specs=nano.specs -mfloat-abi=soft -mthumb -o "Drivers/STM32L0xx_HAL_Driver/stm32l0xx_hal.o"
arm-none-eabi-gcc "C:/Users/Matheus Markies/STM32Cube/Repository/STM32Cube_FW_L0_V1.12.3/Drivers/STM32L0xx_HAL_Driver/Src/stm32l0xx_hal_cortex.c" -mcpu=cortex-m0plus -std=gnu11 -DUSE_HAL_DRIVER -DSTM32L053xx -c -I../Core/Inc -I"C:/Users/Matheus Markies/STM32Cube/Repository/STM32Cube_FW_L0_V1.12.3/Drivers/STM32L0xx_HAL_Driver/Inc" -I"C:/Users/Matheus Markies/STM32Cube/Repository/STM32Cube_FW_L0_V1.12.3/Drivers/STM32L0xx_HAL_Driver/Inc/Legacy" -I"C:/Users/Matheus Markies/STM32Cube/Repository/STM32Cube_FW_L0_V1.12.3/Drivers/CMSIS/Device/ST/STM32L0xx/Include" -I"C:/Users/Matheus Markies/STM32Cube/Repository/STM32Cube_FW_L0_V1.12.3/Drivers/CMSIS/Include" -Os -ffunction-sections -fdata-sections -Wall -fstack-usage -fcyclomatic-complexity -MMD -MP -MF"Drivers/STM32L0xx_HAL_Driver/stm32l0xx_hal_cortex.d" -MT"Drivers/STM32L0xx_HAL_Driver/stm32l0xx_hal_cortex.o" --specs=nano.specs -mfloat-abi=soft -mthumb -o "Drivers/STM32L0xx_HAL_Driver/stm32l0xx_hal_cortex.o"
arm-none-eabi-gcc "C:/Users/Matheus Markies/STM32Cube/Repository/STM32Cube_FW_L0_V1.12.3/Drivers/STM32L0xx_HAL_Driver/Src/stm32l0xx_hal_dma.c" -mcpu=cortex-m0plus -std=gnu11 -DUSE_HAL_DRIVER -DSTM32L053xx -c -I../Core/Inc -I"C:/Users/Matheus Markies/STM32Cube/Repository/STM32Cube_FW_L0_V1.12.3/Drivers/STM32L0xx_HAL_Driver/Inc" -I"C:/Users/Matheus Markies/STM32Cube/Repository/STM32Cube_FW_L0_V1.12.3/Drivers/STM32L0xx_HAL_Driver/Inc/Legacy" -I"C:/Users/Matheus Markies/STM32Cube/Repository/STM32Cube_FW_L0_V1.12.3/Drivers/CMSIS/Device/ST/STM32L0xx/Include" -I"C:/Users/Matheus Markies/STM32Cube/Repository/STM32Cube_FW_L0_V1.12.3/Drivers/CMSIS/Include" -Os -ffunction-sections -fdata-sections -Wall -fstack-usage -fcyclomatic-complexity -MMD -MP -MF"Drivers/STM32L0xx_HAL_Driver/stm32l0xx_hal_dma.d" -MT"Drivers/STM32L0xx_HAL_Driver/stm32l0xx_hal_dma.o" --specs=nano.specs -mfloat-abi=soft -mthumb -o "Drivers/STM32L0xx_HAL_Driver/stm32l0xx_hal_dma.o"
arm-none-eabi-gcc "C:/Users/Matheus Markies/STM32Cube/Repository/STM32Cube_FW_L0_V1.12.3/Drivers/STM32L0xx_HAL_Driver/Src/stm32l0xx_hal_exti.c" -mcpu=cortex-m0plus -std=gnu11 -DUSE_HAL_DRIVER -DSTM32L053xx -c -I../Core/Inc -I"C:/Users/Matheus Markies/STM32Cube/Repository/STM32Cube_FW_L0_V1.12.3/Drivers/STM32L0xx_HAL_Driver/Inc" -I"C:/Users/Matheus Markies/STM32Cube/Repository/STM32Cube_FW_L0_V1.12.3/Drivers/STM32L0xx_HAL_Driver/Inc/Legacy" -I"C:/Users/Matheus Markies/STM32Cube/Repository/STM32Cube_FW_L0_V1.12.3/Drivers/CMSIS/Device/ST/STM32L0xx/Include" -I"C:/Users/Matheus Markies/STM32Cube/Repository/STM32Cube_FW_L0_V1.12.3/Drivers/CMSIS/Include" -Os -ffunction-sections -fdata-sections -Wall -fstack-usage -fcyclomatic-complexity -MMD -MP -MF"Drivers/STM32L0xx_HAL_Driver/stm32l0xx_hal_exti.d" -MT"Drivers/STM32L0xx_HAL_Driver/stm32l0xx_hal_exti.o" --specs=nano.specs -mfloat-abi=soft -mthumb -o "Drivers/STM32L0xx_HAL_Driver/stm32l0xx_hal_exti.o"
arm-none-eabi-gcc "C:/Users/Matheus Markies/STM32Cube/Repository/STM32Cube_FW_L0_V1.12.3/Drivers/STM32L0xx_HAL_Driver/Src/stm32l0xx_hal_flash.c" -mcpu=cortex-m0plus -std=gnu11 -DUSE_HAL_DRIVER -DSTM32L053xx -c -I../Core/Inc -I"C:/Users/Matheus Markies/STM32Cube/Repository/STM32Cube_FW_L0_V1.12.3/Drivers/STM32L0xx_HAL_Driver/Inc" -I"C:/Users/Matheus Markies/STM32Cube/Repository/STM32Cube_FW_L0_V1.12.3/Drivers/STM32L0xx_HAL_Driver/Inc/Legacy" -I"C:/Users/Matheus Markies/STM32Cube/Repository/STM32Cube_FW_L0_V1.12.3/Drivers/CMSIS/Device/ST/STM32L0xx/Include" -I"C:/Users/Matheus Markies/STM32Cube/Repository/STM32Cube_FW_L0_V1.12.3/Drivers/CMSIS/Include" -Os -ffunction-sections -fdata-sections -Wall -fstack-usage -fcyclomatic-complexity -MMD -MP -MF"Drivers/STM32L0xx_HAL_Driver/stm32l0xx_hal_flash.d" -MT"Drivers/STM32L0xx_HAL_Driver/stm32l0xx_hal_flash.o" --specs=nano.specs -mfloat-abi=soft -mthumb -o "Drivers/STM32L0xx_HAL_Driver/stm32l0xx_hal_flash.o"
arm-none-eabi-gcc "C:/Users/Matheus Markies/STM32Cube/Repository/STM32Cube_FW_L0_V1.12.3/Drivers/STM32L0xx_HAL_Driver/Src/stm32l0xx_hal_flash_ex.c" -mcpu=cortex-m0plus -std=gnu11 -DUSE_HAL_DRIVER -DSTM32L053xx -c -I../Core/Inc -I"C:/Users/Matheus Markies/STM32Cube/Repository/STM32Cube_FW_L0_V1.12.3/Drivers/STM32L0xx_HAL_Driver/Inc" -I"C:/Users/Matheus Markies/STM32Cube/Repository/STM32Cube_FW_L0_V1.12.3/Drivers/STM32L0xx_HAL_Driver/Inc/Legacy" -I"C:/Users/Matheus Markies/STM32Cube/Repository/STM32Cube_FW_L0_V1.12.3/Drivers/CMSIS/Device/ST/STM32L0xx/Include" -I"C:/Users/Matheus Markies/STM32Cube/Repository/STM32Cube_FW_L0_V1.12.3/Drivers/CMSIS/Include" -Os -ffunction-sections -fdata-sections -Wall -fstack-usage -fcyclomatic-complexity -MMD -MP -MF"Drivers/STM32L0xx_HAL_Driver/stm32l0xx_hal_flash_ex.d" -MT"Drivers/STM32L0xx_HAL_Driver/stm32l0xx_hal_flash_ex.o" --specs=nano.specs -mfloat-abi=soft -mthumb -o "Drivers/STM32L0xx_HAL_Driver/stm32l0xx_hal_flash_ex.o"
arm-none-eabi-gcc "C:/Users/Matheus Markies/STM32Cube/Repository/STM32Cube_FW_L0_V1.12.3/Drivers/STM32L0xx_HAL_Driver/Src/stm32l0xx_hal_flash_ramfunc.c" -mcpu=cortex-m0plus -std=gnu11 -DUSE_HAL_DRIVER -DSTM32L053xx -c -I../Core/Inc -I"C:/Users/Matheus Markies/STM32Cube/Repository/STM32Cube_FW_L0_V1.12.3/Drivers/STM32L0xx_HAL_Driver/Inc" -I"C:/Users/Matheus Markies/STM32Cube/Repository/STM32Cube_FW_L0_V1.12.3/Drivers/STM32L0xx_HAL_Driver/Inc/Legacy" -I"C:/Users/Matheus Markies/STM32Cube/Repository/STM32Cube_FW_L0_V1.12.3/Drivers/CMSIS/Device/ST/STM32L0xx/Include" -I"C:/Users/Matheus Markies/STM32Cube/Repository/STM32Cube_FW_L0_V1.12.3/Drivers/CMSIS/Include" -Os -ffunction-sections -fdata-sections -Wall -fstack-usage -fcyclomatic-complexity -MMD -MP -MF"Drivers/STM32L0xx_HAL_Driver/stm32l0xx_hal_flash_ramfunc.d" -MT"Drivers/STM32L0xx_HAL_Driver/stm32l0xx_hal_flash_ramfunc.o" --specs=nano.specs -mfloat-abi=soft -mthumb -o "Drivers/STM32L0xx_HAL_Driver/stm32l0xx_hal_flash_ramfunc.o"
arm-none-eabi-gcc "C:/Users/Matheus Markies/STM32Cube/Repository/STM32Cube_FW_L0_V1.12.3/Drivers/STM32L0xx_HAL_Driver/Src/stm32l0xx_hal_gpio.c" -mcpu=cortex-m0plus -std=gnu11 -DUSE_HAL_DRIVER -DSTM32L053xx -c -I../Core/Inc -I"C:/Users/Matheus Markies/STM32Cube/Repository/STM32Cube_FW_L0_V1.12.3/Drivers/STM32L0xx_HAL_Driver/Inc" -I"C:/Users/Matheus Markies/STM32Cube/Repository/STM32Cube_FW_L0_V1.12.3/Drivers/STM32L0xx_HAL_Driver/Inc/Legacy" -I"C:/Users/Matheus Markies/STM32Cube/Repository/STM32Cube_FW_L0_V1.12.3/Drivers/CMSIS/Device/ST/STM32L0xx/Include" -I"C:/Users/Matheus Markies/STM32Cube/Repository/STM32Cube_FW_L0_V1.12.3/Drivers/CMSIS/Include" -Os -ffunction-sections -fdata-sections -Wall -fstack-usage -fcyclomatic-complexity -MMD -MP -MF"Drivers/STM32L0xx_HAL_Driver/stm32l0xx_hal_gpio.d" -MT"Drivers/STM32L0xx_HAL_Driver/stm32l0xx_hal_gpio.o" --specs=nano.specs -mfloat-abi=soft -mthumb -o "Drivers/STM32L0xx_HAL_Driver/stm32l0xx_hal_gpio.o"
arm-none-eabi-gcc "C:/Users/Matheus Markies/STM32Cube/Repository/STM32Cube_FW_L0_V1.12.3/Drivers/STM32L0xx_HAL_Driver/Src/stm32l0xx_hal_i2c.c" -mcpu=cortex-m0plus -std=gnu11 -DUSE_HAL_DRIVER -DSTM32L053xx -c -I../Core/Inc -I"C:/Users/Matheus Markies/STM32Cube/Repository/STM32Cube_FW_L0_V1.12.3/Drivers/STM32L0xx_HAL_Driver/Inc" -I"C:/Users/Matheus Markies/STM32Cube/Repository/STM32Cube_FW_L0_V1.12.3/Drivers/STM32L0xx_HAL_Driver/Inc/Legacy" -I"C:/Users/Matheus Markies/STM32Cube/Repository/STM32Cube_FW_L0_V1.12.3/Drivers/CMSIS/Device/ST/STM32L0xx/Include" -I"C:/Users/Matheus Markies/STM32Cube/Repository/STM32Cube_FW_L0_V1.12.3/Drivers/CMSIS/Include" -Os -ffunction-sections -fdata-sections -Wall -fstack-usage -fcyclomatic-complexity -MMD -MP -MF"Drivers/STM32L0xx_HAL_Driver/stm32l0xx_hal_i2c.d" -MT"Drivers/STM32L0xx_HAL_Driver/stm32l0xx_hal_i2c.o" --specs=nano.specs -mfloat-abi=soft -mthumb -o "Drivers/STM32L0xx_HAL_Driver/stm32l0xx_hal_i2c.o"
arm-none-eabi-gcc "C:/Users/Matheus Markies/STM32Cube/Repository/STM32Cube_FW_L0_V1.12.3/Drivers/STM32L0xx_HAL_Driver/Src/stm32l0xx_hal_i2c_ex.c" -mcpu=cortex-m0plus -std=gnu11 -DUSE_HAL_DRIVER -DSTM32L053xx -c -I../Core/Inc -I"C:/Users/Matheus Markies/STM32Cube/Repository/STM32Cube_FW_L0_V1.12.3/Drivers/STM32L0xx_HAL_Driver/Inc" -I"C:/Users/Matheus Markies/STM32Cube/Repository/STM32Cube_FW_L0_V1.12.3/Drivers/STM32L0xx_HAL_Driver/Inc/Legacy" -I"C:/Users/Matheus Markies/STM32Cube/Repository/STM32Cube_FW_L0_V1.12.3/Drivers/CMSIS/Device/ST/STM32L0xx/Include" -I"C:/Users/Matheus Markies/STM32Cube/Repository/STM32Cube_FW_L0_V1.12.3/Drivers/CMSIS/Include" -Os -ffunction-sections -fdata-sections -Wall -fstack-usage -fcyclomatic-complexity -MMD -MP -MF"Drivers/STM32L0xx_HAL_Driver/stm32l0xx_hal_i2c_ex.d" -MT"Drivers/STM32L0xx_HAL_Driver/stm32l0xx_hal_i2c_ex.o" --specs=nano.specs -mfloat-abi=soft -mthumb -o "Drivers/STM32L0xx_HAL_Driver/stm32l0xx_hal_i2c_ex.o"
arm-none-eabi-gcc "C:/Users/Matheus Markies/STM32Cube/Repository/STM32Cube_FW_L0_V1.12.3/Drivers/STM32L0xx_HAL_Driver/Src/stm32l0xx_hal_pwr.c" -mcpu=cortex-m0plus -std=gnu11 -DUSE_HAL_DRIVER -DSTM32L053xx -c -I../Core/Inc -I"C:/Users/Matheus Markies/STM32Cube/Repository/STM32Cube_FW_L0_V1.12.3/Drivers/STM32L0xx_HAL_Driver/Inc" -I"C:/Users/Matheus Markies/STM32Cube/Repository/STM32Cube_FW_L0_V1.12.3/Drivers/STM32L0xx_HAL_Driver/Inc/Legacy" -I"C:/Users/Matheus Markies/STM32Cube/Repository/STM32Cube_FW_L0_V1.12.3/Drivers/CMSIS/Device/ST/STM32L0xx/Include" -I"C:/Users/Matheus Markies/STM32Cube/Repository/STM32Cube_FW_L0_V1.12.3/Drivers/CMSIS/Include" -Os -ffunction-sections -fdata-sections -Wall -fstack-usage -fcyclomatic-complexity -MMD -MP -MF"Drivers/STM32L0xx_HAL_Driver/stm32l0xx_hal_pwr.d" -MT"Drivers/STM32L0xx_HAL_Driver/stm32l0xx_hal_pwr.o" --specs=nano.specs -mfloat-abi=soft -mthumb -o "Drivers/STM32L0xx_HAL_Driver/stm32l0xx_hal_pwr.o"
arm-none-eabi-gcc "C:/Users/Matheus Markies/STM32Cube/Repository/STM32Cube_FW_L0_V1.12.3/Drivers/STM32L0xx_HAL_Driver/Src/stm32l0xx_hal_pwr_ex.c" -mcpu=cortex-m0plus -std=gnu11 -DUSE_HAL_DRIVER -DSTM32L053xx -c -I../Core/Inc -I"C:/Users/Matheus Markies/STM32Cube/Repository/STM32Cube_FW_L0_V1.12.3/Drivers/STM32L0xx_HAL_Driver/Inc" -I"C:/Users/Matheus Markies/STM32Cube/Repository/STM32Cube_FW_L0_V1.12.3/Drivers/STM32L0xx_HAL_Driver/Inc/Legacy" -I"C:/Users/Matheus Markies/STM32Cube/Repository/STM32Cube_FW_L0_V1.12.3/Drivers/CMSIS/Device/ST/STM32L0xx/Include" -I"C:/Users/Matheus Markies/STM32Cube/Repository/STM32Cube_FW_L0_V1.12.3/Drivers/CMSIS/Include" -Os -ffunction-sections -fdata-sections -Wall -fstack-usage -fcyclomatic-complexity -MMD -MP -MF"Drivers/STM32L0xx_HAL_Driver/stm32l0xx_hal_pwr_ex.d" -MT"Drivers/STM32L0xx_HAL_Driver/stm32l0xx_hal_pwr_ex.o" --specs=nano.specs -mfloat-abi=soft -mthumb -o "Drivers/STM32L0xx_HAL_Driver/stm32l0xx_hal_pwr_ex.o"
arm-none-eabi-gcc "C:/Users/Matheus Markies/STM32Cube/Repository/STM32Cube_FW_L0_V1.12.3/Drivers/STM32L0xx_HAL_Driver/Src/stm32l0xx_hal_rcc.c" -mcpu=cortex-m0plus -std=gnu11 -DUSE_HAL_DRIVER -DSTM32L053xx -c -I../Core/Inc -I"C:/Users/Matheus Markies/STM32Cube/Repository/STM32Cube_FW_L0_V1.12.3/Drivers/STM32L0xx_HAL_Driver/Inc" -I"C:/Users/Matheus Markies/STM32Cube/Repository/STM32Cube_FW_L0_V1.12.3/Drivers/STM32L0xx_HAL_Driver/Inc/Legacy" -I"C:/Users/Matheus Markies/STM32Cube/Repository/STM32Cube_FW_L0_V1.12.3/Drivers/CMSIS/Device/ST/STM32L0xx/Include" -I"C:/Users/Matheus Markies/STM32Cube/Repository/STM32Cube_FW_L0_V1.12.3/Drivers/CMSIS/Include" -Os -ffunction-sections -fdata-sections -Wall -fstack-usage -fcyclomatic-complexity -MMD -MP -MF"Drivers/STM32L0xx_HAL_Driver/stm32l0xx_hal_rcc.d" -MT"Drivers/STM32L0xx_HAL_Driver/stm32l0xx_hal_rcc.o" --specs=nano.specs -mfloat-abi=soft -mthumb -o "Drivers/STM32L0xx_HAL_Driver/stm32l0xx_hal_rcc.o"
arm-none-eabi-gcc "C:/Users/Matheus Markies/STM32Cube/Repository/STM32Cube_FW_L0_V1.12.3/Drivers/STM32L0xx_HAL_Driver/Src/stm32l0xx_hal_rcc_ex.c" -mcpu=cortex-m0plus -std=gnu11 -DUSE_HAL_DRIVER -DSTM32L053xx -c -I../Core/Inc -I"C:/Users/Matheus Markies/STM32Cube/Repository/STM32Cube_FW_L0_V1.12.3/Drivers/STM32L0xx_HAL_Driver/Inc" -I"C:/Users/Matheus Markies/STM32Cube/Repository/STM32Cube_FW_L0_V1.12.3/Drivers/STM32L0xx_HAL_Driver/Inc/Legacy" -I"C:/Users/Matheus Markies/STM32Cube/Repository/STM32Cube_FW_L0_V1.12.3/Drivers/CMSIS/Device/ST/STM32L0xx/Include" -I"C:/Users/Matheus Markies/STM32Cube/Repository/STM32Cube_FW_L0_V1.12.3/Drivers/CMSIS/Include" -Os -ffunction-sections -fdata-sections -Wall -fstack-usage -fcyclomatic-complexity -MMD -MP -MF"Drivers/STM32L0xx_HAL_Driver/stm32l0xx_hal_rcc_ex.d" -MT"Drivers/STM32L0xx_HAL_Driver/stm32l0xx_hal_rcc_ex.o" --specs=nano.specs -mfloat-abi=soft -mthumb -o "Drivers/STM32L0xx_HAL_Driver/stm32l0xx_hal_rcc_ex.o"
arm-none-eabi-gcc "C:/Users/Matheus Markies/STM32Cube/Repository/STM32Cube_FW_L0_V1.12.3/Drivers/STM32L0xx_HAL_Driver/Src/stm32l0xx_hal_spi.c" -mcpu=cortex-m0plus -std=gnu11 -DUSE_HAL_DRIVER -DSTM32L053xx -c -I../Core/Inc -I"C:/Users/Matheus Markies/STM32Cube/Repository/STM32Cube_FW_L0_V1.12.3/Drivers/STM32L0xx_HAL_Driver/Inc" -I"C:/Users/Matheus Markies/STM32Cube/Repository/STM32Cube_FW_L0_V1.12.3/Drivers/STM32L0xx_HAL_Driver/Inc/Legacy" -I"C:/Users/Matheus Markies/STM32Cube/Repository/STM32Cube_FW_L0_V1.12.3/Drivers/CMSIS/Device/ST/STM32L0xx/Include" -I"C:/Users/Matheus Markies/STM32Cube/Repository/STM32Cube_FW_L0_V1.12.3/Drivers/CMSIS/Include" -Os -ffunction-sections -fdata-sections -Wall -fstack-usage -fcyclomatic-complexity -MMD -MP -MF"Drivers/STM32L0xx_HAL_Driver/stm32l0xx_hal_spi.d" -MT"Drivers/STM32L0xx_HAL_Driver/stm32l0xx_hal_spi.o" --specs=nano.specs -mfloat-abi=soft -mthumb -o "Drivers/STM32L0xx_HAL_Driver/stm32l0xx_hal_spi.o"
arm-none-eabi-gcc "C:/Users/Matheus Markies/STM32Cube/Repository/STM32Cube_FW_L0_V1.12.3/Drivers/STM32L0xx_HAL_Driver/Src/stm32l0xx_hal_uart.c" -mcpu=cortex-m0plus -std=gnu11 -DUSE_HAL_DRIVER -DSTM32L053xx -c -I../Core/Inc -I"C:/Users/Matheus Markies/STM32Cube/Repository/STM32Cube_FW_L0_V1.12.3/Drivers/STM32L0xx_HAL_Driver/Inc" -I"C:/Users/Matheus Markies/STM32Cube/Repository/STM32Cube_FW_L0_V1.12.3/Drivers/STM32L0xx_HAL_Driver/Inc/Legacy" -I"C:/Users/Matheus Markies/STM32Cube/Repository/STM32Cube_FW_L0_V1.12.3/Drivers/CMSIS/Device/ST/STM32L0xx/Include" -I"C:/Users/Matheus Markies/STM32Cube/Repository/STM32Cube_FW_L0_V1.12.3/Drivers/CMSIS/Include" -Os -ffunction-sections -fdata-sections -Wall -fstack-usage -fcyclomatic-complexity -MMD -MP -MF"Drivers/STM32L0xx_HAL_Driver/stm32l0xx_hal_uart.d" -MT"Drivers/STM32L0xx_HAL_Driver/stm32l0xx_hal_uart.o" --specs=nano.specs -mfloat-abi=soft -mthumb -o "Drivers/STM32L0xx_HAL_Driver/stm32l0xx_hal_uart.o"
arm-none-eabi-gcc "C:/Users/Matheus Markies/STM32Cube/Repository/STM32Cube_FW_L0_V1.12.3/Drivers/STM32L0xx_HAL_Driver/Src/stm32l0xx_hal_uart_ex.c" -mcpu=cortex-m0plus -std=gnu11 -DUSE_HAL_DRIVER -DSTM32L053xx -c -I../Core/Inc -I"C:/Users/Matheus Markies/STM32Cube/Repository/STM32Cube_FW_L0_V1.12.3/Drivers/STM32L0xx_HAL_Driver/Inc" -I"C:/Users/Matheus Markies/STM32Cube/Repository/STM32Cube_FW_L0_V1.12.3/Drivers/STM32L0xx_HAL_Driver/Inc/Legacy" -I"C:/Users/Matheus Markies/STM32Cube/Repository/STM32Cube_FW_L0_V1.12.3/Drivers/CMSIS/Device/ST/STM32L0xx/Include" -I"C:/Users/Matheus Markies/STM32Cube/Repository/STM32Cube_FW_L0_V1.12.3/Drivers/CMSIS/Include" -Os -ffunction-sections -fdata-sections -Wall -fstack-usage -fcyclomatic-complexity -MMD -MP -MF"Drivers/STM32L0xx_HAL_Driver/stm32l0xx_hal_uart_ex.d" -MT"Drivers/STM32L0xx_HAL_Driver/stm32l0xx_hal_uart_ex.o" --specs=nano.specs -mfloat-abi=soft -mthumb -o "Drivers/STM32L0xx_HAL_Driver/stm32l0xx_hal_uart_ex.o"
arm-none-eabi-gcc -mcpu=cortex-m0plus -c -x assembler-with-cpp -MMD -MP -MF"Core/Startup/startup_stm32l053c8tx.d" -MT"Core/Startup/startup_stm32l053c8tx.o" --specs=nano.specs -mfloat-abi=soft -mthumb -o "Core/Startup/startup_stm32l053c8tx.o" "../Core/Startup/startup_stm32l053c8tx.s"
arm-none-eabi-gcc "../Core/Src/main.c" -mcpu=cortex-m0plus -std=gnu11 -DUSE_HAL_DRIVER -DSTM32L053xx -c -I../Core/Inc -I"C:/Users/Matheus Markies/STM32Cube/Repository/STM32Cube_FW_L0_V1.12.3/Drivers/STM32L0xx_HAL_Driver/Inc" -I"C:/Users/Matheus Markies/STM32Cube/Repository/STM32Cube_FW_L0_V1.12.3/Drivers/STM32L0xx_HAL_Driver/Inc/Legacy" -I"C:/Users/Matheus Markies/STM32Cube/Repository/STM32Cube_FW_L0_V1.12.3/Drivers/CMSIS/Device/ST/STM32L0xx/Include" -I"C:/Users/Matheus Markies/STM32Cube/Repository/STM32Cube_FW_L0_V1.12.3/Drivers/CMSIS/Include" -Os -ffunction-sections -fdata-sections -Wall -fstack-usage -fcyclomatic-complexity -MMD -MP -MF"Core/Src/main.d" -MT"Core/Src/main.o" --specs=nano.specs -mfloat-abi=soft -mthumb -o "Core/Src/main.o"
arm-none-eabi-gcc "../Core/Src/st25dv_driver.c" -mcpu=cortex-m0plus -std=gnu11 -DUSE_HAL_DRIVER -DSTM32L053xx -c -I../Core/Inc -I"C:/Users/Matheus Markies/STM32Cube/Repository/STM32Cube_FW_L0_V1.12.3/Drivers/STM32L0xx_HAL_Driver/Inc" -I"C:/Users/Matheus Markies/STM32Cube/Repository/STM32Cube_FW_L0_V1.12.3/Drivers/STM32L0xx_HAL_Driver/Inc/Legacy" -I"C:/Users/Matheus Markies/STM32Cube/Repository/STM32Cube_FW_L0_V1.12.3/Drivers/CMSIS/Device/ST/STM32L0xx/Include" -I"C:/Users/Matheus Markies/STM32Cube/Repository/STM32Cube_FW_L0_V1.12.3/Drivers/CMSIS/Include" -Os -ffunction-sections -fdata-sections -Wall -fstack-usage -fcyclomatic-complexity -MMD -MP -MF"Core/Src/st25dv_driver.d" -MT"Core/Src/st25dv_driver.o" --specs=nano.specs -mfloat-abi=soft -mthumb -o "Core/Src/st25dv_driver.o"
arm-none-eabi-gcc "../Core/Src/st25r300.c" -mcpu=cortex-m0plus -std=gnu11 -DUSE_HAL_DRIVER -DSTM32L053xx -c -I../Core/Inc -I"C:/Users/Matheus Markies/STM32Cube/Repository/STM32Cube_FW_L0_V1.12.3/Drivers/STM32L0xx_HAL_Driver/Inc" -I"C:/Users/Matheus Markies/STM32Cube/Repository/STM32Cube_FW_L0_V1.12.3/Drivers/STM32L0xx_HAL_Driver/Inc/Legacy" -I"C:/Users/Matheus Markies/STM32Cube/Repository/STM32Cube_FW_L0_V1.12.3/Drivers/CMSIS/Device/ST/STM32L0xx/Include" -I"C:/Users/Matheus Markies/STM32Cube/Repository/STM32Cube_FW_L0_V1.12.3/Drivers/CMSIS/Include" -Os -ffunction-sections -fdata-sections -Wall -fstack-usage -fcyclomatic-complexity -MMD -MP -MF"Core/Src/st25r300.d" -MT"Core/Src/st25r300.o" --specs=nano.specs -mfloat-abi=soft -mthumb -o "Core/Src/st25r300.o"
arm-none-eabi-gcc "../Core/Src/stm32l0xx_hal_msp.c" -mcpu=cortex-m0plus -std=gnu11 -DUSE_HAL_DRIVER -DSTM32L053xx -c -I../Core/Inc -I"C:/Users/Matheus Markies/STM32Cube/Repository/STM32Cube_FW_L0_V1.12.3/Drivers/STM32L0xx_HAL_Driver/Inc" -I"C:/Users/Matheus Markies/STM32Cube/Repository/STM32Cube_FW_L0_V1.12.3/Drivers/STM32L0xx_HAL_Driver/Inc/Legacy" -I"C:/Users/Matheus Markies/STM32Cube/Repository/STM32Cube_FW_L0_V1.12.3/Drivers/CMSIS/Device/ST/STM32L0xx/Include" -I"C:/Users/Matheus Markies/STM32Cube/Repository/STM32Cube_FW_L0_V1.12.3/Drivers/CMSIS/Include" -Os -ffunction-sections -fdata-sections -Wall -fstack-usage -fcyclomatic-complexity -MMD -MP -MF"Core/Src/stm32l0xx_hal_msp.d" -MT"Core/Src/stm32l0xx_hal_msp.o" --specs=nano.specs -mfloat-abi=soft -mthumb -o "Core/Src/stm32l0xx_hal_msp.o"
arm-none-eabi-gcc "../Core/Src/stm32l0xx_it.c" -mcpu=cortex-m0plus -std=gnu11 -DUSE_HAL_DRIVER -DSTM32L053xx -c -I../Core/Inc -I"C:/Users/Matheus Markies/STM32Cube/Repository/STM32Cube_FW_L0_V1.12.3/Drivers/STM32L0xx_HAL_Driver/Inc" -I"C:/Users/Matheus Markies/STM32Cube/Repository/STM32Cube_FW_L0_V1.12.3/Drivers/STM32L0xx_HAL_Driver/Inc/Legacy" -I"C:/Users/Matheus Markies/STM32Cube/Repository/STM32Cube_FW_L0_V1.12.3/Drivers/CMSIS/Device/ST/STM32L0xx/Include" -I"C:/Users/Matheus Markies/STM32Cube/Repository/STM32Cube_FW_L0_V1.12.3/Drivers/CMSIS/Include" -Os -ffunction-sections -fdata-sections -Wall -fstack-usage -fcyclomatic-complexity -MMD -MP -MF"Core/Src/stm32l0xx_it.d" -MT"Core/Src/stm32l0xx_it.o" --specs=nano.specs -mfloat-abi=soft -mthumb -o "Core/Src/stm32l0xx_it.o"
arm-none-eabi-gcc "../Core/Src/syscalls.c" -mcpu=cortex-m0plus -std=gnu11 -DUSE_HAL_DRIVER -DSTM32L053xx -c -I../Core/Inc -I"C:/Users/Matheus Markies/STM32Cube/Repository/STM32Cube_FW_L0_V1.12.3/Drivers/STM32L0xx_HAL_Driver/Inc" -I"C:/Users/Matheus Markies/STM32Cube/Repository/STM32Cube_FW_L0_V1.12.3/Drivers/STM32L0xx_HAL_Driver/Inc/Legacy" -I"C:/Users/Matheus Markies/STM32Cube/Repository/STM32Cube_FW_L0_V1.12.3/Drivers/CMSIS/Device/ST/STM32L0xx/Include" -I"C:/Users/Matheus Markies/STM32Cube/Repository/STM32Cube_FW_L0_V1.12.3/Drivers/CMSIS/Include" -Os -ffunction-sections -fdata-sections -Wall -fstack-usage -fcyclomatic-complexity -MMD -MP -MF"Core/Src/syscalls.d" -MT"Core/Src/syscalls.o" --specs=nano.specs -mfloat-abi=soft -mthumb -o "Core/Src/syscalls.o"
arm-none-eabi-gcc "../Core/Src/sysmem.c" -mcpu=cortex-m0plus -std=gnu11 -DUSE_HAL_DRIVER -DSTM32L053xx -c -I../Core/Inc -I"C:/Users/Matheus Markies/STM32Cube/Repository/STM32Cube_FW_L0_V1.12.3/Drivers/STM32L0xx_HAL_Driver/Inc" -I"C:/Users/Matheus Markies/STM32Cube/Repository/STM32Cube_FW_L0_V1.12.3/Drivers/STM32L0xx_HAL_Driver/Inc/Legacy" -I"C:/Users/Matheus Markies/STM32Cube/Repository/STM32Cube_FW_L0_V1.12.3/Drivers/CMSIS/Device/ST/STM32L0xx/Include" -I"C:/Users/Matheus Markies/STM32Cube/Repository/STM32Cube_FW_L0_V1.12.3/Drivers/CMSIS/Include" -Os -ffunction-sections -fdata-sections -Wall -fstack-usage -fcyclomatic-complexity -MMD -MP -MF"Core/Src/sysmem.d" -MT"Core/Src/sysmem.o" --specs=nano.specs -mfloat-abi=soft -mthumb -o "Core/Src/sysmem.o"
arm-none-eabi-gcc "../Core/Src/system_stm32l0xx.c" -mcpu=cortex-m0plus -std=gnu11 -DUSE_HAL_DRIVER -DSTM32L053xx -c -I../Core/Inc -I"C:/Users/Matheus Markies/STM32Cube/Repository/STM32Cube_FW_L0_V1.12.3/Drivers/STM32L0xx_HAL_Driver/Inc" -I"C:/Users/Matheus Markies/STM32Cube/Repository/STM32Cube_FW_L0_V1.12.3/Drivers/STM32L0xx_HAL_Driver/Inc/Legacy" -I"C:/Users/Matheus Markies/STM32Cube/Repository/STM32Cube_FW_L0_V1.12.3/Drivers/CMSIS/Device/ST/STM32L0xx/Include" -I"C:/Users/Matheus Markies/STM32Cube/Repository/STM32Cube_FW_L0_V1.12.3/Drivers/CMSIS/Include" -Os -ffunction-sections -fdata-sections -Wall -fstack-usage -fcyclomatic-complexity -MMD -MP -MF"Core/Src/system_stm32l0xx.d" -MT"Core/Src/system_stm32l0xx.o" --specs=nano.specs -mfloat-abi=soft -mthumb -o "Core/Src/system_stm32l0xx.o"
arm-none-eabi-gcc -o "TorquimeterTagWithLargeMCU.elf" @"objects.list"   -mcpu=cortex-m0plus -T"D:\BrasensFirmwares\TorquimeterReader\STM32L053C8TX_FLASH.ld" --specs=nosys.specs -Wl,-Map="TorquimeterTagWithLargeMCU.map" -Wl,--gc-sections -static --specs=nano.specs -mfloat-abi=soft -mthumb -Wl,--start-group -lc -lm -Wl,--end-group
Finished building target: TorquimeterTagWithLargeMCU.elf
 
arm-none-eabi-size  TorquimeterTagWithLargeMCU.elf 
arm-none-eabi-objdump -h -S TorquimeterTagWithLargeMCU.elf  > "TorquimeterTagWithLargeMCU.list"
   text	   data	    bss	    dec	    hex	filename
  11456	     28	   2188	  13672	   3568	TorquimeterTagWithLargeMCU.elf
Finished building: default.size.stdout
 
Finished building: TorquimeterTagWithLargeMCU.list
 
09:11:26 **** Build of configuration Debug for project Mainboard MonoChip ****
make -j12 all 
arm-none-eabi-gcc "../Core/Src/main.c" -mcpu=cortex-m0plus -std=gnu11 -g3 -DDEBUG -DUSE_HAL_DRIVER -DSTM32L053xx -c -I../Core/Inc -I../Drivers/STM32L0xx_HAL_Driver/Inc -I../Drivers/STM32L0xx_HAL_Driver/Inc/Legacy -I../Drivers/CMSIS/Device/ST/STM32L0xx/Include -I../Drivers/CMSIS/Include -O0 -ffunction-sections -fdata-sections -Wall -fstack-usage -fcyclomatic-complexity -MMD -MP -MF"Core/Src/main.d" -MT"Core/Src/main.o" --specs=nano.specs -mfloat-abi=soft -mthumb -o "Core/Src/main.o"
In file included from ../Core/Src/main.c:28:
../Core/Inc/LoRa.h:1:1: warning: multi-line comment [-Wcomment]
    1 | // -------------------------------------------------- \\
      | ^
../Core/Src/main.c: In function 'main':
../Core/Src/main.c:208:9: warning: implicit declaration of function 'setup'; did you mean 'setbuf'? [-Wimplicit-function-declaration]
  208 |         setup();
      |         ^~~~~
      |         setbuf
../Core/Src/main.c: In function 'I2C_Scan':
../Core/Src/main.c:524:9: warning: implicit declaration of function 'DEBUG_PRINT' [-Wimplicit-function-declaration]
  524 |         DEBUG_PRINT("Scanning I2C bus:\r\n");
      |         ^~~~~~~~~~~
../Core/Src/main.c: At top level:
../Core/Src/main.c:547:6: warning: conflicting types for 'setup'; have 'void()'
  547 | void setup() {
      |      ^~~~~
../Core/Src/main.c:208:9: note: previous implicit declaration of 'setup' with type 'void()'
  208 |         setup();
      |         ^~~~~
../Core/Src/main.c: In function 'setup':
../Core/Src/main.c:588:9: warning: implicit declaration of function 'BEHAVIOR_Initialize_DataIndices' [-Wimplicit-function-declaration]
  588 |         BEHAVIOR_Initialize_DataIndices(0);
      |         ^~~~~~~~~~~~~~~~~~~~~~~~~~~~~~~
../Core/Src/main.c:595:9: warning: implicit declaration of function 'GSM_PDP_Context_Activate' [-Wimplicit-function-declaration]
  595 |         GSM_PDP_Context_Activate(apn, user, pwd);
      |         ^~~~~~~~~~~~~~~~~~~~~~~~
../Core/Src/main.c: In function 'processing_data_in_FRAM':
../Core/Src/main.c:664:33: warning: implicit declaration of function 'BEHAVIOR_ADD_Item_To_DataIndices' [-Wimplicit-function-declaration]
  664 |                                 BEHAVIOR_ADD_Item_To_DataIndices('P');
      |                                 ^~~~~~~~~~~~~~~~~~~~~~~~~~~~~~~~
../Core/Src/main.c: In function 'loop':
../Core/Src/main.c:711:41: warning: implicit declaration of function 'BlinkLed' [-Wimplicit-function-declaration]
  711 |                                         BlinkLed();
      |                                         ^~~~~~~~
../Core/Src/main.c:763:50: warning: implicit declaration of function 'BEHAVIOR_Send_Next_Struct_In_FRAM' [-Wimplicit-function-declaration]
  763 |                         reorganizeStartAddress = BEHAVIOR_Send_Next_Struct_In_FRAM(
      |                                                  ^~~~~~~~~~~~~~~~~~~~~~~~~~~~~~~~~
../Core/Src/main.c:764:41: warning: implicit declaration of function 'BEHAVIOR_GET_Next_Send_Item' [-Wimplicit-function-declaration]
  764 |                                         BEHAVIOR_GET_Next_Send_Item());
      |                                         ^~~~~~~~~~~~~~~~~~~~~~~~~~~
../Core/Src/main.c:766:33: warning: implicit declaration of function 'BEHAVIOR_REMOVE_First_Item_From_DataIndices' [-Wimplicit-function-declaration]
  766 |                                 BEHAVIOR_REMOVE_First_Item_From_DataIndices();
      |                                 ^~~~~~~~~~~~~~~~~~~~~~~~~~~~~~~~~~~~~~~~~~~
../Core/Src/main.c:767:33: warning: implicit declaration of function 'BEHAVIOR_Reorganize_FRAM' [-Wimplicit-function-declaration]
  767 |                                 BEHAVIOR_Reorganize_FRAM();
      |                                 ^~~~~~~~~~~~~~~~~~~~~~~~
../Core/Src/main.c: At top level:
../Core/Src/main.c:780:6: warning: conflicting types for 'BEHAVIOR_Initialize_DataIndices'; have 'void(uint16_t)' {aka 'void(short unsigned int)'}
  780 | void BEHAVIOR_Initialize_DataIndices(uint16_t size) {
      |      ^~~~~~~~~~~~~~~~~~~~~~~~~~~~~~~
../Core/Src/main.c:588:9: note: previous implicit declaration of 'BEHAVIOR_Initialize_DataIndices' with type 'void(uint16_t)' {aka 'void(short unsigned int)'}
  588 |         BEHAVIOR_Initialize_DataIndices(0);
      |         ^~~~~~~~~~~~~~~~~~~~~~~~~~~~~~~
../Core/Src/main.c:785:6: error: conflicting types for 'BEHAVIOR_GET_Next_Send_Item'; have 'char()'
  785 | char BEHAVIOR_GET_Next_Send_Item() {
      |      ^~~~~~~~~~~~~~~~~~~~~~~~~~~
../Core/Src/main.c:764:41: note: previous implicit declaration of 'BEHAVIOR_GET_Next_Send_Item' with type 'int()'
  764 |                                         BEHAVIOR_GET_Next_Send_Item());
      |                                         ^~~~~~~~~~~~~~~~~~~~~~~~~~~
../Core/Src/main.c:792:6: warning: conflicting types for 'BEHAVIOR_ADD_Item_To_DataIndices'; have 'void(char)'
  792 | void BEHAVIOR_ADD_Item_To_DataIndices(char item) {
      |      ^~~~~~~~~~~~~~~~~~~~~~~~~~~~~~~~
../Core/Src/main.c:664:33: note: previous implicit declaration of 'BEHAVIOR_ADD_Item_To_DataIndices' with type 'void(char)'
  664 |                                 BEHAVIOR_ADD_Item_To_DataIndices('P');
      |                                 ^~~~~~~~~~~~~~~~~~~~~~~~~~~~~~~~
../Core/Src/main.c:801:6: warning: conflicting types for 'BEHAVIOR_REMOVE_First_Item_From_DataIndices'; have 'void()'
  801 | void BEHAVIOR_REMOVE_First_Item_From_DataIndices() {
      |      ^~~~~~~~~~~~~~~~~~~~~~~~~~~~~~~~~~~~~~~~~~~
../Core/Src/main.c:766:33: note: previous implicit declaration of 'BEHAVIOR_REMOVE_First_Item_From_DataIndices' with type 'void()'
  766 |                                 BEHAVIOR_REMOVE_First_Item_From_DataIndices();
      |                                 ^~~~~~~~~~~~~~~~~~~~~~~~~~~~~~~~~~~~~~~~~~~
../Core/Src/main.c:811:10: error: conflicting types for 'BEHAVIOR_Send_Next_Struct_In_FRAM'; have 'uint16_t(char)' {aka 'short unsigned int(char)'}
  811 | uint16_t BEHAVIOR_Send_Next_Struct_In_FRAM(char next) {
      |          ^~~~~~~~~~~~~~~~~~~~~~~~~~~~~~~~~
../Core/Src/main.c:763:50: note: previous implicit declaration of 'BEHAVIOR_Send_Next_Struct_In_FRAM' with type 'int()'
  763 |                         reorganizeStartAddress = BEHAVIOR_Send_Next_Struct_In_FRAM(
      |                                                  ^~~~~~~~~~~~~~~~~~~~~~~~~~~~~~~~~
../Core/Src/main.c: In function 'BEHAVIOR_Send_Next_Struct_In_FRAM':
../Core/Src/main.c:821:44: warning: implicit declaration of function 'transmission_data_to_json' [-Wimplicit-function-declaration]
  821 |                         cJSON *data_json = transmission_data_to_json(&data);
      |                                            ^~~~~~~~~~~~~~~~~~~~~~~~~
../Core/Src/main.c:821:44: warning: initialization of 'cJSON *' from 'int' makes pointer from integer without a cast [-Wint-conversion]
../Core/Src/main.c:824:33: warning: implicit declaration of function 'GSM_Send_HTTP_POST' [-Wimplicit-function-declaration]
  824 |                                 GSM_Send_HTTP_POST(jsonDataBuffer);
      |                                 ^~~~~~~~~~~~~~~~~~
../Core/Src/main.c:843:48: warning: implicit declaration of function 'transmission_vibrationpackage_to_json' [-Wimplicit-function-declaration]
  843 |                         cJSON *vib_data_json = transmission_vibrationpackage_to_json(
      |                                                ^~~~~~~~~~~~~~~~~~~~~~~~~~~~~~~~~~~~~
../Core/Src/main.c:843:48: warning: initialization of 'cJSON *' from 'int' makes pointer from integer without a cast [-Wint-conversion]
../Core/Src/main.c:859:17: warning: implicit declaration of function 'CHAR_NOT_FOUND_EXCEPTION' [-Wimplicit-function-declaration]
  859 |                 CHAR_NOT_FOUND_EXCEPTION();
      |                 ^~~~~~~~~~~~~~~~~~~~~~~~
../Core/Src/main.c: At top level:
../Core/Src/main.c:881:6: warning: conflicting types for 'BEHAVIOR_Reorganize_FRAM'; have 'void()'
  881 | void BEHAVIOR_Reorganize_FRAM() {
      |      ^~~~~~~~~~~~~~~~~~~~~~~~
../Core/Src/main.c:767:33: note: previous implicit declaration of 'BEHAVIOR_Reorganize_FRAM' with type 'void()'
  767 |                                 BEHAVIOR_Reorganize_FRAM();
      |                                 ^~~~~~~~~~~~~~~~~~~~~~~~
../Core/Src/main.c:914:6: warning: conflicting types for 'CHAR_NOT_FOUND_EXCEPTION'; have 'void()'
  914 | void CHAR_NOT_FOUND_EXCEPTION() {
      |      ^~~~~~~~~~~~~~~~~~~~~~~~
../Core/Src/main.c:859:17: note: previous implicit declaration of 'CHAR_NOT_FOUND_EXCEPTION' with type 'void()'
  859 |                 CHAR_NOT_FOUND_EXCEPTION();
      |                 ^~~~~~~~~~~~~~~~~~~~~~~~
../Core/Src/main.c: In function 'READ_MSP_Serial_Commands':
../Core/Src/main.c:957:49: warning: implicit declaration of function 'sendReady' [-Wimplicit-function-declaration]
  957 |                                                 sendReady();
      |                                                 ^~~~~~~~~
../Core/Src/main.c: At top level:
../Core/Src/main.c:974:6: warning: conflicting types for 'sendReady'; have 'void()'
  974 | void sendReady() {
      |      ^~~~~~~~~
../Core/Src/main.c:957:49: note: previous implicit declaration of 'sendReady' with type 'void()'
  957 |                                                 sendReady();
      |                                                 ^~~~~~~~~
../Core/Src/main.c:991:8: error: conflicting types for 'transmission_data_to_json'; have 'cJSON *(const Transmission_Data *)'
  991 | cJSON* transmission_data_to_json(const Transmission_Data *data) {
      |        ^~~~~~~~~~~~~~~~~~~~~~~~~
../Core/Src/main.c:821:44: note: previous implicit declaration of 'transmission_data_to_json' with type 'int()'
  821 |                         cJSON *data_json = transmission_data_to_json(&data);
      |                                            ^~~~~~~~~~~~~~~~~~~~~~~~~
../Core/Src/main.c:1027:8: error: conflicting types for 'transmission_vibrationpackage_to_json'; have 'cJSON *(const Transmission_VibrationPackage *)'
 1027 | cJSON* transmission_vibrationpackage_to_json(
      |        ^~~~~~~~~~~~~~~~~~~~~~~~~~~~~~~~~~~~~
../Core/Src/main.c:843:48: note: previous implicit declaration of 'transmission_vibrationpackage_to_json' with type 'int()'
  843 |                         cJSON *vib_data_json = transmission_vibrationpackage_to_json(
      |                                                ^~~~~~~~~~~~~~~~~~~~~~~~~~~~~~~~~~~~~
../Core/Src/main.c: In function 'generateTransmissionDataJSON':
../Core/Src/main.c:1055:39: warning: format '%s' expects argument of type 'char *', but argument 4 has type 'int' [-Wformat=]
 1055 |                         "{\"type\":\"%s\",\"key\":\"%s\",\"rmsAccel\":[%.3f,%.3f,%.3f],\"rmsVel\":[%.3f,%.3f,%.3f],\"temperature\":%.3f,\"battery\":%.3f}",
      |                                      ~^
      |                                       |
      |                                       char *
      |                                      %d
 1056 |                         data->type, data->key, data->rms_accel[0], data->rms_accel[1],
      |                         ~~~~~~~~~~     
      |                             |
      |                             int
../Core/Src/main.c: In function 'HAL_UART_RxCpltCallback':
../Core/Src/main.c:1071:17: warning: implicit declaration of function 'GSM_RX_Callback'; did you mean 'MSP_RX_Callback'? [-Wimplicit-function-declaration]
 1071 |                 GSM_RX_Callback();
      |                 ^~~~~~~~~~~~~~~
      |                 MSP_RX_Callback
../Core/Src/main.c: In function 'HAL_UART_TxCpltCallback':
../Core/Src/main.c:1081:17: warning: implicit declaration of function 'GSM_TX_Callback'; did you mean 'MSP_TX_Callback'? [-Wimplicit-function-declaration]
 1081 |                 GSM_TX_Callback();
      |                 ^~~~~~~~~~~~~~~
      |                 MSP_TX_Callback
../Core/Src/main.c: At top level:
../Core/Src/main.c:1085:6: warning: conflicting types for 'GSM_RX_Callback'; have 'void()'
 1085 | void GSM_RX_Callback() {
      |      ^~~~~~~~~~~~~~~
../Core/Src/main.c:1071:17: note: previous implicit declaration of 'GSM_RX_Callback' with type 'void()'
 1071 |                 GSM_RX_Callback();
      |                 ^~~~~~~~~~~~~~~
../Core/Src/main.c:1092:6: warning: conflicting types for 'GSM_TX_Callback'; have 'void()'
 1092 | void GSM_TX_Callback() {
      |      ^~~~~~~~~~~~~~~
../Core/Src/main.c:1081:17: note: previous implicit declaration of 'GSM_TX_Callback' with type 'void()'
 1081 |                 GSM_TX_Callback();
      |                 ^~~~~~~~~~~~~~~
../Core/Src/main.c:1249:6: warning: conflicting types for 'GSM_PDP_Context_Activate'; have 'void(char *, char *, char *)'
 1249 | void GSM_PDP_Context_Activate(char *apn, char *user, char *pwd) {
      |      ^~~~~~~~~~~~~~~~~~~~~~~~
../Core/Src/main.c:595:9: note: previous implicit declaration of 'GSM_PDP_Context_Activate' with type 'void(char *, char *, char *)'
  595 |         GSM_PDP_Context_Activate(apn, user, pwd);
      |         ^~~~~~~~~~~~~~~~~~~~~~~~
../Core/Src/main.c: In function 'GSM_PDP_Context_Activate':
../Core/Src/main.c:1262:17: warning: implicit declaration of function 'GSM_Disconnect_TCP' [-Wimplicit-function-declaration]
 1262 |                 GSM_Disconnect_TCP();
      |                 ^~~~~~~~~~~~~~~~~~
../Core/Src/main.c:1253:17: warning: variable 'CGACTisOK' set but not used [-Wunused-but-set-variable]
 1253 |         uint8_t CGACTisOK = 0;
      |                 ^~~~~~~~~
../Core/Src/main.c: At top level:
../Core/Src/main.c:1320:9: error: conflicting types for 'GSM_Disconnect_TCP'; have 'uint8_t()' {aka 'unsigned char()'}
 1320 | uint8_t GSM_Disconnect_TCP() {
      |         ^~~~~~~~~~~~~~~~~~
../Core/Src/main.c:1262:17: note: previous implicit declaration of 'GSM_Disconnect_TCP' with type 'int()'
 1262 |                 GSM_Disconnect_TCP();
      |                 ^~~~~~~~~~~~~~~~~~
../Core/Src/main.c: In function 'GSM_Modem_HTTP_Post':
../Core/Src/main.c:1422:22: warning: variable 'response' set but not used [-Wunused-but-set-variable]
 1422 |                 char response[response_size + 1];
      |                      ^~~~~~~~
../Core/Src/main.c: At top level:
../Core/Src/main.c:1553:7: error: conflicting types for 'GSM_Send_HTTP_POST'; have 'char *(char *)'
 1553 | char* GSM_Send_HTTP_POST(char *json) {
      |       ^~~~~~~~~~~~~~~~~~
../Core/Src/main.c:824:33: note: previous implicit declaration of 'GSM_Send_HTTP_POST' with type 'int()'
  824 |                                 GSM_Send_HTTP_POST(jsonDataBuffer);
      |                                 ^~~~~~~~~~~~~~~~~~
../Core/Src/main.c:1632:6: warning: conflicting types for 'BlinkLed'; have 'void(void)'
 1632 | void BlinkLed(void) {
      |      ^~~~~~~~
../Core/Src/main.c:711:41: note: previous implicit declaration of 'BlinkLed' with type 'void(void)'
  711 |                                         BlinkLed();
      |                                         ^~~~~~~~
make: *** [Core/Src/subdir.mk:43: Core/Src/main.o] Error 1
"make -j12 all" terminated with exit code 2. Build might be incomplete.
09:11:28 **** Build of configuration Debug for project STM32L476RG_NUCLEO_Polling_NFC12 ****
make -j12 all 
arm-none-eabi-size  STM32L476RG_NUCLEO_Polling_NFC12.elf 
   text	   data	    bss	    dec	    hex	filename
  89148	    324	  24060	 113532	  1bb7c	STM32L476RG_NUCLEO_Polling_NFC12.elf
Finished building: default.size.stdout
 
arm-none-eabi-objcopy -O binary "STM32L476RG_NUCLEO_Polling_NFC12.elf" "../../Binary/STM32L476RG_NUCLEO_Polling_NFC12.bin"
 
09:11:30 **** Build of configuration Release for project TagWithSTM32L0 ****
make -j12 all 
arm-none-eabi-gcc -o "TagWithSTM32L0.elf" @"objects.list"   -mcpu=cortex-m0plus -T"D:\BrasensFirmwares\TagWithSTM32L0\STM32L053C8TX_FLASH.ld" --specs=nosys.specs -Wl,-Map="TagWithSTM32L0.map" -Wl,--gc-sections -static --specs=nano.specs -mfloat-abi=soft -mthumb -Wl,--start-group -lc -lm -Wl,--end-group
C:/ST/STM32CubeIDE_1.16.1/STM32CubeIDE/plugins/com.st.stm32cube.ide.mcu.externaltools.gnu-tools-for-stm32.13.3.rel1.win32_1.0.100.202509120712/tools/bin/../lib/gcc/arm-none-eabi/13.3.1/../../../../arm-none-eabi/bin/ld.exe: ./Core/Src/main.o: in function `main':
main.c:(.text.startup.main+0x112): undefined reference to `Setup_NFC'
collect2.exe: error: ld returned 1 exit status
make: *** [makefile:64: TagWithSTM32L0.elf] Error 1
"make -j12 all" terminated with exit code 2. Build might be incomplete.
09:11:31 **** Build of configuration Debug for project TorquimeterReader ****
make -j12 all 
arm-none-eabi-gcc -o "TorquimeterReader.elf" @"objects.list"   -mcpu=cortex-m3 -T"D:\BrasensFirmwares\NFC12A1_Test\STM32F103RBTX_FLASH.ld" --specs=nosys.specs -Wl,-Map="TorquimeterReader.map" -Wl,--gc-sections -static --specs=nano.specs -mfloat-abi=soft -mthumb -Wl,--start-group -lc -lm -Wl,--end-group
Finished building target: TorquimeterReader.elf
 
arm-none-eabi-size  TorquimeterReader.elf 
arm-none-eabi-objdump -h -S TorquimeterReader.elf  > "TorquimeterReader.list"
   text	   data	    bss	    dec	    hex	filename
  46192	     92	   5388	  51672	   c9d8	TorquimeterReader.elf
Finished building: default.size.stdout
 
Finished building: TorquimeterReader.list
 
09:11:31 **** Clean-only build of configuration Debug for project TorquimeterTag ****
make -j12 clean 
rm -rf ./Drivers/STM32L0xx_HAL_Driver/Src/stm32l0xx_hal.cyclo ./Drivers/STM32L0xx_HAL_Driver/Src/stm32l0xx_hal.d ./Drivers/STM32L0xx_HAL_Driver/Src/stm32l0xx_hal.o ./Drivers/STM32L0xx_HAL_Driver/Src/stm32l0xx_hal.su ./Drivers/STM32L0xx_HAL_Driver/Src/stm32l0xx_hal_cortex.cyclo ./Drivers/STM32L0xx_HAL_Driver/Src/stm32l0xx_hal_cortex.d ./Drivers/STM32L0xx_HAL_Driver/Src/stm32l0xx_hal_cortex.o ./Drivers/STM32L0xx_HAL_Driver/Src/stm32l0xx_hal_cortex.su ./Drivers/STM32L0xx_HAL_Driver/Src/stm32l0xx_hal_dma.cyclo ./Drivers/STM32L0xx_HAL_Driver/Src/stm32l0xx_hal_dma.d ./Drivers/STM32L0xx_HAL_Driver/Src/stm32l0xx_hal_dma.o ./Drivers/STM32L0xx_HAL_Driver/Src/stm32l0xx_hal_dma.su ./Drivers/STM32L0xx_HAL_Driver/Src/stm32l0xx_hal_exti.cyclo ./Drivers/STM32L0xx_HAL_Driver/Src/stm32l0xx_hal_exti.d ./Drivers/STM32L0xx_HAL_Driver/Src/stm32l0xx_hal_exti.o ./Drivers/STM32L0xx_HAL_Driver/Src/stm32l0xx_hal_exti.su ./Drivers/STM32L0xx_HAL_Driver/Src/stm32l0xx_hal_flash.cyclo ./Drivers/STM32L0xx_HAL_Driver/Src/stm32l0xx_hal_flash.d ./Drivers/STM32L0xx_HAL_Driver/Src/stm32l0xx_hal_flash.o ./Drivers/STM32L0xx_HAL_Driver/Src/stm32l0xx_hal_flash.su ./Drivers/STM32L0xx_HAL_Driver/Src/stm32l0xx_hal_flash_ex.cyclo ./Drivers/STM32L0xx_HAL_Driver/Src/stm32l0xx_hal_flash_ex.d ./Drivers/STM32L0xx_HAL_Driver/Src/stm32l0xx_hal_flash_ex.o ./Drivers/STM32L0xx_HAL_Driver/Src/stm32l0xx_hal_flash_ex.su ./Drivers/STM32L0xx_HAL_Driver/Src/stm32l0xx_hal_flash_ramfunc.cyclo ./Drivers/STM32L0xx_HAL_Driver/Src/stm32l0xx_hal_flash_ramfunc.d ./Drivers/STM32L0xx_HAL_Driver/Src/stm32l0xx_hal_flash_ramfunc.o ./Drivers/STM32L0xx_HAL_Driver/Src/stm32l0xx_hal_flash_ramfunc.su ./Drivers/STM32L0xx_HAL_Driver/Src/stm32l0xx_hal_gpio.cyclo ./Drivers/STM32L0xx_HAL_Driver/Src/stm32l0xx_hal_gpio.d ./Drivers/STM32L0xx_HAL_Driver/Src/stm32l0xx_hal_gpio.o ./Drivers/STM32L0xx_HAL_Driver/Src/stm32l0xx_hal_gpio.su ./Drivers/STM32L0xx_HAL_Driver/Src/stm32l0xx_hal_i2c.cyclo ./Drivers/STM32L0xx_HAL_Driver/Src/stm32l0xx_hal_i2c.d ./Drivers/STM32L0xx_HAL_Driver/Src/stm32l0xx_hal_i2c.o ./Drivers/STM32L0xx_HAL_Driver/Src/stm32l0xx_hal_i2c.su ./Drivers/STM32L0xx_HAL_Driver/Src/stm32l0xx_hal_i2c_ex.cyclo ./Drivers/STM32L0xx_HAL_Driver/Src/stm32l0xx_hal_i2c_ex.d ./Drivers/STM32L0xx_HAL_Driver/Src/stm32l0xx_hal_i2c_ex.o ./Drivers/STM32L0xx_HAL_Driver/Src/stm32l0xx_hal_i2c_ex.su ./Drivers/STM32L0xx_HAL_Driver/Src/stm32l0xx_hal_pwr.cyclo ./Drivers/STM32L0xx_HAL_Driver/Src/stm32l0xx_hal_pwr.d ./Drivers/STM32L0xx_HAL_Driver/Src/stm32l0xx_hal_pwr.o ./Drivers/STM32L0xx_HAL_Driver/Src/stm32l0xx_hal_pwr.su ./Drivers/STM32L0xx_HAL_Driver/Src/stm32l0xx_hal_pwr_ex.cyclo ./Drivers/STM32L0xx_HAL_Driver/Src/stm32l0xx_hal_pwr_ex.d ./Drivers/STM32L0xx_HAL_Driver/Src/stm32l0xx_hal_pwr_ex.o ./Drivers/STM32L0xx_HAL_Driver/Src/stm32l0xx_hal_pwr_ex.su ./Drivers/STM32L0xx_HAL_Driver/Src/stm32l0xx_hal_rcc.cyclo ./Drivers/STM32L0xx_HAL_Driver/Src/stm32l0xx_hal_rcc.d ./Drivers/STM32L0xx_HAL_Driver/Src/stm32l0xx_hal_rcc.o ./Drivers/STM32L0xx_HAL_Driver/Src/stm32l0xx_hal_rcc.su ./Drivers/STM32L0xx_HAL_Driver/Src/stm32l0xx_hal_rcc_ex.cyclo ./Drivers/STM32L0xx_HAL_Driver/Src/stm32l0xx_hal_rcc_ex.d ./Drivers/STM32L0xx_HAL_Driver/Src/stm32l0xx_hal_rcc_ex.o ./Drivers/STM32L0xx_HAL_Driver/Src/stm32l0xx_hal_rcc_ex.su ./Drivers/STM32L0xx_HAL_Driver/Src/stm32l0xx_hal_rtc.cyclo ./Drivers/STM32L0xx_HAL_Driver/Src/stm32l0xx_hal_rtc.d ./Drivers/STM32L0xx_HAL_Driver/Src/stm32l0xx_hal_rtc.o ./Drivers/STM32L0xx_HAL_Driver/Src/stm32l0xx_hal_rtc.su ./Drivers/STM32L0xx_HAL_Driver/Src/stm32l0xx_hal_rtc_ex.cyclo ./Drivers/STM32L0xx_HAL_Driver/Src/stm32l0xx_hal_rtc_ex.d ./Drivers/STM32L0xx_HAL_Driver/Src/stm32l0xx_hal_rtc_ex.o ./Drivers/STM32L0xx_HAL_Driver/Src/stm32l0xx_hal_rtc_ex.su ./Drivers/STM32L0xx_HAL_Driver/Src/stm32l0xx_hal_uart.cyclo ./Drivers/STM32L0xx_HAL_Driver/Src/stm32l0xx_hal_uart.d ./Drivers/STM32L0xx_HAL_Driver/Src/stm32l0xx_hal_uart.o ./Drivers/STM32L0xx_HAL_Driver/Src/stm32l0xx_hal_uart.su ./Drivers/STM32L0xx_HAL_Driver/Src/stm32l0xx_hal_uart_ex.cyclo ./Drivers/STM32L0xx_HAL_Driver/Src/stm32l0xx_hal_uart_ex.d ./Drivers/STM32L0xx_HAL_Driver/Src/stm32l0xx_hal_uart_ex.o ./Drivers/STM32L0xx_HAL_Driver/Src/stm32l0xx_hal_uart_ex.su
rm -rf ./Core/Startup/startup_stm32l011f4ux.d ./Core/Startup/startup_stm32l011f4ux.o
rm -rf ./Core/Src/main.cyclo ./Core/Src/main.d ./Core/Src/main.o ./Core/Src/main.su ./Core/Src/st25dv_driver.cyclo ./Core/Src/st25dv_driver.d ./Core/Src/st25dv_driver.o ./Core/Src/st25dv_driver.su ./Core/Src/stm32l0xx_hal_msp.cyclo ./Core/Src/stm32l0xx_hal_msp.d ./Core/Src/stm32l0xx_hal_msp.o ./Core/Src/stm32l0xx_hal_msp.su ./Core/Src/stm32l0xx_it.cyclo ./Core/Src/stm32l0xx_it.d ./Core/Src/stm32l0xx_it.o ./Core/Src/stm32l0xx_it.su ./Core/Src/syscalls.cyclo ./Core/Src/syscalls.d ./Core/Src/syscalls.o ./Core/Src/syscalls.su ./Core/Src/sysmem.cyclo ./Core/Src/sysmem.d ./Core/Src/sysmem.o ./Core/Src/sysmem.su ./Core/Src/system_stm32l0xx.cyclo ./Core/Src/system_stm32l0xx.d ./Core/Src/system_stm32l0xx.o ./Core/Src/system_stm32l0xx.su
rm -rf TestSTM23L011F4.elf TestSTM23L011F4.list TestSTM23L011F4.map default.size.stdout
 
09:11:32 **** Build of configuration Debug for project TorquimeterTag ****
make -j12 all 
arm-none-eabi-gcc "../Drivers/STM32L0xx_HAL_Driver/Src/stm32l0xx_hal.c" -mcpu=cortex-m0plus -std=gnu11 -g3 -DDEBUG -DUSE_HAL_DRIVER -DSTM32L011xx -c -I../Core/Inc -I../Drivers/STM32L0xx_HAL_Driver/Inc -I../Drivers/STM32L0xx_HAL_Driver/Inc/Legacy -I../Drivers/CMSIS/Device/ST/STM32L0xx/Include -I../Drivers/CMSIS/Include -Os -ffunction-sections -fdata-sections -Wall -fstack-usage -fcyclomatic-complexity -MMD -MP -MF"Drivers/STM32L0xx_HAL_Driver/Src/stm32l0xx_hal.d" -MT"Drivers/STM32L0xx_HAL_Driver/Src/stm32l0xx_hal.o" --specs=nano.specs -mfloat-abi=soft -mthumb -o "Drivers/STM32L0xx_HAL_Driver/Src/stm32l0xx_hal.o"
arm-none-eabi-gcc "../Drivers/STM32L0xx_HAL_Driver/Src/stm32l0xx_hal_cortex.c" -mcpu=cortex-m0plus -std=gnu11 -g3 -DDEBUG -DUSE_HAL_DRIVER -DSTM32L011xx -c -I../Core/Inc -I../Drivers/STM32L0xx_HAL_Driver/Inc -I../Drivers/STM32L0xx_HAL_Driver/Inc/Legacy -I../Drivers/CMSIS/Device/ST/STM32L0xx/Include -I../Drivers/CMSIS/Include -Os -ffunction-sections -fdata-sections -Wall -fstack-usage -fcyclomatic-complexity -MMD -MP -MF"Drivers/STM32L0xx_HAL_Driver/Src/stm32l0xx_hal_cortex.d" -MT"Drivers/STM32L0xx_HAL_Driver/Src/stm32l0xx_hal_cortex.o" --specs=nano.specs -mfloat-abi=soft -mthumb -o "Drivers/STM32L0xx_HAL_Driver/Src/stm32l0xx_hal_cortex.o"
arm-none-eabi-gcc "../Drivers/STM32L0xx_HAL_Driver/Src/stm32l0xx_hal_dma.c" -mcpu=cortex-m0plus -std=gnu11 -g3 -DDEBUG -DUSE_HAL_DRIVER -DSTM32L011xx -c -I../Core/Inc -I../Drivers/STM32L0xx_HAL_Driver/Inc -I../Drivers/STM32L0xx_HAL_Driver/Inc/Legacy -I../Drivers/CMSIS/Device/ST/STM32L0xx/Include -I../Drivers/CMSIS/Include -Os -ffunction-sections -fdata-sections -Wall -fstack-usage -fcyclomatic-complexity -MMD -MP -MF"Drivers/STM32L0xx_HAL_Driver/Src/stm32l0xx_hal_dma.d" -MT"Drivers/STM32L0xx_HAL_Driver/Src/stm32l0xx_hal_dma.o" --specs=nano.specs -mfloat-abi=soft -mthumb -o "Drivers/STM32L0xx_HAL_Driver/Src/stm32l0xx_hal_dma.o"
arm-none-eabi-gcc "../Drivers/STM32L0xx_HAL_Driver/Src/stm32l0xx_hal_exti.c" -mcpu=cortex-m0plus -std=gnu11 -g3 -DDEBUG -DUSE_HAL_DRIVER -DSTM32L011xx -c -I../Core/Inc -I../Drivers/STM32L0xx_HAL_Driver/Inc -I../Drivers/STM32L0xx_HAL_Driver/Inc/Legacy -I../Drivers/CMSIS/Device/ST/STM32L0xx/Include -I../Drivers/CMSIS/Include -Os -ffunction-sections -fdata-sections -Wall -fstack-usage -fcyclomatic-complexity -MMD -MP -MF"Drivers/STM32L0xx_HAL_Driver/Src/stm32l0xx_hal_exti.d" -MT"Drivers/STM32L0xx_HAL_Driver/Src/stm32l0xx_hal_exti.o" --specs=nano.specs -mfloat-abi=soft -mthumb -o "Drivers/STM32L0xx_HAL_Driver/Src/stm32l0xx_hal_exti.o"
arm-none-eabi-gcc "../Drivers/STM32L0xx_HAL_Driver/Src/stm32l0xx_hal_flash.c" -mcpu=cortex-m0plus -std=gnu11 -g3 -DDEBUG -DUSE_HAL_DRIVER -DSTM32L011xx -c -I../Core/Inc -I../Drivers/STM32L0xx_HAL_Driver/Inc -I../Drivers/STM32L0xx_HAL_Driver/Inc/Legacy -I../Drivers/CMSIS/Device/ST/STM32L0xx/Include -I../Drivers/CMSIS/Include -Os -ffunction-sections -fdata-sections -Wall -fstack-usage -fcyclomatic-complexity -MMD -MP -MF"Drivers/STM32L0xx_HAL_Driver/Src/stm32l0xx_hal_flash.d" -MT"Drivers/STM32L0xx_HAL_Driver/Src/stm32l0xx_hal_flash.o" --specs=nano.specs -mfloat-abi=soft -mthumb -o "Drivers/STM32L0xx_HAL_Driver/Src/stm32l0xx_hal_flash.o"
arm-none-eabi-gcc "../Drivers/STM32L0xx_HAL_Driver/Src/stm32l0xx_hal_flash_ex.c" -mcpu=cortex-m0plus -std=gnu11 -g3 -DDEBUG -DUSE_HAL_DRIVER -DSTM32L011xx -c -I../Core/Inc -I../Drivers/STM32L0xx_HAL_Driver/Inc -I../Drivers/STM32L0xx_HAL_Driver/Inc/Legacy -I../Drivers/CMSIS/Device/ST/STM32L0xx/Include -I../Drivers/CMSIS/Include -Os -ffunction-sections -fdata-sections -Wall -fstack-usage -fcyclomatic-complexity -MMD -MP -MF"Drivers/STM32L0xx_HAL_Driver/Src/stm32l0xx_hal_flash_ex.d" -MT"Drivers/STM32L0xx_HAL_Driver/Src/stm32l0xx_hal_flash_ex.o" --specs=nano.specs -mfloat-abi=soft -mthumb -o "Drivers/STM32L0xx_HAL_Driver/Src/stm32l0xx_hal_flash_ex.o"
arm-none-eabi-gcc "../Drivers/STM32L0xx_HAL_Driver/Src/stm32l0xx_hal_flash_ramfunc.c" -mcpu=cortex-m0plus -std=gnu11 -g3 -DDEBUG -DUSE_HAL_DRIVER -DSTM32L011xx -c -I../Core/Inc -I../Drivers/STM32L0xx_HAL_Driver/Inc -I../Drivers/STM32L0xx_HAL_Driver/Inc/Legacy -I../Drivers/CMSIS/Device/ST/STM32L0xx/Include -I../Drivers/CMSIS/Include -Os -ffunction-sections -fdata-sections -Wall -fstack-usage -fcyclomatic-complexity -MMD -MP -MF"Drivers/STM32L0xx_HAL_Driver/Src/stm32l0xx_hal_flash_ramfunc.d" -MT"Drivers/STM32L0xx_HAL_Driver/Src/stm32l0xx_hal_flash_ramfunc.o" --specs=nano.specs -mfloat-abi=soft -mthumb -o "Drivers/STM32L0xx_HAL_Driver/Src/stm32l0xx_hal_flash_ramfunc.o"
arm-none-eabi-gcc "../Drivers/STM32L0xx_HAL_Driver/Src/stm32l0xx_hal_gpio.c" -mcpu=cortex-m0plus -std=gnu11 -g3 -DDEBUG -DUSE_HAL_DRIVER -DSTM32L011xx -c -I../Core/Inc -I../Drivers/STM32L0xx_HAL_Driver/Inc -I../Drivers/STM32L0xx_HAL_Driver/Inc/Legacy -I../Drivers/CMSIS/Device/ST/STM32L0xx/Include -I../Drivers/CMSIS/Include -Os -ffunction-sections -fdata-sections -Wall -fstack-usage -fcyclomatic-complexity -MMD -MP -MF"Drivers/STM32L0xx_HAL_Driver/Src/stm32l0xx_hal_gpio.d" -MT"Drivers/STM32L0xx_HAL_Driver/Src/stm32l0xx_hal_gpio.o" --specs=nano.specs -mfloat-abi=soft -mthumb -o "Drivers/STM32L0xx_HAL_Driver/Src/stm32l0xx_hal_gpio.o"
arm-none-eabi-gcc "../Drivers/STM32L0xx_HAL_Driver/Src/stm32l0xx_hal_i2c.c" -mcpu=cortex-m0plus -std=gnu11 -g3 -DDEBUG -DUSE_HAL_DRIVER -DSTM32L011xx -c -I../Core/Inc -I../Drivers/STM32L0xx_HAL_Driver/Inc -I../Drivers/STM32L0xx_HAL_Driver/Inc/Legacy -I../Drivers/CMSIS/Device/ST/STM32L0xx/Include -I../Drivers/CMSIS/Include -Os -ffunction-sections -fdata-sections -Wall -fstack-usage -fcyclomatic-complexity -MMD -MP -MF"Drivers/STM32L0xx_HAL_Driver/Src/stm32l0xx_hal_i2c.d" -MT"Drivers/STM32L0xx_HAL_Driver/Src/stm32l0xx_hal_i2c.o" --specs=nano.specs -mfloat-abi=soft -mthumb -o "Drivers/STM32L0xx_HAL_Driver/Src/stm32l0xx_hal_i2c.o"
arm-none-eabi-gcc "../Drivers/STM32L0xx_HAL_Driver/Src/stm32l0xx_hal_i2c_ex.c" -mcpu=cortex-m0plus -std=gnu11 -g3 -DDEBUG -DUSE_HAL_DRIVER -DSTM32L011xx -c -I../Core/Inc -I../Drivers/STM32L0xx_HAL_Driver/Inc -I../Drivers/STM32L0xx_HAL_Driver/Inc/Legacy -I../Drivers/CMSIS/Device/ST/STM32L0xx/Include -I../Drivers/CMSIS/Include -Os -ffunction-sections -fdata-sections -Wall -fstack-usage -fcyclomatic-complexity -MMD -MP -MF"Drivers/STM32L0xx_HAL_Driver/Src/stm32l0xx_hal_i2c_ex.d" -MT"Drivers/STM32L0xx_HAL_Driver/Src/stm32l0xx_hal_i2c_ex.o" --specs=nano.specs -mfloat-abi=soft -mthumb -o "Drivers/STM32L0xx_HAL_Driver/Src/stm32l0xx_hal_i2c_ex.o"
arm-none-eabi-gcc "../Drivers/STM32L0xx_HAL_Driver/Src/stm32l0xx_hal_pwr.c" -mcpu=cortex-m0plus -std=gnu11 -g3 -DDEBUG -DUSE_HAL_DRIVER -DSTM32L011xx -c -I../Core/Inc -I../Drivers/STM32L0xx_HAL_Driver/Inc -I../Drivers/STM32L0xx_HAL_Driver/Inc/Legacy -I../Drivers/CMSIS/Device/ST/STM32L0xx/Include -I../Drivers/CMSIS/Include -Os -ffunction-sections -fdata-sections -Wall -fstack-usage -fcyclomatic-complexity -MMD -MP -MF"Drivers/STM32L0xx_HAL_Driver/Src/stm32l0xx_hal_pwr.d" -MT"Drivers/STM32L0xx_HAL_Driver/Src/stm32l0xx_hal_pwr.o" --specs=nano.specs -mfloat-abi=soft -mthumb -o "Drivers/STM32L0xx_HAL_Driver/Src/stm32l0xx_hal_pwr.o"
arm-none-eabi-gcc "../Drivers/STM32L0xx_HAL_Driver/Src/stm32l0xx_hal_pwr_ex.c" -mcpu=cortex-m0plus -std=gnu11 -g3 -DDEBUG -DUSE_HAL_DRIVER -DSTM32L011xx -c -I../Core/Inc -I../Drivers/STM32L0xx_HAL_Driver/Inc -I../Drivers/STM32L0xx_HAL_Driver/Inc/Legacy -I../Drivers/CMSIS/Device/ST/STM32L0xx/Include -I../Drivers/CMSIS/Include -Os -ffunction-sections -fdata-sections -Wall -fstack-usage -fcyclomatic-complexity -MMD -MP -MF"Drivers/STM32L0xx_HAL_Driver/Src/stm32l0xx_hal_pwr_ex.d" -MT"Drivers/STM32L0xx_HAL_Driver/Src/stm32l0xx_hal_pwr_ex.o" --specs=nano.specs -mfloat-abi=soft -mthumb -o "Drivers/STM32L0xx_HAL_Driver/Src/stm32l0xx_hal_pwr_ex.o"
arm-none-eabi-gcc "../Drivers/STM32L0xx_HAL_Driver/Src/stm32l0xx_hal_rcc.c" -mcpu=cortex-m0plus -std=gnu11 -g3 -DDEBUG -DUSE_HAL_DRIVER -DSTM32L011xx -c -I../Core/Inc -I../Drivers/STM32L0xx_HAL_Driver/Inc -I../Drivers/STM32L0xx_HAL_Driver/Inc/Legacy -I../Drivers/CMSIS/Device/ST/STM32L0xx/Include -I../Drivers/CMSIS/Include -Os -ffunction-sections -fdata-sections -Wall -fstack-usage -fcyclomatic-complexity -MMD -MP -MF"Drivers/STM32L0xx_HAL_Driver/Src/stm32l0xx_hal_rcc.d" -MT"Drivers/STM32L0xx_HAL_Driver/Src/stm32l0xx_hal_rcc.o" --specs=nano.specs -mfloat-abi=soft -mthumb -o "Drivers/STM32L0xx_HAL_Driver/Src/stm32l0xx_hal_rcc.o"
arm-none-eabi-gcc "../Drivers/STM32L0xx_HAL_Driver/Src/stm32l0xx_hal_rcc_ex.c" -mcpu=cortex-m0plus -std=gnu11 -g3 -DDEBUG -DUSE_HAL_DRIVER -DSTM32L011xx -c -I../Core/Inc -I../Drivers/STM32L0xx_HAL_Driver/Inc -I../Drivers/STM32L0xx_HAL_Driver/Inc/Legacy -I../Drivers/CMSIS/Device/ST/STM32L0xx/Include -I../Drivers/CMSIS/Include -Os -ffunction-sections -fdata-sections -Wall -fstack-usage -fcyclomatic-complexity -MMD -MP -MF"Drivers/STM32L0xx_HAL_Driver/Src/stm32l0xx_hal_rcc_ex.d" -MT"Drivers/STM32L0xx_HAL_Driver/Src/stm32l0xx_hal_rcc_ex.o" --specs=nano.specs -mfloat-abi=soft -mthumb -o "Drivers/STM32L0xx_HAL_Driver/Src/stm32l0xx_hal_rcc_ex.o"
arm-none-eabi-gcc "../Drivers/STM32L0xx_HAL_Driver/Src/stm32l0xx_hal_rtc.c" -mcpu=cortex-m0plus -std=gnu11 -g3 -DDEBUG -DUSE_HAL_DRIVER -DSTM32L011xx -c -I../Core/Inc -I../Drivers/STM32L0xx_HAL_Driver/Inc -I../Drivers/STM32L0xx_HAL_Driver/Inc/Legacy -I../Drivers/CMSIS/Device/ST/STM32L0xx/Include -I../Drivers/CMSIS/Include -Os -ffunction-sections -fdata-sections -Wall -fstack-usage -fcyclomatic-complexity -MMD -MP -MF"Drivers/STM32L0xx_HAL_Driver/Src/stm32l0xx_hal_rtc.d" -MT"Drivers/STM32L0xx_HAL_Driver/Src/stm32l0xx_hal_rtc.o" --specs=nano.specs -mfloat-abi=soft -mthumb -o "Drivers/STM32L0xx_HAL_Driver/Src/stm32l0xx_hal_rtc.o"
arm-none-eabi-gcc "../Drivers/STM32L0xx_HAL_Driver/Src/stm32l0xx_hal_rtc_ex.c" -mcpu=cortex-m0plus -std=gnu11 -g3 -DDEBUG -DUSE_HAL_DRIVER -DSTM32L011xx -c -I../Core/Inc -I../Drivers/STM32L0xx_HAL_Driver/Inc -I../Drivers/STM32L0xx_HAL_Driver/Inc/Legacy -I../Drivers/CMSIS/Device/ST/STM32L0xx/Include -I../Drivers/CMSIS/Include -Os -ffunction-sections -fdata-sections -Wall -fstack-usage -fcyclomatic-complexity -MMD -MP -MF"Drivers/STM32L0xx_HAL_Driver/Src/stm32l0xx_hal_rtc_ex.d" -MT"Drivers/STM32L0xx_HAL_Driver/Src/stm32l0xx_hal_rtc_ex.o" --specs=nano.specs -mfloat-abi=soft -mthumb -o "Drivers/STM32L0xx_HAL_Driver/Src/stm32l0xx_hal_rtc_ex.o"
arm-none-eabi-gcc "../Drivers/STM32L0xx_HAL_Driver/Src/stm32l0xx_hal_uart.c" -mcpu=cortex-m0plus -std=gnu11 -g3 -DDEBUG -DUSE_HAL_DRIVER -DSTM32L011xx -c -I../Core/Inc -I../Drivers/STM32L0xx_HAL_Driver/Inc -I../Drivers/STM32L0xx_HAL_Driver/Inc/Legacy -I../Drivers/CMSIS/Device/ST/STM32L0xx/Include -I../Drivers/CMSIS/Include -Os -ffunction-sections -fdata-sections -Wall -fstack-usage -fcyclomatic-complexity -MMD -MP -MF"Drivers/STM32L0xx_HAL_Driver/Src/stm32l0xx_hal_uart.d" -MT"Drivers/STM32L0xx_HAL_Driver/Src/stm32l0xx_hal_uart.o" --specs=nano.specs -mfloat-abi=soft -mthumb -o "Drivers/STM32L0xx_HAL_Driver/Src/stm32l0xx_hal_uart.o"
arm-none-eabi-gcc "../Drivers/STM32L0xx_HAL_Driver/Src/stm32l0xx_hal_uart_ex.c" -mcpu=cortex-m0plus -std=gnu11 -g3 -DDEBUG -DUSE_HAL_DRIVER -DSTM32L011xx -c -I../Core/Inc -I../Drivers/STM32L0xx_HAL_Driver/Inc -I../Drivers/STM32L0xx_HAL_Driver/Inc/Legacy -I../Drivers/CMSIS/Device/ST/STM32L0xx/Include -I../Drivers/CMSIS/Include -Os -ffunction-sections -fdata-sections -Wall -fstack-usage -fcyclomatic-complexity -MMD -MP -MF"Drivers/STM32L0xx_HAL_Driver/Src/stm32l0xx_hal_uart_ex.d" -MT"Drivers/STM32L0xx_HAL_Driver/Src/stm32l0xx_hal_uart_ex.o" --specs=nano.specs -mfloat-abi=soft -mthumb -o "Drivers/STM32L0xx_HAL_Driver/Src/stm32l0xx_hal_uart_ex.o"
arm-none-eabi-gcc -mcpu=cortex-m0plus -g3 -DDEBUG -c -x assembler-with-cpp -MMD -MP -MF"Core/Startup/startup_stm32l011f4ux.d" -MT"Core/Startup/startup_stm32l011f4ux.o" --specs=nano.specs -mfloat-abi=soft -mthumb -o "Core/Startup/startup_stm32l011f4ux.o" "../Core/Startup/startup_stm32l011f4ux.s"
arm-none-eabi-gcc "../Core/Src/main.c" -mcpu=cortex-m0plus -std=gnu11 -g3 -DDEBUG -DUSE_HAL_DRIVER -DSTM32L011xx -c -I../Core/Inc -I../Drivers/STM32L0xx_HAL_Driver/Inc -I../Drivers/STM32L0xx_HAL_Driver/Inc/Legacy -I../Drivers/CMSIS/Device/ST/STM32L0xx/Include -I../Drivers/CMSIS/Include -Os -ffunction-sections -fdata-sections -Wall -fstack-usage -fcyclomatic-complexity -MMD -MP -MF"Core/Src/main.d" -MT"Core/Src/main.o" --specs=nano.specs -mfloat-abi=soft -mthumb -o "Core/Src/main.o"
arm-none-eabi-gcc "../Core/Src/st25dv_driver.c" -mcpu=cortex-m0plus -std=gnu11 -g3 -DDEBUG -DUSE_HAL_DRIVER -DSTM32L011xx -c -I../Core/Inc -I../Drivers/STM32L0xx_HAL_Driver/Inc -I../Drivers/STM32L0xx_HAL_Driver/Inc/Legacy -I../Drivers/CMSIS/Device/ST/STM32L0xx/Include -I../Drivers/CMSIS/Include -Os -ffunction-sections -fdata-sections -Wall -fstack-usage -fcyclomatic-complexity -MMD -MP -MF"Core/Src/st25dv_driver.d" -MT"Core/Src/st25dv_driver.o" --specs=nano.specs -mfloat-abi=soft -mthumb -o "Core/Src/st25dv_driver.o"
arm-none-eabi-gcc "../Core/Src/stm32l0xx_hal_msp.c" -mcpu=cortex-m0plus -std=gnu11 -g3 -DDEBUG -DUSE_HAL_DRIVER -DSTM32L011xx -c -I../Core/Inc -I../Drivers/STM32L0xx_HAL_Driver/Inc -I../Drivers/STM32L0xx_HAL_Driver/Inc/Legacy -I../Drivers/CMSIS/Device/ST/STM32L0xx/Include -I../Drivers/CMSIS/Include -Os -ffunction-sections -fdata-sections -Wall -fstack-usage -fcyclomatic-complexity -MMD -MP -MF"Core/Src/stm32l0xx_hal_msp.d" -MT"Core/Src/stm32l0xx_hal_msp.o" --specs=nano.specs -mfloat-abi=soft -mthumb -o "Core/Src/stm32l0xx_hal_msp.o"
arm-none-eabi-gcc "../Core/Src/stm32l0xx_it.c" -mcpu=cortex-m0plus -std=gnu11 -g3 -DDEBUG -DUSE_HAL_DRIVER -DSTM32L011xx -c -I../Core/Inc -I../Drivers/STM32L0xx_HAL_Driver/Inc -I../Drivers/STM32L0xx_HAL_Driver/Inc/Legacy -I../Drivers/CMSIS/Device/ST/STM32L0xx/Include -I../Drivers/CMSIS/Include -Os -ffunction-sections -fdata-sections -Wall -fstack-usage -fcyclomatic-complexity -MMD -MP -MF"Core/Src/stm32l0xx_it.d" -MT"Core/Src/stm32l0xx_it.o" --specs=nano.specs -mfloat-abi=soft -mthumb -o "Core/Src/stm32l0xx_it.o"
arm-none-eabi-gcc "../Core/Src/syscalls.c" -mcpu=cortex-m0plus -std=gnu11 -g3 -DDEBUG -DUSE_HAL_DRIVER -DSTM32L011xx -c -I../Core/Inc -I../Drivers/STM32L0xx_HAL_Driver/Inc -I../Drivers/STM32L0xx_HAL_Driver/Inc/Legacy -I../Drivers/CMSIS/Device/ST/STM32L0xx/Include -I../Drivers/CMSIS/Include -Os -ffunction-sections -fdata-sections -Wall -fstack-usage -fcyclomatic-complexity -MMD -MP -MF"Core/Src/syscalls.d" -MT"Core/Src/syscalls.o" --specs=nano.specs -mfloat-abi=soft -mthumb -o "Core/Src/syscalls.o"
arm-none-eabi-gcc "../Core/Src/sysmem.c" -mcpu=cortex-m0plus -std=gnu11 -g3 -DDEBUG -DUSE_HAL_DRIVER -DSTM32L011xx -c -I../Core/Inc -I../Drivers/STM32L0xx_HAL_Driver/Inc -I../Drivers/STM32L0xx_HAL_Driver/Inc/Legacy -I../Drivers/CMSIS/Device/ST/STM32L0xx/Include -I../Drivers/CMSIS/Include -Os -ffunction-sections -fdata-sections -Wall -fstack-usage -fcyclomatic-complexity -MMD -MP -MF"Core/Src/sysmem.d" -MT"Core/Src/sysmem.o" --specs=nano.specs -mfloat-abi=soft -mthumb -o "Core/Src/sysmem.o"
arm-none-eabi-gcc "../Core/Src/system_stm32l0xx.c" -mcpu=cortex-m0plus -std=gnu11 -g3 -DDEBUG -DUSE_HAL_DRIVER -DSTM32L011xx -c -I../Core/Inc -I../Drivers/STM32L0xx_HAL_Driver/Inc -I../Drivers/STM32L0xx_HAL_Driver/Inc/Legacy -I../Drivers/CMSIS/Device/ST/STM32L0xx/Include -I../Drivers/CMSIS/Include -Os -ffunction-sections -fdata-sections -Wall -fstack-usage -fcyclomatic-complexity -MMD -MP -MF"Core/Src/system_stm32l0xx.d" -MT"Core/Src/system_stm32l0xx.o" --specs=nano.specs -mfloat-abi=soft -mthumb -o "Core/Src/system_stm32l0xx.o"
arm-none-eabi-gcc -o "TorquimeterTag.elf" @"objects.list"   -mcpu=cortex-m0plus -T"D:\BrasensFirmwares\TestSTM23L011F4\STM32L011F4UX_FLASH.ld" --specs=nosys.specs -Wl,-Map="TorquimeterTag.map" -Wl,--gc-sections -static --specs=nano.specs -mfloat-abi=soft -mthumb -Wl,--start-group -lc -lm -Wl,--end-group
Finished building target: TorquimeterTag.elf
 
arm-none-eabi-size  TorquimeterTag.elf 
arm-none-eabi-objdump -h -S TorquimeterTag.elf  > "TorquimeterTag.list"
   text	   data	    bss	    dec	    hex	filename
  13500	     32	   1840	  15372	   3c0c	TorquimeterTag.elf
Finished building: default.size.stdout
 
Finished building: TorquimeterTag.list
 
09:11:35 **** Clean-only build of configuration Release for project TorquimeterTagWithLargeMCU ****
make -j12 clean 
rm -rf ./Drivers/STM32L0xx_HAL_Driver/stm32l0xx_hal.cyclo ./Drivers/STM32L0xx_HAL_Driver/stm32l0xx_hal.d ./Drivers/STM32L0xx_HAL_Driver/stm32l0xx_hal.o ./Drivers/STM32L0xx_HAL_Driver/stm32l0xx_hal.su ./Drivers/STM32L0xx_HAL_Driver/stm32l0xx_hal_cortex.cyclo ./Drivers/STM32L0xx_HAL_Driver/stm32l0xx_hal_cortex.d ./Drivers/STM32L0xx_HAL_Driver/stm32l0xx_hal_cortex.o ./Drivers/STM32L0xx_HAL_Driver/stm32l0xx_hal_cortex.su ./Drivers/STM32L0xx_HAL_Driver/stm32l0xx_hal_dma.cyclo ./Drivers/STM32L0xx_HAL_Driver/stm32l0xx_hal_dma.d ./Drivers/STM32L0xx_HAL_Driver/stm32l0xx_hal_dma.o ./Drivers/STM32L0xx_HAL_Driver/stm32l0xx_hal_dma.su ./Drivers/STM32L0xx_HAL_Driver/stm32l0xx_hal_exti.cyclo ./Drivers/STM32L0xx_HAL_Driver/stm32l0xx_hal_exti.d ./Drivers/STM32L0xx_HAL_Driver/stm32l0xx_hal_exti.o ./Drivers/STM32L0xx_HAL_Driver/stm32l0xx_hal_exti.su ./Drivers/STM32L0xx_HAL_Driver/stm32l0xx_hal_flash.cyclo ./Drivers/STM32L0xx_HAL_Driver/stm32l0xx_hal_flash.d ./Drivers/STM32L0xx_HAL_Driver/stm32l0xx_hal_flash.o ./Drivers/STM32L0xx_HAL_Driver/stm32l0xx_hal_flash.su ./Drivers/STM32L0xx_HAL_Driver/stm32l0xx_hal_flash_ex.cyclo ./Drivers/STM32L0xx_HAL_Driver/stm32l0xx_hal_flash_ex.d ./Drivers/STM32L0xx_HAL_Driver/stm32l0xx_hal_flash_ex.o ./Drivers/STM32L0xx_HAL_Driver/stm32l0xx_hal_flash_ex.su ./Drivers/STM32L0xx_HAL_Driver/stm32l0xx_hal_flash_ramfunc.cyclo ./Drivers/STM32L0xx_HAL_Driver/stm32l0xx_hal_flash_ramfunc.d ./Drivers/STM32L0xx_HAL_Driver/stm32l0xx_hal_flash_ramfunc.o ./Drivers/STM32L0xx_HAL_Driver/stm32l0xx_hal_flash_ramfunc.su ./Drivers/STM32L0xx_HAL_Driver/stm32l0xx_hal_gpio.cyclo ./Drivers/STM32L0xx_HAL_Driver/stm32l0xx_hal_gpio.d ./Drivers/STM32L0xx_HAL_Driver/stm32l0xx_hal_gpio.o ./Drivers/STM32L0xx_HAL_Driver/stm32l0xx_hal_gpio.su ./Drivers/STM32L0xx_HAL_Driver/stm32l0xx_hal_i2c.cyclo ./Drivers/STM32L0xx_HAL_Driver/stm32l0xx_hal_i2c.d ./Drivers/STM32L0xx_HAL_Driver/stm32l0xx_hal_i2c.o ./Drivers/STM32L0xx_HAL_Driver/stm32l0xx_hal_i2c.su ./Drivers/STM32L0xx_HAL_Driver/stm32l0xx_hal_i2c_ex.cyclo ./Drivers/STM32L0xx_HAL_Driver/stm32l0xx_hal_i2c_ex.d ./Drivers/STM32L0xx_HAL_Driver/stm32l0xx_hal_i2c_ex.o ./Drivers/STM32L0xx_HAL_Driver/stm32l0xx_hal_i2c_ex.su ./Drivers/STM32L0xx_HAL_Driver/stm32l0xx_hal_pwr.cyclo ./Drivers/STM32L0xx_HAL_Driver/stm32l0xx_hal_pwr.d ./Drivers/STM32L0xx_HAL_Driver/stm32l0xx_hal_pwr.o ./Drivers/STM32L0xx_HAL_Driver/stm32l0xx_hal_pwr.su ./Drivers/STM32L0xx_HAL_Driver/stm32l0xx_hal_pwr_ex.cyclo ./Drivers/STM32L0xx_HAL_Driver/stm32l0xx_hal_pwr_ex.d ./Drivers/STM32L0xx_HAL_Driver/stm32l0xx_hal_pwr_ex.o ./Drivers/STM32L0xx_HAL_Driver/stm32l0xx_hal_pwr_ex.su ./Drivers/STM32L0xx_HAL_Driver/stm32l0xx_hal_rcc.cyclo ./Drivers/STM32L0xx_HAL_Driver/stm32l0xx_hal_rcc.d ./Drivers/STM32L0xx_HAL_Driver/stm32l0xx_hal_rcc.o ./Drivers/STM32L0xx_HAL_Driver/stm32l0xx_hal_rcc.su ./Drivers/STM32L0xx_HAL_Driver/stm32l0xx_hal_rcc_ex.cyclo ./Drivers/STM32L0xx_HAL_Driver/stm32l0xx_hal_rcc_ex.d ./Drivers/STM32L0xx_HAL_Driver/stm32l0xx_hal_rcc_ex.o ./Drivers/STM32L0xx_HAL_Driver/stm32l0xx_hal_rcc_ex.su ./Drivers/STM32L0xx_HAL_Driver/stm32l0xx_hal_spi.cyclo ./Drivers/STM32L0xx_HAL_Driver/stm32l0xx_hal_spi.d ./Drivers/STM32L0xx_HAL_Driver/stm32l0xx_hal_spi.o ./Drivers/STM32L0xx_HAL_Driver/stm32l0xx_hal_spi.su ./Drivers/STM32L0xx_HAL_Driver/stm32l0xx_hal_uart.cyclo ./Drivers/STM32L0xx_HAL_Driver/stm32l0xx_hal_uart.d ./Drivers/STM32L0xx_HAL_Driver/stm32l0xx_hal_uart.o ./Drivers/STM32L0xx_HAL_Driver/stm32l0xx_hal_uart.su ./Drivers/STM32L0xx_HAL_Driver/stm32l0xx_hal_uart_ex.cyclo ./Drivers/STM32L0xx_HAL_Driver/stm32l0xx_hal_uart_ex.d ./Drivers/STM32L0xx_HAL_Driver/stm32l0xx_hal_uart_ex.o ./Drivers/STM32L0xx_HAL_Driver/stm32l0xx_hal_uart_ex.su
rm -rf ./Core/Startup/startup_stm32l053c8tx.d ./Core/Startup/startup_stm32l053c8tx.o
rm -rf ./Core/Src/main.cyclo ./Core/Src/main.d ./Core/Src/main.o ./Core/Src/main.su ./Core/Src/st25dv_driver.cyclo ./Core/Src/st25dv_driver.d ./Core/Src/st25dv_driver.o ./Core/Src/st25dv_driver.su ./Core/Src/st25r300.cyclo ./Core/Src/st25r300.d ./Core/Src/st25r300.o ./Core/Src/st25r300.su ./Core/Src/stm32l0xx_hal_msp.cyclo ./Core/Src/stm32l0xx_hal_msp.d ./Core/Src/stm32l0xx_hal_msp.o ./Core/Src/stm32l0xx_hal_msp.su ./Core/Src/stm32l0xx_it.cyclo ./Core/Src/stm32l0xx_it.d ./Core/Src/stm32l0xx_it.o ./Core/Src/stm32l0xx_it.su ./Core/Src/syscalls.cyclo ./Core/Src/syscalls.d ./Core/Src/syscalls.o ./Core/Src/syscalls.su ./Core/Src/sysmem.cyclo ./Core/Src/sysmem.d ./Core/Src/sysmem.o ./Core/Src/sysmem.su ./Core/Src/system_stm32l0xx.cyclo ./Core/Src/system_stm32l0xx.d ./Core/Src/system_stm32l0xx.o ./Core/Src/system_stm32l0xx.su
rm -rf TorquimeterTagWithLargeMCU.elf TorquimeterTagWithLargeMCU.list TorquimeterTagWithLargeMCU.map default.size.stdout
 
09:11:35 **** Incremental Build of configuration Release for project TorquimeterTagWithLargeMCU ****
make -j12 all 
arm-none-eabi-gcc "C:/Users/Matheus Markies/STM32Cube/Repository/STM32Cube_FW_L0_V1.12.3/Drivers/STM32L0xx_HAL_Driver/Src/stm32l0xx_hal.c" -mcpu=cortex-m0plus -std=gnu11 -DUSE_HAL_DRIVER -DSTM32L053xx -c -I../Core/Inc -I"C:/Users/Matheus Markies/STM32Cube/Repository/STM32Cube_FW_L0_V1.12.3/Drivers/STM32L0xx_HAL_Driver/Inc" -I"C:/Users/Matheus Markies/STM32Cube/Repository/STM32Cube_FW_L0_V1.12.3/Drivers/STM32L0xx_HAL_Driver/Inc/Legacy" -I"C:/Users/Matheus Markies/STM32Cube/Repository/STM32Cube_FW_L0_V1.12.3/Drivers/CMSIS/Device/ST/STM32L0xx/Include" -I"C:/Users/Matheus Markies/STM32Cube/Repository/STM32Cube_FW_L0_V1.12.3/Drivers/CMSIS/Include" -Os -ffunction-sections -fdata-sections -Wall -fstack-usage -fcyclomatic-complexity -MMD -MP -MF"Drivers/STM32L0xx_HAL_Driver/stm32l0xx_hal.d" -MT"Drivers/STM32L0xx_HAL_Driver/stm32l0xx_hal.o" --specs=nano.specs -mfloat-abi=soft -mthumb -o "Drivers/STM32L0xx_HAL_Driver/stm32l0xx_hal.o"
arm-none-eabi-gcc "C:/Users/Matheus Markies/STM32Cube/Repository/STM32Cube_FW_L0_V1.12.3/Drivers/STM32L0xx_HAL_Driver/Src/stm32l0xx_hal_cortex.c" -mcpu=cortex-m0plus -std=gnu11 -DUSE_HAL_DRIVER -DSTM32L053xx -c -I../Core/Inc -I"C:/Users/Matheus Markies/STM32Cube/Repository/STM32Cube_FW_L0_V1.12.3/Drivers/STM32L0xx_HAL_Driver/Inc" -I"C:/Users/Matheus Markies/STM32Cube/Repository/STM32Cube_FW_L0_V1.12.3/Drivers/STM32L0xx_HAL_Driver/Inc/Legacy" -I"C:/Users/Matheus Markies/STM32Cube/Repository/STM32Cube_FW_L0_V1.12.3/Drivers/CMSIS/Device/ST/STM32L0xx/Include" -I"C:/Users/Matheus Markies/STM32Cube/Repository/STM32Cube_FW_L0_V1.12.3/Drivers/CMSIS/Include" -Os -ffunction-sections -fdata-sections -Wall -fstack-usage -fcyclomatic-complexity -MMD -MP -MF"Drivers/STM32L0xx_HAL_Driver/stm32l0xx_hal_cortex.d" -MT"Drivers/STM32L0xx_HAL_Driver/stm32l0xx_hal_cortex.o" --specs=nano.specs -mfloat-abi=soft -mthumb -o "Drivers/STM32L0xx_HAL_Driver/stm32l0xx_hal_cortex.o"
arm-none-eabi-gcc "C:/Users/Matheus Markies/STM32Cube/Repository/STM32Cube_FW_L0_V1.12.3/Drivers/STM32L0xx_HAL_Driver/Src/stm32l0xx_hal_dma.c" -mcpu=cortex-m0plus -std=gnu11 -DUSE_HAL_DRIVER -DSTM32L053xx -c -I../Core/Inc -I"C:/Users/Matheus Markies/STM32Cube/Repository/STM32Cube_FW_L0_V1.12.3/Drivers/STM32L0xx_HAL_Driver/Inc" -I"C:/Users/Matheus Markies/STM32Cube/Repository/STM32Cube_FW_L0_V1.12.3/Drivers/STM32L0xx_HAL_Driver/Inc/Legacy" -I"C:/Users/Matheus Markies/STM32Cube/Repository/STM32Cube_FW_L0_V1.12.3/Drivers/CMSIS/Device/ST/STM32L0xx/Include" -I"C:/Users/Matheus Markies/STM32Cube/Repository/STM32Cube_FW_L0_V1.12.3/Drivers/CMSIS/Include" -Os -ffunction-sections -fdata-sections -Wall -fstack-usage -fcyclomatic-complexity -MMD -MP -MF"Drivers/STM32L0xx_HAL_Driver/stm32l0xx_hal_dma.d" -MT"Drivers/STM32L0xx_HAL_Driver/stm32l0xx_hal_dma.o" --specs=nano.specs -mfloat-abi=soft -mthumb -o "Drivers/STM32L0xx_HAL_Driver/stm32l0xx_hal_dma.o"
arm-none-eabi-gcc "C:/Users/Matheus Markies/STM32Cube/Repository/STM32Cube_FW_L0_V1.12.3/Drivers/STM32L0xx_HAL_Driver/Src/stm32l0xx_hal_exti.c" -mcpu=cortex-m0plus -std=gnu11 -DUSE_HAL_DRIVER -DSTM32L053xx -c -I../Core/Inc -I"C:/Users/Matheus Markies/STM32Cube/Repository/STM32Cube_FW_L0_V1.12.3/Drivers/STM32L0xx_HAL_Driver/Inc" -I"C:/Users/Matheus Markies/STM32Cube/Repository/STM32Cube_FW_L0_V1.12.3/Drivers/STM32L0xx_HAL_Driver/Inc/Legacy" -I"C:/Users/Matheus Markies/STM32Cube/Repository/STM32Cube_FW_L0_V1.12.3/Drivers/CMSIS/Device/ST/STM32L0xx/Include" -I"C:/Users/Matheus Markies/STM32Cube/Repository/STM32Cube_FW_L0_V1.12.3/Drivers/CMSIS/Include" -Os -ffunction-sections -fdata-sections -Wall -fstack-usage -fcyclomatic-complexity -MMD -MP -MF"Drivers/STM32L0xx_HAL_Driver/stm32l0xx_hal_exti.d" -MT"Drivers/STM32L0xx_HAL_Driver/stm32l0xx_hal_exti.o" --specs=nano.specs -mfloat-abi=soft -mthumb -o "Drivers/STM32L0xx_HAL_Driver/stm32l0xx_hal_exti.o"
arm-none-eabi-gcc "C:/Users/Matheus Markies/STM32Cube/Repository/STM32Cube_FW_L0_V1.12.3/Drivers/STM32L0xx_HAL_Driver/Src/stm32l0xx_hal_flash.c" -mcpu=cortex-m0plus -std=gnu11 -DUSE_HAL_DRIVER -DSTM32L053xx -c -I../Core/Inc -I"C:/Users/Matheus Markies/STM32Cube/Repository/STM32Cube_FW_L0_V1.12.3/Drivers/STM32L0xx_HAL_Driver/Inc" -I"C:/Users/Matheus Markies/STM32Cube/Repository/STM32Cube_FW_L0_V1.12.3/Drivers/STM32L0xx_HAL_Driver/Inc/Legacy" -I"C:/Users/Matheus Markies/STM32Cube/Repository/STM32Cube_FW_L0_V1.12.3/Drivers/CMSIS/Device/ST/STM32L0xx/Include" -I"C:/Users/Matheus Markies/STM32Cube/Repository/STM32Cube_FW_L0_V1.12.3/Drivers/CMSIS/Include" -Os -ffunction-sections -fdata-sections -Wall -fstack-usage -fcyclomatic-complexity -MMD -MP -MF"Drivers/STM32L0xx_HAL_Driver/stm32l0xx_hal_flash.d" -MT"Drivers/STM32L0xx_HAL_Driver/stm32l0xx_hal_flash.o" --specs=nano.specs -mfloat-abi=soft -mthumb -o "Drivers/STM32L0xx_HAL_Driver/stm32l0xx_hal_flash.o"
arm-none-eabi-gcc "C:/Users/Matheus Markies/STM32Cube/Repository/STM32Cube_FW_L0_V1.12.3/Drivers/STM32L0xx_HAL_Driver/Src/stm32l0xx_hal_flash_ex.c" -mcpu=cortex-m0plus -std=gnu11 -DUSE_HAL_DRIVER -DSTM32L053xx -c -I../Core/Inc -I"C:/Users/Matheus Markies/STM32Cube/Repository/STM32Cube_FW_L0_V1.12.3/Drivers/STM32L0xx_HAL_Driver/Inc" -I"C:/Users/Matheus Markies/STM32Cube/Repository/STM32Cube_FW_L0_V1.12.3/Drivers/STM32L0xx_HAL_Driver/Inc/Legacy" -I"C:/Users/Matheus Markies/STM32Cube/Repository/STM32Cube_FW_L0_V1.12.3/Drivers/CMSIS/Device/ST/STM32L0xx/Include" -I"C:/Users/Matheus Markies/STM32Cube/Repository/STM32Cube_FW_L0_V1.12.3/Drivers/CMSIS/Include" -Os -ffunction-sections -fdata-sections -Wall -fstack-usage -fcyclomatic-complexity -MMD -MP -MF"Drivers/STM32L0xx_HAL_Driver/stm32l0xx_hal_flash_ex.d" -MT"Drivers/STM32L0xx_HAL_Driver/stm32l0xx_hal_flash_ex.o" --specs=nano.specs -mfloat-abi=soft -mthumb -o "Drivers/STM32L0xx_HAL_Driver/stm32l0xx_hal_flash_ex.o"
arm-none-eabi-gcc "C:/Users/Matheus Markies/STM32Cube/Repository/STM32Cube_FW_L0_V1.12.3/Drivers/STM32L0xx_HAL_Driver/Src/stm32l0xx_hal_flash_ramfunc.c" -mcpu=cortex-m0plus -std=gnu11 -DUSE_HAL_DRIVER -DSTM32L053xx -c -I../Core/Inc -I"C:/Users/Matheus Markies/STM32Cube/Repository/STM32Cube_FW_L0_V1.12.3/Drivers/STM32L0xx_HAL_Driver/Inc" -I"C:/Users/Matheus Markies/STM32Cube/Repository/STM32Cube_FW_L0_V1.12.3/Drivers/STM32L0xx_HAL_Driver/Inc/Legacy" -I"C:/Users/Matheus Markies/STM32Cube/Repository/STM32Cube_FW_L0_V1.12.3/Drivers/CMSIS/Device/ST/STM32L0xx/Include" -I"C:/Users/Matheus Markies/STM32Cube/Repository/STM32Cube_FW_L0_V1.12.3/Drivers/CMSIS/Include" -Os -ffunction-sections -fdata-sections -Wall -fstack-usage -fcyclomatic-complexity -MMD -MP -MF"Drivers/STM32L0xx_HAL_Driver/stm32l0xx_hal_flash_ramfunc.d" -MT"Drivers/STM32L0xx_HAL_Driver/stm32l0xx_hal_flash_ramfunc.o" --specs=nano.specs -mfloat-abi=soft -mthumb -o "Drivers/STM32L0xx_HAL_Driver/stm32l0xx_hal_flash_ramfunc.o"
arm-none-eabi-gcc "C:/Users/Matheus Markies/STM32Cube/Repository/STM32Cube_FW_L0_V1.12.3/Drivers/STM32L0xx_HAL_Driver/Src/stm32l0xx_hal_gpio.c" -mcpu=cortex-m0plus -std=gnu11 -DUSE_HAL_DRIVER -DSTM32L053xx -c -I../Core/Inc -I"C:/Users/Matheus Markies/STM32Cube/Repository/STM32Cube_FW_L0_V1.12.3/Drivers/STM32L0xx_HAL_Driver/Inc" -I"C:/Users/Matheus Markies/STM32Cube/Repository/STM32Cube_FW_L0_V1.12.3/Drivers/STM32L0xx_HAL_Driver/Inc/Legacy" -I"C:/Users/Matheus Markies/STM32Cube/Repository/STM32Cube_FW_L0_V1.12.3/Drivers/CMSIS/Device/ST/STM32L0xx/Include" -I"C:/Users/Matheus Markies/STM32Cube/Repository/STM32Cube_FW_L0_V1.12.3/Drivers/CMSIS/Include" -Os -ffunction-sections -fdata-sections -Wall -fstack-usage -fcyclomatic-complexity -MMD -MP -MF"Drivers/STM32L0xx_HAL_Driver/stm32l0xx_hal_gpio.d" -MT"Drivers/STM32L0xx_HAL_Driver/stm32l0xx_hal_gpio.o" --specs=nano.specs -mfloat-abi=soft -mthumb -o "Drivers/STM32L0xx_HAL_Driver/stm32l0xx_hal_gpio.o"
arm-none-eabi-gcc "C:/Users/Matheus Markies/STM32Cube/Repository/STM32Cube_FW_L0_V1.12.3/Drivers/STM32L0xx_HAL_Driver/Src/stm32l0xx_hal_i2c.c" -mcpu=cortex-m0plus -std=gnu11 -DUSE_HAL_DRIVER -DSTM32L053xx -c -I../Core/Inc -I"C:/Users/Matheus Markies/STM32Cube/Repository/STM32Cube_FW_L0_V1.12.3/Drivers/STM32L0xx_HAL_Driver/Inc" -I"C:/Users/Matheus Markies/STM32Cube/Repository/STM32Cube_FW_L0_V1.12.3/Drivers/STM32L0xx_HAL_Driver/Inc/Legacy" -I"C:/Users/Matheus Markies/STM32Cube/Repository/STM32Cube_FW_L0_V1.12.3/Drivers/CMSIS/Device/ST/STM32L0xx/Include" -I"C:/Users/Matheus Markies/STM32Cube/Repository/STM32Cube_FW_L0_V1.12.3/Drivers/CMSIS/Include" -Os -ffunction-sections -fdata-sections -Wall -fstack-usage -fcyclomatic-complexity -MMD -MP -MF"Drivers/STM32L0xx_HAL_Driver/stm32l0xx_hal_i2c.d" -MT"Drivers/STM32L0xx_HAL_Driver/stm32l0xx_hal_i2c.o" --specs=nano.specs -mfloat-abi=soft -mthumb -o "Drivers/STM32L0xx_HAL_Driver/stm32l0xx_hal_i2c.o"
arm-none-eabi-gcc "C:/Users/Matheus Markies/STM32Cube/Repository/STM32Cube_FW_L0_V1.12.3/Drivers/STM32L0xx_HAL_Driver/Src/stm32l0xx_hal_i2c_ex.c" -mcpu=cortex-m0plus -std=gnu11 -DUSE_HAL_DRIVER -DSTM32L053xx -c -I../Core/Inc -I"C:/Users/Matheus Markies/STM32Cube/Repository/STM32Cube_FW_L0_V1.12.3/Drivers/STM32L0xx_HAL_Driver/Inc" -I"C:/Users/Matheus Markies/STM32Cube/Repository/STM32Cube_FW_L0_V1.12.3/Drivers/STM32L0xx_HAL_Driver/Inc/Legacy" -I"C:/Users/Matheus Markies/STM32Cube/Repository/STM32Cube_FW_L0_V1.12.3/Drivers/CMSIS/Device/ST/STM32L0xx/Include" -I"C:/Users/Matheus Markies/STM32Cube/Repository/STM32Cube_FW_L0_V1.12.3/Drivers/CMSIS/Include" -Os -ffunction-sections -fdata-sections -Wall -fstack-usage -fcyclomatic-complexity -MMD -MP -MF"Drivers/STM32L0xx_HAL_Driver/stm32l0xx_hal_i2c_ex.d" -MT"Drivers/STM32L0xx_HAL_Driver/stm32l0xx_hal_i2c_ex.o" --specs=nano.specs -mfloat-abi=soft -mthumb -o "Drivers/STM32L0xx_HAL_Driver/stm32l0xx_hal_i2c_ex.o"
arm-none-eabi-gcc "C:/Users/Matheus Markies/STM32Cube/Repository/STM32Cube_FW_L0_V1.12.3/Drivers/STM32L0xx_HAL_Driver/Src/stm32l0xx_hal_pwr.c" -mcpu=cortex-m0plus -std=gnu11 -DUSE_HAL_DRIVER -DSTM32L053xx -c -I../Core/Inc -I"C:/Users/Matheus Markies/STM32Cube/Repository/STM32Cube_FW_L0_V1.12.3/Drivers/STM32L0xx_HAL_Driver/Inc" -I"C:/Users/Matheus Markies/STM32Cube/Repository/STM32Cube_FW_L0_V1.12.3/Drivers/STM32L0xx_HAL_Driver/Inc/Legacy" -I"C:/Users/Matheus Markies/STM32Cube/Repository/STM32Cube_FW_L0_V1.12.3/Drivers/CMSIS/Device/ST/STM32L0xx/Include" -I"C:/Users/Matheus Markies/STM32Cube/Repository/STM32Cube_FW_L0_V1.12.3/Drivers/CMSIS/Include" -Os -ffunction-sections -fdata-sections -Wall -fstack-usage -fcyclomatic-complexity -MMD -MP -MF"Drivers/STM32L0xx_HAL_Driver/stm32l0xx_hal_pwr.d" -MT"Drivers/STM32L0xx_HAL_Driver/stm32l0xx_hal_pwr.o" --specs=nano.specs -mfloat-abi=soft -mthumb -o "Drivers/STM32L0xx_HAL_Driver/stm32l0xx_hal_pwr.o"
arm-none-eabi-gcc "C:/Users/Matheus Markies/STM32Cube/Repository/STM32Cube_FW_L0_V1.12.3/Drivers/STM32L0xx_HAL_Driver/Src/stm32l0xx_hal_pwr_ex.c" -mcpu=cortex-m0plus -std=gnu11 -DUSE_HAL_DRIVER -DSTM32L053xx -c -I../Core/Inc -I"C:/Users/Matheus Markies/STM32Cube/Repository/STM32Cube_FW_L0_V1.12.3/Drivers/STM32L0xx_HAL_Driver/Inc" -I"C:/Users/Matheus Markies/STM32Cube/Repository/STM32Cube_FW_L0_V1.12.3/Drivers/STM32L0xx_HAL_Driver/Inc/Legacy" -I"C:/Users/Matheus Markies/STM32Cube/Repository/STM32Cube_FW_L0_V1.12.3/Drivers/CMSIS/Device/ST/STM32L0xx/Include" -I"C:/Users/Matheus Markies/STM32Cube/Repository/STM32Cube_FW_L0_V1.12.3/Drivers/CMSIS/Include" -Os -ffunction-sections -fdata-sections -Wall -fstack-usage -fcyclomatic-complexity -MMD -MP -MF"Drivers/STM32L0xx_HAL_Driver/stm32l0xx_hal_pwr_ex.d" -MT"Drivers/STM32L0xx_HAL_Driver/stm32l0xx_hal_pwr_ex.o" --specs=nano.specs -mfloat-abi=soft -mthumb -o "Drivers/STM32L0xx_HAL_Driver/stm32l0xx_hal_pwr_ex.o"
arm-none-eabi-gcc "C:/Users/Matheus Markies/STM32Cube/Repository/STM32Cube_FW_L0_V1.12.3/Drivers/STM32L0xx_HAL_Driver/Src/stm32l0xx_hal_rcc.c" -mcpu=cortex-m0plus -std=gnu11 -DUSE_HAL_DRIVER -DSTM32L053xx -c -I../Core/Inc -I"C:/Users/Matheus Markies/STM32Cube/Repository/STM32Cube_FW_L0_V1.12.3/Drivers/STM32L0xx_HAL_Driver/Inc" -I"C:/Users/Matheus Markies/STM32Cube/Repository/STM32Cube_FW_L0_V1.12.3/Drivers/STM32L0xx_HAL_Driver/Inc/Legacy" -I"C:/Users/Matheus Markies/STM32Cube/Repository/STM32Cube_FW_L0_V1.12.3/Drivers/CMSIS/Device/ST/STM32L0xx/Include" -I"C:/Users/Matheus Markies/STM32Cube/Repository/STM32Cube_FW_L0_V1.12.3/Drivers/CMSIS/Include" -Os -ffunction-sections -fdata-sections -Wall -fstack-usage -fcyclomatic-complexity -MMD -MP -MF"Drivers/STM32L0xx_HAL_Driver/stm32l0xx_hal_rcc.d" -MT"Drivers/STM32L0xx_HAL_Driver/stm32l0xx_hal_rcc.o" --specs=nano.specs -mfloat-abi=soft -mthumb -o "Drivers/STM32L0xx_HAL_Driver/stm32l0xx_hal_rcc.o"
arm-none-eabi-gcc "C:/Users/Matheus Markies/STM32Cube/Repository/STM32Cube_FW_L0_V1.12.3/Drivers/STM32L0xx_HAL_Driver/Src/stm32l0xx_hal_rcc_ex.c" -mcpu=cortex-m0plus -std=gnu11 -DUSE_HAL_DRIVER -DSTM32L053xx -c -I../Core/Inc -I"C:/Users/Matheus Markies/STM32Cube/Repository/STM32Cube_FW_L0_V1.12.3/Drivers/STM32L0xx_HAL_Driver/Inc" -I"C:/Users/Matheus Markies/STM32Cube/Repository/STM32Cube_FW_L0_V1.12.3/Drivers/STM32L0xx_HAL_Driver/Inc/Legacy" -I"C:/Users/Matheus Markies/STM32Cube/Repository/STM32Cube_FW_L0_V1.12.3/Drivers/CMSIS/Device/ST/STM32L0xx/Include" -I"C:/Users/Matheus Markies/STM32Cube/Repository/STM32Cube_FW_L0_V1.12.3/Drivers/CMSIS/Include" -Os -ffunction-sections -fdata-sections -Wall -fstack-usage -fcyclomatic-complexity -MMD -MP -MF"Drivers/STM32L0xx_HAL_Driver/stm32l0xx_hal_rcc_ex.d" -MT"Drivers/STM32L0xx_HAL_Driver/stm32l0xx_hal_rcc_ex.o" --specs=nano.specs -mfloat-abi=soft -mthumb -o "Drivers/STM32L0xx_HAL_Driver/stm32l0xx_hal_rcc_ex.o"
arm-none-eabi-gcc "C:/Users/Matheus Markies/STM32Cube/Repository/STM32Cube_FW_L0_V1.12.3/Drivers/STM32L0xx_HAL_Driver/Src/stm32l0xx_hal_spi.c" -mcpu=cortex-m0plus -std=gnu11 -DUSE_HAL_DRIVER -DSTM32L053xx -c -I../Core/Inc -I"C:/Users/Matheus Markies/STM32Cube/Repository/STM32Cube_FW_L0_V1.12.3/Drivers/STM32L0xx_HAL_Driver/Inc" -I"C:/Users/Matheus Markies/STM32Cube/Repository/STM32Cube_FW_L0_V1.12.3/Drivers/STM32L0xx_HAL_Driver/Inc/Legacy" -I"C:/Users/Matheus Markies/STM32Cube/Repository/STM32Cube_FW_L0_V1.12.3/Drivers/CMSIS/Device/ST/STM32L0xx/Include" -I"C:/Users/Matheus Markies/STM32Cube/Repository/STM32Cube_FW_L0_V1.12.3/Drivers/CMSIS/Include" -Os -ffunction-sections -fdata-sections -Wall -fstack-usage -fcyclomatic-complexity -MMD -MP -MF"Drivers/STM32L0xx_HAL_Driver/stm32l0xx_hal_spi.d" -MT"Drivers/STM32L0xx_HAL_Driver/stm32l0xx_hal_spi.o" --specs=nano.specs -mfloat-abi=soft -mthumb -o "Drivers/STM32L0xx_HAL_Driver/stm32l0xx_hal_spi.o"
arm-none-eabi-gcc "C:/Users/Matheus Markies/STM32Cube/Repository/STM32Cube_FW_L0_V1.12.3/Drivers/STM32L0xx_HAL_Driver/Src/stm32l0xx_hal_uart.c" -mcpu=cortex-m0plus -std=gnu11 -DUSE_HAL_DRIVER -DSTM32L053xx -c -I../Core/Inc -I"C:/Users/Matheus Markies/STM32Cube/Repository/STM32Cube_FW_L0_V1.12.3/Drivers/STM32L0xx_HAL_Driver/Inc" -I"C:/Users/Matheus Markies/STM32Cube/Repository/STM32Cube_FW_L0_V1.12.3/Drivers/STM32L0xx_HAL_Driver/Inc/Legacy" -I"C:/Users/Matheus Markies/STM32Cube/Repository/STM32Cube_FW_L0_V1.12.3/Drivers/CMSIS/Device/ST/STM32L0xx/Include" -I"C:/Users/Matheus Markies/STM32Cube/Repository/STM32Cube_FW_L0_V1.12.3/Drivers/CMSIS/Include" -Os -ffunction-sections -fdata-sections -Wall -fstack-usage -fcyclomatic-complexity -MMD -MP -MF"Drivers/STM32L0xx_HAL_Driver/stm32l0xx_hal_uart.d" -MT"Drivers/STM32L0xx_HAL_Driver/stm32l0xx_hal_uart.o" --specs=nano.specs -mfloat-abi=soft -mthumb -o "Drivers/STM32L0xx_HAL_Driver/stm32l0xx_hal_uart.o"
arm-none-eabi-gcc "C:/Users/Matheus Markies/STM32Cube/Repository/STM32Cube_FW_L0_V1.12.3/Drivers/STM32L0xx_HAL_Driver/Src/stm32l0xx_hal_uart_ex.c" -mcpu=cortex-m0plus -std=gnu11 -DUSE_HAL_DRIVER -DSTM32L053xx -c -I../Core/Inc -I"C:/Users/Matheus Markies/STM32Cube/Repository/STM32Cube_FW_L0_V1.12.3/Drivers/STM32L0xx_HAL_Driver/Inc" -I"C:/Users/Matheus Markies/STM32Cube/Repository/STM32Cube_FW_L0_V1.12.3/Drivers/STM32L0xx_HAL_Driver/Inc/Legacy" -I"C:/Users/Matheus Markies/STM32Cube/Repository/STM32Cube_FW_L0_V1.12.3/Drivers/CMSIS/Device/ST/STM32L0xx/Include" -I"C:/Users/Matheus Markies/STM32Cube/Repository/STM32Cube_FW_L0_V1.12.3/Drivers/CMSIS/Include" -Os -ffunction-sections -fdata-sections -Wall -fstack-usage -fcyclomatic-complexity -MMD -MP -MF"Drivers/STM32L0xx_HAL_Driver/stm32l0xx_hal_uart_ex.d" -MT"Drivers/STM32L0xx_HAL_Driver/stm32l0xx_hal_uart_ex.o" --specs=nano.specs -mfloat-abi=soft -mthumb -o "Drivers/STM32L0xx_HAL_Driver/stm32l0xx_hal_uart_ex.o"
arm-none-eabi-gcc -mcpu=cortex-m0plus -c -x assembler-with-cpp -MMD -MP -MF"Core/Startup/startup_stm32l053c8tx.d" -MT"Core/Startup/startup_stm32l053c8tx.o" --specs=nano.specs -mfloat-abi=soft -mthumb -o "Core/Startup/startup_stm32l053c8tx.o" "../Core/Startup/startup_stm32l053c8tx.s"
arm-none-eabi-gcc "../Core/Src/main.c" -mcpu=cortex-m0plus -std=gnu11 -DUSE_HAL_DRIVER -DSTM32L053xx -c -I../Core/Inc -I"C:/Users/Matheus Markies/STM32Cube/Repository/STM32Cube_FW_L0_V1.12.3/Drivers/STM32L0xx_HAL_Driver/Inc" -I"C:/Users/Matheus Markies/STM32Cube/Repository/STM32Cube_FW_L0_V1.12.3/Drivers/STM32L0xx_HAL_Driver/Inc/Legacy" -I"C:/Users/Matheus Markies/STM32Cube/Repository/STM32Cube_FW_L0_V1.12.3/Drivers/CMSIS/Device/ST/STM32L0xx/Include" -I"C:/Users/Matheus Markies/STM32Cube/Repository/STM32Cube_FW_L0_V1.12.3/Drivers/CMSIS/Include" -Os -ffunction-sections -fdata-sections -Wall -fstack-usage -fcyclomatic-complexity -MMD -MP -MF"Core/Src/main.d" -MT"Core/Src/main.o" --specs=nano.specs -mfloat-abi=soft -mthumb -o "Core/Src/main.o"
arm-none-eabi-gcc "../Core/Src/st25dv_driver.c" -mcpu=cortex-m0plus -std=gnu11 -DUSE_HAL_DRIVER -DSTM32L053xx -c -I../Core/Inc -I"C:/Users/Matheus Markies/STM32Cube/Repository/STM32Cube_FW_L0_V1.12.3/Drivers/STM32L0xx_HAL_Driver/Inc" -I"C:/Users/Matheus Markies/STM32Cube/Repository/STM32Cube_FW_L0_V1.12.3/Drivers/STM32L0xx_HAL_Driver/Inc/Legacy" -I"C:/Users/Matheus Markies/STM32Cube/Repository/STM32Cube_FW_L0_V1.12.3/Drivers/CMSIS/Device/ST/STM32L0xx/Include" -I"C:/Users/Matheus Markies/STM32Cube/Repository/STM32Cube_FW_L0_V1.12.3/Drivers/CMSIS/Include" -Os -ffunction-sections -fdata-sections -Wall -fstack-usage -fcyclomatic-complexity -MMD -MP -MF"Core/Src/st25dv_driver.d" -MT"Core/Src/st25dv_driver.o" --specs=nano.specs -mfloat-abi=soft -mthumb -o "Core/Src/st25dv_driver.o"
arm-none-eabi-gcc "../Core/Src/st25r300.c" -mcpu=cortex-m0plus -std=gnu11 -DUSE_HAL_DRIVER -DSTM32L053xx -c -I../Core/Inc -I"C:/Users/Matheus Markies/STM32Cube/Repository/STM32Cube_FW_L0_V1.12.3/Drivers/STM32L0xx_HAL_Driver/Inc" -I"C:/Users/Matheus Markies/STM32Cube/Repository/STM32Cube_FW_L0_V1.12.3/Drivers/STM32L0xx_HAL_Driver/Inc/Legacy" -I"C:/Users/Matheus Markies/STM32Cube/Repository/STM32Cube_FW_L0_V1.12.3/Drivers/CMSIS/Device/ST/STM32L0xx/Include" -I"C:/Users/Matheus Markies/STM32Cube/Repository/STM32Cube_FW_L0_V1.12.3/Drivers/CMSIS/Include" -Os -ffunction-sections -fdata-sections -Wall -fstack-usage -fcyclomatic-complexity -MMD -MP -MF"Core/Src/st25r300.d" -MT"Core/Src/st25r300.o" --specs=nano.specs -mfloat-abi=soft -mthumb -o "Core/Src/st25r300.o"
arm-none-eabi-gcc "../Core/Src/stm32l0xx_hal_msp.c" -mcpu=cortex-m0plus -std=gnu11 -DUSE_HAL_DRIVER -DSTM32L053xx -c -I../Core/Inc -I"C:/Users/Matheus Markies/STM32Cube/Repository/STM32Cube_FW_L0_V1.12.3/Drivers/STM32L0xx_HAL_Driver/Inc" -I"C:/Users/Matheus Markies/STM32Cube/Repository/STM32Cube_FW_L0_V1.12.3/Drivers/STM32L0xx_HAL_Driver/Inc/Legacy" -I"C:/Users/Matheus Markies/STM32Cube/Repository/STM32Cube_FW_L0_V1.12.3/Drivers/CMSIS/Device/ST/STM32L0xx/Include" -I"C:/Users/Matheus Markies/STM32Cube/Repository/STM32Cube_FW_L0_V1.12.3/Drivers/CMSIS/Include" -Os -ffunction-sections -fdata-sections -Wall -fstack-usage -fcyclomatic-complexity -MMD -MP -MF"Core/Src/stm32l0xx_hal_msp.d" -MT"Core/Src/stm32l0xx_hal_msp.o" --specs=nano.specs -mfloat-abi=soft -mthumb -o "Core/Src/stm32l0xx_hal_msp.o"
arm-none-eabi-gcc "../Core/Src/stm32l0xx_it.c" -mcpu=cortex-m0plus -std=gnu11 -DUSE_HAL_DRIVER -DSTM32L053xx -c -I../Core/Inc -I"C:/Users/Matheus Markies/STM32Cube/Repository/STM32Cube_FW_L0_V1.12.3/Drivers/STM32L0xx_HAL_Driver/Inc" -I"C:/Users/Matheus Markies/STM32Cube/Repository/STM32Cube_FW_L0_V1.12.3/Drivers/STM32L0xx_HAL_Driver/Inc/Legacy" -I"C:/Users/Matheus Markies/STM32Cube/Repository/STM32Cube_FW_L0_V1.12.3/Drivers/CMSIS/Device/ST/STM32L0xx/Include" -I"C:/Users/Matheus Markies/STM32Cube/Repository/STM32Cube_FW_L0_V1.12.3/Drivers/CMSIS/Include" -Os -ffunction-sections -fdata-sections -Wall -fstack-usage -fcyclomatic-complexity -MMD -MP -MF"Core/Src/stm32l0xx_it.d" -MT"Core/Src/stm32l0xx_it.o" --specs=nano.specs -mfloat-abi=soft -mthumb -o "Core/Src/stm32l0xx_it.o"
arm-none-eabi-gcc "../Core/Src/syscalls.c" -mcpu=cortex-m0plus -std=gnu11 -DUSE_HAL_DRIVER -DSTM32L053xx -c -I../Core/Inc -I"C:/Users/Matheus Markies/STM32Cube/Repository/STM32Cube_FW_L0_V1.12.3/Drivers/STM32L0xx_HAL_Driver/Inc" -I"C:/Users/Matheus Markies/STM32Cube/Repository/STM32Cube_FW_L0_V1.12.3/Drivers/STM32L0xx_HAL_Driver/Inc/Legacy" -I"C:/Users/Matheus Markies/STM32Cube/Repository/STM32Cube_FW_L0_V1.12.3/Drivers/CMSIS/Device/ST/STM32L0xx/Include" -I"C:/Users/Matheus Markies/STM32Cube/Repository/STM32Cube_FW_L0_V1.12.3/Drivers/CMSIS/Include" -Os -ffunction-sections -fdata-sections -Wall -fstack-usage -fcyclomatic-complexity -MMD -MP -MF"Core/Src/syscalls.d" -MT"Core/Src/syscalls.o" --specs=nano.specs -mfloat-abi=soft -mthumb -o "Core/Src/syscalls.o"
arm-none-eabi-gcc "../Core/Src/sysmem.c" -mcpu=cortex-m0plus -std=gnu11 -DUSE_HAL_DRIVER -DSTM32L053xx -c -I../Core/Inc -I"C:/Users/Matheus Markies/STM32Cube/Repository/STM32Cube_FW_L0_V1.12.3/Drivers/STM32L0xx_HAL_Driver/Inc" -I"C:/Users/Matheus Markies/STM32Cube/Repository/STM32Cube_FW_L0_V1.12.3/Drivers/STM32L0xx_HAL_Driver/Inc/Legacy" -I"C:/Users/Matheus Markies/STM32Cube/Repository/STM32Cube_FW_L0_V1.12.3/Drivers/CMSIS/Device/ST/STM32L0xx/Include" -I"C:/Users/Matheus Markies/STM32Cube/Repository/STM32Cube_FW_L0_V1.12.3/Drivers/CMSIS/Include" -Os -ffunction-sections -fdata-sections -Wall -fstack-usage -fcyclomatic-complexity -MMD -MP -MF"Core/Src/sysmem.d" -MT"Core/Src/sysmem.o" --specs=nano.specs -mfloat-abi=soft -mthumb -o "Core/Src/sysmem.o"
arm-none-eabi-gcc "../Core/Src/system_stm32l0xx.c" -mcpu=cortex-m0plus -std=gnu11 -DUSE_HAL_DRIVER -DSTM32L053xx -c -I../Core/Inc -I"C:/Users/Matheus Markies/STM32Cube/Repository/STM32Cube_FW_L0_V1.12.3/Drivers/STM32L0xx_HAL_Driver/Inc" -I"C:/Users/Matheus Markies/STM32Cube/Repository/STM32Cube_FW_L0_V1.12.3/Drivers/STM32L0xx_HAL_Driver/Inc/Legacy" -I"C:/Users/Matheus Markies/STM32Cube/Repository/STM32Cube_FW_L0_V1.12.3/Drivers/CMSIS/Device/ST/STM32L0xx/Include" -I"C:/Users/Matheus Markies/STM32Cube/Repository/STM32Cube_FW_L0_V1.12.3/Drivers/CMSIS/Include" -Os -ffunction-sections -fdata-sections -Wall -fstack-usage -fcyclomatic-complexity -MMD -MP -MF"Core/Src/system_stm32l0xx.d" -MT"Core/Src/system_stm32l0xx.o" --specs=nano.specs -mfloat-abi=soft -mthumb -o "Core/Src/system_stm32l0xx.o"
arm-none-eabi-gcc -o "TorquimeterTagWithLargeMCU.elf" @"objects.list"   -mcpu=cortex-m0plus -T"D:\BrasensFirmwares\TorquimeterReader\STM32L053C8TX_FLASH.ld" --specs=nosys.specs -Wl,-Map="TorquimeterTagWithLargeMCU.map" -Wl,--gc-sections -static --specs=nano.specs -mfloat-abi=soft -mthumb -Wl,--start-group -lc -lm -Wl,--end-group
Finished building target: TorquimeterTagWithLargeMCU.elf
 
arm-none-eabi-size  TorquimeterTagWithLargeMCU.elf 
arm-none-eabi-objdump -h -S TorquimeterTagWithLargeMCU.elf  > "TorquimeterTagWithLargeMCU.list"
   text	   data	    bss	    dec	    hex	filename
  11456	     28	   2188	  13672	   3568	TorquimeterTagWithLargeMCU.elf
Finished building: default.size.stdout
 
Finished building: TorquimeterTagWithLargeMCU.list
 
09:11:37 **** Build of configuration Release for project TorquimetroTagTest ****
make -j12 all 
arm-none-eabi-gcc -o "TorquimetroTagTest.elf" @"objects.list"   -mcpu=cortex-m0plus -T"D:\BrasensFirmwares\TorquimetroTag\STM32L011F4UX_FLASH.ld" --specs=nosys.specs -Wl,-Map="TorquimetroTagTest.map" -Wl,--gc-sections -static --specs=nano.specs -mfloat-abi=soft -mthumb -Wl,--start-group -lc -lm -Wl,--end-group
C:/ST/STM32CubeIDE_1.16.1/STM32CubeIDE/plugins/com.st.stm32cube.ide.mcu.externaltools.gnu-tools-for-stm32.13.3.rel1.win32_1.0.100.202509120712/tools/bin/../lib/gcc/arm-none-eabi/13.3.1/../../../../arm-none-eabi/bin/ld.exe: warning: cannot find entry symbol Reset_Handler; defaulting to 08000000
Finished building target: TorquimetroTagTest.elf
 
arm-none-eabi-size  TorquimetroTagTest.elf 
arm-none-eabi-objdump -h -S TorquimetroTagTest.elf  > "TorquimetroTagTest.list"
   text	   data	    bss	    dec	    hex	filename
    104	      0	   1568	   1672	    688	TorquimetroTagTest.elf
Finished building: default.size.stdout
 
Finished building: TorquimetroTagTest.list
 
