09:49:17 **** Build of configuration Debug for project NFC12A1_Test ****
make -j12 all 
arm-none-eabi-size  NFC12A1_Test.elf 
   text	   data	    bss	    dec	    hex	filename
  15312	    100	   2260	  17672	   4508	NFC12A1_Test.elf
Finished building: default.size.stdout
 
09:49:21 **** Incremental Build of configuration Debug for project NFC12A1_Test ****
make -j12 all 
arm-none-eabi-size  NFC12A1_Test.elf 
   text	   data	    bss	    dec	    hex	filename
  15312	    100	   2260	  17672	   4508	NFC12A1_Test.elf
Finished building: default.size.stdout
 
09:50:45 **** Incremental Build of configuration Debug for project STM32L476RG_NUCLEO_Polling_NFC12 ****
make -j12 all 
arm-none-eabi-size  STM32L476RG_NUCLEO_Polling_NFC12.elf 
   text	   data	    bss	    dec	    hex	filename
  89072	    324	  24060	 113456	  1bb30	STM32L476RG_NUCLEO_Polling_NFC12.elf
Finished building: default.size.stdout
 
arm-none-eabi-objcopy -O binary "STM32L476RG_NUCLEO_Polling_NFC12.elf" "../../Binary/STM32L476RG_NUCLEO_Polling_NFC12.bin"
 
