23:14:01 **** Incremental Build of configuration Release for project Integralab_VibSensor ****
make -j12 all 
arm-none-eabi-gcc "../Core/Src/main.c" -mcpu=cortex-m0plus -std=gnu11 -DUSE_HAL_DRIVER -DSTM32L053xx -c -I../Core/Inc -I../Drivers/STM32L0xx_HAL_Driver/Inc -I../Drivers/STM32L0xx_HAL_Driver/Inc/Legacy -I../Drivers/CMSIS/Device/ST/STM32L0xx/Include -I../Drivers/CMSIS/Include -Os -ffunction-sections -fdata-sections -Wall -fstack-usage -fcyclomatic-complexity -MMD -MP -MF"Core/Src/main.d" -MT"Core/Src/main.o" --specs=nano.specs -mfloat-abi=soft -mthumb -o "Core/Src/main.o"
../Core/Src/main.c: In function 'KX122_Init':
../Core/Src/main.c:517:13: warning: unused variable 'i' [-Wunused-variable]
  517 |         int i;
      |             ^
../Core/Src/main.c: In function 'KX122_StartBuffer':
../Core/Src/main.c:583:52: warning: pointer targets in passing argument 3 of 'KX122_ReadRegister' differ in signedness [-Wpointer-sign]
  583 |         rc = KX122_ReadRegister(hspi, KX122_CNTL1, &cntlreg);
      |                                                    ^~~~~~~~
      |                                                    |
      |                                                    int8_t * {aka signed char *}
../Core/Src/main.c:106:39: note: expected 'uint8_t *' {aka 'unsigned char *'} but argument is of type 'int8_t *' {aka 'signed char *'}
  106 |                 uint8_t reg, uint8_t *data);
      |                              ~~~~~~~~~^~~~
../Core/Src/main.c: In function 'KX122_ReadBufferData':
../Core/Src/main.c:628:29: warning: passing argument 1 of 'KX122_GetBufferSize' from incompatible pointer type [-Wincompatible-pointer-types]
  628 |         KX122_GetBufferSize(&hi2c1, bufferSize);
      |                             ^~~~~~
      |                             |
      |                             I2C_HandleTypeDef * {aka struct __I2C_HandleTypeDef *}
../Core/Src/main.c:615:58: note: expected 'SPI_HandleTypeDef *' {aka 'struct __SPI_HandleTypeDef *'} but argument is of type 'I2C_HandleTypeDef *' {aka 'struct __I2C_HandleTypeDef *'}
  615 | HAL_StatusTypeDef KX122_GetBufferSize(SPI_HandleTypeDef *hspi, uint8_t *data) {
      |                                       ~~~~~~~~~~~~~~~~~~~^~~~
../Core/Src/main.c:628:37: warning: passing argument 2 of 'KX122_GetBufferSize' makes pointer from integer without a cast [-Wint-conversion]
  628 |         KX122_GetBufferSize(&hi2c1, bufferSize);
      |                                     ^~~~~~~~~~
      |                                     |
      |                                     uint8_t {aka unsigned char}
../Core/Src/main.c:615:73: note: expected 'uint8_t *' {aka 'unsigned char *'} but argument is of type 'uint8_t' {aka 'unsigned char'}
  615 | HAL_StatusTypeDef KX122_GetBufferSize(SPI_HandleTypeDef *hspi, uint8_t *data) {
      |                                                                ~~~~~~~~~^~~~
../Core/Src/main.c: In function 'readTemperature':
../Core/Src/main.c:782:9: warning: implicit declaration of function 'MCP9808_Wake' [-Wimplicit-function-declaration]
  782 |         MCP9808_Wake(hi2c);
      |         ^~~~~~~~~~~~
../Core/Src/main.c:783:9: warning: implicit declaration of function 'MCP9808_ReadTemperature' [-Wimplicit-function-declaration]
  783 |         MCP9808_ReadTemperature(hi2c, temperature);
      |         ^~~~~~~~~~~~~~~~~~~~~~~
../Core/Src/main.c:784:9: warning: implicit declaration of function 'MCP9808_Shutdown' [-Wimplicit-function-declaration]
  784 |         MCP9808_Shutdown(hi2c);
      |         ^~~~~~~~~~~~~~~~
../Core/Src/main.c: In function 'reset_FRAM_and_start_processing':
../Core/Src/main.c:833:15: warning: unused variable 'accel' [-Wunused-variable]
  833 |         float accel[3];
      |               ^~~~~
../Core/Src/main.c: In function 'setup':
../Core/Src/main.c:987:13: warning: implicit declaration of function 'MCP9808_Init' [-Wimplicit-function-declaration]
  987 |         if (MCP9808_Init(&hi2c1) != HAL_ERROR)
      |             ^~~~~~~~~~~~
../Core/Src/main.c:1004:38: warning: passing argument 1 of 'KX122_CheckCommunication' from incompatible pointer type [-Wincompatible-pointer-types]
 1004 |         if (KX122_CheckCommunication(&hi2c1) != HAL_ERROR)
      |                                      ^~~~~~
      |                                      |
      |                                      I2C_HandleTypeDef * {aka struct __I2C_HandleTypeDef *}
../Core/Src/main.c:727:63: note: expected 'SPI_HandleTypeDef *' {aka 'struct __SPI_HandleTypeDef *'} but argument is of type 'I2C_HandleTypeDef *' {aka 'struct __I2C_HandleTypeDef *'}
  727 | HAL_StatusTypeDef KX122_CheckCommunication(SPI_HandleTypeDef *hspi) {
      |                                            ~~~~~~~~~~~~~~~~~~~^~~~
../Core/Src/main.c: At top level:
../Core/Src/main.c:109:26: warning: 'KX122_ReadBuffer' declared 'static' but never defined [-Wunused-function]
  109 | static HAL_StatusTypeDef KX122_ReadBuffer(SPI_HandleTypeDef *hspi,
      |                          ^~~~~~~~~~~~~~~~
arm-none-eabi-gcc -o "Integralab_VibSensor.elf" @"objects.list"   -mcpu=cortex-m0plus -T"C:\Users\Matheus Markies\Documents\Integralab_VibSensor\STM32L053C8TX_FLASH.ld" --specs=nosys.specs -Wl,-Map="Integralab_VibSensor.map" -Wl,--gc-sections -static -u _printf_float --specs=nano.specs -mfloat-abi=soft -mthumb -Wl,--start-group -lc -lm -Wl,--end-group
Finished building target: Integralab_VibSensor.elf
 
arm-none-eabi-size  Integralab_VibSensor.elf 
arm-none-eabi-objdump -h -S Integralab_VibSensor.elf  > "Integralab_VibSensor.list"
   text	   data	    bss	    dec	    hex	filename
  41048	    472	   2736	  44256	   ace0	Integralab_VibSensor.elf
Finished building: default.size.stdout
 
Finished building: Integralab_VibSensor.list
 
23:14:06 **** Incremental Build of configuration Release for project Integralab_VibSensor ****
make -j12 all 
arm-none-eabi-size  Integralab_VibSensor.elf 
   text	   data	    bss	    dec	    hex	filename
  41048	    472	   2736	  44256	   ace0	Integralab_VibSensor.elf
Finished building: default.size.stdout
 
