17:35:28 **** Incremental Build of configuration Debug for project TestSTM32L053I2C ****
make -j12 all 
arm-none-eabi-gcc "../Core/Src/main.c" -mcpu=cortex-m0plus -std=gnu11 -g3 -DDEBUG -DUSE_HAL_DRIVER -DSTM32L053xx -c -I../Core/Inc -I../Drivers/STM32L0xx_HAL_Driver/Inc -I../Drivers/STM32L0xx_HAL_Driver/Inc/Legacy -I../Drivers/CMSIS/Device/ST/STM32L0xx/Include -I../Drivers/CMSIS/Include -O0 -ffunction-sections -fdata-sections -Wall -fstack-usage -fcyclomatic-complexity -MMD -MP -MF"Core/Src/main.d" -MT"Core/Src/main.o" --specs=nano.specs -mfloat-abi=soft -mthumb -o "Core/Src/main.o"
../Core/Src/main.c: In function 'prov_is_done':
../Core/Src/main.c:60:21: error: invalid suffix "VA1u" on integer constant
   60 | #define PROV_MAGIC  0x5725DVA1u
      |                     ^~~~~~~~~~~
../Core/Src/main.c:129:53: note: in expansion of macro 'PROV_MAGIC'
  129 |         return (*(volatile uint32_t*) PROV_ADDR) == PROV_MAGIC;
      |                                                     ^~~~~~~~~~
../Core/Src/main.c: In function 'prov_mark_done':
../Core/Src/main.c:60:21: error: invalid suffix "VA1u" on integer constant
   60 | #define PROV_MAGIC  0x5725DVA1u
      |                     ^~~~~~~~~~~
../Core/Src/main.c:134:79: note: in expansion of macro 'PROV_MAGIC'
  134 |         HAL_FLASHEx_DATAEEPROM_Program(FLASH_TYPEPROGRAMDATA_WORD, PROV_ADDR, PROV_MAGIC);
      |                                                                               ^~~~~~~~~~
../Core/Src/main.c: In function 'prov_is_done':
../Core/Src/main.c:130:1: warning: control reaches end of non-void function [-Wreturn-type]
  130 | }
      | ^
../Core/Src/main.c: At top level:
../Core/Src/main.c:893:13: warning: 'MX_USART1_UART_Init' defined but not used [-Wunused-function]
  893 | static void MX_USART1_UART_Init(void) {
      |             ^~~~~~~~~~~~~~~~~~~
../Core/Src/main.c:591:13: warning: 'mb_was_collected' defined but not used [-Wunused-function]
  591 | static bool mb_was_collected(void) {
      |             ^~~~~~~~~~~~~~~~
../Core/Src/main.c:406:13: warning: 'NFC_Arm' defined but not used [-Wunused-function]
  406 | static bool NFC_Arm(void) {
      |             ^~~~~~~
../Core/Src/main.c:389:16: warning: 'nfc_armed' defined but not used [-Wunused-variable]
  389 | static uint8_t nfc_armed = 0;   /* RAM: zera sozinho a cada perda de VCC */
      |                ^~~~~~~~~
../Core/Src/main.c:82:16: warning: 'i2c_initialized' defined but not used [-Wunused-variable]
   82 | static uint8_t i2c_initialized = 0;
      |                ^~~~~~~~~~~~~~~
make: *** [Core/Src/subdir.mk:37: Core/Src/main.o] Error 1
"make -j12 all" terminated with exit code 2. Build might be incomplete.
17:36:46 **** Incremental Build of configuration Debug for project TestSTM32L053I2C ****
make -j12 all 
arm-none-eabi-gcc "../Core/Src/main.c" -mcpu=cortex-m0plus -std=gnu11 -g3 -DDEBUG -DUSE_HAL_DRIVER -DSTM32L053xx -c -I../Core/Inc -I../Drivers/STM32L0xx_HAL_Driver/Inc -I../Drivers/STM32L0xx_HAL_Driver/Inc/Legacy -I../Drivers/CMSIS/Device/ST/STM32L0xx/Include -I../Drivers/CMSIS/Include -O0 -ffunction-sections -fdata-sections -Wall -fstack-usage -fcyclomatic-complexity -MMD -MP -MF"Core/Src/main.d" -MT"Core/Src/main.o" --specs=nano.specs -mfloat-abi=soft -mthumb -o "Core/Src/main.o"
../Core/Src/main.c:893:13: warning: 'MX_USART1_UART_Init' defined but not used [-Wunused-function]
  893 | static void MX_USART1_UART_Init(void) {
      |             ^~~~~~~~~~~~~~~~~~~
../Core/Src/main.c:591:13: warning: 'mb_was_collected' defined but not used [-Wunused-function]
  591 | static bool mb_was_collected(void) {
      |             ^~~~~~~~~~~~~~~~
../Core/Src/main.c:406:13: warning: 'NFC_Arm' defined but not used [-Wunused-function]
  406 | static bool NFC_Arm(void) {
      |             ^~~~~~~
../Core/Src/main.c:389:16: warning: 'nfc_armed' defined but not used [-Wunused-variable]
  389 | static uint8_t nfc_armed = 0;   /* RAM: zera sozinho a cada perda de VCC */
      |                ^~~~~~~~~
../Core/Src/main.c:82:16: warning: 'i2c_initialized' defined but not used [-Wunused-variable]
   82 | static uint8_t i2c_initialized = 0;
      |                ^~~~~~~~~~~~~~~
arm-none-eabi-gcc -o "TestSTM32L053I2C.elf" @"objects.list"   -mcpu=cortex-m0plus -T"C:\Users\Matheus Markies\Documents\TestSTM32L053I2C\STM32L053C8TX_FLASH.ld" --specs=nosys.specs -Wl,-Map="TestSTM32L053I2C.map" -Wl,--gc-sections -static --specs=nano.specs -mfloat-abi=soft -mthumb -Wl,--start-group -lc -lm -Wl,--end-group
Finished building target: TestSTM32L053I2C.elf
 
arm-none-eabi-size  TestSTM32L053I2C.elf 
arm-none-eabi-objdump -h -S TestSTM32L053I2C.elf  > "TestSTM32L053I2C.list"
   text	   data	    bss	    dec	    hex	filename
  21924	    124	   2220	  24268	   5ecc	TestSTM32L053I2C.elf
Finished building: default.size.stdout
 
Finished building: TestSTM32L053I2C.list
 
17:44:06 **** Incremental Build of configuration Debug for project TestSTM32L053I2C ****
make -j12 all 
arm-none-eabi-gcc "../Core/Src/main.c" -mcpu=cortex-m0plus -std=gnu11 -g3 -DDEBUG -DUSE_HAL_DRIVER -DSTM32L053xx -c -I../Core/Inc -I../Drivers/STM32L0xx_HAL_Driver/Inc -I../Drivers/STM32L0xx_HAL_Driver/Inc/Legacy -I../Drivers/CMSIS/Device/ST/STM32L0xx/Include -I../Drivers/CMSIS/Include -O0 -ffunction-sections -fdata-sections -Wall -fstack-usage -fcyclomatic-complexity -MMD -MP -MF"Core/Src/main.d" -MT"Core/Src/main.o" --specs=nano.specs -mfloat-abi=soft -mthumb -o "Core/Src/main.o"
../Core/Src/main.c:591:13: warning: 'mb_was_collected' defined but not used [-Wunused-function]
  591 | static bool mb_was_collected(void) {
      |             ^~~~~~~~~~~~~~~~
../Core/Src/main.c:406:13: warning: 'NFC_Arm' defined but not used [-Wunused-function]
  406 | static bool NFC_Arm(void) {
      |             ^~~~~~~
../Core/Src/main.c:389:16: warning: 'nfc_armed' defined but not used [-Wunused-variable]
  389 | static uint8_t nfc_armed = 0;   /* RAM: zera sozinho a cada perda de VCC */
      |                ^~~~~~~~~
../Core/Src/main.c:82:16: warning: 'i2c_initialized' defined but not used [-Wunused-variable]
   82 | static uint8_t i2c_initialized = 0;
      |                ^~~~~~~~~~~~~~~
arm-none-eabi-gcc -o "TestSTM32L053I2C.elf" @"objects.list"   -mcpu=cortex-m0plus -T"C:\Users\Matheus Markies\Documents\TestSTM32L053I2C\STM32L053C8TX_FLASH.ld" --specs=nosys.specs -Wl,-Map="TestSTM32L053I2C.map" -Wl,--gc-sections -static --specs=nano.specs -mfloat-abi=soft -mthumb -Wl,--start-group -lc -lm -Wl,--end-group
Finished building target: TestSTM32L053I2C.elf
 
arm-none-eabi-size  TestSTM32L053I2C.elf 
arm-none-eabi-objdump -h -S TestSTM32L053I2C.elf  > "TestSTM32L053I2C.list"
   text	   data	    bss	    dec	    hex	filename
  29292	    124	   2220	  31636	   7b94	TestSTM32L053I2C.elf
Finished building: default.size.stdout
 
Finished building: TestSTM32L053I2C.list
 
17:49:02 **** Incremental Build of configuration Debug for project TestSTM32L053I2C ****
make -j12 all 
arm-none-eabi-gcc "../Core/Src/main.c" -mcpu=cortex-m0plus -std=gnu11 -g3 -DDEBUG -DUSE_HAL_DRIVER -DSTM32L053xx -c -I../Core/Inc -I../Drivers/STM32L0xx_HAL_Driver/Inc -I../Drivers/STM32L0xx_HAL_Driver/Inc/Legacy -I../Drivers/CMSIS/Device/ST/STM32L0xx/Include -I../Drivers/CMSIS/Include -O0 -ffunction-sections -fdata-sections -Wall -fstack-usage -fcyclomatic-complexity -MMD -MP -MF"Core/Src/main.d" -MT"Core/Src/main.o" --specs=nano.specs -mfloat-abi=soft -mthumb -o "Core/Src/main.o"
../Core/Src/main.c:591:13: warning: 'mb_was_collected' defined but not used [-Wunused-function]
  591 | static bool mb_was_collected(void) {
      |             ^~~~~~~~~~~~~~~~
../Core/Src/main.c:406:13: warning: 'NFC_Arm' defined but not used [-Wunused-function]
  406 | static bool NFC_Arm(void) {
      |             ^~~~~~~
../Core/Src/main.c:389:16: warning: 'nfc_armed' defined but not used [-Wunused-variable]
  389 | static uint8_t nfc_armed = 0;   /* RAM: zera sozinho a cada perda de VCC */
      |                ^~~~~~~~~
../Core/Src/main.c:82:16: warning: 'i2c_initialized' defined but not used [-Wunused-variable]
   82 | static uint8_t i2c_initialized = 0;
      |                ^~~~~~~~~~~~~~~
arm-none-eabi-gcc -o "TestSTM32L053I2C.elf" @"objects.list"   -mcpu=cortex-m0plus -T"C:\Users\Matheus Markies\Documents\TestSTM32L053I2C\STM32L053C8TX_FLASH.ld" --specs=nosys.specs -Wl,-Map="TestSTM32L053I2C.map" -Wl,--gc-sections -static --specs=nano.specs -mfloat-abi=soft -mthumb -Wl,--start-group -lc -lm -Wl,--end-group
Finished building target: TestSTM32L053I2C.elf
 
arm-none-eabi-size  TestSTM32L053I2C.elf 
arm-none-eabi-objdump -h -S TestSTM32L053I2C.elf  > "TestSTM32L053I2C.list"
   text	   data	    bss	    dec	    hex	filename
  29324	    124	   2220	  31668	   7bb4	TestSTM32L053I2C.elf
Finished building: default.size.stdout
 
Finished building: TestSTM32L053I2C.list
 
18:00:01 **** Incremental Build of configuration Debug for project TorquimeterReader ****
make -j12 all 
arm-none-eabi-gcc "../Core/Src/main.c" -mcpu=cortex-m3 -std=gnu11 -g3 -DDEBUG -DUSE_HAL_DRIVER -DSTM32F103xB -DST25R500 -c -I../Core/Inc -I../Drivers/STM32F1xx_HAL_Driver/Inc -I../Drivers/STM32F1xx_HAL_Driver/Inc/Legacy -I../Drivers/CMSIS/Device/ST/STM32F1xx/Include -I../Drivers/CMSIS/Include -I../X-CUBE-NFC12/Target -I../Middlewares/ST/rfal/Inc -I../Drivers/BSP/Components/st25r500 -I../Middlewares/ST/rfal/Src -I../Drivers/BSP/NFC12A1 -O0 -ffunction-sections -fdata-sections -Wall -fstack-usage -fcyclomatic-complexity -MMD -MP -MF"Core/Src/main.d" -MT"Core/Src/main.o" --specs=nano.specs -mfloat-abi=soft -mthumb -o "Core/Src/main.o"
../Core/Src/main.c: In function 'main':
../Core/Src/main.c:381:47: error: 'lostCount' undeclared (first use in this function)
  381 |                                         if (++lostCount > 10) {
      |                                               ^~~~~~~~~
../Core/Src/main.c:381:47: note: each undeclared identifier is reported only once for each function it appears in
../Core/Src/main.c: At top level:
../Core/Src/main.c:172:19: warning: 'ReadMailbox' defined but not used [-Wunused-function]
  172 | static ReturnCode ReadMailbox(const uint8_t *uid) {
      |                   ^~~~~~~~~~~
make: *** [Core/Src/subdir.mk:40: Core/Src/main.o] Error 1
"make -j12 all" terminated with exit code 2. Build might be incomplete.
18:00:07 **** Incremental Build of configuration Debug for project TestSTM32L053I2C ****
make -j12 all 
arm-none-eabi-gcc "../Core/Src/main.c" -mcpu=cortex-m0plus -std=gnu11 -g3 -DDEBUG -DUSE_HAL_DRIVER -DSTM32L053xx -c -I../Core/Inc -I../Drivers/STM32L0xx_HAL_Driver/Inc -I../Drivers/STM32L0xx_HAL_Driver/Inc/Legacy -I../Drivers/CMSIS/Device/ST/STM32L0xx/Include -I../Drivers/CMSIS/Include -O0 -ffunction-sections -fdata-sections -Wall -fstack-usage -fcyclomatic-complexity -MMD -MP -MF"Core/Src/main.d" -MT"Core/Src/main.o" --specs=nano.specs -mfloat-abi=soft -mthumb -o "Core/Src/main.o"
../Core/Src/main.c:604:13: warning: 'mb_was_collected' defined but not used [-Wunused-function]
  604 | static bool mb_was_collected(void) {
      |             ^~~~~~~~~~~~~~~~
../Core/Src/main.c:420:13: warning: 'NFC_Arm' defined but not used [-Wunused-function]
  420 | static bool NFC_Arm(void) {
      |             ^~~~~~~
../Core/Src/main.c:400:16: warning: 'nfc_armed' defined but not used [-Wunused-variable]
  400 | static uint8_t nfc_armed = 0; /* RAM: zera sozinho a cada perda de VCC */
      |                ^~~~~~~~~
../Core/Src/main.c:82:16: warning: 'i2c_initialized' defined but not used [-Wunused-variable]
   82 | static uint8_t i2c_initialized = 0;
      |                ^~~~~~~~~~~~~~~
arm-none-eabi-gcc -o "TestSTM32L053I2C.elf" @"objects.list"   -mcpu=cortex-m0plus -T"C:\Users\Matheus Markies\Documents\TestSTM32L053I2C\STM32L053C8TX_FLASH.ld" --specs=nosys.specs -Wl,-Map="TestSTM32L053I2C.map" -Wl,--gc-sections -static --specs=nano.specs -mfloat-abi=soft -mthumb -Wl,--start-group -lc -lm -Wl,--end-group
Finished building target: TestSTM32L053I2C.elf
 
arm-none-eabi-size  TestSTM32L053I2C.elf 
arm-none-eabi-objdump -h -S TestSTM32L053I2C.elf  > "TestSTM32L053I2C.list"
   text	   data	    bss	    dec	    hex	filename
  29384	    124	   2220	  31728	   7bf0	TestSTM32L053I2C.elf
Finished building: default.size.stdout
 
Finished building: TestSTM32L053I2C.list
 
18:02:17 **** Incremental Build of configuration Debug for project TorquimeterReader ****
make -j12 all 
arm-none-eabi-gcc "../Core/Src/main.c" -mcpu=cortex-m3 -std=gnu11 -g3 -DDEBUG -DUSE_HAL_DRIVER -DSTM32F103xB -DST25R500 -c -I../Core/Inc -I../Drivers/STM32F1xx_HAL_Driver/Inc -I../Drivers/STM32F1xx_HAL_Driver/Inc/Legacy -I../Drivers/CMSIS/Device/ST/STM32F1xx/Include -I../Drivers/CMSIS/Include -I../X-CUBE-NFC12/Target -I../Middlewares/ST/rfal/Inc -I../Drivers/BSP/Components/st25r500 -I../Middlewares/ST/rfal/Src -I../Drivers/BSP/NFC12A1 -O0 -ffunction-sections -fdata-sections -Wall -fstack-usage -fcyclomatic-complexity -MMD -MP -MF"Core/Src/main.d" -MT"Core/Src/main.o" --specs=nano.specs -mfloat-abi=soft -mthumb -o "Core/Src/main.o"
../Core/Src/main.c:172:19: warning: 'ReadMailbox' defined but not used [-Wunused-function]
  172 | static ReturnCode ReadMailbox(const uint8_t *uid) {
      |                   ^~~~~~~~~~~
arm-none-eabi-gcc -o "TorquimeterReader.elf" @"objects.list"   -mcpu=cortex-m3 -T"D:\BrasensFirmwares\NFC12A1_Test\STM32F103RBTX_FLASH.ld" --specs=nosys.specs -Wl,-Map="TorquimeterReader.map" -Wl,--gc-sections -static --specs=nano.specs -mfloat-abi=soft -mthumb -Wl,--start-group -lc -lm -Wl,--end-group
Finished building target: TorquimeterReader.elf
 
arm-none-eabi-size  TorquimeterReader.elf 
arm-none-eabi-objdump -h -S TorquimeterReader.elf  > "TorquimeterReader.list"
   text	   data	    bss	    dec	    hex	filename
  47952	    104	   5432	  53488	   d0f0	TorquimeterReader.elf
Finished building: default.size.stdout
 
Finished building: TorquimeterReader.list
 
18:03:57 **** Incremental Build of configuration Debug for project TorquimeterReader ****
make -j12 all 
arm-none-eabi-gcc "../Core/Src/main.c" -mcpu=cortex-m3 -std=gnu11 -g3 -DDEBUG -DUSE_HAL_DRIVER -DSTM32F103xB -DST25R500 -c -I../Core/Inc -I../Drivers/STM32F1xx_HAL_Driver/Inc -I../Drivers/STM32F1xx_HAL_Driver/Inc/Legacy -I../Drivers/CMSIS/Device/ST/STM32F1xx/Include -I../Drivers/CMSIS/Include -I../X-CUBE-NFC12/Target -I../Middlewares/ST/rfal/Inc -I../Drivers/BSP/Components/st25r500 -I../Middlewares/ST/rfal/Src -I../Drivers/BSP/NFC12A1 -O0 -ffunction-sections -fdata-sections -Wall -fstack-usage -fcyclomatic-complexity -MMD -MP -MF"Core/Src/main.d" -MT"Core/Src/main.o" --specs=nano.specs -mfloat-abi=soft -mthumb -o "Core/Src/main.o"
../Core/Src/main.c:172:19: warning: 'ReadMailbox' defined but not used [-Wunused-function]
  172 | static ReturnCode ReadMailbox(const uint8_t *uid) {
      |                   ^~~~~~~~~~~
arm-none-eabi-gcc -o "TorquimeterReader.elf" @"objects.list"   -mcpu=cortex-m3 -T"D:\BrasensFirmwares\NFC12A1_Test\STM32F103RBTX_FLASH.ld" --specs=nosys.specs -Wl,-Map="TorquimeterReader.map" -Wl,--gc-sections -static --specs=nano.specs -mfloat-abi=soft -mthumb -Wl,--start-group -lc -lm -Wl,--end-group
Finished building target: TorquimeterReader.elf
 
arm-none-eabi-size  TorquimeterReader.elf 
arm-none-eabi-objdump -h -S TorquimeterReader.elf  > "TorquimeterReader.list"
   text	   data	    bss	    dec	    hex	filename
  47868	    104	   5424	  53396	   d094	TorquimeterReader.elf
Finished building: default.size.stdout
 
Finished building: TorquimeterReader.list
 
18:04:26 **** Incremental Build of configuration Debug for project TorquimeterReader ****
make -j12 all 
arm-none-eabi-gcc "../Core/Src/main.c" -mcpu=cortex-m3 -std=gnu11 -g3 -DDEBUG -DUSE_HAL_DRIVER -DSTM32F103xB -DST25R500 -c -I../Core/Inc -I../Drivers/STM32F1xx_HAL_Driver/Inc -I../Drivers/STM32F1xx_HAL_Driver/Inc/Legacy -I../Drivers/CMSIS/Device/ST/STM32F1xx/Include -I../Drivers/CMSIS/Include -I../X-CUBE-NFC12/Target -I../Middlewares/ST/rfal/Inc -I../Drivers/BSP/Components/st25r500 -I../Middlewares/ST/rfal/Src -I../Drivers/BSP/NFC12A1 -O0 -ffunction-sections -fdata-sections -Wall -fstack-usage -fcyclomatic-complexity -MMD -MP -MF"Core/Src/main.d" -MT"Core/Src/main.o" --specs=nano.specs -mfloat-abi=soft -mthumb -o "Core/Src/main.o"
../Core/Src/main.c:172:19: warning: 'ReadMailbox' defined but not used [-Wunused-function]
  172 | static ReturnCode ReadMailbox(const uint8_t *uid) {
      |                   ^~~~~~~~~~~
arm-none-eabi-gcc -o "TorquimeterReader.elf" @"objects.list"   -mcpu=cortex-m3 -T"D:\BrasensFirmwares\NFC12A1_Test\STM32F103RBTX_FLASH.ld" --specs=nosys.specs -Wl,-Map="TorquimeterReader.map" -Wl,--gc-sections -static --specs=nano.specs -mfloat-abi=soft -mthumb -Wl,--start-group -lc -lm -Wl,--end-group
Finished building target: TorquimeterReader.elf
 
arm-none-eabi-size  TorquimeterReader.elf 
arm-none-eabi-objdump -h -S TorquimeterReader.elf  > "TorquimeterReader.list"
   text	   data	    bss	    dec	    hex	filename
  47952	    104	   5432	  53488	   d0f0	TorquimeterReader.elf
Finished building: default.size.stdout
 
Finished building: TorquimeterReader.list
 
18:07:34 **** Incremental Build of configuration Debug for project TestSTM32L053I2C ****
make -j12 all 
arm-none-eabi-gcc "../Core/Src/main.c" -mcpu=cortex-m0plus -std=gnu11 -g3 -DDEBUG -DUSE_HAL_DRIVER -DSTM32L053xx -c -I../Core/Inc -I../Drivers/STM32L0xx_HAL_Driver/Inc -I../Drivers/STM32L0xx_HAL_Driver/Inc/Legacy -I../Drivers/CMSIS/Device/ST/STM32L0xx/Include -I../Drivers/CMSIS/Include -O0 -ffunction-sections -fdata-sections -Wall -fstack-usage -fcyclomatic-complexity -MMD -MP -MF"Core/Src/main.d" -MT"Core/Src/main.o" --specs=nano.specs -mfloat-abi=soft -mthumb -o "Core/Src/main.o"
../Core/Src/main.c:920:13: warning: 'MX_USART1_UART_Init' defined but not used [-Wunused-function]
  920 | static void MX_USART1_UART_Init(void) {
      |             ^~~~~~~~~~~~~~~~~~~
../Core/Src/main.c:604:13: warning: 'mb_was_collected' defined but not used [-Wunused-function]
  604 | static bool mb_was_collected(void) {
      |             ^~~~~~~~~~~~~~~~
../Core/Src/main.c:420:13: warning: 'NFC_Arm' defined but not used [-Wunused-function]
  420 | static bool NFC_Arm(void) {
      |             ^~~~~~~
../Core/Src/main.c:400:16: warning: 'nfc_armed' defined but not used [-Wunused-variable]
  400 | static uint8_t nfc_armed = 0; /* RAM: zera sozinho a cada perda de VCC */
      |                ^~~~~~~~~
../Core/Src/main.c:82:16: warning: 'i2c_initialized' defined but not used [-Wunused-variable]
   82 | static uint8_t i2c_initialized = 0;
      |                ^~~~~~~~~~~~~~~
arm-none-eabi-gcc -o "TestSTM32L053I2C.elf" @"objects.list"   -mcpu=cortex-m0plus -T"C:\Users\Matheus Markies\Documents\TestSTM32L053I2C\STM32L053C8TX_FLASH.ld" --specs=nosys.specs -Wl,-Map="TestSTM32L053I2C.map" -Wl,--gc-sections -static --specs=nano.specs -mfloat-abi=soft -mthumb -Wl,--start-group -lc -lm -Wl,--end-group
Finished building target: TestSTM32L053I2C.elf
 
arm-none-eabi-size  TestSTM32L053I2C.elf 
arm-none-eabi-objdump -h -S TestSTM32L053I2C.elf  > "TestSTM32L053I2C.list"
   text	   data	    bss	    dec	    hex	filename
  21984	    124	   2220	  24328	   5f08	TestSTM32L053I2C.elf
Finished building: default.size.stdout
 
Finished building: TestSTM32L053I2C.list
 
18:09:27 **** Incremental Build of configuration Debug for project TorquimeterReader ****
make -j12 all 
arm-none-eabi-size  TorquimeterReader.elf 
   text	   data	    bss	    dec	    hex	filename
  47952	    104	   5432	  53488	   d0f0	TorquimeterReader.elf
Finished building: default.size.stdout
 
18:16:20 **** Incremental Build of configuration Debug for project TestSTM32L053I2C ****
make -j12 all 
arm-none-eabi-size  TestSTM32L053I2C.elf 
   text	   data	    bss	    dec	    hex	filename
  21984	    124	   2220	  24328	   5f08	TestSTM32L053I2C.elf
Finished building: default.size.stdout
 
18:17:49 **** Incremental Build of configuration Debug for project TestSTM32L053I2C ****
make -j12 all 
arm-none-eabi-gcc "../Core/Src/main.c" -mcpu=cortex-m0plus -std=gnu11 -g3 -DDEBUG -DUSE_HAL_DRIVER -DSTM32L053xx -c -I../Core/Inc -I../Drivers/STM32L0xx_HAL_Driver/Inc -I../Drivers/STM32L0xx_HAL_Driver/Inc/Legacy -I../Drivers/CMSIS/Device/ST/STM32L0xx/Include -I../Drivers/CMSIS/Include -O0 -ffunction-sections -fdata-sections -Wall -fstack-usage -fcyclomatic-complexity -MMD -MP -MF"Core/Src/main.d" -MT"Core/Src/main.o" --specs=nano.specs -mfloat-abi=soft -mthumb -o "Core/Src/main.o"
../Core/Src/main.c:604:13: warning: 'mb_was_collected' defined but not used [-Wunused-function]
  604 | static bool mb_was_collected(void) {
      |             ^~~~~~~~~~~~~~~~
../Core/Src/main.c:420:13: warning: 'NFC_Arm' defined but not used [-Wunused-function]
  420 | static bool NFC_Arm(void) {
      |             ^~~~~~~
../Core/Src/main.c:400:16: warning: 'nfc_armed' defined but not used [-Wunused-variable]
  400 | static uint8_t nfc_armed = 0; /* RAM: zera sozinho a cada perda de VCC */
      |                ^~~~~~~~~
../Core/Src/main.c:82:16: warning: 'i2c_initialized' defined but not used [-Wunused-variable]
   82 | static uint8_t i2c_initialized = 0;
      |                ^~~~~~~~~~~~~~~
arm-none-eabi-gcc -o "TestSTM32L053I2C.elf" @"objects.list"   -mcpu=cortex-m0plus -T"C:\Users\Matheus Markies\Documents\TestSTM32L053I2C\STM32L053C8TX_FLASH.ld" --specs=nosys.specs -Wl,-Map="TestSTM32L053I2C.map" -Wl,--gc-sections -static --specs=nano.specs -mfloat-abi=soft -mthumb -Wl,--start-group -lc -lm -Wl,--end-group
Finished building target: TestSTM32L053I2C.elf
 
arm-none-eabi-size  TestSTM32L053I2C.elf 
arm-none-eabi-objdump -h -S TestSTM32L053I2C.elf  > "TestSTM32L053I2C.list"
   text	   data	    bss	    dec	    hex	filename
  29384	    124	   2220	  31728	   7bf0	TestSTM32L053I2C.elf
Finished building: default.size.stdout
 
Finished building: TestSTM32L053I2C.list
 
19:51:11 **** Incremental Build of configuration Debug for project TestSTM32L053I2C ****
make -j12 all 
arm-none-eabi-gcc "../Core/Src/main.c" -mcpu=cortex-m0plus -std=gnu11 -g3 -DDEBUG -DUSE_HAL_DRIVER -DSTM32L053xx -c -I../Core/Inc -I../Drivers/STM32L0xx_HAL_Driver/Inc -I../Drivers/STM32L0xx_HAL_Driver/Inc/Legacy -I../Drivers/CMSIS/Device/ST/STM32L0xx/Include -I../Drivers/CMSIS/Include -O0 -ffunction-sections -fdata-sections -Wall -fstack-usage -fcyclomatic-complexity -MMD -MP -MF"Core/Src/main.d" -MT"Core/Src/main.o" --specs=nano.specs -mfloat-abi=soft -mthumb -o "Core/Src/main.o"
../Core/Src/main.c:917:13: warning: 'MX_USART1_UART_Init' defined but not used [-Wunused-function]
  917 | static void MX_USART1_UART_Init(void) {
      |             ^~~~~~~~~~~~~~~~~~~
../Core/Src/main.c:600:13: warning: 'mb_was_collected' defined but not used [-Wunused-function]
  600 | static bool mb_was_collected(void) {
      |             ^~~~~~~~~~~~~~~~
../Core/Src/main.c:416:13: warning: 'NFC_Arm' defined but not used [-Wunused-function]
  416 | static bool NFC_Arm(void) {
      |             ^~~~~~~
../Core/Src/main.c:396:16: warning: 'nfc_armed' defined but not used [-Wunused-variable]
  396 | static uint8_t nfc_armed = 0; /* RAM: zera sozinho a cada perda de VCC */
      |                ^~~~~~~~~
../Core/Src/main.c:82:16: warning: 'i2c_initialized' defined but not used [-Wunused-variable]
   82 | static uint8_t i2c_initialized = 0;
      |                ^~~~~~~~~~~~~~~
arm-none-eabi-gcc -o "TestSTM32L053I2C.elf" @"objects.list"   -mcpu=cortex-m0plus -T"C:\Users\Matheus Markies\Documents\TestSTM32L053I2C\STM32L053C8TX_FLASH.ld" --specs=nosys.specs -Wl,-Map="TestSTM32L053I2C.map" -Wl,--gc-sections -static --specs=nano.specs -mfloat-abi=soft -mthumb -Wl,--start-group -lc -lm -Wl,--end-group
Finished building target: TestSTM32L053I2C.elf
 
arm-none-eabi-size  TestSTM32L053I2C.elf 
arm-none-eabi-objdump -h -S TestSTM32L053I2C.elf  > "TestSTM32L053I2C.list"
   text	   data	    bss	    dec	    hex	filename
  21968	    124	   2220	  24312	   5ef8	TestSTM32L053I2C.elf
Finished building: default.size.stdout
 
Finished building: TestSTM32L053I2C.list
 
20:06:06 **** Incremental Build of configuration Debug for project TestSTM32L053I2C ****
make -j12 all 
arm-none-eabi-size  TestSTM32L053I2C.elf 
   text	   data	    bss	    dec	    hex	filename
  21968	    124	   2220	  24312	   5ef8	TestSTM32L053I2C.elf
Finished building: default.size.stdout
 
20:11:18 **** Incremental Build of configuration Debug for project TestSTM32L053I2C ****
make -j12 all 
arm-none-eabi-gcc "../Core/Src/main.c" -mcpu=cortex-m0plus -std=gnu11 -g3 -DDEBUG -DUSE_HAL_DRIVER -DSTM32L053xx -c -I../Core/Inc -I../Drivers/STM32L0xx_HAL_Driver/Inc -I../Drivers/STM32L0xx_HAL_Driver/Inc/Legacy -I../Drivers/CMSIS/Device/ST/STM32L0xx/Include -I../Drivers/CMSIS/Include -O0 -ffunction-sections -fdata-sections -Wall -fstack-usage -fcyclomatic-complexity -MMD -MP -MF"Core/Src/main.d" -MT"Core/Src/main.o" --specs=nano.specs -mfloat-abi=soft -mthumb -o "Core/Src/main.o"
../Core/Src/main.c:600:13: warning: 'mb_was_collected' defined but not used [-Wunused-function]
  600 | static bool mb_was_collected(void) {
      |             ^~~~~~~~~~~~~~~~
../Core/Src/main.c:416:13: warning: 'NFC_Arm' defined but not used [-Wunused-function]
  416 | static bool NFC_Arm(void) {
      |             ^~~~~~~
../Core/Src/main.c:396:16: warning: 'nfc_armed' defined but not used [-Wunused-variable]
  396 | static uint8_t nfc_armed = 0; /* RAM: zera sozinho a cada perda de VCC */
      |                ^~~~~~~~~
../Core/Src/main.c:82:16: warning: 'i2c_initialized' defined but not used [-Wunused-variable]
   82 | static uint8_t i2c_initialized = 0;
      |                ^~~~~~~~~~~~~~~
arm-none-eabi-gcc -o "TestSTM32L053I2C.elf" @"objects.list"   -mcpu=cortex-m0plus -T"C:\Users\Matheus Markies\Documents\TestSTM32L053I2C\STM32L053C8TX_FLASH.ld" --specs=nosys.specs -Wl,-Map="TestSTM32L053I2C.map" -Wl,--gc-sections -static --specs=nano.specs -mfloat-abi=soft -mthumb -Wl,--start-group -lc -lm -Wl,--end-group
Finished building target: TestSTM32L053I2C.elf
 
arm-none-eabi-size  TestSTM32L053I2C.elf 
arm-none-eabi-objdump -h -S TestSTM32L053I2C.elf  > "TestSTM32L053I2C.list"
   text	   data	    bss	    dec	    hex	filename
  29412	    124	   2220	  31756	   7c0c	TestSTM32L053I2C.elf
Finished building: default.size.stdout
 
Finished building: TestSTM32L053I2C.list
 
20:16:03 **** Incremental Build of configuration Debug for project TestSTM32L053I2C ****
make -j12 all 
arm-none-eabi-gcc "../Core/Src/main.c" -mcpu=cortex-m0plus -std=gnu11 -g3 -DDEBUG -DUSE_HAL_DRIVER -DSTM32L053xx -c -I../Core/Inc -I../Drivers/STM32L0xx_HAL_Driver/Inc -I../Drivers/STM32L0xx_HAL_Driver/Inc/Legacy -I../Drivers/CMSIS/Device/ST/STM32L0xx/Include -I../Drivers/CMSIS/Include -O0 -ffunction-sections -fdata-sections -Wall -fstack-usage -fcyclomatic-complexity -MMD -MP -MF"Core/Src/main.d" -MT"Core/Src/main.o" --specs=nano.specs -mfloat-abi=soft -mthumb -o "Core/Src/main.o"
../Core/Src/main.c:600:13: warning: 'mb_was_collected' defined but not used [-Wunused-function]
  600 | static bool mb_was_collected(void) {
      |             ^~~~~~~~~~~~~~~~
../Core/Src/main.c:416:13: warning: 'NFC_Arm' defined but not used [-Wunused-function]
  416 | static bool NFC_Arm(void) {
      |             ^~~~~~~
../Core/Src/main.c:396:16: warning: 'nfc_armed' defined but not used [-Wunused-variable]
  396 | static uint8_t nfc_armed = 0; /* RAM: zera sozinho a cada perda de VCC */
      |                ^~~~~~~~~
../Core/Src/main.c:82:16: warning: 'i2c_initialized' defined but not used [-Wunused-variable]
   82 | static uint8_t i2c_initialized = 0;
      |                ^~~~~~~~~~~~~~~
arm-none-eabi-gcc -o "TestSTM32L053I2C.elf" @"objects.list"   -mcpu=cortex-m0plus -T"C:\Users\Matheus Markies\Documents\TestSTM32L053I2C\STM32L053C8TX_FLASH.ld" --specs=nosys.specs -Wl,-Map="TestSTM32L053I2C.map" -Wl,--gc-sections -static --specs=nano.specs -mfloat-abi=soft -mthumb -Wl,--start-group -lc -lm -Wl,--end-group
Finished building target: TestSTM32L053I2C.elf
 
arm-none-eabi-size  TestSTM32L053I2C.elf 
arm-none-eabi-objdump -h -S TestSTM32L053I2C.elf  > "TestSTM32L053I2C.list"
   text	   data	    bss	    dec	    hex	filename
  29412	    124	   2220	  31756	   7c0c	TestSTM32L053I2C.elf
Finished building: default.size.stdout
 
Finished building: TestSTM32L053I2C.list
 
20:17:11 **** Incremental Build of configuration Debug for project TestSTM32L053I2C ****
make -j12 all 
arm-none-eabi-size  TestSTM32L053I2C.elf 
   text	   data	    bss	    dec	    hex	filename
  29412	    124	   2220	  31756	   7c0c	TestSTM32L053I2C.elf
Finished building: default.size.stdout
 
20:23:10 **** Incremental Build of configuration Debug for project TestSTM32L053I2C ****
make -j12 all 
arm-none-eabi-gcc "../Core/Src/main.c" -mcpu=cortex-m0plus -std=gnu11 -g3 -DDEBUG -DUSE_HAL_DRIVER -DSTM32L053xx -c -I../Core/Inc -I../Drivers/STM32L0xx_HAL_Driver/Inc -I../Drivers/STM32L0xx_HAL_Driver/Inc/Legacy -I../Drivers/CMSIS/Device/ST/STM32L0xx/Include -I../Drivers/CMSIS/Include -O0 -ffunction-sections -fdata-sections -Wall -fstack-usage -fcyclomatic-complexity -MMD -MP -MF"Core/Src/main.d" -MT"Core/Src/main.o" --specs=nano.specs -mfloat-abi=soft -mthumb -o "Core/Src/main.o"
../Core/Src/main.c:917:13: warning: 'MX_USART1_UART_Init' defined but not used [-Wunused-function]
  917 | static void MX_USART1_UART_Init(void) {
      |             ^~~~~~~~~~~~~~~~~~~
../Core/Src/main.c:600:13: warning: 'mb_was_collected' defined but not used [-Wunused-function]
  600 | static bool mb_was_collected(void) {
      |             ^~~~~~~~~~~~~~~~
../Core/Src/main.c:416:13: warning: 'NFC_Arm' defined but not used [-Wunused-function]
  416 | static bool NFC_Arm(void) {
      |             ^~~~~~~
../Core/Src/main.c:396:16: warning: 'nfc_armed' defined but not used [-Wunused-variable]
  396 | static uint8_t nfc_armed = 0; /* RAM: zera sozinho a cada perda de VCC */
      |                ^~~~~~~~~
../Core/Src/main.c:82:16: warning: 'i2c_initialized' defined but not used [-Wunused-variable]
   82 | static uint8_t i2c_initialized = 0;
      |                ^~~~~~~~~~~~~~~
arm-none-eabi-gcc -o "TestSTM32L053I2C.elf" @"objects.list"   -mcpu=cortex-m0plus -T"C:\Users\Matheus Markies\Documents\TestSTM32L053I2C\STM32L053C8TX_FLASH.ld" --specs=nosys.specs -Wl,-Map="TestSTM32L053I2C.map" -Wl,--gc-sections -static --specs=nano.specs -mfloat-abi=soft -mthumb -Wl,--start-group -lc -lm -Wl,--end-group
Finished building target: TestSTM32L053I2C.elf
 
arm-none-eabi-size  TestSTM32L053I2C.elf 
arm-none-eabi-objdump -h -S TestSTM32L053I2C.elf  > "TestSTM32L053I2C.list"
   text	   data	    bss	    dec	    hex	filename
  21968	    124	   2220	  24312	   5ef8	TestSTM32L053I2C.elf
Finished building: default.size.stdout
 
Finished building: TestSTM32L053I2C.list
 
15:48:15 **** Incremental Build of configuration Debug for project TestSTM32L053I2C ****
make -j12 all 
arm-none-eabi-gcc "../Core/Src/main.c" -mcpu=cortex-m0plus -std=gnu11 -g3 -DDEBUG -DUSE_HAL_DRIVER -DSTM32L053xx -c -I../Core/Inc -I../Drivers/STM32L0xx_HAL_Driver/Inc -I../Drivers/STM32L0xx_HAL_Driver/Inc/Legacy -I../Drivers/CMSIS/Device/ST/STM32L0xx/Include -I../Drivers/CMSIS/Include -O0 -ffunction-sections -fdata-sections -Wall -fstack-usage -fcyclomatic-complexity -MMD -MP -MF"Core/Src/main.d" -MT"Core/Src/main.o" --specs=nano.specs -mfloat-abi=soft -mthumb -o "Core/Src/main.o"
arm-none-eabi-gcc "../Core/Src/stm32l0xx_hal_msp.c" -mcpu=cortex-m0plus -std=gnu11 -g3 -DDEBUG -DUSE_HAL_DRIVER -DSTM32L053xx -c -I../Core/Inc -I../Drivers/STM32L0xx_HAL_Driver/Inc -I../Drivers/STM32L0xx_HAL_Driver/Inc/Legacy -I../Drivers/CMSIS/Device/ST/STM32L0xx/Include -I../Drivers/CMSIS/Include -O0 -ffunction-sections -fdata-sections -Wall -fstack-usage -fcyclomatic-complexity -MMD -MP -MF"Core/Src/stm32l0xx_hal_msp.d" -MT"Core/Src/stm32l0xx_hal_msp.o" --specs=nano.specs -mfloat-abi=soft -mthumb -o "Core/Src/stm32l0xx_hal_msp.o"
arm-none-eabi-gcc "../Core/Src/stm32l0xx_it.c" -mcpu=cortex-m0plus -std=gnu11 -g3 -DDEBUG -DUSE_HAL_DRIVER -DSTM32L053xx -c -I../Core/Inc -I../Drivers/STM32L0xx_HAL_Driver/Inc -I../Drivers/STM32L0xx_HAL_Driver/Inc/Legacy -I../Drivers/CMSIS/Device/ST/STM32L0xx/Include -I../Drivers/CMSIS/Include -O0 -ffunction-sections -fdata-sections -Wall -fstack-usage -fcyclomatic-complexity -MMD -MP -MF"Core/Src/stm32l0xx_it.d" -MT"Core/Src/stm32l0xx_it.o" --specs=nano.specs -mfloat-abi=soft -mthumb -o "Core/Src/stm32l0xx_it.o"
../Core/Src/main.c:607:13: warning: 'mb_was_collected' defined but not used [-Wunused-function]
  607 | static bool mb_was_collected(void) {
      |             ^~~~~~~~~~~~~~~~
../Core/Src/main.c:420:13: warning: 'NFC_Arm' defined but not used [-Wunused-function]
  420 | static bool NFC_Arm(void) {
      |             ^~~~~~~
../Core/Src/main.c:396:16: warning: 'nfc_armed' defined but not used [-Wunused-variable]
  396 | static uint8_t nfc_armed = 0; /* RAM: zera sozinho a cada perda de VCC */
      |                ^~~~~~~~~
../Core/Src/main.c:82:16: warning: 'i2c_initialized' defined but not used [-Wunused-variable]
   82 | static uint8_t i2c_initialized = 0;
      |                ^~~~~~~~~~~~~~~
arm-none-eabi-gcc -o "TestSTM32L053I2C.elf" @"objects.list"   -mcpu=cortex-m0plus -T"C:\Users\Matheus Markies\Documents\TestSTM32L053I2C\STM32L053C8TX_FLASH.ld" --specs=nosys.specs -Wl,-Map="TestSTM32L053I2C.map" -Wl,--gc-sections -static --specs=nano.specs -mfloat-abi=soft -mthumb -Wl,--start-group -lc -lm -Wl,--end-group
Finished building target: TestSTM32L053I2C.elf
 
arm-none-eabi-size  TestSTM32L053I2C.elf 
arm-none-eabi-objdump -h -S TestSTM32L053I2C.elf  > "TestSTM32L053I2C.list"
   text	   data	    bss	    dec	    hex	filename
  24920	    124	   2220	  27264	   6a80	TestSTM32L053I2C.elf
Finished building: default.size.stdout
 
Finished building: TestSTM32L053I2C.list
 
15:50:17 **** Incremental Build of configuration Debug for project TestSTM32L053I2C ****
make -j12 all 
arm-none-eabi-gcc "../Core/Src/main.c" -mcpu=cortex-m0plus -std=gnu11 -g3 -DDEBUG -DUSE_HAL_DRIVER -DSTM32L053xx -c -I../Core/Inc -I../Drivers/STM32L0xx_HAL_Driver/Inc -I../Drivers/STM32L0xx_HAL_Driver/Inc/Legacy -I../Drivers/CMSIS/Device/ST/STM32L0xx/Include -I../Drivers/CMSIS/Include -O0 -ffunction-sections -fdata-sections -Wall -fstack-usage -fcyclomatic-complexity -MMD -MP -MF"Core/Src/main.d" -MT"Core/Src/main.o" --specs=nano.specs -mfloat-abi=soft -mthumb -o "Core/Src/main.o"
../Core/Src/main.c:607:13: warning: 'mb_was_collected' defined but not used [-Wunused-function]
  607 | static bool mb_was_collected(void) {
      |             ^~~~~~~~~~~~~~~~
../Core/Src/main.c:420:13: warning: 'NFC_Arm' defined but not used [-Wunused-function]
  420 | static bool NFC_Arm(void) {
      |             ^~~~~~~
../Core/Src/main.c:396:16: warning: 'nfc_armed' defined but not used [-Wunused-variable]
  396 | static uint8_t nfc_armed = 0; /* RAM: zera sozinho a cada perda de VCC */
      |                ^~~~~~~~~
../Core/Src/main.c:82:16: warning: 'i2c_initialized' defined but not used [-Wunused-variable]
   82 | static uint8_t i2c_initialized = 0;
      |                ^~~~~~~~~~~~~~~
arm-none-eabi-gcc -o "TestSTM32L053I2C.elf" @"objects.list"   -mcpu=cortex-m0plus -T"C:\Users\Matheus Markies\Documents\TestSTM32L053I2C\STM32L053C8TX_FLASH.ld" --specs=nosys.specs -Wl,-Map="TestSTM32L053I2C.map" -Wl,--gc-sections -static --specs=nano.specs -mfloat-abi=soft -mthumb -Wl,--start-group -lc -lm -Wl,--end-group
Finished building target: TestSTM32L053I2C.elf
 
arm-none-eabi-size  TestSTM32L053I2C.elf 
arm-none-eabi-objdump -h -S TestSTM32L053I2C.elf  > "TestSTM32L053I2C.list"
   text	   data	    bss	    dec	    hex	filename
  29052	    124	   2220	  31396	   7aa4	TestSTM32L053I2C.elf
Finished building: default.size.stdout
 
Finished building: TestSTM32L053I2C.list
 
15:51:48 **** Incremental Build of configuration Debug for project TestSTM32L053I2C ****
make -j12 all 
arm-none-eabi-size  TestSTM32L053I2C.elf 
   text	   data	    bss	    dec	    hex	filename
  29052	    124	   2220	  31396	   7aa4	TestSTM32L053I2C.elf
Finished building: default.size.stdout
 
15:56:50 **** Incremental Build of configuration Debug for project TestSTM32L053I2C ****
make -j12 all 
arm-none-eabi-gcc "../Core/Src/main.c" -mcpu=cortex-m0plus -std=gnu11 -g3 -DDEBUG -DUSE_HAL_DRIVER -DSTM32L053xx -c -I../Core/Inc -I../Drivers/STM32L0xx_HAL_Driver/Inc -I../Drivers/STM32L0xx_HAL_Driver/Inc/Legacy -I../Drivers/CMSIS/Device/ST/STM32L0xx/Include -I../Drivers/CMSIS/Include -O0 -ffunction-sections -fdata-sections -Wall -fstack-usage -fcyclomatic-complexity -MMD -MP -MF"Core/Src/main.d" -MT"Core/Src/main.o" --specs=nano.specs -mfloat-abi=soft -mthumb -o "Core/Src/main.o"
../Core/Src/main.c:607:13: warning: 'mb_was_collected' defined but not used [-Wunused-function]
  607 | static bool mb_was_collected(void) {
      |             ^~~~~~~~~~~~~~~~
../Core/Src/main.c:420:13: warning: 'NFC_Arm' defined but not used [-Wunused-function]
  420 | static bool NFC_Arm(void) {
      |             ^~~~~~~
../Core/Src/main.c:396:16: warning: 'nfc_armed' defined but not used [-Wunused-variable]
  396 | static uint8_t nfc_armed = 0; /* RAM: zera sozinho a cada perda de VCC */
      |                ^~~~~~~~~
../Core/Src/main.c:82:16: warning: 'i2c_initialized' defined but not used [-Wunused-variable]
   82 | static uint8_t i2c_initialized = 0;
      |                ^~~~~~~~~~~~~~~
arm-none-eabi-gcc -o "TestSTM32L053I2C.elf" @"objects.list"   -mcpu=cortex-m0plus -T"C:\Users\Matheus Markies\Documents\TestSTM32L053I2C\STM32L053C8TX_FLASH.ld" --specs=nosys.specs -Wl,-Map="TestSTM32L053I2C.map" -Wl,--gc-sections -static --specs=nano.specs -mfloat-abi=soft -mthumb -Wl,--start-group -lc -lm -Wl,--end-group
Finished building target: TestSTM32L053I2C.elf
 
arm-none-eabi-size  TestSTM32L053I2C.elf 
arm-none-eabi-objdump -h -S TestSTM32L053I2C.elf  > "TestSTM32L053I2C.list"
   text	   data	    bss	    dec	    hex	filename
  24920	    124	   2220	  27264	   6a80	TestSTM32L053I2C.elf
Finished building: default.size.stdout
 
Finished building: TestSTM32L053I2C.list
 
15:58:28 **** Incremental Build of configuration Debug for project TestSTM32L053I2C ****
make -j12 all 
arm-none-eabi-size  TestSTM32L053I2C.elf 
   text	   data	    bss	    dec	    hex	filename
  24920	    124	   2220	  27264	   6a80	TestSTM32L053I2C.elf
Finished building: default.size.stdout
 
16:02:11 **** Incremental Build of configuration Debug for project TestSTM32L053I2C ****
make -j12 all 
arm-none-eabi-gcc "../Core/Src/main.c" -mcpu=cortex-m0plus -std=gnu11 -g3 -DDEBUG -DUSE_HAL_DRIVER -DSTM32L053xx -c -I../Core/Inc -I../Drivers/STM32L0xx_HAL_Driver/Inc -I../Drivers/STM32L0xx_HAL_Driver/Inc/Legacy -I../Drivers/CMSIS/Device/ST/STM32L0xx/Include -I../Drivers/CMSIS/Include -O0 -ffunction-sections -fdata-sections -Wall -fstack-usage -fcyclomatic-complexity -MMD -MP -MF"Core/Src/main.d" -MT"Core/Src/main.o" --specs=nano.specs -mfloat-abi=soft -mthumb -o "Core/Src/main.o"
../Core/Src/main.c:612:13: warning: 'mb_was_collected' defined but not used [-Wunused-function]
  612 | static bool mb_was_collected(void) {
      |             ^~~~~~~~~~~~~~~~
../Core/Src/main.c:425:13: warning: 'NFC_Arm' defined but not used [-Wunused-function]
  425 | static bool NFC_Arm(void) {
      |             ^~~~~~~
../Core/Src/main.c:396:16: warning: 'nfc_armed' defined but not used [-Wunused-variable]
  396 | static uint8_t nfc_armed = 0; /* RAM: zera sozinho a cada perda de VCC */
      |                ^~~~~~~~~
../Core/Src/main.c:82:16: warning: 'i2c_initialized' defined but not used [-Wunused-variable]
   82 | static uint8_t i2c_initialized = 0;
      |                ^~~~~~~~~~~~~~~
arm-none-eabi-gcc -o "TestSTM32L053I2C.elf" @"objects.list"   -mcpu=cortex-m0plus -T"C:\Users\Matheus Markies\Documents\TestSTM32L053I2C\STM32L053C8TX_FLASH.ld" --specs=nosys.specs -Wl,-Map="TestSTM32L053I2C.map" -Wl,--gc-sections -static --specs=nano.specs -mfloat-abi=soft -mthumb -Wl,--start-group -lc -lm -Wl,--end-group
Finished building target: TestSTM32L053I2C.elf
 
arm-none-eabi-size  TestSTM32L053I2C.elf 
arm-none-eabi-objdump -h -S TestSTM32L053I2C.elf  > "TestSTM32L053I2C.list"
   text	   data	    bss	    dec	    hex	filename
  29284	    124	   2220	  31628	   7b8c	TestSTM32L053I2C.elf
Finished building: default.size.stdout
 
Finished building: TestSTM32L053I2C.list
 
16:08:28 **** Incremental Build of configuration Debug for project TestSTM32L053I2C ****
make -j12 all 
arm-none-eabi-gcc "../Core/Src/main.c" -mcpu=cortex-m0plus -std=gnu11 -g3 -DDEBUG -DUSE_HAL_DRIVER -DSTM32L053xx -c -I../Core/Inc -I../Drivers/STM32L0xx_HAL_Driver/Inc -I../Drivers/STM32L0xx_HAL_Driver/Inc/Legacy -I../Drivers/CMSIS/Device/ST/STM32L0xx/Include -I../Drivers/CMSIS/Include -O0 -ffunction-sections -fdata-sections -Wall -fstack-usage -fcyclomatic-complexity -MMD -MP -MF"Core/Src/main.d" -MT"Core/Src/main.o" --specs=nano.specs -mfloat-abi=soft -mthumb -o "Core/Src/main.o"
../Core/Src/main.c:614:13: warning: 'mb_was_collected' defined but not used [-Wunused-function]
  614 | static bool mb_was_collected(void) {
      |             ^~~~~~~~~~~~~~~~
../Core/Src/main.c:427:13: warning: 'NFC_Arm' defined but not used [-Wunused-function]
  427 | static bool NFC_Arm(void) {
      |             ^~~~~~~
../Core/Src/main.c:398:16: warning: 'nfc_armed' defined but not used [-Wunused-variable]
  398 | static uint8_t nfc_armed = 0; /* RAM: zera sozinho a cada perda de VCC */
      |                ^~~~~~~~~
../Core/Src/main.c:84:16: warning: 'i2c_initialized' defined but not used [-Wunused-variable]
   84 | static uint8_t i2c_initialized = 0;
      |                ^~~~~~~~~~~~~~~
arm-none-eabi-gcc -o "TestSTM32L053I2C.elf" @"objects.list"   -mcpu=cortex-m0plus -T"C:\Users\Matheus Markies\Documents\TestSTM32L053I2C\STM32L053C8TX_FLASH.ld" --specs=nosys.specs -Wl,-Map="TestSTM32L053I2C.map" -Wl,--gc-sections -static --specs=nano.specs -mfloat-abi=soft -mthumb -Wl,--start-group -lc -lm -Wl,--end-group
Finished building target: TestSTM32L053I2C.elf
 
arm-none-eabi-size  TestSTM32L053I2C.elf 
arm-none-eabi-objdump -h -S TestSTM32L053I2C.elf  > "TestSTM32L053I2C.list"
   text	   data	    bss	    dec	    hex	filename
  29444	    124	   2220	  31788	   7c2c	TestSTM32L053I2C.elf
Finished building: default.size.stdout
 
Finished building: TestSTM32L053I2C.list
 
16:18:33 **** Incremental Build of configuration Debug for project TestSTM32L053I2C ****
make -j12 all 
arm-none-eabi-gcc "../Core/Src/main.c" -mcpu=cortex-m0plus -std=gnu11 -g3 -DDEBUG -DUSE_HAL_DRIVER -DSTM32L053xx -c -I../Core/Inc -I../Drivers/STM32L0xx_HAL_Driver/Inc -I../Drivers/STM32L0xx_HAL_Driver/Inc/Legacy -I../Drivers/CMSIS/Device/ST/STM32L0xx/Include -I../Drivers/CMSIS/Include -O0 -ffunction-sections -fdata-sections -Wall -fstack-usage -fcyclomatic-complexity -MMD -MP -MF"Core/Src/main.d" -MT"Core/Src/main.o" --specs=nano.specs -mfloat-abi=soft -mthumb -o "Core/Src/main.o"
../Core/Src/main.c: In function 'MX_GPIO_Init':
../Core/Src/main.c:995:39: error: 'g' undeclared (first use in this function)
  995 |         HAL_GPIO_Init(GPO_GPIO_Port, &g);
      |                                       ^
../Core/Src/main.c:995:39: note: each undeclared identifier is reported only once for each function it appears in
../Core/Src/main.c: At top level:
../Core/Src/main.c:609:13: warning: 'mb_was_collected' defined but not used [-Wunused-function]
  609 | static bool mb_was_collected(void) {
      |             ^~~~~~~~~~~~~~~~
../Core/Src/main.c:422:13: warning: 'NFC_Arm' defined but not used [-Wunused-function]
  422 | static bool NFC_Arm(void) {
      |             ^~~~~~~
../Core/Src/main.c:390:16: warning: 'nfc_armed' defined but not used [-Wunused-variable]
  390 | static uint8_t nfc_armed = 0; /* RAM: zera sozinho a cada perda de VCC */
      |                ^~~~~~~~~
../Core/Src/main.c:84:16: warning: 'i2c_initialized' defined but not used [-Wunused-variable]
   84 | static uint8_t i2c_initialized = 0;
      |                ^~~~~~~~~~~~~~~
make: *** [Core/Src/subdir.mk:37: Core/Src/main.o] Error 1
"make -j12 all" terminated with exit code 2. Build might be incomplete.
16:18:52 **** Incremental Build of configuration Debug for project TestSTM32L053I2C ****
make -j12 all 
arm-none-eabi-gcc "../Core/Src/main.c" -mcpu=cortex-m0plus -std=gnu11 -g3 -DDEBUG -DUSE_HAL_DRIVER -DSTM32L053xx -c -I../Core/Inc -I../Drivers/STM32L0xx_HAL_Driver/Inc -I../Drivers/STM32L0xx_HAL_Driver/Inc/Legacy -I../Drivers/CMSIS/Device/ST/STM32L0xx/Include -I../Drivers/CMSIS/Include -O0 -ffunction-sections -fdata-sections -Wall -fstack-usage -fcyclomatic-complexity -MMD -MP -MF"Core/Src/main.d" -MT"Core/Src/main.o" --specs=nano.specs -mfloat-abi=soft -mthumb -o "Core/Src/main.o"
../Core/Src/main.c:610:13: warning: 'mb_was_collected' defined but not used [-Wunused-function]
  610 | static bool mb_was_collected(void) {
      |             ^~~~~~~~~~~~~~~~
../Core/Src/main.c:423:13: warning: 'NFC_Arm' defined but not used [-Wunused-function]
  423 | static bool NFC_Arm(void) {
      |             ^~~~~~~
../Core/Src/main.c:391:16: warning: 'nfc_armed' defined but not used [-Wunused-variable]
  391 | static uint8_t nfc_armed = 0; /* RAM: zera sozinho a cada perda de VCC */
      |                ^~~~~~~~~
../Core/Src/main.c:84:16: warning: 'i2c_initialized' defined but not used [-Wunused-variable]
   84 | static uint8_t i2c_initialized = 0;
      |                ^~~~~~~~~~~~~~~
arm-none-eabi-gcc -o "TestSTM32L053I2C.elf" @"objects.list"   -mcpu=cortex-m0plus -T"C:\Users\Matheus Markies\Documents\TestSTM32L053I2C\STM32L053C8TX_FLASH.ld" --specs=nosys.specs -Wl,-Map="TestSTM32L053I2C.map" -Wl,--gc-sections -static --specs=nano.specs -mfloat-abi=soft -mthumb -Wl,--start-group -lc -lm -Wl,--end-group
Finished building target: TestSTM32L053I2C.elf
 
arm-none-eabi-size  TestSTM32L053I2C.elf 
arm-none-eabi-objdump -h -S TestSTM32L053I2C.elf  > "TestSTM32L053I2C.list"
   text	   data	    bss	    dec	    hex	filename
  29560	    124	   2220	  31904	   7ca0	TestSTM32L053I2C.elf
Finished building: default.size.stdout
 
Finished building: TestSTM32L053I2C.list
 
16:47:33 **** Incremental Build of configuration Debug for project TestSTM32L053I2C ****
make -j12 all 
arm-none-eabi-gcc "../Core/Src/main.c" -mcpu=cortex-m0plus -std=gnu11 -g3 -DDEBUG -DUSE_HAL_DRIVER -DSTM32L053xx -c -I../Core/Inc -I../Drivers/STM32L0xx_HAL_Driver/Inc -I../Drivers/STM32L0xx_HAL_Driver/Inc/Legacy -I../Drivers/CMSIS/Device/ST/STM32L0xx/Include -I../Drivers/CMSIS/Include -O0 -ffunction-sections -fdata-sections -Wall -fstack-usage -fcyclomatic-complexity -MMD -MP -MF"Core/Src/main.d" -MT"Core/Src/main.o" --specs=nano.specs -mfloat-abi=soft -mthumb -o "Core/Src/main.o"
../Core/Src/main.c:433:13: warning: 'NFC_Arm' defined but not used [-Wunused-function]
  433 | static bool NFC_Arm(void) {
      |             ^~~~~~~
../Core/Src/main.c:398:16: warning: 'nfc_armed' defined but not used [-Wunused-variable]
  398 | static uint8_t nfc_armed = 0; /* RAM: zera sozinho a cada perda de VCC */
      |                ^~~~~~~~~
../Core/Src/main.c:84:16: warning: 'i2c_initialized' defined but not used [-Wunused-variable]
   84 | static uint8_t i2c_initialized = 0;
      |                ^~~~~~~~~~~~~~~
arm-none-eabi-gcc -o "TestSTM32L053I2C.elf" @"objects.list"   -mcpu=cortex-m0plus -T"C:\Users\Matheus Markies\Documents\TestSTM32L053I2C\STM32L053C8TX_FLASH.ld" --specs=nosys.specs -Wl,-Map="TestSTM32L053I2C.map" -Wl,--gc-sections -static --specs=nano.specs -mfloat-abi=soft -mthumb -Wl,--start-group -lc -lm -Wl,--end-group
Finished building target: TestSTM32L053I2C.elf
 
arm-none-eabi-size  TestSTM32L053I2C.elf 
arm-none-eabi-objdump -h -S TestSTM32L053I2C.elf  > "TestSTM32L053I2C.list"
   text	   data	    bss	    dec	    hex	filename
  30024	    124	   2220	  32368	   7e70	TestSTM32L053I2C.elf
Finished building: default.size.stdout
 
Finished building: TestSTM32L053I2C.list
 
16:53:32 **** Incremental Build of configuration Debug for project TestSTM32L053I2C ****
make -j12 all 
arm-none-eabi-gcc "../Core/Src/main.c" -mcpu=cortex-m0plus -std=gnu11 -g3 -DDEBUG -DUSE_HAL_DRIVER -DSTM32L053xx -c -I../Core/Inc -I../Drivers/STM32L0xx_HAL_Driver/Inc -I../Drivers/STM32L0xx_HAL_Driver/Inc/Legacy -I../Drivers/CMSIS/Device/ST/STM32L0xx/Include -I../Drivers/CMSIS/Include -O0 -ffunction-sections -fdata-sections -Wall -fstack-usage -fcyclomatic-complexity -MMD -MP -MF"Core/Src/main.d" -MT"Core/Src/main.o" --specs=nano.specs -mfloat-abi=soft -mthumb -o "Core/Src/main.o"
../Core/Src/main.c:433:13: warning: 'NFC_Arm' defined but not used [-Wunused-function]
  433 | static bool NFC_Arm(void) {
      |             ^~~~~~~
../Core/Src/main.c:398:16: warning: 'nfc_armed' defined but not used [-Wunused-variable]
  398 | static uint8_t nfc_armed = 0; /* RAM: zera sozinho a cada perda de VCC */
      |                ^~~~~~~~~
../Core/Src/main.c:84:16: warning: 'i2c_initialized' defined but not used [-Wunused-variable]
   84 | static uint8_t i2c_initialized = 0;
      |                ^~~~~~~~~~~~~~~
arm-none-eabi-gcc -o "TestSTM32L053I2C.elf" @"objects.list"   -mcpu=cortex-m0plus -T"C:\Users\Matheus Markies\Documents\TestSTM32L053I2C\STM32L053C8TX_FLASH.ld" --specs=nosys.specs -Wl,-Map="TestSTM32L053I2C.map" -Wl,--gc-sections -static --specs=nano.specs -mfloat-abi=soft -mthumb -Wl,--start-group -lc -lm -Wl,--end-group
Finished building target: TestSTM32L053I2C.elf
 
arm-none-eabi-size  TestSTM32L053I2C.elf 
arm-none-eabi-objdump -h -S TestSTM32L053I2C.elf  > "TestSTM32L053I2C.list"
   text	   data	    bss	    dec	    hex	filename
  25436	    124	   2220	  27780	   6c84	TestSTM32L053I2C.elf
Finished building: default.size.stdout
 
Finished building: TestSTM32L053I2C.list
 
17:16:24 **** Incremental Build of configuration Debug for project TestSTM32L053I2C ****
make -j12 all 
arm-none-eabi-gcc "../Core/Src/main.c" -mcpu=cortex-m0plus -std=gnu11 -g3 -DDEBUG -DUSE_HAL_DRIVER -DSTM32L053xx -c -I../Core/Inc -I../Drivers/STM32L0xx_HAL_Driver/Inc -I../Drivers/STM32L0xx_HAL_Driver/Inc/Legacy -I../Drivers/CMSIS/Device/ST/STM32L0xx/Include -I../Drivers/CMSIS/Include -O0 -ffunction-sections -fdata-sections -Wall -fstack-usage -fcyclomatic-complexity -MMD -MP -MF"Core/Src/main.d" -MT"Core/Src/main.o" --specs=nano.specs -mfloat-abi=soft -mthumb -o "Core/Src/main.o"
../Core/Src/main.c:433:13: warning: 'NFC_Arm' defined but not used [-Wunused-function]
  433 | static bool NFC_Arm(void) {
      |             ^~~~~~~
../Core/Src/main.c:398:16: warning: 'nfc_armed' defined but not used [-Wunused-variable]
  398 | static uint8_t nfc_armed = 0; /* RAM: zera sozinho a cada perda de VCC */
      |                ^~~~~~~~~
../Core/Src/main.c:84:16: warning: 'i2c_initialized' defined but not used [-Wunused-variable]
   84 | static uint8_t i2c_initialized = 0;
      |                ^~~~~~~~~~~~~~~
arm-none-eabi-gcc -o "TestSTM32L053I2C.elf" @"objects.list"   -mcpu=cortex-m0plus -T"C:\Users\Matheus Markies\Documents\TestSTM32L053I2C\STM32L053C8TX_FLASH.ld" --specs=nosys.specs -Wl,-Map="TestSTM32L053I2C.map" -Wl,--gc-sections -static --specs=nano.specs -mfloat-abi=soft -mthumb -Wl,--start-group -lc -lm -Wl,--end-group
Finished building target: TestSTM32L053I2C.elf
 
arm-none-eabi-size  TestSTM32L053I2C.elf 
arm-none-eabi-objdump -h -S TestSTM32L053I2C.elf  > "TestSTM32L053I2C.list"
   text	   data	    bss	    dec	    hex	filename
  25436	    124	   2220	  27780	   6c84	TestSTM32L053I2C.elf
Finished building: default.size.stdout
 
Finished building: TestSTM32L053I2C.list
 
00:17:08 **** Incremental Build of configuration Debug for project TestSTM32L053I2C ****
make -j12 all 
arm-none-eabi-gcc "../Core/Src/main.c" -mcpu=cortex-m0plus -std=gnu11 -g3 -DDEBUG -DUSE_HAL_DRIVER -DSTM32L053xx -c -I../Core/Inc -I../Drivers/STM32L0xx_HAL_Driver/Inc -I../Drivers/STM32L0xx_HAL_Driver/Inc/Legacy -I../Drivers/CMSIS/Device/ST/STM32L0xx/Include -I../Drivers/CMSIS/Include -O0 -ffunction-sections -fdata-sections -Wall -fstack-usage -fcyclomatic-complexity -MMD -MP -MF"Core/Src/main.d" -MT"Core/Src/main.o" --specs=nano.specs -mfloat-abi=soft -mthumb -o "Core/Src/main.o"
../Core/Src/main.c:627:13: warning: 'mb_was_collected' defined but not used [-Wunused-function]
  627 | static bool mb_was_collected(void) {
      |             ^~~~~~~~~~~~~~~~
../Core/Src/main.c:439:13: warning: 'NFC_Arm' defined but not used [-Wunused-function]
  439 | static bool NFC_Arm(void) {
      |             ^~~~~~~
../Core/Src/main.c:404:16: warning: 'nfc_armed' defined but not used [-Wunused-variable]
  404 | static uint8_t nfc_armed = 0; /* RAM: zera sozinho a cada perda de VCC */
      |                ^~~~~~~~~
../Core/Src/main.c:84:16: warning: 'i2c_initialized' defined but not used [-Wunused-variable]
   84 | static uint8_t i2c_initialized = 0;
      |                ^~~~~~~~~~~~~~~
arm-none-eabi-gcc -o "TestSTM32L053I2C.elf" @"objects.list"   -mcpu=cortex-m0plus -T"C:\Users\Matheus Markies\Documents\TestSTM32L053I2C\STM32L053C8TX_FLASH.ld" --specs=nosys.specs -Wl,-Map="TestSTM32L053I2C.map" -Wl,--gc-sections -static --specs=nano.specs -mfloat-abi=soft -mthumb -Wl,--start-group -lc -lm -Wl,--end-group
Finished building target: TestSTM32L053I2C.elf
 
arm-none-eabi-size  TestSTM32L053I2C.elf 
arm-none-eabi-objdump -h -S TestSTM32L053I2C.elf  > "TestSTM32L053I2C.list"
   text	   data	    bss	    dec	    hex	filename
  25568	    124	   2220	  27912	   6d08	TestSTM32L053I2C.elf
Finished building: default.size.stdout
 
Finished building: TestSTM32L053I2C.list
 
10:24:53 **** Incremental Build of configuration Debug for project TestSTM32L053I2C ****
make -j12 all 
arm-none-eabi-gcc "../Drivers/STM32L0xx_HAL_Driver/Src/stm32l0xx_hal.c" -mcpu=cortex-m0plus -std=gnu11 -g3 -DDEBUG -DUSE_HAL_DRIVER -DSTM32L053xx -c -I../Core/Inc -I../Drivers/STM32L0xx_HAL_Driver/Inc -I../Drivers/STM32L0xx_HAL_Driver/Inc/Legacy -I../Drivers/CMSIS/Device/ST/STM32L0xx/Include -I../Drivers/CMSIS/Include -O0 -ffunction-sections -fdata-sections -Wall -fstack-usage -fcyclomatic-complexity -MMD -MP -MF"Drivers/STM32L0xx_HAL_Driver/Src/stm32l0xx_hal.d" -MT"Drivers/STM32L0xx_HAL_Driver/Src/stm32l0xx_hal.o" --specs=nano.specs -mfloat-abi=soft -mthumb -o "Drivers/STM32L0xx_HAL_Driver/Src/stm32l0xx_hal.o"
arm-none-eabi-gcc "../Drivers/STM32L0xx_HAL_Driver/Src/stm32l0xx_hal_cortex.c" -mcpu=cortex-m0plus -std=gnu11 -g3 -DDEBUG -DUSE_HAL_DRIVER -DSTM32L053xx -c -I../Core/Inc -I../Drivers/STM32L0xx_HAL_Driver/Inc -I../Drivers/STM32L0xx_HAL_Driver/Inc/Legacy -I../Drivers/CMSIS/Device/ST/STM32L0xx/Include -I../Drivers/CMSIS/Include -O0 -ffunction-sections -fdata-sections -Wall -fstack-usage -fcyclomatic-complexity -MMD -MP -MF"Drivers/STM32L0xx_HAL_Driver/Src/stm32l0xx_hal_cortex.d" -MT"Drivers/STM32L0xx_HAL_Driver/Src/stm32l0xx_hal_cortex.o" --specs=nano.specs -mfloat-abi=soft -mthumb -o "Drivers/STM32L0xx_HAL_Driver/Src/stm32l0xx_hal_cortex.o"
arm-none-eabi-gcc "../Drivers/STM32L0xx_HAL_Driver/Src/stm32l0xx_hal_dma.c" -mcpu=cortex-m0plus -std=gnu11 -g3 -DDEBUG -DUSE_HAL_DRIVER -DSTM32L053xx -c -I../Core/Inc -I../Drivers/STM32L0xx_HAL_Driver/Inc -I../Drivers/STM32L0xx_HAL_Driver/Inc/Legacy -I../Drivers/CMSIS/Device/ST/STM32L0xx/Include -I../Drivers/CMSIS/Include -O0 -ffunction-sections -fdata-sections -Wall -fstack-usage -fcyclomatic-complexity -MMD -MP -MF"Drivers/STM32L0xx_HAL_Driver/Src/stm32l0xx_hal_dma.d" -MT"Drivers/STM32L0xx_HAL_Driver/Src/stm32l0xx_hal_dma.o" --specs=nano.specs -mfloat-abi=soft -mthumb -o "Drivers/STM32L0xx_HAL_Driver/Src/stm32l0xx_hal_dma.o"
arm-none-eabi-gcc "../Drivers/STM32L0xx_HAL_Driver/Src/stm32l0xx_hal_exti.c" -mcpu=cortex-m0plus -std=gnu11 -g3 -DDEBUG -DUSE_HAL_DRIVER -DSTM32L053xx -c -I../Core/Inc -I../Drivers/STM32L0xx_HAL_Driver/Inc -I../Drivers/STM32L0xx_HAL_Driver/Inc/Legacy -I../Drivers/CMSIS/Device/ST/STM32L0xx/Include -I../Drivers/CMSIS/Include -O0 -ffunction-sections -fdata-sections -Wall -fstack-usage -fcyclomatic-complexity -MMD -MP -MF"Drivers/STM32L0xx_HAL_Driver/Src/stm32l0xx_hal_exti.d" -MT"Drivers/STM32L0xx_HAL_Driver/Src/stm32l0xx_hal_exti.o" --specs=nano.specs -mfloat-abi=soft -mthumb -o "Drivers/STM32L0xx_HAL_Driver/Src/stm32l0xx_hal_exti.o"
arm-none-eabi-gcc "../Drivers/STM32L0xx_HAL_Driver/Src/stm32l0xx_hal_flash.c" -mcpu=cortex-m0plus -std=gnu11 -g3 -DDEBUG -DUSE_HAL_DRIVER -DSTM32L053xx -c -I../Core/Inc -I../Drivers/STM32L0xx_HAL_Driver/Inc -I../Drivers/STM32L0xx_HAL_Driver/Inc/Legacy -I../Drivers/CMSIS/Device/ST/STM32L0xx/Include -I../Drivers/CMSIS/Include -O0 -ffunction-sections -fdata-sections -Wall -fstack-usage -fcyclomatic-complexity -MMD -MP -MF"Drivers/STM32L0xx_HAL_Driver/Src/stm32l0xx_hal_flash.d" -MT"Drivers/STM32L0xx_HAL_Driver/Src/stm32l0xx_hal_flash.o" --specs=nano.specs -mfloat-abi=soft -mthumb -o "Drivers/STM32L0xx_HAL_Driver/Src/stm32l0xx_hal_flash.o"
arm-none-eabi-gcc "../Drivers/STM32L0xx_HAL_Driver/Src/stm32l0xx_hal_flash_ex.c" -mcpu=cortex-m0plus -std=gnu11 -g3 -DDEBUG -DUSE_HAL_DRIVER -DSTM32L053xx -c -I../Core/Inc -I../Drivers/STM32L0xx_HAL_Driver/Inc -I../Drivers/STM32L0xx_HAL_Driver/Inc/Legacy -I../Drivers/CMSIS/Device/ST/STM32L0xx/Include -I../Drivers/CMSIS/Include -O0 -ffunction-sections -fdata-sections -Wall -fstack-usage -fcyclomatic-complexity -MMD -MP -MF"Drivers/STM32L0xx_HAL_Driver/Src/stm32l0xx_hal_flash_ex.d" -MT"Drivers/STM32L0xx_HAL_Driver/Src/stm32l0xx_hal_flash_ex.o" --specs=nano.specs -mfloat-abi=soft -mthumb -o "Drivers/STM32L0xx_HAL_Driver/Src/stm32l0xx_hal_flash_ex.o"
arm-none-eabi-gcc "../Drivers/STM32L0xx_HAL_Driver/Src/stm32l0xx_hal_flash_ramfunc.c" -mcpu=cortex-m0plus -std=gnu11 -g3 -DDEBUG -DUSE_HAL_DRIVER -DSTM32L053xx -c -I../Core/Inc -I../Drivers/STM32L0xx_HAL_Driver/Inc -I../Drivers/STM32L0xx_HAL_Driver/Inc/Legacy -I../Drivers/CMSIS/Device/ST/STM32L0xx/Include -I../Drivers/CMSIS/Include -O0 -ffunction-sections -fdata-sections -Wall -fstack-usage -fcyclomatic-complexity -MMD -MP -MF"Drivers/STM32L0xx_HAL_Driver/Src/stm32l0xx_hal_flash_ramfunc.d" -MT"Drivers/STM32L0xx_HAL_Driver/Src/stm32l0xx_hal_flash_ramfunc.o" --specs=nano.specs -mfloat-abi=soft -mthumb -o "Drivers/STM32L0xx_HAL_Driver/Src/stm32l0xx_hal_flash_ramfunc.o"
arm-none-eabi-gcc "../Drivers/STM32L0xx_HAL_Driver/Src/stm32l0xx_hal_gpio.c" -mcpu=cortex-m0plus -std=gnu11 -g3 -DDEBUG -DUSE_HAL_DRIVER -DSTM32L053xx -c -I../Core/Inc -I../Drivers/STM32L0xx_HAL_Driver/Inc -I../Drivers/STM32L0xx_HAL_Driver/Inc/Legacy -I../Drivers/CMSIS/Device/ST/STM32L0xx/Include -I../Drivers/CMSIS/Include -O0 -ffunction-sections -fdata-sections -Wall -fstack-usage -fcyclomatic-complexity -MMD -MP -MF"Drivers/STM32L0xx_HAL_Driver/Src/stm32l0xx_hal_gpio.d" -MT"Drivers/STM32L0xx_HAL_Driver/Src/stm32l0xx_hal_gpio.o" --specs=nano.specs -mfloat-abi=soft -mthumb -o "Drivers/STM32L0xx_HAL_Driver/Src/stm32l0xx_hal_gpio.o"
arm-none-eabi-gcc "../Drivers/STM32L0xx_HAL_Driver/Src/stm32l0xx_hal_i2c.c" -mcpu=cortex-m0plus -std=gnu11 -g3 -DDEBUG -DUSE_HAL_DRIVER -DSTM32L053xx -c -I../Core/Inc -I../Drivers/STM32L0xx_HAL_Driver/Inc -I../Drivers/STM32L0xx_HAL_Driver/Inc/Legacy -I../Drivers/CMSIS/Device/ST/STM32L0xx/Include -I../Drivers/CMSIS/Include -O0 -ffunction-sections -fdata-sections -Wall -fstack-usage -fcyclomatic-complexity -MMD -MP -MF"Drivers/STM32L0xx_HAL_Driver/Src/stm32l0xx_hal_i2c.d" -MT"Drivers/STM32L0xx_HAL_Driver/Src/stm32l0xx_hal_i2c.o" --specs=nano.specs -mfloat-abi=soft -mthumb -o "Drivers/STM32L0xx_HAL_Driver/Src/stm32l0xx_hal_i2c.o"
arm-none-eabi-gcc "../Drivers/STM32L0xx_HAL_Driver/Src/stm32l0xx_hal_i2c_ex.c" -mcpu=cortex-m0plus -std=gnu11 -g3 -DDEBUG -DUSE_HAL_DRIVER -DSTM32L053xx -c -I../Core/Inc -I../Drivers/STM32L0xx_HAL_Driver/Inc -I../Drivers/STM32L0xx_HAL_Driver/Inc/Legacy -I../Drivers/CMSIS/Device/ST/STM32L0xx/Include -I../Drivers/CMSIS/Include -O0 -ffunction-sections -fdata-sections -Wall -fstack-usage -fcyclomatic-complexity -MMD -MP -MF"Drivers/STM32L0xx_HAL_Driver/Src/stm32l0xx_hal_i2c_ex.d" -MT"Drivers/STM32L0xx_HAL_Driver/Src/stm32l0xx_hal_i2c_ex.o" --specs=nano.specs -mfloat-abi=soft -mthumb -o "Drivers/STM32L0xx_HAL_Driver/Src/stm32l0xx_hal_i2c_ex.o"
arm-none-eabi-gcc "../Drivers/STM32L0xx_HAL_Driver/Src/stm32l0xx_hal_pwr.c" -mcpu=cortex-m0plus -std=gnu11 -g3 -DDEBUG -DUSE_HAL_DRIVER -DSTM32L053xx -c -I../Core/Inc -I../Drivers/STM32L0xx_HAL_Driver/Inc -I../Drivers/STM32L0xx_HAL_Driver/Inc/Legacy -I../Drivers/CMSIS/Device/ST/STM32L0xx/Include -I../Drivers/CMSIS/Include -O0 -ffunction-sections -fdata-sections -Wall -fstack-usage -fcyclomatic-complexity -MMD -MP -MF"Drivers/STM32L0xx_HAL_Driver/Src/stm32l0xx_hal_pwr.d" -MT"Drivers/STM32L0xx_HAL_Driver/Src/stm32l0xx_hal_pwr.o" --specs=nano.specs -mfloat-abi=soft -mthumb -o "Drivers/STM32L0xx_HAL_Driver/Src/stm32l0xx_hal_pwr.o"
arm-none-eabi-gcc "../Drivers/STM32L0xx_HAL_Driver/Src/stm32l0xx_hal_pwr_ex.c" -mcpu=cortex-m0plus -std=gnu11 -g3 -DDEBUG -DUSE_HAL_DRIVER -DSTM32L053xx -c -I../Core/Inc -I../Drivers/STM32L0xx_HAL_Driver/Inc -I../Drivers/STM32L0xx_HAL_Driver/Inc/Legacy -I../Drivers/CMSIS/Device/ST/STM32L0xx/Include -I../Drivers/CMSIS/Include -O0 -ffunction-sections -fdata-sections -Wall -fstack-usage -fcyclomatic-complexity -MMD -MP -MF"Drivers/STM32L0xx_HAL_Driver/Src/stm32l0xx_hal_pwr_ex.d" -MT"Drivers/STM32L0xx_HAL_Driver/Src/stm32l0xx_hal_pwr_ex.o" --specs=nano.specs -mfloat-abi=soft -mthumb -o "Drivers/STM32L0xx_HAL_Driver/Src/stm32l0xx_hal_pwr_ex.o"
arm-none-eabi-gcc "../Drivers/STM32L0xx_HAL_Driver/Src/stm32l0xx_hal_rcc.c" -mcpu=cortex-m0plus -std=gnu11 -g3 -DDEBUG -DUSE_HAL_DRIVER -DSTM32L053xx -c -I../Core/Inc -I../Drivers/STM32L0xx_HAL_Driver/Inc -I../Drivers/STM32L0xx_HAL_Driver/Inc/Legacy -I../Drivers/CMSIS/Device/ST/STM32L0xx/Include -I../Drivers/CMSIS/Include -O0 -ffunction-sections -fdata-sections -Wall -fstack-usage -fcyclomatic-complexity -MMD -MP -MF"Drivers/STM32L0xx_HAL_Driver/Src/stm32l0xx_hal_rcc.d" -MT"Drivers/STM32L0xx_HAL_Driver/Src/stm32l0xx_hal_rcc.o" --specs=nano.specs -mfloat-abi=soft -mthumb -o "Drivers/STM32L0xx_HAL_Driver/Src/stm32l0xx_hal_rcc.o"
arm-none-eabi-gcc "../Drivers/STM32L0xx_HAL_Driver/Src/stm32l0xx_hal_rcc_ex.c" -mcpu=cortex-m0plus -std=gnu11 -g3 -DDEBUG -DUSE_HAL_DRIVER -DSTM32L053xx -c -I../Core/Inc -I../Drivers/STM32L0xx_HAL_Driver/Inc -I../Drivers/STM32L0xx_HAL_Driver/Inc/Legacy -I../Drivers/CMSIS/Device/ST/STM32L0xx/Include -I../Drivers/CMSIS/Include -O0 -ffunction-sections -fdata-sections -Wall -fstack-usage -fcyclomatic-complexity -MMD -MP -MF"Drivers/STM32L0xx_HAL_Driver/Src/stm32l0xx_hal_rcc_ex.d" -MT"Drivers/STM32L0xx_HAL_Driver/Src/stm32l0xx_hal_rcc_ex.o" --specs=nano.specs -mfloat-abi=soft -mthumb -o "Drivers/STM32L0xx_HAL_Driver/Src/stm32l0xx_hal_rcc_ex.o"
arm-none-eabi-gcc "../Drivers/STM32L0xx_HAL_Driver/Src/stm32l0xx_hal_rtc.c" -mcpu=cortex-m0plus -std=gnu11 -g3 -DDEBUG -DUSE_HAL_DRIVER -DSTM32L053xx -c -I../Core/Inc -I../Drivers/STM32L0xx_HAL_Driver/Inc -I../Drivers/STM32L0xx_HAL_Driver/Inc/Legacy -I../Drivers/CMSIS/Device/ST/STM32L0xx/Include -I../Drivers/CMSIS/Include -O0 -ffunction-sections -fdata-sections -Wall -fstack-usage -fcyclomatic-complexity -MMD -MP -MF"Drivers/STM32L0xx_HAL_Driver/Src/stm32l0xx_hal_rtc.d" -MT"Drivers/STM32L0xx_HAL_Driver/Src/stm32l0xx_hal_rtc.o" --specs=nano.specs -mfloat-abi=soft -mthumb -o "Drivers/STM32L0xx_HAL_Driver/Src/stm32l0xx_hal_rtc.o"
arm-none-eabi-gcc "../Drivers/STM32L0xx_HAL_Driver/Src/stm32l0xx_hal_rtc_ex.c" -mcpu=cortex-m0plus -std=gnu11 -g3 -DDEBUG -DUSE_HAL_DRIVER -DSTM32L053xx -c -I../Core/Inc -I../Drivers/STM32L0xx_HAL_Driver/Inc -I../Drivers/STM32L0xx_HAL_Driver/Inc/Legacy -I../Drivers/CMSIS/Device/ST/STM32L0xx/Include -I../Drivers/CMSIS/Include -O0 -ffunction-sections -fdata-sections -Wall -fstack-usage -fcyclomatic-complexity -MMD -MP -MF"Drivers/STM32L0xx_HAL_Driver/Src/stm32l0xx_hal_rtc_ex.d" -MT"Drivers/STM32L0xx_HAL_Driver/Src/stm32l0xx_hal_rtc_ex.o" --specs=nano.specs -mfloat-abi=soft -mthumb -o "Drivers/STM32L0xx_HAL_Driver/Src/stm32l0xx_hal_rtc_ex.o"
arm-none-eabi-gcc "../Drivers/STM32L0xx_HAL_Driver/Src/stm32l0xx_hal_uart.c" -mcpu=cortex-m0plus -std=gnu11 -g3 -DDEBUG -DUSE_HAL_DRIVER -DSTM32L053xx -c -I../Core/Inc -I../Drivers/STM32L0xx_HAL_Driver/Inc -I../Drivers/STM32L0xx_HAL_Driver/Inc/Legacy -I../Drivers/CMSIS/Device/ST/STM32L0xx/Include -I../Drivers/CMSIS/Include -O0 -ffunction-sections -fdata-sections -Wall -fstack-usage -fcyclomatic-complexity -MMD -MP -MF"Drivers/STM32L0xx_HAL_Driver/Src/stm32l0xx_hal_uart.d" -MT"Drivers/STM32L0xx_HAL_Driver/Src/stm32l0xx_hal_uart.o" --specs=nano.specs -mfloat-abi=soft -mthumb -o "Drivers/STM32L0xx_HAL_Driver/Src/stm32l0xx_hal_uart.o"
arm-none-eabi-gcc "../Drivers/STM32L0xx_HAL_Driver/Src/stm32l0xx_hal_uart_ex.c" -mcpu=cortex-m0plus -std=gnu11 -g3 -DDEBUG -DUSE_HAL_DRIVER -DSTM32L053xx -c -I../Core/Inc -I../Drivers/STM32L0xx_HAL_Driver/Inc -I../Drivers/STM32L0xx_HAL_Driver/Inc/Legacy -I../Drivers/CMSIS/Device/ST/STM32L0xx/Include -I../Drivers/CMSIS/Include -O0 -ffunction-sections -fdata-sections -Wall -fstack-usage -fcyclomatic-complexity -MMD -MP -MF"Drivers/STM32L0xx_HAL_Driver/Src/stm32l0xx_hal_uart_ex.d" -MT"Drivers/STM32L0xx_HAL_Driver/Src/stm32l0xx_hal_uart_ex.o" --specs=nano.specs -mfloat-abi=soft -mthumb -o "Drivers/STM32L0xx_HAL_Driver/Src/stm32l0xx_hal_uart_ex.o"
arm-none-eabi-gcc "../Core/Src/main.c" -mcpu=cortex-m0plus -std=gnu11 -g3 -DDEBUG -DUSE_HAL_DRIVER -DSTM32L053xx -c -I../Core/Inc -I../Drivers/STM32L0xx_HAL_Driver/Inc -I../Drivers/STM32L0xx_HAL_Driver/Inc/Legacy -I../Drivers/CMSIS/Device/ST/STM32L0xx/Include -I../Drivers/CMSIS/Include -O0 -ffunction-sections -fdata-sections -Wall -fstack-usage -fcyclomatic-complexity -MMD -MP -MF"Core/Src/main.d" -MT"Core/Src/main.o" --specs=nano.specs -mfloat-abi=soft -mthumb -o "Core/Src/main.o"
arm-none-eabi-gcc "../Core/Src/stm32l0xx_hal_msp.c" -mcpu=cortex-m0plus -std=gnu11 -g3 -DDEBUG -DUSE_HAL_DRIVER -DSTM32L053xx -c -I../Core/Inc -I../Drivers/STM32L0xx_HAL_Driver/Inc -I../Drivers/STM32L0xx_HAL_Driver/Inc/Legacy -I../Drivers/CMSIS/Device/ST/STM32L0xx/Include -I../Drivers/CMSIS/Include -O0 -ffunction-sections -fdata-sections -Wall -fstack-usage -fcyclomatic-complexity -MMD -MP -MF"Core/Src/stm32l0xx_hal_msp.d" -MT"Core/Src/stm32l0xx_hal_msp.o" --specs=nano.specs -mfloat-abi=soft -mthumb -o "Core/Src/stm32l0xx_hal_msp.o"
arm-none-eabi-gcc "../Core/Src/stm32l0xx_it.c" -mcpu=cortex-m0plus -std=gnu11 -g3 -DDEBUG -DUSE_HAL_DRIVER -DSTM32L053xx -c -I../Core/Inc -I../Drivers/STM32L0xx_HAL_Driver/Inc -I../Drivers/STM32L0xx_HAL_Driver/Inc/Legacy -I../Drivers/CMSIS/Device/ST/STM32L0xx/Include -I../Drivers/CMSIS/Include -O0 -ffunction-sections -fdata-sections -Wall -fstack-usage -fcyclomatic-complexity -MMD -MP -MF"Core/Src/stm32l0xx_it.d" -MT"Core/Src/stm32l0xx_it.o" --specs=nano.specs -mfloat-abi=soft -mthumb -o "Core/Src/stm32l0xx_it.o"
arm-none-eabi-gcc "../Core/Src/system_stm32l0xx.c" -mcpu=cortex-m0plus -std=gnu11 -g3 -DDEBUG -DUSE_HAL_DRIVER -DSTM32L053xx -c -I../Core/Inc -I../Drivers/STM32L0xx_HAL_Driver/Inc -I../Drivers/STM32L0xx_HAL_Driver/Inc/Legacy -I../Drivers/CMSIS/Device/ST/STM32L0xx/Include -I../Drivers/CMSIS/Include -O0 -ffunction-sections -fdata-sections -Wall -fstack-usage -fcyclomatic-complexity -MMD -MP -MF"Core/Src/system_stm32l0xx.d" -MT"Core/Src/system_stm32l0xx.o" --specs=nano.specs -mfloat-abi=soft -mthumb -o "Core/Src/system_stm32l0xx.o"
../Core/Src/main.c:626:13: warning: 'mb_was_collected' defined but not used [-Wunused-function]
  626 | static bool mb_was_collected(void) {
      |             ^~~~~~~~~~~~~~~~
../Core/Src/main.c:438:13: warning: 'NFC_Arm' defined but not used [-Wunused-function]
  438 | static bool NFC_Arm(void) {
      |             ^~~~~~~
../Core/Src/main.c:403:16: warning: 'nfc_armed' defined but not used [-Wunused-variable]
  403 | static uint8_t nfc_armed = 0; /* RAM: zera sozinho a cada perda de VCC */
      |                ^~~~~~~~~
../Core/Src/main.c:84:16: warning: 'i2c_initialized' defined but not used [-Wunused-variable]
   84 | static uint8_t i2c_initialized = 0;
      |                ^~~~~~~~~~~~~~~
arm-none-eabi-gcc -o "TestSTM32L053I2C.elf" @"objects.list"   -mcpu=cortex-m0plus -T"C:\Users\Matheus Markies\Documents\TestSTM32L053I2C\STM32L053C8TX_FLASH.ld" --specs=nosys.specs -Wl,-Map="TestSTM32L053I2C.map" -Wl,--gc-sections -static --specs=nano.specs -mfloat-abi=soft -mthumb -Wl,--start-group -lc -lm -Wl,--end-group
Finished building target: TestSTM32L053I2C.elf
 
arm-none-eabi-size  TestSTM32L053I2C.elf 
arm-none-eabi-objdump -h -S TestSTM32L053I2C.elf  > "TestSTM32L053I2C.list"
   text	   data	    bss	    dec	    hex	filename
  30120	    124	   2220	  32464	   7ed0	TestSTM32L053I2C.elf
Finished building: default.size.stdout
 
Finished building: TestSTM32L053I2C.list
 
12:51:03 **** Incremental Build of configuration Debug for project TestSTM32L053I2C ****
make -j12 all 
arm-none-eabi-gcc "../Core/Src/main.c" -mcpu=cortex-m0plus -std=gnu11 -g3 -DDEBUG -DUSE_HAL_DRIVER -DSTM32L053xx -c -I../Core/Inc -I../Drivers/STM32L0xx_HAL_Driver/Inc -I../Drivers/STM32L0xx_HAL_Driver/Inc/Legacy -I../Drivers/CMSIS/Device/ST/STM32L0xx/Include -I../Drivers/CMSIS/Include -O0 -ffunction-sections -fdata-sections -Wall -fstack-usage -fcyclomatic-complexity -MMD -MP -MF"Core/Src/main.d" -MT"Core/Src/main.o" --specs=nano.specs -mfloat-abi=soft -mthumb -o "Core/Src/main.o"
../Core/Src/main.c:438:13: warning: 'NFC_Arm' defined but not used [-Wunused-function]
  438 | static bool NFC_Arm(void) {
      |             ^~~~~~~
../Core/Src/main.c:403:16: warning: 'nfc_armed' defined but not used [-Wunused-variable]
  403 | static uint8_t nfc_armed = 0; /* RAM: zera sozinho a cada perda de VCC */
      |                ^~~~~~~~~
../Core/Src/main.c:84:16: warning: 'i2c_initialized' defined but not used [-Wunused-variable]
   84 | static uint8_t i2c_initialized = 0;
      |                ^~~~~~~~~~~~~~~
arm-none-eabi-gcc -o "TestSTM32L053I2C.elf" @"objects.list"   -mcpu=cortex-m0plus -T"C:\Users\Matheus Markies\Documents\TestSTM32L053I2C\STM32L053C8TX_FLASH.ld" --specs=nosys.specs -Wl,-Map="TestSTM32L053I2C.map" -Wl,--gc-sections -static --specs=nano.specs -mfloat-abi=soft -mthumb -Wl,--start-group -lc -lm -Wl,--end-group
Finished building target: TestSTM32L053I2C.elf
 
arm-none-eabi-size  TestSTM32L053I2C.elf 
arm-none-eabi-objdump -h -S TestSTM32L053I2C.elf  > "TestSTM32L053I2C.list"
   text	   data	    bss	    dec	    hex	filename
  30212	    124	   2220	  32556	   7f2c	TestSTM32L053I2C.elf
Finished building: default.size.stdout
 
Finished building: TestSTM32L053I2C.list
 
12:54:56 **** Incremental Build of configuration Debug for project TestSTM32L053I2C ****
make -j12 all 
arm-none-eabi-gcc "../Core/Src/main.c" -mcpu=cortex-m0plus -std=gnu11 -g3 -DDEBUG -DUSE_HAL_DRIVER -DSTM32L053xx -c -I../Core/Inc -I../Drivers/STM32L0xx_HAL_Driver/Inc -I../Drivers/STM32L0xx_HAL_Driver/Inc/Legacy -I../Drivers/CMSIS/Device/ST/STM32L0xx/Include -I../Drivers/CMSIS/Include -O0 -ffunction-sections -fdata-sections -Wall -fstack-usage -fcyclomatic-complexity -MMD -MP -MF"Core/Src/main.d" -MT"Core/Src/main.o" --specs=nano.specs -mfloat-abi=soft -mthumb -o "Core/Src/main.o"
../Core/Src/main.c:438:13: warning: 'NFC_Arm' defined but not used [-Wunused-function]
  438 | static bool NFC_Arm(void) {
      |             ^~~~~~~
../Core/Src/main.c:403:16: warning: 'nfc_armed' defined but not used [-Wunused-variable]
  403 | static uint8_t nfc_armed = 0; /* RAM: zera sozinho a cada perda de VCC */
      |                ^~~~~~~~~
../Core/Src/main.c:84:16: warning: 'i2c_initialized' defined but not used [-Wunused-variable]
   84 | static uint8_t i2c_initialized = 0;
      |                ^~~~~~~~~~~~~~~
arm-none-eabi-gcc -o "TestSTM32L053I2C.elf" @"objects.list"   -mcpu=cortex-m0plus -T"C:\Users\Matheus Markies\Documents\TestSTM32L053I2C\STM32L053C8TX_FLASH.ld" --specs=nosys.specs -Wl,-Map="TestSTM32L053I2C.map" -Wl,--gc-sections -static --specs=nano.specs -mfloat-abi=soft -mthumb -Wl,--start-group -lc -lm -Wl,--end-group
Finished building target: TestSTM32L053I2C.elf
 
arm-none-eabi-size  TestSTM32L053I2C.elf 
arm-none-eabi-objdump -h -S TestSTM32L053I2C.elf  > "TestSTM32L053I2C.list"
   text	   data	    bss	    dec	    hex	filename
  25640	    124	   2220	  27984	   6d50	TestSTM32L053I2C.elf
Finished building: default.size.stdout
 
Finished building: TestSTM32L053I2C.list
 
13:29:38 **** Incremental Build of configuration Debug for project TestSTM32L053I2C ****
make -j12 all 
arm-none-eabi-gcc "../Core/Src/main.c" -mcpu=cortex-m0plus -std=gnu11 -g3 -DDEBUG -DUSE_HAL_DRIVER -DSTM32L053xx -c -I../Core/Inc -I../Drivers/STM32L0xx_HAL_Driver/Inc -I../Drivers/STM32L0xx_HAL_Driver/Inc/Legacy -I../Drivers/CMSIS/Device/ST/STM32L0xx/Include -I../Drivers/CMSIS/Include -O0 -ffunction-sections -fdata-sections -Wall -fstack-usage -fcyclomatic-complexity -MMD -MP -MF"Core/Src/main.d" -MT"Core/Src/main.o" --specs=nano.specs -mfloat-abi=soft -mthumb -o "Core/Src/main.o"
../Core/Src/main.c:650:13: warning: 'mb_was_collected' defined but not used [-Wunused-function]
  650 | static bool mb_was_collected(void) {
      |             ^~~~~~~~~~~~~~~~
../Core/Src/main.c:462:13: warning: 'NFC_Arm' defined but not used [-Wunused-function]
  462 | static bool NFC_Arm(void) {
      |             ^~~~~~~
../Core/Src/main.c:427:16: warning: 'nfc_armed' defined but not used [-Wunused-variable]
  427 | static uint8_t nfc_armed = 0; /* RAM: zera sozinho a cada perda de VCC */
      |                ^~~~~~~~~
../Core/Src/main.c:84:16: warning: 'i2c_initialized' defined but not used [-Wunused-variable]
   84 | static uint8_t i2c_initialized = 0;
      |                ^~~~~~~~~~~~~~~
arm-none-eabi-gcc -o "TestSTM32L053I2C.elf" @"objects.list"   -mcpu=cortex-m0plus -T"C:\Users\Matheus Markies\Documents\TestSTM32L053I2C\STM32L053C8TX_FLASH.ld" --specs=nosys.specs -Wl,-Map="TestSTM32L053I2C.map" -Wl,--gc-sections -static --specs=nano.specs -mfloat-abi=soft -mthumb -Wl,--start-group -lc -lm -Wl,--end-group
Finished building target: TestSTM32L053I2C.elf
 
arm-none-eabi-size  TestSTM32L053I2C.elf 
arm-none-eabi-objdump -h -S TestSTM32L053I2C.elf  > "TestSTM32L053I2C.list"
   text	   data	    bss	    dec	    hex	filename
  26220	    124	   2220	  28564	   6f94	TestSTM32L053I2C.elf
Finished building: default.size.stdout
 
Finished building: TestSTM32L053I2C.list
 
13:31:59 **** Incremental Build of configuration Debug for project TestSTM32L053I2C ****
make -j12 all 
arm-none-eabi-gcc "../Core/Src/main.c" -mcpu=cortex-m0plus -std=gnu11 -g3 -DDEBUG -DUSE_HAL_DRIVER -DSTM32L053xx -c -I../Core/Inc -I../Drivers/STM32L0xx_HAL_Driver/Inc -I../Drivers/STM32L0xx_HAL_Driver/Inc/Legacy -I../Drivers/CMSIS/Device/ST/STM32L0xx/Include -I../Drivers/CMSIS/Include -O0 -ffunction-sections -fdata-sections -Wall -fstack-usage -fcyclomatic-complexity -MMD -MP -MF"Core/Src/main.d" -MT"Core/Src/main.o" --specs=nano.specs -mfloat-abi=soft -mthumb -o "Core/Src/main.o"
../Core/Src/main.c:650:13: warning: 'mb_was_collected' defined but not used [-Wunused-function]
  650 | static bool mb_was_collected(void) {
      |             ^~~~~~~~~~~~~~~~
../Core/Src/main.c:462:13: warning: 'NFC_Arm' defined but not used [-Wunused-function]
  462 | static bool NFC_Arm(void) {
      |             ^~~~~~~
../Core/Src/main.c:427:16: warning: 'nfc_armed' defined but not used [-Wunused-variable]
  427 | static uint8_t nfc_armed = 0; /* RAM: zera sozinho a cada perda de VCC */
      |                ^~~~~~~~~
../Core/Src/main.c:84:16: warning: 'i2c_initialized' defined but not used [-Wunused-variable]
   84 | static uint8_t i2c_initialized = 0;
      |                ^~~~~~~~~~~~~~~
arm-none-eabi-gcc -o "TestSTM32L053I2C.elf" @"objects.list"   -mcpu=cortex-m0plus -T"C:\Users\Matheus Markies\Documents\TestSTM32L053I2C\STM32L053C8TX_FLASH.ld" --specs=nosys.specs -Wl,-Map="TestSTM32L053I2C.map" -Wl,--gc-sections -static --specs=nano.specs -mfloat-abi=soft -mthumb -Wl,--start-group -lc -lm -Wl,--end-group
Finished building target: TestSTM32L053I2C.elf
 
arm-none-eabi-size  TestSTM32L053I2C.elf 
arm-none-eabi-objdump -h -S TestSTM32L053I2C.elf  > "TestSTM32L053I2C.list"
   text	   data	    bss	    dec	    hex	filename
  30652	    124	   2220	  32996	   80e4	TestSTM32L053I2C.elf
Finished building: default.size.stdout
 
Finished building: TestSTM32L053I2C.list
 
14:23:43 **** Incremental Build of configuration Debug for project TestSTM32L053I2C ****
make -j12 all 
arm-none-eabi-gcc "../Core/Src/main.c" -mcpu=cortex-m0plus -std=gnu11 -g3 -DDEBUG -DUSE_HAL_DRIVER -DSTM32L053xx -c -I../Core/Inc -I../Drivers/STM32L0xx_HAL_Driver/Inc -I../Drivers/STM32L0xx_HAL_Driver/Inc/Legacy -I../Drivers/CMSIS/Device/ST/STM32L0xx/Include -I../Drivers/CMSIS/Include -O0 -ffunction-sections -fdata-sections -Wall -fstack-usage -fcyclomatic-complexity -MMD -MP -MF"Core/Src/main.d" -MT"Core/Src/main.o" --specs=nano.specs -mfloat-abi=soft -mthumb -o "Core/Src/main.o"
../Core/Src/main.c: In function 'main':
../Core/Src/main.c:719:25: warning: implicit declaration of function 'peripherals_wake' [-Wimplicit-function-declaration]
  719 |                         peripherals_wake();
      |                         ^~~~~~~~~~~~~~~~
../Core/Src/main.c: At top level:
../Core/Src/main.c:627:13: warning: 'mb_was_collected' defined but not used [-Wunused-function]
  627 | static bool mb_was_collected(void) {
      |             ^~~~~~~~~~~~~~~~
../Core/Src/main.c:439:13: warning: 'NFC_Arm' defined but not used [-Wunused-function]
  439 | static bool NFC_Arm(void) {
      |             ^~~~~~~
../Core/Src/main.c:404:16: warning: 'nfc_armed' defined but not used [-Wunused-variable]
  404 | static uint8_t nfc_armed = 0; /* RAM: zera sozinho a cada perda de VCC */
      |                ^~~~~~~~~
../Core/Src/main.c:84:16: warning: 'i2c_initialized' defined but not used [-Wunused-variable]
   84 | static uint8_t i2c_initialized = 0;
      |                ^~~~~~~~~~~~~~~
arm-none-eabi-gcc -o "TestSTM32L053I2C.elf" @"objects.list"   -mcpu=cortex-m0plus -T"C:\Users\Matheus Markies\Documents\TestSTM32L053I2C\STM32L053C8TX_FLASH.ld" --specs=nosys.specs -Wl,-Map="TestSTM32L053I2C.map" -Wl,--gc-sections -static --specs=nano.specs -mfloat-abi=soft -mthumb -Wl,--start-group -lc -lm -Wl,--end-group
C:/ST/STM32CubeIDE_1.16.1/STM32CubeIDE/plugins/com.st.stm32cube.ide.mcu.externaltools.gnu-tools-for-stm32.13.3.rel1.win32_1.0.100.202509120712/tools/bin/../lib/gcc/arm-none-eabi/13.3.1/../../../../arm-none-eabi/bin/ld.exe: ./Core/Src/main.o: in function `main':
C:/Users/Matheus Markies/Documents/TestSTM32L053I2C/Debug/../Core/Src/main.c:719:(.text.main+0x126): undefined reference to `peripherals_wake'
C:/ST/STM32CubeIDE_1.16.1/STM32CubeIDE/plugins/com.st.stm32cube.ide.mcu.externaltools.gnu-tools-for-stm32.13.3.rel1.win32_1.0.100.202509120712/tools/bin/../lib/gcc/arm-none-eabi/13.3.1/../../../../arm-none-eabi/bin/ld.exe: C:/Users/Matheus Markies/Documents/TestSTM32L053I2C/Debug/../Core/Src/main.c:736:(.text.main+0x178): undefined reference to `peripherals_wake'
C:/ST/STM32CubeIDE_1.16.1/STM32CubeIDE/plugins/com.st.stm32cube.ide.mcu.externaltools.gnu-tools-for-stm32.13.3.rel1.win32_1.0.100.202509120712/tools/bin/../lib/gcc/arm-none-eabi/13.3.1/../../../../arm-none-eabi/bin/ld.exe: C:/Users/Matheus Markies/Documents/TestSTM32L053I2C/Debug/../Core/Src/main.c:753:(.text.main+0x1e0): undefined reference to `peripherals_wake'
C:/ST/STM32CubeIDE_1.16.1/STM32CubeIDE/plugins/com.st.stm32cube.ide.mcu.externaltools.gnu-tools-for-stm32.13.3.rel1.win32_1.0.100.202509120712/tools/bin/../lib/gcc/arm-none-eabi/13.3.1/../../../../arm-none-eabi/bin/ld.exe: C:/Users/Matheus Markies/Documents/TestSTM32L053I2C/Debug/../Core/Src/main.c:768:(.text.main+0x24c): undefined reference to `peripherals_wake'
C:/ST/STM32CubeIDE_1.16.1/STM32CubeIDE/plugins/com.st.stm32cube.ide.mcu.externaltools.gnu-tools-for-stm32.13.3.rel1.win32_1.0.100.202509120712/tools/bin/../lib/gcc/arm-none-eabi/13.3.1/../../../../arm-none-eabi/bin/ld.exe: C:/Users/Matheus Markies/Documents/TestSTM32L053I2C/Debug/../Core/Src/main.c:791:(.text.main+0x2c0): undefined reference to `peripherals_wake'
collect2.exe: error: ld returned 1 exit status
make: *** [makefile:64: TestSTM32L053I2C.elf] Error 1
"make -j12 all" terminated with exit code 2. Build might be incomplete.
14:25:22 **** Incremental Build of configuration Debug for project TestSTM32L053I2C ****
make -j12 all 
arm-none-eabi-gcc "../Core/Src/main.c" -mcpu=cortex-m0plus -std=gnu11 -g3 -DDEBUG -DUSE_HAL_DRIVER -DSTM32L053xx -c -I../Core/Inc -I../Drivers/STM32L0xx_HAL_Driver/Inc -I../Drivers/STM32L0xx_HAL_Driver/Inc/Legacy -I../Drivers/CMSIS/Device/ST/STM32L0xx/Include -I../Drivers/CMSIS/Include -O0 -ffunction-sections -fdata-sections -Wall -fstack-usage -fcyclomatic-complexity -MMD -MP -MF"Core/Src/main.d" -MT"Core/Src/main.o" --specs=nano.specs -mfloat-abi=soft -mthumb -o "Core/Src/main.o"
../Core/Src/main.c:639:13: warning: 'mb_was_collected' defined but not used [-Wunused-function]
  639 | static bool mb_was_collected(void) {
      |             ^~~~~~~~~~~~~~~~
../Core/Src/main.c:451:13: warning: 'NFC_Arm' defined but not used [-Wunused-function]
  451 | static bool NFC_Arm(void) {
      |             ^~~~~~~
../Core/Src/main.c:416:16: warning: 'nfc_armed' defined but not used [-Wunused-variable]
  416 | static uint8_t nfc_armed = 0; /* RAM: zera sozinho a cada perda de VCC */
      |                ^~~~~~~~~
../Core/Src/main.c:84:16: warning: 'i2c_initialized' defined but not used [-Wunused-variable]
   84 | static uint8_t i2c_initialized = 0;
      |                ^~~~~~~~~~~~~~~
arm-none-eabi-gcc -o "TestSTM32L053I2C.elf" @"objects.list"   -mcpu=cortex-m0plus -T"C:\Users\Matheus Markies\Documents\TestSTM32L053I2C\STM32L053C8TX_FLASH.ld" --specs=nosys.specs -Wl,-Map="TestSTM32L053I2C.map" -Wl,--gc-sections -static --specs=nano.specs -mfloat-abi=soft -mthumb -Wl,--start-group -lc -lm -Wl,--end-group
Finished building target: TestSTM32L053I2C.elf
 
arm-none-eabi-size  TestSTM32L053I2C.elf 
arm-none-eabi-objdump -h -S TestSTM32L053I2C.elf  > "TestSTM32L053I2C.list"
   text	   data	    bss	    dec	    hex	filename
  30688	    124	   2220	  33032	   8108	TestSTM32L053I2C.elf
Finished building: default.size.stdout
 
Finished building: TestSTM32L053I2C.list
 
14:31:13 **** Incremental Build of configuration Debug for project TestSTM32L053I2C ****
make -j12 all 
arm-none-eabi-gcc "../Core/Src/main.c" -mcpu=cortex-m0plus -std=gnu11 -g3 -DDEBUG -DUSE_HAL_DRIVER -DSTM32L053xx -c -I../Core/Inc -I../Drivers/STM32L0xx_HAL_Driver/Inc -I../Drivers/STM32L0xx_HAL_Driver/Inc/Legacy -I../Drivers/CMSIS/Device/ST/STM32L0xx/Include -I../Drivers/CMSIS/Include -O0 -ffunction-sections -fdata-sections -Wall -fstack-usage -fcyclomatic-complexity -MMD -MP -MF"Core/Src/main.d" -MT"Core/Src/main.o" --specs=nano.specs -mfloat-abi=soft -mthumb -o "Core/Src/main.o"
../Core/Src/main.c:638:13: warning: 'mb_was_collected' defined but not used [-Wunused-function]
  638 | static bool mb_was_collected(void) {
      |             ^~~~~~~~~~~~~~~~
../Core/Src/main.c:450:13: warning: 'NFC_Arm' defined but not used [-Wunused-function]
  450 | static bool NFC_Arm(void) {
      |             ^~~~~~~
../Core/Src/main.c:415:16: warning: 'nfc_armed' defined but not used [-Wunused-variable]
  415 | static uint8_t nfc_armed = 0; /* RAM: zera sozinho a cada perda de VCC */
      |                ^~~~~~~~~
../Core/Src/main.c:84:16: warning: 'i2c_initialized' defined but not used [-Wunused-variable]
   84 | static uint8_t i2c_initialized = 0;
      |                ^~~~~~~~~~~~~~~
arm-none-eabi-gcc -o "TestSTM32L053I2C.elf" @"objects.list"   -mcpu=cortex-m0plus -T"C:\Users\Matheus Markies\Documents\TestSTM32L053I2C\STM32L053C8TX_FLASH.ld" --specs=nosys.specs -Wl,-Map="TestSTM32L053I2C.map" -Wl,--gc-sections -static --specs=nano.specs -mfloat-abi=soft -mthumb -Wl,--start-group -lc -lm -Wl,--end-group
Finished building target: TestSTM32L053I2C.elf
 
arm-none-eabi-size  TestSTM32L053I2C.elf 
arm-none-eabi-objdump -h -S TestSTM32L053I2C.elf  > "TestSTM32L053I2C.list"
   text	   data	    bss	    dec	    hex	filename
  30688	    124	   2220	  33032	   8108	TestSTM32L053I2C.elf
Finished building: default.size.stdout
 
Finished building: TestSTM32L053I2C.list
 
14:35:10 **** Incremental Build of configuration Debug for project TestSTM32L053I2C ****
make -j12 all 
arm-none-eabi-gcc "../Core/Src/main.c" -mcpu=cortex-m0plus -std=gnu11 -g3 -DDEBUG -DUSE_HAL_DRIVER -DSTM32L053xx -c -I../Core/Inc -I../Drivers/STM32L0xx_HAL_Driver/Inc -I../Drivers/STM32L0xx_HAL_Driver/Inc/Legacy -I../Drivers/CMSIS/Device/ST/STM32L0xx/Include -I../Drivers/CMSIS/Include -O0 -ffunction-sections -fdata-sections -Wall -fstack-usage -fcyclomatic-complexity -MMD -MP -MF"Core/Src/main.d" -MT"Core/Src/main.o" --specs=nano.specs -mfloat-abi=soft -mthumb -o "Core/Src/main.o"
../Core/Src/main.c:641:13: warning: 'mb_was_collected' defined but not used [-Wunused-function]
  641 | static bool mb_was_collected(void) {
      |             ^~~~~~~~~~~~~~~~
../Core/Src/main.c:453:13: warning: 'NFC_Arm' defined but not used [-Wunused-function]
  453 | static bool NFC_Arm(void) {
      |             ^~~~~~~
../Core/Src/main.c:418:16: warning: 'nfc_armed' defined but not used [-Wunused-variable]
  418 | static uint8_t nfc_armed = 0; /* RAM: zera sozinho a cada perda de VCC */
      |                ^~~~~~~~~
../Core/Src/main.c:84:16: warning: 'i2c_initialized' defined but not used [-Wunused-variable]
   84 | static uint8_t i2c_initialized = 0;
      |                ^~~~~~~~~~~~~~~
arm-none-eabi-gcc -o "TestSTM32L053I2C.elf" @"objects.list"   -mcpu=cortex-m0plus -T"C:\Users\Matheus Markies\Documents\TestSTM32L053I2C\STM32L053C8TX_FLASH.ld" --specs=nosys.specs -Wl,-Map="TestSTM32L053I2C.map" -Wl,--gc-sections -static --specs=nano.specs -mfloat-abi=soft -mthumb -Wl,--start-group -lc -lm -Wl,--end-group
Finished building target: TestSTM32L053I2C.elf
 
arm-none-eabi-size  TestSTM32L053I2C.elf 
arm-none-eabi-objdump -h -S TestSTM32L053I2C.elf  > "TestSTM32L053I2C.list"
   text	   data	    bss	    dec	    hex	filename
  30696	    124	   2220	  33040	   8110	TestSTM32L053I2C.elf
Finished building: default.size.stdout
 
Finished building: TestSTM32L053I2C.list
 
14:44:12 **** Incremental Build of configuration Debug for project TestSTM32L053I2C ****
make -j12 all 
arm-none-eabi-gcc "../Core/Src/main.c" -mcpu=cortex-m0plus -std=gnu11 -g3 -DDEBUG -DUSE_HAL_DRIVER -DSTM32L053xx -c -I../Core/Inc -I../Drivers/STM32L0xx_HAL_Driver/Inc -I../Drivers/STM32L0xx_HAL_Driver/Inc/Legacy -I../Drivers/CMSIS/Device/ST/STM32L0xx/Include -I../Drivers/CMSIS/Include -O0 -ffunction-sections -fdata-sections -Wall -fstack-usage -fcyclomatic-complexity -MMD -MP -MF"Core/Src/main.d" -MT"Core/Src/main.o" --specs=nano.specs -mfloat-abi=soft -mthumb -o "Core/Src/main.o"
../Core/Src/main.c:651:13: warning: 'mb_was_collected' defined but not used [-Wunused-function]
  651 | static bool mb_was_collected(void) {
      |             ^~~~~~~~~~~~~~~~
../Core/Src/main.c:463:13: warning: 'NFC_Arm' defined but not used [-Wunused-function]
  463 | static bool NFC_Arm(void) {
      |             ^~~~~~~
../Core/Src/main.c:428:16: warning: 'nfc_armed' defined but not used [-Wunused-variable]
  428 | static uint8_t nfc_armed = 0; /* RAM: zera sozinho a cada perda de VCC */
      |                ^~~~~~~~~
../Core/Src/main.c:84:16: warning: 'i2c_initialized' defined but not used [-Wunused-variable]
   84 | static uint8_t i2c_initialized = 0;
      |                ^~~~~~~~~~~~~~~
arm-none-eabi-gcc -o "TestSTM32L053I2C.elf" @"objects.list"   -mcpu=cortex-m0plus -T"C:\Users\Matheus Markies\Documents\TestSTM32L053I2C\STM32L053C8TX_FLASH.ld" --specs=nosys.specs -Wl,-Map="TestSTM32L053I2C.map" -Wl,--gc-sections -static --specs=nano.specs -mfloat-abi=soft -mthumb -Wl,--start-group -lc -lm -Wl,--end-group
Finished building target: TestSTM32L053I2C.elf
 
arm-none-eabi-size  TestSTM32L053I2C.elf 
arm-none-eabi-objdump -h -S TestSTM32L053I2C.elf  > "TestSTM32L053I2C.list"
   text	   data	    bss	    dec	    hex	filename
  30732	    124	   2220	  33076	   8134	TestSTM32L053I2C.elf
Finished building: default.size.stdout
 
Finished building: TestSTM32L053I2C.list
 
14:48:15 **** Incremental Build of configuration Debug for project TestSTM32L053I2C ****
make -j12 all 
arm-none-eabi-gcc "../Core/Src/main.c" -mcpu=cortex-m0plus -std=gnu11 -g3 -DDEBUG -DUSE_HAL_DRIVER -DSTM32L053xx -c -I../Core/Inc -I../Drivers/STM32L0xx_HAL_Driver/Inc -I../Drivers/STM32L0xx_HAL_Driver/Inc/Legacy -I../Drivers/CMSIS/Device/ST/STM32L0xx/Include -I../Drivers/CMSIS/Include -O0 -ffunction-sections -fdata-sections -Wall -fstack-usage -fcyclomatic-complexity -MMD -MP -MF"Core/Src/main.d" -MT"Core/Src/main.o" --specs=nano.specs -mfloat-abi=soft -mthumb -o "Core/Src/main.o"
../Core/Src/main.c:662:13: warning: 'mb_was_collected' defined but not used [-Wunused-function]
  662 | static bool mb_was_collected(void) {
      |             ^~~~~~~~~~~~~~~~
../Core/Src/main.c:474:13: warning: 'NFC_Arm' defined but not used [-Wunused-function]
  474 | static bool NFC_Arm(void) {
      |             ^~~~~~~
../Core/Src/main.c:439:16: warning: 'nfc_armed' defined but not used [-Wunused-variable]
  439 | static uint8_t nfc_armed = 0; /* RAM: zera sozinho a cada perda de VCC */
      |                ^~~~~~~~~
../Core/Src/main.c:84:16: warning: 'i2c_initialized' defined but not used [-Wunused-variable]
   84 | static uint8_t i2c_initialized = 0;
      |                ^~~~~~~~~~~~~~~
arm-none-eabi-gcc -o "TestSTM32L053I2C.elf" @"objects.list"   -mcpu=cortex-m0plus -T"C:\Users\Matheus Markies\Documents\TestSTM32L053I2C\STM32L053C8TX_FLASH.ld" --specs=nosys.specs -Wl,-Map="TestSTM32L053I2C.map" -Wl,--gc-sections -static --specs=nano.specs -mfloat-abi=soft -mthumb -Wl,--start-group -lc -lm -Wl,--end-group
Finished building target: TestSTM32L053I2C.elf
 
arm-none-eabi-size  TestSTM32L053I2C.elf 
arm-none-eabi-objdump -h -S TestSTM32L053I2C.elf  > "TestSTM32L053I2C.list"
   text	   data	    bss	    dec	    hex	filename
  30812	    124	   2220	  33156	   8184	TestSTM32L053I2C.elf
Finished building: default.size.stdout
 
Finished building: TestSTM32L053I2C.list
 
14:52:09 **** Incremental Build of configuration Debug for project TestSTM32L053I2C ****
make -j12 all 
arm-none-eabi-gcc "../Core/Src/main.c" -mcpu=cortex-m0plus -std=gnu11 -g3 -DDEBUG -DUSE_HAL_DRIVER -DSTM32L053xx -c -I../Core/Inc -I../Drivers/STM32L0xx_HAL_Driver/Inc -I../Drivers/STM32L0xx_HAL_Driver/Inc/Legacy -I../Drivers/CMSIS/Device/ST/STM32L0xx/Include -I../Drivers/CMSIS/Include -O0 -ffunction-sections -fdata-sections -Wall -fstack-usage -fcyclomatic-complexity -MMD -MP -MF"Core/Src/main.d" -MT"Core/Src/main.o" --specs=nano.specs -mfloat-abi=soft -mthumb -o "Core/Src/main.o"
../Core/Src/main.c:670:13: warning: 'mb_was_collected' defined but not used [-Wunused-function]
  670 | static bool mb_was_collected(void) {
      |             ^~~~~~~~~~~~~~~~
../Core/Src/main.c:482:13: warning: 'NFC_Arm' defined but not used [-Wunused-function]
  482 | static bool NFC_Arm(void) {
      |             ^~~~~~~
../Core/Src/main.c:447:16: warning: 'nfc_armed' defined but not used [-Wunused-variable]
  447 | static uint8_t nfc_armed = 0; /* RAM: zera sozinho a cada perda de VCC */
      |                ^~~~~~~~~
../Core/Src/main.c:84:16: warning: 'i2c_initialized' defined but not used [-Wunused-variable]
   84 | static uint8_t i2c_initialized = 0;
      |                ^~~~~~~~~~~~~~~
arm-none-eabi-gcc -o "TestSTM32L053I2C.elf" @"objects.list"   -mcpu=cortex-m0plus -T"C:\Users\Matheus Markies\Documents\TestSTM32L053I2C\STM32L053C8TX_FLASH.ld" --specs=nosys.specs -Wl,-Map="TestSTM32L053I2C.map" -Wl,--gc-sections -static --specs=nano.specs -mfloat-abi=soft -mthumb -Wl,--start-group -lc -lm -Wl,--end-group
Finished building target: TestSTM32L053I2C.elf
 
arm-none-eabi-size  TestSTM32L053I2C.elf 
arm-none-eabi-objdump -h -S TestSTM32L053I2C.elf  > "TestSTM32L053I2C.list"
   text	   data	    bss	    dec	    hex	filename
  30680	    124	   2220	  33024	   8100	TestSTM32L053I2C.elf
Finished building: default.size.stdout
 
Finished building: TestSTM32L053I2C.list
 
14:54:14 **** Incremental Build of configuration Debug for project TestSTM32L053I2C ****
make -j12 all 
arm-none-eabi-gcc "../Core/Src/main.c" -mcpu=cortex-m0plus -std=gnu11 -g3 -DDEBUG -DUSE_HAL_DRIVER -DSTM32L053xx -c -I../Core/Inc -I../Drivers/STM32L0xx_HAL_Driver/Inc -I../Drivers/STM32L0xx_HAL_Driver/Inc/Legacy -I../Drivers/CMSIS/Device/ST/STM32L0xx/Include -I../Drivers/CMSIS/Include -O0 -ffunction-sections -fdata-sections -Wall -fstack-usage -fcyclomatic-complexity -MMD -MP -MF"Core/Src/main.d" -MT"Core/Src/main.o" --specs=nano.specs -mfloat-abi=soft -mthumb -o "Core/Src/main.o"
../Core/Src/main.c:666:13: warning: 'mb_was_collected' defined but not used [-Wunused-function]
  666 | static bool mb_was_collected(void) {
      |             ^~~~~~~~~~~~~~~~
../Core/Src/main.c:478:13: warning: 'NFC_Arm' defined but not used [-Wunused-function]
  478 | static bool NFC_Arm(void) {
      |             ^~~~~~~
../Core/Src/main.c:443:16: warning: 'nfc_armed' defined but not used [-Wunused-variable]
  443 | static uint8_t nfc_armed = 0; /* RAM: zera sozinho a cada perda de VCC */
      |                ^~~~~~~~~
../Core/Src/main.c:84:16: warning: 'i2c_initialized' defined but not used [-Wunused-variable]
   84 | static uint8_t i2c_initialized = 0;
      |                ^~~~~~~~~~~~~~~
arm-none-eabi-gcc -o "TestSTM32L053I2C.elf" @"objects.list"   -mcpu=cortex-m0plus -T"C:\Users\Matheus Markies\Documents\TestSTM32L053I2C\STM32L053C8TX_FLASH.ld" --specs=nosys.specs -Wl,-Map="TestSTM32L053I2C.map" -Wl,--gc-sections -static --specs=nano.specs -mfloat-abi=soft -mthumb -Wl,--start-group -lc -lm -Wl,--end-group
Finished building target: TestSTM32L053I2C.elf
 
arm-none-eabi-size  TestSTM32L053I2C.elf 
arm-none-eabi-objdump -h -S TestSTM32L053I2C.elf  > "TestSTM32L053I2C.list"
   text	   data	    bss	    dec	    hex	filename
  30680	    124	   2220	  33024	   8100	TestSTM32L053I2C.elf
Finished building: default.size.stdout
 
Finished building: TestSTM32L053I2C.list
 
15:01:56 **** Incremental Build of configuration Debug for project TestSTM32L053I2C ****
make -j12 all 
arm-none-eabi-gcc "../Core/Src/main.c" -mcpu=cortex-m0plus -std=gnu11 -g3 -DDEBUG -DUSE_HAL_DRIVER -DSTM32L053xx -c -I../Core/Inc -I../Drivers/STM32L0xx_HAL_Driver/Inc -I../Drivers/STM32L0xx_HAL_Driver/Inc/Legacy -I../Drivers/CMSIS/Device/ST/STM32L0xx/Include -I../Drivers/CMSIS/Include -O0 -ffunction-sections -fdata-sections -Wall -fstack-usage -fcyclomatic-complexity -MMD -MP -MF"Core/Src/main.d" -MT"Core/Src/main.o" --specs=nano.specs -mfloat-abi=soft -mthumb -o "Core/Src/main.o"
../Core/Src/main.c:657:13: warning: 'mb_was_collected' defined but not used [-Wunused-function]
  657 | static bool mb_was_collected(void) {
      |             ^~~~~~~~~~~~~~~~
../Core/Src/main.c:469:13: warning: 'NFC_Arm' defined but not used [-Wunused-function]
  469 | static bool NFC_Arm(void) {
      |             ^~~~~~~
../Core/Src/main.c:434:16: warning: 'nfc_armed' defined but not used [-Wunused-variable]
  434 | static uint8_t nfc_armed = 0; /* RAM: zera sozinho a cada perda de VCC */
      |                ^~~~~~~~~
../Core/Src/main.c:84:16: warning: 'i2c_initialized' defined but not used [-Wunused-variable]
   84 | static uint8_t i2c_initialized = 0;
      |                ^~~~~~~~~~~~~~~
arm-none-eabi-gcc -o "TestSTM32L053I2C.elf" @"objects.list"   -mcpu=cortex-m0plus -T"C:\Users\Matheus Markies\Documents\TestSTM32L053I2C\STM32L053C8TX_FLASH.ld" --specs=nosys.specs -Wl,-Map="TestSTM32L053I2C.map" -Wl,--gc-sections -static --specs=nano.specs -mfloat-abi=soft -mthumb -Wl,--start-group -lc -lm -Wl,--end-group
Finished building target: TestSTM32L053I2C.elf
 
arm-none-eabi-size  TestSTM32L053I2C.elf 
arm-none-eabi-objdump -h -S TestSTM32L053I2C.elf  > "TestSTM32L053I2C.list"
   text	   data	    bss	    dec	    hex	filename
  30748	    124	   2220	  33092	   8144	TestSTM32L053I2C.elf
Finished building: default.size.stdout
 
Finished building: TestSTM32L053I2C.list
 
15:04:09 **** Incremental Build of configuration Debug for project TestSTM32L053I2C ****
make -j12 all 
arm-none-eabi-gcc "../Core/Src/main.c" -mcpu=cortex-m0plus -std=gnu11 -g3 -DDEBUG -DUSE_HAL_DRIVER -DSTM32L053xx -c -I../Core/Inc -I../Drivers/STM32L0xx_HAL_Driver/Inc -I../Drivers/STM32L0xx_HAL_Driver/Inc/Legacy -I../Drivers/CMSIS/Device/ST/STM32L0xx/Include -I../Drivers/CMSIS/Include -O0 -ffunction-sections -fdata-sections -Wall -fstack-usage -fcyclomatic-complexity -MMD -MP -MF"Core/Src/main.d" -MT"Core/Src/main.o" --specs=nano.specs -mfloat-abi=soft -mthumb -o "Core/Src/main.o"
../Core/Src/main.c:638:13: warning: 'mb_was_collected' defined but not used [-Wunused-function]
  638 | static bool mb_was_collected(void) {
      |             ^~~~~~~~~~~~~~~~
../Core/Src/main.c:450:13: warning: 'NFC_Arm' defined but not used [-Wunused-function]
  450 | static bool NFC_Arm(void) {
      |             ^~~~~~~
../Core/Src/main.c:415:16: warning: 'nfc_armed' defined but not used [-Wunused-variable]
  415 | static uint8_t nfc_armed = 0; /* RAM: zera sozinho a cada perda de VCC */
      |                ^~~~~~~~~
../Core/Src/main.c:84:16: warning: 'i2c_initialized' defined but not used [-Wunused-variable]
   84 | static uint8_t i2c_initialized = 0;
      |                ^~~~~~~~~~~~~~~
arm-none-eabi-gcc -o "TestSTM32L053I2C.elf" @"objects.list"   -mcpu=cortex-m0plus -T"C:\Users\Matheus Markies\Documents\TestSTM32L053I2C\STM32L053C8TX_FLASH.ld" --specs=nosys.specs -Wl,-Map="TestSTM32L053I2C.map" -Wl,--gc-sections -static --specs=nano.specs -mfloat-abi=soft -mthumb -Wl,--start-group -lc -lm -Wl,--end-group
Finished building target: TestSTM32L053I2C.elf
 
arm-none-eabi-size  TestSTM32L053I2C.elf 
arm-none-eabi-objdump -h -S TestSTM32L053I2C.elf  > "TestSTM32L053I2C.list"
   text	   data	    bss	    dec	    hex	filename
  30492	    124	   2220	  32836	   8044	TestSTM32L053I2C.elf
Finished building: default.size.stdout
 
Finished building: TestSTM32L053I2C.list
 
